
 RUN  v1.6.1 /Users/kingboat/Project/hardness/Harness_Engineering/2Dgame

 ✓ src/__tests__/anthropicProvider.test.ts > AnthropicProvider > Provider Creation > should create provider with valid config
 ✓ src/__tests__/anthropicProvider.test.ts > AnthropicProvider > Provider Creation > should create provider with missing API key
 ✓ src/__tests__/anthropicProvider.test.ts > AnthropicProvider > Provider Creation > should have correct providerType
 ✓ src/__tests__/anthropicProvider.test.ts > AnthropicProvider > Provider Creation > should implement AIProvider interface
 ✓ src/__tests__/anthropicProvider.test.ts > AnthropicProvider > Provider Creation > should use default model when not specified
 ✓ src/__tests__/anthropicProvider.test.ts > AnthropicProvider > API Key Validation > should validate valid API key format
 ✓ src/__tests__/anthropicProvider.test.ts > AnthropicProvider > API Key Validation > should validate key with exactly 44 chars
 ✓ src/__tests__/anthropicProvider.test.ts > AnthropicProvider > API Key Validation > should validate key with underscores and dashes
 ✓ src/__tests__/anthropicProvider.test.ts > AnthropicProvider > API Key Validation > should validate key with minimum 40 characters after prefix
 ✓ src/__tests__/anthropicProvider.test.ts > AnthropicProvider > API Key Validation > should invalidate key that is too short
 ✓ src/__tests__/anthropicProvider.test.ts > AnthropicProvider > API Key Validation > should invalidate key that is just under minimum length
 ✓ src/__tests__/anthropicProvider.test.ts > AnthropicProvider > API Key Validation > should invalidate key with wrong prefix
 ✓ src/__tests__/anthropicProvider.test.ts > AnthropicProvider > API Key Validation > should invalidate key with different prefix
 ✓ src/__tests__/anthropicProvider.test.ts > AnthropicProvider > API Key Validation > should invalidate key with invalid characters
 ✓ src/__tests__/anthropicProvider.test.ts > AnthropicProvider > API Key Validation > should handle empty string as not configured
 ✓ src/__tests__/anthropicProvider.test.ts > AnthropicProvider > API Key Validation > should handle undefined as not configured
 ✓ src/__tests__/anthropicProvider.test.ts > AnthropicProvider > API Key Validation > should handle whitespace-only string
 ✓ src/__tests__/anthropicProvider.test.ts > AnthropicProvider > API Key Validation > should handle null as not configured
 ✓ src/__tests__/anthropicProvider.test.ts > AnthropicProvider > Request Formatting > should include model in request payload
 ✓ src/__tests__/anthropicProvider.test.ts > AnthropicProvider > Request Formatting > should include messages array with user message
 ✓ src/__tests__/anthropicProvider.test.ts > AnthropicProvider > Request Formatting > should include anthropic-version header
 ✓ src/__tests__/anthropicProvider.test.ts > AnthropicProvider > Request Formatting > should include x-api-key header
 ✓ src/__tests__/anthropicProvider.test.ts > AnthropicProvider > Request Formatting > should include full context in description request
 ✓ src/__tests__/anthropicProvider.test.ts > AnthropicProvider > Request Formatting > should respect max_tokens parameter
 ✓ src/__tests__/anthropicProvider.test.ts > AnthropicProvider > Response Parsing > should parse successful response with content
 ✓ src/__tests__/anthropicProvider.test.ts > AnthropicProvider > Response Parsing > should handle response with multiple content blocks
 ✓ src/__tests__/anthropicProvider.test.ts > AnthropicProvider > Response Parsing > should handle response missing content array
 ✓ src/__tests__/anthropicProvider.test.ts > AnthropicProvider > Response Parsing > should handle response with empty content array
 ✓ src/__tests__/anthropicProvider.test.ts > AnthropicProvider > Response Parsing > should handle response with empty text
 ✓ src/__tests__/anthropicProvider.test.ts > AnthropicProvider > Response Parsing > should handle response with whitespace-only text
 ✓ src/__tests__/anthropicProvider.test.ts > AnthropicProvider > Error Handling > should throw error for 401 Unauthorized
 ✓ src/__tests__/anthropicProvider.test.ts > AnthropicProvider > Error Handling > should throw error for 429 Rate Limited
 ✓ src/__tests__/anthropicProvider.test.ts > AnthropicProvider > Error Handling > should throw error for 500 Server Error
 ✓ src/__tests__/anthropicProvider.test.ts > AnthropicProvider > Error Handling > should throw error for 502 Bad Gateway
 ✓ src/__tests__/anthropicProvider.test.ts > AnthropicProvider > Error Handling > should throw error for 503 Service Unavailable
 ✓ src/__tests__/anthropicProvider.test.ts > AnthropicProvider > Error Handling > should throw error for network failure
 ✓ src/__tests__/anthropicProvider.test.ts > AnthropicProvider > Error Handling > should throw error for malformed JSON
 ✓ src/__tests__/anthropicProvider.test.ts > AnthropicProvider > Error Handling > should throw error when API key not configured
 ✓ src/__tests__/anthropicProvider.test.ts > AnthropicProvider > Error Handling > should throw error for invalid API key format
 ✓ src/__tests__/anthropicProvider.test.ts > AnthropicProvider > Error Handling > should handle TypeError for fetch (network unavailable)
 ✓ src/__tests__/anthropicProvider.test.ts > AnthropicProvider > testConnection > should return success for valid API key
 ✓ src/__tests__/anthropicProvider.test.ts > AnthropicProvider > testConnection > should return error for 401
 ✓ src/__tests__/anthropicProvider.test.ts > AnthropicProvider > testConnection > should return error for 429 rate limit
 ✓ src/__tests__/anthropicProvider.test.ts > AnthropicProvider > testConnection > should return error for 500 server error
 ✓ src/__tests__/anthropicProvider.test.ts > AnthropicProvider > testConnection > should return error for missing API key
 ✓ src/__tests__/anthropicProvider.test.ts > AnthropicProvider > testConnection > should return error for invalid API key format
 ✓ src/__tests__/anthropicProvider.test.ts > AnthropicProvider > testConnection > should return error for network timeout
 ✓ src/__tests__/anthropicProvider.test.ts > AnthropicProvider > testConnection > should return error for connection refused
 ✓ src/__tests__/anthropicProvider.test.ts > AnthropicProvider > validateConfig > should return valid for configured provider
 ✓ src/__tests__/anthropicProvider.test.ts > AnthropicProvider > validateConfig > should return invalid for unconfigured provider
 ✓ src/__tests__/anthropicProvider.test.ts > AnthropicProvider > validateConfig > should return invalid for wrong format key
 ✓ src/__tests__/anthropicProvider.test.ts > AnthropicProvider > validateConfig > should include warning for unconfigured provider
 ✓ src/__tests__/anthropicProvider.test.ts > AnthropicProvider > getConfig > should return current configuration
 ✓ src/__tests__/anthropicProvider.test.ts > AnthropicProvider > getConfig > should include apiKey in config
 ✓ src/__tests__/anthropicProvider.test.ts > AnthropicProvider > getConfig > should include baseUrl in config
 ✓ src/__tests__/anthropicProvider.test.ts > AnthropicProvider > getConfig > should include timeout in config
 ✓ src/__tests__/anthropicProvider.test.ts > AnthropicProvider > isAvailable > should return true for valid API key
 ✓ src/__tests__/anthropicProvider.test.ts > AnthropicProvider > isAvailable > should return false for invalid API key
 ✓ src/__tests__/anthropicProvider.test.ts > AnthropicProvider > isAvailable > should return false for missing API key
 ✓ src/__tests__/anthropicProvider.test.ts > AnthropicProvider > isAvailable > should return false for wrong prefix
 ✓ src/__tests__/anthropicProvider.test.ts > AnthropicProvider > isAvailable > should return false for short key
 ✓ src/__tests__/anthropicProvider.test.ts > AnthropicProvider > setAPIKey > should update API key
 ✓ src/__tests__/anthropicProvider.test.ts > AnthropicProvider > setAPIKey > should allow setting empty key
 ✓ src/__tests__/anthropicProvider.test.ts > AnthropicProvider > setAPIKey > should update config with new key
 ✓ src/__tests__/anthropicProvider.test.ts > AnthropicProvider > setModel > should update model
 ✓ src/__tests__/anthropicProvider.test.ts > AnthropicProvider > setModel > should update config correctly
 ✓ src/__tests__/anthropicProvider.test.ts > AnthropicProvider > Response Sanitization > should remove HTML tags from response
 ✓ src/__tests__/anthropicProvider.test.ts > AnthropicProvider > Response Sanitization > should remove nested HTML tags from response
 ✓ src/__tests__/anthropicProvider.test.ts > AnthropicProvider > Response Sanitization > should remove control characters from response
 ✓ src/__tests__/anthropicProvider.test.ts > AnthropicProvider > Response Sanitization > should remove API error messages from response
 ✓ src/__tests__/anthropicProvider.test.ts > AnthropicProvider > Response Sanitization > should trim whitespace from response
 ✓ src/__tests__/anthropicProvider.test.ts > AnthropicProvider > Response Sanitization > should preserve unicode characters in response
 ✓ src/__tests__/viewportCulling.test.ts > Viewport Culling - Canvas Size Utilities > getCanvasDimensions > should return default dimensions when refs are null
 ✓ src/__tests__/viewportCulling.test.ts > Viewport Culling - Canvas Size Utilities > getCanvasDimensions > should return container dimensions when available
 ✓ src/__tests__/viewportCulling.test.ts > Viewport Culling - Canvas Size Utilities > getCanvasDimensions > should fall back to SVG dimensions when container has zero dimensions
 ✓ src/__tests__/viewportCulling.test.ts > Viewport Culling - Canvas Size Utilities > calculateSafeViewportBounds > should calculate correct bounds for standard viewport
 ✓ src/__tests__/viewportCulling.test.ts > Viewport Culling - Canvas Size Utilities > calculateSafeViewportBounds > should handle zero-dimension viewport with safe bounds (AC-VP-003)
 ✓ src/__tests__/viewportCulling.test.ts > Viewport Culling - Canvas Size Utilities > calculateSafeViewportBounds > should mark zero-dimension viewport as default fallback
 ✓ src/__tests__/viewportCulling.test.ts > Viewport Culling - Canvas Size Utilities > calculateSafeViewportBounds > should mark negative dimension viewport as default fallback
 ✓ src/__tests__/viewportCulling.test.ts > Viewport Culling - Canvas Size Utilities > isValidViewportSize > should return true for positive dimensions
 ✓ src/__tests__/viewportCulling.test.ts > Viewport Culling - Canvas Size Utilities > isValidViewportSize > should return false for zero or negative dimensions
 ✓ src/__tests__/viewportCulling.test.ts > Viewport Culling - Canvas Size Utilities > isUsingDefaultFallback > should identify default dimensions
 ✓ src/__tests__/viewportCulling.test.ts > Viewport Culling - Canvas Size Utilities > isUsingDefaultFallback > should return false for non-default dimensions
 ✓ src/__tests__/viewportCulling.test.ts > Viewport Culling - Performance Utils Integration > createVirtualizedModuleList with default viewport > should render modules with default viewport (AC-VP-001)
 ✓ src/__tests__/viewportCulling.test.ts > Viewport Culling - Performance Utils Integration > createVirtualizedModuleList with default viewport > should render modules after viewport resize (AC-VP-002)
 ✓ src/__tests__/viewportCulling.test.ts > Viewport Culling - Performance Utils Integration > createVirtualizedModuleList with default viewport > should handle zero-dimension viewport gracefully (AC-VP-003)
 ✓ src/__tests__/viewportCulling.test.ts > Viewport Culling - Performance Utils Integration > createVirtualizedModuleList with default viewport > should cull modules far outside viewport
 ✓ src/__tests__/viewportCulling.test.ts > Viewport Culling - Performance Utils Integration > createVirtualizedModuleList with default viewport > should correctly report culling status
 ✓ src/__tests__/viewportCulling.test.ts > Viewport Culling - Performance Utils Integration > calculateViewportBounds > should include buffer zone around viewport
 ✓ src/__tests__/viewportCulling.test.ts > Viewport Culling - Performance Utils Integration > calculateViewportBounds > should account for viewport offset
 ✓ src/__tests__/viewportCulling.test.ts > Viewport Culling - Performance Utils Integration > calculateViewportBounds > should account for zoom level
 ✓ src/__tests__/viewportCulling.test.ts > Viewport Culling - Performance Utils Integration > isModuleInViewport > should identify modules within bounds as visible
 ✓ src/__tests__/viewportCulling.test.ts > Viewport Culling - Performance Utils Integration > isModuleInViewport > should identify modules at edges as visible (with buffer)
 ✓ src/__tests__/viewportCulling.test.ts > Viewport Culling - Performance Utils Integration > isModuleInViewport > should identify modules outside bounds as hidden
 ✓ src/__tests__/viewportCulling.test.ts > Viewport Culling - Performance Utils Integration > isModuleInViewport > should identify modules with negative positions within bounds
 ✓ src/__tests__/viewportCulling.test.ts > createTestViewportSize > should create viewport size with metadata
 ✓ src/__tests__/viewportCulling.test.ts > createTestViewportSize > should mark non-default sizes correctly
 ✓ src/__tests__/viewportCulling.test.ts > Cross-Environment Edge Cases (Round 93) > Module at Origin Visibility > should render modules at origin (0,0) regardless of viewport state
 ✓ src/__tests__/viewportCulling.test.ts > Cross-Environment Edge Cases (Round 93) > Module at Origin Visibility > should render modules at origin with positive viewport
 ✓ src/__tests__/viewportCulling.test.ts > Cross-Environment Edge Cases (Round 93) > Module at Origin Visibility > should include origin module in virtualized list with valid viewport
 ✓ src/__tests__/viewportCulling.test.ts > Cross-Environment Edge Cases (Round 93) > SAFE_VIEWPORT_MARGIN Buffer Zone > should include SAFE_VIEWPORT_MARGIN buffer around origin
 ✓ src/__tests__/viewportCulling.test.ts > Cross-Environment Edge Cases (Round 93) > SAFE_VIEWPORT_MARGIN Buffer Zone > should ensure modules within SAFE_MODULE_POSITION are visible
 ✓ src/__tests__/viewportCulling.test.ts > Cross-Environment Edge Cases (Round 93) > SAFE_VIEWPORT_MARGIN Buffer Zone > should handle modules at edge of safe zone
 ✓ src/__tests__/viewportCulling.test.ts > Cross-Environment Edge Cases (Round 93) > SAFE_VIEWPORT_MARGIN Buffer Zone > should handle modules beyond safe zone with zero viewport
 ✓ src/__tests__/viewportCulling.test.ts > Cross-Environment Edge Cases (Round 93) > Negative Viewport Dimensions > should handle negative viewport dimensions without crash
 ✓ src/__tests__/viewportCulling.test.ts > Cross-Environment Edge Cases (Round 93) > Negative Viewport Dimensions > should handle partially negative viewport dimensions
 ✓ src/__tests__/viewportCulling.test.ts > Cross-Environment Edge Cases (Round 93) > Negative Viewport Dimensions > should handle extreme negative viewport dimensions
 ✓ src/__tests__/viewportCulling.test.ts > Cross-Environment Edge Cases (Round 93) > Negative Viewport Dimensions > should validate isValidViewportSize with negative dimensions
 ✓ src/__tests__/viewportCulling.test.ts > Cross-Environment Edge Cases (Round 93) > Fractional Viewport Dimensions (CSS Subpixel) > should handle fractional viewport dimensions
 ✓ src/__tests__/viewportCulling.test.ts > Cross-Environment Edge Cases (Round 93) > Fractional Viewport Dimensions (CSS Subpixel) > should handle very small fractional viewport
 ✓ src/__tests__/viewportCulling.test.ts > Cross-Environment Edge Cases (Round 93) > Fractional Viewport Dimensions (CSS Subpixel) > should handle viewport with decimal rounding errors
 ✓ src/__tests__/viewportCulling.test.ts > Cross-Environment Edge Cases (Round 93) > Fractional Viewport Dimensions (CSS Subpixel) > should include modules with fractional viewport culling
 ✓ src/__tests__/viewportCulling.test.ts > Cross-Environment Edge Cases (Round 93) > Module Visibility After Viewport Pan > should show different modules when panning viewport
 ✓ src/__tests__/viewportCulling.test.ts > Cross-Environment Edge Cases (Round 93) > Module Visibility After Viewport Pan > should track panning in virtualized module list
 ✓ src/__tests__/viewportCulling.test.ts > Cross-Environment Edge Cases (Round 93) > Module Visibility After Viewport Pan > should handle zoomed viewport panning correctly
 ✓ src/__tests__/viewportCulling.test.ts > Cross-Environment Edge Cases (Round 93) > Module Visibility After Viewport Pan > should show different modules when panning to different positions
 ✓ src/__tests__/viewportCulling.test.ts > Viewport Culling Integration > should simulate complete Canvas measurement flow
 ✓ src/__tests__/viewportCulling.test.ts > Viewport Culling Integration > should handle viewport state transitions correctly
 ✓ src/__tests__/geminiProvider.test.ts > GeminiProvider > Provider Creation > should create provider with valid config
 ✓ src/__tests__/geminiProvider.test.ts > GeminiProvider > Provider Creation > should create provider with missing API key
 ✓ src/__tests__/geminiProvider.test.ts > GeminiProvider > Provider Creation > should have correct providerType
 ✓ src/__tests__/geminiProvider.test.ts > GeminiProvider > Provider Creation > should implement AIProvider interface
 ✓ src/__tests__/geminiProvider.test.ts > GeminiProvider > Provider Creation > should use default model when not specified
 ✓ src/__tests__/geminiProvider.test.ts > GeminiProvider > Provider Creation > should support generateText method
 ✓ src/__tests__/geminiProvider.test.ts > GeminiProvider > API Key Validation > should validate valid API key format
 ✓ src/__tests__/geminiProvider.test.ts > GeminiProvider > API Key Validation > should validate key with 39 characters (minimum valid)
 ✓ src/__tests__/geminiProvider.test.ts > GeminiProvider > API Key Validation > should validate key with underscores and dashes
 ✓ src/__tests__/geminiProvider.test.ts > GeminiProvider > API Key Validation > should invalidate key that is too short
 ✓ src/__tests__/geminiProvider.test.ts > GeminiProvider > API Key Validation > should invalidate key that is just under minimum length
 ✓ src/__tests__/geminiProvider.test.ts > GeminiProvider > API Key Validation > should handle empty string as not configured
 ✓ src/__tests__/geminiProvider.test.ts > GeminiProvider > API Key Validation > should handle undefined as not configured
 ✓ src/__tests__/geminiProvider.test.ts > GeminiProvider > API Key Validation > should handle whitespace-only string
 ✓ src/__tests__/geminiProvider.test.ts > GeminiProvider > API Key Validation > should handle null as not configured
 ✓ src/__tests__/geminiProvider.test.ts > GeminiProvider > API Key Validation > should invalidate key with invalid characters
 ✓ src/__tests__/geminiProvider.test.ts > GeminiProvider > Request Formatting > should include model in request URL
 ✓ src/__tests__/geminiProvider.test.ts > GeminiProvider > Request Formatting > should include API key in request URL
 ✓ src/__tests__/geminiProvider.test.ts > GeminiProvider > Request Formatting > should include contents array with text prompt
 ✓ src/__tests__/geminiProvider.test.ts > GeminiProvider > Request Formatting > should include Content-Type header
 ✓ src/__tests__/geminiProvider.test.ts > GeminiProvider > Request Formatting > should include generation config
 ✓ src/__tests__/geminiProvider.test.ts > GeminiProvider > Request Formatting > should include full context in description request
 ✓ src/__tests__/geminiProvider.test.ts > GeminiProvider > Response Parsing > should parse successful response with content
 ✓ src/__tests__/geminiProvider.test.ts > GeminiProvider > Response Parsing > should handle response with multiple parts
 ✓ src/__tests__/geminiProvider.test.ts > GeminiProvider > Response Parsing > should handle response missing candidates array
 ✓ src/__tests__/geminiProvider.test.ts > GeminiProvider > Response Parsing > should handle response with empty candidates array
 ✓ src/__tests__/geminiProvider.test.ts > GeminiProvider > Response Parsing > should handle response with empty text
 ✓ src/__tests__/geminiProvider.test.ts > GeminiProvider > Response Parsing > should handle response with whitespace-only text
 ✓ src/__tests__/geminiProvider.test.ts > GeminiProvider > Response Parsing > should handle missing content structure
 ✓ src/__tests__/geminiProvider.test.ts > GeminiProvider > Response Parsing > should handle missing parts array
 ✓ src/__tests__/geminiProvider.test.ts > GeminiProvider > Error Handling > should throw error for 400 Bad Request
 ✓ src/__tests__/geminiProvider.test.ts > GeminiProvider > Error Handling > should throw error for 401 Unauthorized
 ✓ src/__tests__/geminiProvider.test.ts > GeminiProvider > Error Handling > should throw error for 403 Forbidden
 ✓ src/__tests__/geminiProvider.test.ts > GeminiProvider > Error Handling > should throw error for 429 Rate Limited
 ✓ src/__tests__/geminiProvider.test.ts > GeminiProvider > Error Handling > should throw error for 500 Server Error
 ✓ src/__tests__/geminiProvider.test.ts > GeminiProvider > Error Handling > should throw error for 503 Service Unavailable
 ✓ src/__tests__/geminiProvider.test.ts > GeminiProvider > Error Handling > should throw error for network failure
 ✓ src/__tests__/geminiProvider.test.ts > GeminiProvider > Error Handling > should throw error for malformed JSON
 ✓ src/__tests__/geminiProvider.test.ts > GeminiProvider > Error Handling > should throw error when API key not configured
 ✓ src/__tests__/geminiProvider.test.ts > GeminiProvider > Error Handling > should throw error for invalid API key format
 ✓ src/__tests__/geminiProvider.test.ts > GeminiProvider > Error Handling > should handle TypeError for fetch (network unavailable)
 ✓ src/__tests__/geminiProvider.test.ts > GeminiProvider > Error Handling > should handle timeout error
 ✓ src/__tests__/geminiProvider.test.ts > GeminiProvider > testConnection > should return success for valid API call
 ✓ src/__tests__/geminiProvider.test.ts > GeminiProvider > testConnection > should return error for 400
 ✓ src/__tests__/geminiProvider.test.ts > GeminiProvider > testConnection > should return error for 401
 ✓ src/__tests__/geminiProvider.test.ts > GeminiProvider > testConnection > should return error for 403
 ✓ src/__tests__/geminiProvider.test.ts > GeminiProvider > testConnection > should return error for 429 rate limit
 ✓ src/__tests__/geminiProvider.test.ts > GeminiProvider > testConnection > should return error for 500 server error
 ✓ src/__tests__/geminiProvider.test.ts > GeminiProvider > testConnection > should return error for missing API key
 ✓ src/__tests__/geminiProvider.test.ts > GeminiProvider > testConnection > should return error for invalid API key format
 ✓ src/__tests__/geminiProvider.test.ts > GeminiProvider > testConnection > should return error for network timeout
 ✓ src/__tests__/geminiProvider.test.ts > GeminiProvider > testConnection > should return error for connection refused
 ✓ src/__tests__/geminiProvider.test.ts > GeminiProvider > validateConfig > should return valid for configured provider
 ✓ src/__tests__/geminiProvider.test.ts > GeminiProvider > validateConfig > should return invalid for unconfigured provider
 ✓ src/__tests__/geminiProvider.test.ts > GeminiProvider > validateConfig > should return invalid for short key
 ✓ src/__tests__/geminiProvider.test.ts > GeminiProvider > validateConfig > should include warning for unconfigured provider
 ✓ src/__tests__/geminiProvider.test.ts > GeminiProvider > getConfig > should return current configuration
 ✓ src/__tests__/geminiProvider.test.ts > GeminiProvider > getConfig > should include apiKey in config
 ✓ src/__tests__/geminiProvider.test.ts > GeminiProvider > getConfig > should include baseUrl in config
 ✓ src/__tests__/geminiProvider.test.ts > GeminiProvider > getConfig > should include timeout in config
 ✓ src/__tests__/geminiProvider.test.ts > GeminiProvider > isAvailable > should return true for valid API key
 ✓ src/__tests__/geminiProvider.test.ts > GeminiProvider > isAvailable > should return false for invalid API key
 ✓ src/__tests__/geminiProvider.test.ts > GeminiProvider > isAvailable > should return false for missing API key
 ✓ src/__tests__/geminiProvider.test.ts > GeminiProvider > isAvailable > should return false for short key
 ✓ src/__tests__/geminiProvider.test.ts > GeminiProvider > setAPIKey > should update API key
 ✓ src/__tests__/geminiProvider.test.ts > GeminiProvider > setAPIKey > should allow setting empty key
 ✓ src/__tests__/geminiProvider.test.ts > GeminiProvider > setAPIKey > should update config with new key
 ✓ src/__tests__/geminiProvider.test.ts > GeminiProvider > setModel > should update model
 ✓ src/__tests__/geminiProvider.test.ts > GeminiProvider > setModel > should update config correctly
 ✓ src/__tests__/geminiProvider.test.ts > GeminiProvider > Response Sanitization > should remove HTML tags from response
 ✓ src/__tests__/geminiProvider.test.ts > GeminiProvider > Response Sanitization > should remove nested HTML tags from response
 ✓ src/__tests__/geminiProvider.test.ts > GeminiProvider > Response Sanitization > should remove control characters from response
 ✓ src/__tests__/geminiProvider.test.ts > GeminiProvider > Response Sanitization > should remove API error messages from response
 ✓ src/__tests__/geminiProvider.test.ts > GeminiProvider > Response Sanitization > should trim whitespace from response
 ✓ src/__tests__/geminiProvider.test.ts > GeminiProvider > Response Sanitization > should preserve unicode characters in response
 ✓ src/__tests__/activationEffects.test.ts > Power Output Calculations > calculatePowerOutput > should return 50 as default when no stats provided
 ✓ src/__tests__/activationEffects.test.ts > Power Output Calculations > calculatePowerOutput > should return 50 when empty stats object provided
 ✓ src/__tests__/activationEffects.test.ts > Power Output Calculations > calculatePowerOutput > should use powerOutput directly when provided
 ✓ src/__tests__/activationEffects.test.ts > Power Output Calculations > calculatePowerOutput > should factor in stability - higher stability reduces power
 ✓ src/__tests__/activationEffects.test.ts > Power Output Calculations > calculatePowerOutput > should factor in energyCost - higher cost increases power demand
 ✓ src/__tests__/activationEffects.test.ts > Power Output Calculations > calculatePowerOutput > should clamp output between 0 and 100
 ✓ src/__tests__/activationEffects.test.ts > Power Output Calculations > getPowerLevel > should return "low" for power output < 30
 ✓ src/__tests__/activationEffects.test.ts > Power Output Calculations > getPowerLevel > should return "medium" for power output 30-59
 ✓ src/__tests__/activationEffects.test.ts > Power Output Calculations > getPowerLevel > should return "high" for power output 60-79
 ✓ src/__tests__/activationEffects.test.ts > Power Output Calculations > getPowerLevel > should return "max" for power output 80-100
 ✓ src/__tests__/activationEffects.test.ts > Glow Radius Calculations > calculateGlowRadius > should return GLOW_RADIUS_LOW_POWER at power 0
 ✓ src/__tests__/activationEffects.test.ts > Glow Radius Calculations > calculateGlowRadius > should return GLOW_RADIUS_BASELINE at power 30
 ✓ src/__tests__/activationEffects.test.ts > Glow Radius Calculations > calculateGlowRadius > should scale linearly from 0-30 power
 ✓ src/__tests__/activationEffects.test.ts > Glow Radius Calculations > calculateGlowRadius > should return approximately 1.3 at power 60
 ✓ src/__tests__/activationEffects.test.ts > Glow Radius Calculations > calculateGlowRadius > should return GLOW_RADIUS_HIGH_POWER (1.5) at power 80
 ✓ src/__tests__/activationEffects.test.ts > Glow Radius Calculations > calculateGlowRadius > should return GLOW_RADIUS_MAX at power 100
 ✓ src/__tests__/activationEffects.test.ts > Glow Radius Calculations > calculateGlowRadius > should handle edge cases at threshold values
 ✓ src/__tests__/activationEffects.test.ts > Glow Radius Calculations > getFactionGlowColor > should return default color when no faction provided
 ✓ src/__tests__/activationEffects.test.ts > Glow Radius Calculations > getFactionGlowColor > should return default color for undefined faction
 ✓ src/__tests__/activationEffects.test.ts > Glow Radius Calculations > getFactionGlowColor > should return faction glow color for valid factions
 ✓ src/__tests__/activationEffects.test.ts > Glow Radius Calculations > getFactionGlowColor > should return default for unknown faction
 ✓ src/__tests__/activationEffects.test.ts > Glow Radius Calculations > getFactionGlowRGB > should return default cyan RGB when no faction
 ✓ src/__tests__/activationEffects.test.ts > Glow Radius Calculations > getFactionGlowRGB > should return correct RGB for void faction
 ✓ src/__tests__/activationEffects.test.ts > Glow Radius Calculations > getFactionGlowRGB > should return correct RGB for inferno faction
 ✓ src/__tests__/activationEffects.test.ts > Glow Radius Calculations > getFactionGlowRGB > should return correct RGB for storm faction
 ✓ src/__tests__/activationEffects.test.ts > Glow Radius Calculations > calculateGlowIntensity > should return base intensity at power 0
 ✓ src/__tests__/activationEffects.test.ts > Glow Radius Calculations > calculateGlowIntensity > should increase with power output
 ✓ src/__tests__/activationEffects.test.ts > Glow Radius Calculations > calculateGlowIntensity > should not exceed 1.0
 ✓ src/__tests__/activationEffects.test.ts > Glow Radius Calculations > calculateGlowIntensity > should scale properly across full range
 ✓ src/__tests__/activationEffects.test.ts > Vignette Calculations > calculateVignetteOpacity > should return 0 for idle state
 ✓ src/__tests__/activationEffects.test.ts > Vignette Calculations > calculateVignetteOpacity > should return low opacity for charging state
 ✓ src/__tests__/activationEffects.test.ts > Vignette Calculations > calculateVignetteOpacity > should return medium opacity for active state
 ✓ src/__tests__/activationEffects.test.ts > Vignette Calculations > calculateVignetteOpacity > should scale with power output for active state
 ✓ src/__tests__/activationEffects.test.ts > Vignette Calculations > calculateVignetteOpacity > should return high opacity for overload state
 ✓ src/__tests__/activationEffects.test.ts > Vignette Calculations > calculateVignetteOpacity > should return high opacity for failure state regardless of power
 ✓ src/__tests__/activationEffects.test.ts > Vignette Calculations > calculateVignetteOpacity > should return low opacity for shutdown state
 ✓ src/__tests__/activationEffects.test.ts > Vignette Calculations > calculateVignetteOpacity > should handle isOverload flag
 ✓ src/__tests__/activationEffects.test.ts > Vignette Calculations > getVignetteColor > should return black for idle state
 ✓ src/__tests__/activationEffects.test.ts > Vignette Calculations > getVignetteColor > should return red for failure state
 ✓ src/__tests__/activationEffects.test.ts > Vignette Calculations > getVignetteColor > should return orange-red for overload state
 ✓ src/__tests__/activationEffects.test.ts > Vignette Calculations > getVignetteColor > should return orange-red when isOverload flag is true
 ✓ src/__tests__/activationEffects.test.ts > Vignette Calculations > getVignetteColor > should return black for charging and active states
 ✓ src/__tests__/activationEffects.test.ts > Vignette Calculations > getVignetteGradientStops > should return 50% inner stop at intensity 0
 ✓ src/__tests__/activationEffects.test.ts > Vignette Calculations > getVignetteGradientStops > should decrease inner stop as intensity increases
 ✓ src/__tests__/activationEffects.test.ts > Vignette Calculations > getVignetteGradientStops > should always return 100 for outer stop
 ✓ src/__tests__/activationEffects.test.ts > Screen Shake Calculations > calculateShakeDuration > should return 0 for idle state
 ✓ src/__tests__/activationEffects.test.ts > Screen Shake Calculations > calculateShakeDuration > should return minimum duration for charging
 ✓ src/__tests__/activationEffects.test.ts > Screen Shake Calculations > calculateShakeDuration > should return medium duration for active
 ✓ src/__tests__/activationEffects.test.ts > Screen Shake Calculations > calculateShakeDuration > should return maximum duration for overload
 ✓ src/__tests__/activationEffects.test.ts > Screen Shake Calculations > calculateShakeDuration > should return maximum duration for failure
 ✓ src/__tests__/activationEffects.test.ts > Screen Shake Calculations > calculateShakeDuration > should return 0 for shutdown state
 ✓ src/__tests__/activationEffects.test.ts > Screen Shake Calculations > calculateShakeIntensity > should return 0 for idle state
 ✓ src/__tests__/activationEffects.test.ts > Screen Shake Calculations > calculateShakeIntensity > should return low intensity for charging
 ✓ src/__tests__/activationEffects.test.ts > Screen Shake Calculations > calculateShakeIntensity > should return medium intensity for active
 ✓ src/__tests__/activationEffects.test.ts > Screen Shake Calculations > calculateShakeIntensity > should return high intensity for overload
 ✓ src/__tests__/activationEffects.test.ts > Screen Shake Calculations > calculateShakeIntensity > should return critical intensity for failure
 ✓ src/__tests__/activationEffects.test.ts > Screen Shake Calculations > calculateShakeIntensity > should scale with power output
 ✓ src/__tests__/activationEffects.test.ts > Screen Shake Calculations > calculateShakeIntensity > should not exceed critical intensity
 ✓ src/__tests__/activationEffects.test.ts > Screen Shake Calculations > calculateShakeIntensity > should handle isOverload flag
 ✓ src/__tests__/activationEffects.test.ts > Screen Shake Calculations > calculateShakeOffset > should return complete at duration 0
 ✓ src/__tests__/activationEffects.test.ts > Screen Shake Calculations > calculateShakeOffset > should return complete at intensity 0
 ✓ src/__tests__/activationEffects.test.ts > Screen Shake Calculations > calculateShakeOffset > should return incomplete at progress < 1
 ✓ src/__tests__/activationEffects.test.ts > Screen Shake Calculations > calculateShakeOffset > should return complete at progress >= 1
 ✓ src/__tests__/activationEffects.test.ts > Screen Shake Calculations > calculateShakeOffset > should produce non-zero offsets during active shake
 ✓ src/__tests__/activationEffects.test.ts > Screen Shake Calculations > calculateShakeOffset > should decay over time
 ✓ src/__tests__/activationEffects.test.ts > Screen Shake Calculations > shouldShake > should return false for idle
 ✓ src/__tests__/activationEffects.test.ts > Screen Shake Calculations > shouldShake > should return true for charging
 ✓ src/__tests__/activationEffects.test.ts > Screen Shake Calculations > shouldShake > should return true for active
 ✓ src/__tests__/activationEffects.test.ts > Screen Shake Calculations > shouldShake > should return true for overload
 ✓ src/__tests__/activationEffects.test.ts > Screen Shake Calculations > shouldShake > should return true for failure
 ✓ src/__tests__/activationEffects.test.ts > Screen Shake Calculations > shouldShake > should return false for shutdown
 ✓ src/__tests__/activationEffects.test.ts > Phase Transition Utilities > getTransitionDuration > should return slow duration for idle to charging
 ✓ src/__tests__/activationEffects.test.ts > Phase Transition Utilities > getTransitionDuration > should return normal duration for charging to active
 ✓ src/__tests__/activationEffects.test.ts > Phase Transition Utilities > getTransitionDuration > should return normal duration for active to shutdown
 ✓ src/__tests__/activationEffects.test.ts > Phase Transition Utilities > getTransitionDuration > should return slow duration for failure to idle
 ✓ src/__tests__/activationEffects.test.ts > Phase Transition Utilities > getTransitionDuration > should return slow duration for overload to idle
 ✓ src/__tests__/activationEffects.test.ts > Phase Transition Utilities > getTransitionDuration > should return fast duration for quick transitions
 ✓ src/__tests__/activationEffects.test.ts > Phase Transition Utilities > calculateEnergyBuildup > should return 0 for progress 0
 ✓ src/__tests__/activationEffects.test.ts > Phase Transition Utilities > calculateEnergyBuildup > should return 1 for progress >= 1
 ✓ src/__tests__/activationEffects.test.ts > Phase Transition Utilities > calculateEnergyBuildup > should scale linearly for progress 0-1
 ✓ src/__tests__/activationEffects.test.ts > Phase Transition Utilities > calculateEnergyBuildup > should clamp negative values to 0
 ✓ src/__tests__/activationEffects.test.ts > Phase Transition Utilities > getPhaseInfo > should return correct info for idle
 ✓ src/__tests__/activationEffects.test.ts > Phase Transition Utilities > getPhaseInfo > should return correct info for charging
 ✓ src/__tests__/activationEffects.test.ts > Phase Transition Utilities > getPhaseInfo > should return correct info for active
 ✓ src/__tests__/activationEffects.test.ts > Phase Transition Utilities > getPhaseInfo > should return correct info for overload
 ✓ src/__tests__/activationEffects.test.ts > Phase Transition Utilities > getPhaseInfo > should return correct info for failure
 ✓ src/__tests__/activationEffects.test.ts > Phase Transition Utilities > getPhaseInfo > should return correct info for shutdown
 ✓ src/__tests__/activationEffects.test.ts > Particle Effect Utilities > calculateParticleCount > should return base count when power is low
 ✓ src/__tests__/activationEffects.test.ts > Particle Effect Utilities > calculateParticleCount > should increase count for high power output
 ✓ src/__tests__/activationEffects.test.ts > Particle Effect Utilities > calculateParticleCount > should increase count during overload
 ✓ src/__tests__/activationEffects.test.ts > Particle Effect Utilities > calculateParticleCount > should double count during failure
 ✓ src/__tests__/activationEffects.test.ts > Particle Effect Utilities > calculateParticleSpeed > should return slower speed at low power
 ✓ src/__tests__/activationEffects.test.ts > Particle Effect Utilities > calculateParticleSpeed > should return faster speed at high power
 ✓ src/__tests__/activationEffects.test.ts > Particle Effect Utilities > calculateParticleSpeed > should scale properly across full range
 ✓ src/__tests__/activationEffects.test.ts > Particle Effect Utilities > getParticleColors > should return array of colors
 ✓ src/__tests__/activationEffects.test.ts > Particle Effect Utilities > getParticleColors > should include white sparkle
 ✓ src/__tests__/activationEffects.test.ts > Particle Effect Utilities > getParticleColors > should include faction color variations
 ✓ src/__tests__/activationEffects.test.ts > Particle Effect Utilities > getParticleColors > should return different colors for different factions
 ✓ src/__tests__/activationEffects.test.ts > Distortion Effect Utilities > calculateDistortionIntensity > should return 0 for idle state
 ✓ src/__tests__/activationEffects.test.ts > Distortion Effect Utilities > calculateDistortionIntensity > should return 0 for charging state
 ✓ src/__tests__/activationEffects.test.ts > Distortion Effect Utilities > calculateDistortionIntensity > should return 0 for active state
 ✓ src/__tests__/activationEffects.test.ts > Distortion Effect Utilities > calculateDistortionIntensity > should return 0.15 for overload at low power
 ✓ src/__tests__/activationEffects.test.ts > Distortion Effect Utilities > calculateDistortionIntensity > should return 0.3 for overload at high power
 ✓ src/__tests__/activationEffects.test.ts > Distortion Effect Utilities > calculateDistortionIntensity > should return 0.3 for failure state regardless of power
 ✓ src/__tests__/activationEffects.test.ts > Distortion Effect Utilities > calculateDistortionIntensity > should scale overload distortion with power
 ✓ src/__tests__/activationEffects.test.ts > Distortion Effect Utilities > calculateNoiseOffset > should return x and y offsets
 ✓ src/__tests__/activationEffects.test.ts > Distortion Effect Utilities > calculateNoiseOffset > should return bounded offsets
 ✓ src/__tests__/activationEffects.test.ts > Distortion Effect Utilities > calculateNoiseOffset > should return different offsets at different times
 ✓ src/__tests__/activationEffects.test.ts > Rarity Effect Utilities > getRarityEffectColor > should return gray for common
 ✓ src/__tests__/activationEffects.test.ts > Rarity Effect Utilities > getRarityEffectColor > should return green for uncommon
 ✓ src/__tests__/activationEffects.test.ts > Rarity Effect Utilities > getRarityEffectColor > should return blue for rare
 ✓ src/__tests__/activationEffects.test.ts > Rarity Effect Utilities > getRarityEffectColor > should return purple for epic
 ✓ src/__tests__/activationEffects.test.ts > Rarity Effect Utilities > getRarityEffectColor > should return gold for legendary
 ✓ src/__tests__/activationEffects.test.ts > Rarity Effect Utilities > getRarityEffectColor > should default to common for unknown rarity
 ✓ src/__tests__/activationEffects.test.ts > Rarity Effect Utilities > applyRarityModifier > should return same value for common
 ✓ src/__tests__/activationEffects.test.ts > Rarity Effect Utilities > applyRarityModifier > should increase value for higher rarities
 ✓ src/__tests__/activationEffects.test.ts > Rarity Effect Utilities > applyRarityModifier > should scale proportionally
 ✓ src/__tests__/activationEffects.test.ts > Dominant Faction Calculation > calculateDominantFaction > should return undefined for empty array
 ✓ src/__tests__/activationEffects.test.ts > Dominant Faction Calculation > calculateDominantFaction > should return undefined when no faction modules
 ✓ src/__tests__/activationEffects.test.ts > Dominant Faction Calculation > calculateDominantFaction > should return void for void-siphon and phase-modulator
 ✓ src/__tests__/activationEffects.test.ts > Dominant Faction Calculation > calculateDominantFaction > should return inferno for fire-crystal and core-furnace
 ✓ src/__tests__/activationEffects.test.ts > Dominant Faction Calculation > calculateDominantFaction > should return storm for lightning-conductor and energy-pipe
 ✓ src/__tests__/activationEffects.test.ts > Dominant Faction Calculation > calculateDominantFaction > should return stellar for amplifier-crystal and resonance-chamber
 ✓ src/__tests__/activationEffects.test.ts > Dominant Faction Calculation > calculateDominantFaction > should return arcane for arcane-matrix-grid and rune-node
 ✓ src/__tests__/activationEffects.test.ts > Dominant Faction Calculation > calculateDominantFaction > should return chaos for temporal-distorter and ether-infusion-chamber
 ✓ src/__tests__/activationEffects.test.ts > Dominant Faction Calculation > calculateDominantFaction > should return undefined when only 1 faction module
 ✓ src/__tests__/activationEffects.test.ts > Dominant Faction Calculation > calculateDominantFaction > should return the faction with most modules when clear majority
 ✓ src/__tests__/activationEffects.test.ts > Dominant Faction Calculation > calculateDominantFaction > should return undefined when tie (1 void, 1 inferno)
 ✓ src/__tests__/useFactionReputationStore.test.ts > useFactionReputationStore > initial state > should initialize with 0 reputation for all factions
 ✓ src/__tests__/useFactionReputationStore.test.ts > useFactionReputationStore > initial state > should initialize with totalReputationEarned at 0
 ✓ src/__tests__/useFactionReputationStore.test.ts > useFactionReputationStore > initial state > should initialize with empty currentResearch
 ✓ src/__tests__/useFactionReputationStore.test.ts > useFactionReputationStore > initial state > should initialize with empty completedResearch for all factions
 ✓ src/__tests__/useFactionReputationStore.test.ts > useFactionReputationStore > addReputation > should add reputation to void faction
 ✓ src/__tests__/useFactionReputationStore.test.ts > useFactionReputationStore > addReputation > should add reputation to inferno faction
 ✓ src/__tests__/useFactionReputationStore.test.ts > useFactionReputationStore > addReputation > should accumulate reputation
 ✓ src/__tests__/useFactionReputationStore.test.ts > useFactionReputationStore > addReputation > should update totalReputationEarned
 ✓ src/__tests__/useFactionReputationStore.test.ts > useFactionReputationStore > addReputation > should not affect other factions
 ✓ src/__tests__/useFactionReputationStore.test.ts > useFactionReputationStore > getReputation > should return 0 for faction with no reputation
 ✓ src/__tests__/useFactionReputationStore.test.ts > useFactionReputationStore > getReputation > should return correct reputation value
 ✓ src/__tests__/useFactionReputationStore.test.ts > useFactionReputationStore > getReputation > should return 0 for non-existent faction
 ✓ src/__tests__/useFactionReputationStore.test.ts > useFactionReputationStore > getReputationLevel > should return apprentice for 0 points
 ✓ src/__tests__/useFactionReputationStore.test.ts > useFactionReputationStore > getReputationLevel > should return journeyman for 200 points
 ✓ src/__tests__/useFactionReputationStore.test.ts > useFactionReputationStore > getReputationLevel > should return expert for 500 points
 ✓ src/__tests__/useFactionReputationStore.test.ts > useFactionReputationStore > getReputationLevel > should return master for 1000 points
 ✓ src/__tests__/useFactionReputationStore.test.ts > useFactionReputationStore > getReputationLevel > should return grandmaster for 2000 points
 ✓ src/__tests__/useFactionReputationStore.test.ts > useFactionReputationStore > getReputationLevel > should return grandmaster for 2500 points
 ✓ src/__tests__/useFactionReputationStore.test.ts > useFactionReputationStore > isVariantUnlocked > should return false when reputation is below Grandmaster
 ✓ src/__tests__/useFactionReputationStore.test.ts > useFactionReputationStore > isVariantUnlocked > should return true when reputation is Grandmaster (2000+)
 ✓ src/__tests__/useFactionReputationStore.test.ts > useFactionReputationStore > isVariantUnlocked > should return true for inferno at Grandmaster
 ✓ src/__tests__/useFactionReputationStore.test.ts > useFactionReputationStore > resetReputation > should reset faction reputation to 0
 ✓ src/__tests__/useFactionReputationStore.test.ts > useFactionReputationStore > resetReputation > should not affect other factions
 ✓ src/__tests__/useFactionReputationStore.test.ts > useFactionReputationStore > resetReputation > should reset faction tech when resetting reputation
 ✓ src/__tests__/useFactionReputationStore.test.ts > useFactionReputationStore > resetReputation > should handle resetting with zero current reputation
 ✓ src/__tests__/useFactionReputationStore.test.ts > useFactionReputationStore > resetAllReputations > should reset all faction reputations
 ✓ src/__tests__/useFactionReputationStore.test.ts > useFactionReputationStore > resetAllReputations > should reset all tech progress
 ✓ src/__tests__/useFactionReputationStore.test.ts > useFactionReputationStore > researchTech > should return ok when conditions are met (sufficient rep for tier-1)
 ✓ src/__tests__/useFactionReputationStore.test.ts > useFactionReputationStore > researchTech > should return locked when insufficient rep for tier-1
 ✓ src/__tests__/useFactionReputationStore.test.ts > useFactionReputationStore > researchTech > should return locked when no rep at all
 ✓ src/__tests__/useFactionReputationStore.test.ts > useFactionReputationStore > researchTech > should return queue_full when more than 3 active researches
 ✓ src/__tests__/useFactionReputationStore.test.ts > useFactionReputationStore > researchTech > should return already_researching when tech is in progress
 ✓ src/__tests__/useFactionReputationStore.test.ts > useFactionReputationStore > researchTech > should add tech to currentResearch when successful
 ✓ src/__tests__/useFactionReputationStore.test.ts > useFactionReputationStore > completeResearch > should move tech from currentResearch to completedResearch
 ✓ src/__tests__/useFactionReputationStore.test.ts > useFactionReputationStore > completeResearch > should be callable multiple times for different factions
 ✓ src/__tests__/useFactionReputationStore.test.ts > useFactionReputationStore > completeResearch > should complete research with correct faction context
 ✓ src/__tests__/useFactionReputationStore.test.ts > useFactionReputationStore > cancelResearch > should remove tech from currentResearch
 ✓ src/__tests__/useFactionReputationStore.test.ts > useFactionReputationStore > cancelResearch > should not add to completedResearch
 ✓ src/__tests__/useFactionReputationStore.test.ts > useFactionReputationStore > getTechBonus > should return 0 when no tech completed
 ✓ src/__tests__/useFactionReputationStore.test.ts > useFactionReputationStore > getTechBonus > should return T1 bonus (5%) when tier-1 completed
 ✓ src/__tests__/useFactionReputationStore.test.ts > useFactionReputationStore > getTechBonus > should return T2 bonus (10%) when tier-1+tier-2 completed - T2 REPLACES T1
 ✓ src/__tests__/useFactionReputationStore.test.ts > useFactionReputationStore > getTechBonus > should return T3 bonus (15%) when all tiers completed - T3 REPLACES T2
 ✓ src/__tests__/useFactionReputationStore.test.ts > useFactionReputationStore > getTechBonus > should return correct bonuses for all stat types
 ✓ src/__tests__/useFactionReputationStore.test.ts > useFactionReputationStore > getTechBonus > should return 0 for neutral modules (gear)
 ✓ src/__tests__/useFactionReputationStore.test.ts > useFactionReputationStore > getTotalTechBonus > should return 0 for empty module list
 ✓ src/__tests__/useFactionReputationStore.test.ts > useFactionReputationStore > getTotalTechBonus > should return single faction bonus for single-faction modules
 ✓ src/__tests__/useFactionReputationStore.test.ts > useFactionReputationStore > getTotalTechBonus > should sum bonuses from multiple factions
 ✓ src/__tests__/useFactionReputationStore.test.ts > useFactionReputationStore > getTotalTechBonus > should count each faction only once
 ✓ src/__tests__/useFactionReputationStore.test.ts > useFactionReputationStore > getTotalTechBonus > should ignore neutral modules
 ✓ src/__tests__/useFactionReputationStore.test.ts > useFactionReputationStore > getUnlockedTechTiers > should return 0 when no tech completed
 ✓ src/__tests__/useFactionReputationStore.test.ts > useFactionReputationStore > getUnlockedTechTiers > should return 1 when only tier-1 completed
 ✓ src/__tests__/useFactionReputationStore.test.ts > useFactionReputationStore > getUnlockedTechTiers > should return 2 when tier-1+tier-2 completed
 ✓ src/__tests__/useFactionReputationStore.test.ts > useFactionReputationStore > getUnlockedTechTiers > should return 3 when all tiers completed
 ✓ src/__tests__/useFactionReputationStore.test.ts > useFactionReputationStore > getActiveBonusesForFaction > should return all zeros when no tech completed
 ✓ src/__tests__/useFactionReputationStore.test.ts > useFactionReputationStore > getActiveBonusesForFaction > should return T1 bonuses for tier-1 completed
 ✓ src/__tests__/useFactionReputationStore.test.ts > useFactionReputationStore > getActiveBonusesForFaction > should return T2 bonuses for tier-1+tier-2 completed
 ✓ src/__tests__/useFactionReputationStore.test.ts > useFactionReputationStore > resetFactionTech > should remove all completed research for faction
 ✓ src/__tests__/useFactionReputationStore.test.ts > useFactionReputationStore > resetFactionTech > should not affect other factions
 ✓ src/__tests__/useFactionReputationStore.test.ts > useFactionReputationStore > hydration helpers > should expose isFactionReputationHydrated function
 ✓ src/__tests__/useFactionReputationStore.test.ts > useFactionReputationStore > hydration helpers > should expose hydrateFactionReputationStore function
 ✓ src/__tests__/useFactionReputationStore.test.ts > useFactionReputationStore > hydration helpers > should be able to call hydrateFactionReputationStore
 ✓ src/__tests__/useFactionReputationStore.test.ts > useFactionReputationStore > constants > should have FACTION_IDS array with 4 factions
 ✓ src/__tests__/useFactionReputationStore.test.ts > useFactionReputationStore > constants > should have TECH_BONUS_PER_TIER with 3 tiers
 ✓ src/__tests__/useFactionReputationStore.test.ts > useFactionReputationStore > constants > should have correct bonus percentages per tier
 ✓ src/__tests__/useFactionReputationStore.test.ts > useFactionReputationStore > getReputationData > should return complete reputation data object
 ✓ src/__tests__/useFactionReputationStore.test.ts > useFactionReputationStore > awardBonusReputation > should award reputation to all factions
 ✓ src/__tests__/useFactionReputationStore.test.ts > useFactionReputationStore > getCurrentResearch > should return empty array when no research
 ✓ src/__tests__/useFactionReputationStore.test.ts > useFactionReputationStore > getCurrentResearch > should return active researches for faction
 ✓ src/__tests__/useFactionReputationStore.test.ts > useFactionReputationStore > getResearchableTechs > should return available techs for faction
 ✓ src/__tests__/useFactionReputationStore.test.ts > useFactionReputationStore > getRequiredReputation > should return correct requirement for tier-1
 ✓ src/__tests__/useFactionReputationStore.test.ts > useFactionReputationStore > getRequiredReputation > should return correct requirement for tier-2
 ✓ src/__tests__/useFactionReputationStore.test.ts > useFactionReputationStore > getRequiredReputation > should return correct requirement for tier-3
 ✓ src/__tests__/useFactionReputationStore.test.ts > useFactionReputationStore > getRequiredReputation > should return 9999 for invalid tech id
 ✓ src/__tests__/useFactionReputationStore.test.ts > useFactionReputationStore > edge cases > should handle rapid reputation additions
 ✓ src/__tests__/useFactionReputationStore.test.ts > useFactionReputationStore > edge cases > should handle research across all factions
 ✓ src/__tests__/useFactionReputationStore.test.ts > useFactionReputationStore > edge cases > should handle canceling all research
 ✓ src/__tests__/useFactionReputationStore.test.ts > useFactionReputationStore > edge cases > should handle completing and researching new tech
 ✓ src/__tests__/anthropicProvider.test.ts > AnthropicProvider > generateFullAttributes > should fall back to local provider
 ✓ src/__tests__/anthropicProvider.test.ts > AnthropicProvider > generateFullAttributes > should return GeneratedAttributes with required fields
 ✓ src/__tests__/anthropicProvider.test.ts > AnthropicProvider > generateFullAttributes > should return tags as array
 ✓ src/__tests__/anthropicProvider.test.ts > AnthropicProvider > generateFullAttributes > should return valid rarity value
 ✓ src/__tests__/anthropicProvider.test.ts > AnthropicProvider > Factory function > should create AnthropicProvider with createAnthropicProvider
 ✓ src/__tests__/anthropicProvider.test.ts > AnthropicProvider > Factory function > should accept optional config
 ✓ src/__tests__/anthropicProvider.test.ts > AnthropicProvider > Factory function > should create provider without config
 ✓ src/__tests__/anthropicProvider.test.ts > AnthropicProvider > Description Generation > should generate description with style parameter
 ✓ src/__tests__/anthropicProvider.test.ts > AnthropicProvider > Description Generation > should respect maxLength parameter
 ✓ src/__tests__/anthropicProvider.test.ts > AnthropicProvider > Description Generation > should throw error when API key invalid during description generation
 ✓ src/__tests__/geminiProvider.test.ts > GeminiProvider > generateFullAttributes > should fall back to local provider
 ✓ src/__tests__/geminiProvider.test.ts > GeminiProvider > generateFullAttributes > should return GeneratedAttributes with required fields
 ✓ src/__tests__/geminiProvider.test.ts > GeminiProvider > generateFullAttributes > should return tags as array
 ✓ src/__tests__/geminiProvider.test.ts > GeminiProvider > generateFullAttributes > should return valid rarity value
 ✓ src/__tests__/geminiProvider.test.ts > GeminiProvider > Factory function > should create GeminiProvider with createGeminiProvider
 ✓ src/__tests__/geminiProvider.test.ts > GeminiProvider > Factory function > should accept optional config
 ✓ src/__tests__/geminiProvider.test.ts > GeminiProvider > Factory function > should create provider without config
 ✓ src/__tests__/geminiProvider.test.ts > GeminiProvider > Description Generation > should generate description with style parameter
 ✓ src/__tests__/geminiProvider.test.ts > GeminiProvider > Description Generation > should throw error when API key invalid during description generation
 ✓ src/__tests__/geminiProvider.test.ts > GeminiProvider > generateText Method (AC-104-001) > should call Gemini API and return generated text
 ✓ src/__tests__/geminiProvider.test.ts > GeminiProvider > generateText Method (AC-104-001) > should return text without throwing on success
 ✓ src/__tests__/geminiProvider.test.ts > GeminiProvider > generateText Method (AC-104-001) > should include system context in prompt
 ✓ src/__tests__/geminiProvider.test.ts > GeminiProvider > generateText Method (AC-104-001) > should throw on network error (triggers fallback)
 ✓ src/__tests__/geminiProvider.test.ts > GeminiProvider > generateText Method (AC-104-001) > should throw on API error (triggers fallback)
 ✓ src/__tests__/geminiProvider.test.ts > GeminiProvider > generateText Method (AC-104-001) > should include proper generation config
 ✓ src/store/__tests__/useExchangeStore.test.ts > useExchangeStore > Store Initialization > should have empty arrays on initial state
 ✓ src/store/__tests__/useExchangeStore.test.ts > useExchangeStore > Store Initialization > should set hydrated state correctly
 ✓ src/store/__tests__/useExchangeStore.test.ts > useExchangeStore > Listing Actions > markForTrade > should mark a machine for trade (AC-EXCHANGE-001)
 ✓ src/store/__tests__/useExchangeStore.test.ts > useExchangeStore > Listing Actions > markForTrade > should preserve custom trade preference
 ✓ src/store/__tests__/useExchangeStore.test.ts > useExchangeStore > Listing Actions > markForTrade > should not add duplicate listings
 ✓ src/store/__tests__/useExchangeStore.test.ts > useExchangeStore > Listing Actions > markForTrade > should add multiple different listings
 ✓ src/store/__tests__/useExchangeStore.test.ts > useExchangeStore > Listing Actions > unmarkFromTrade > should unmark a machine from trade (AC-EXCHANGE-002)
 ✓ src/store/__tests__/useExchangeStore.test.ts > useExchangeStore > Listing Actions > unmarkFromTrade > should only remove specified listing
 ✓ src/store/__tests__/useExchangeStore.test.ts > useExchangeStore > Listing Actions > unmarkFromTrade > should handle unmarking non-existent listing gracefully
 ✓ src/store/__tests__/useExchangeStore.test.ts > useExchangeStore > Listing Actions > isListed > should return false for unlisted machines
 ✓ src/store/__tests__/useExchangeStore.test.ts > useExchangeStore > Listing Actions > isListed > should return true for listed machines (AC-EXCHANGE-001)
 ✓ src/store/__tests__/useExchangeStore.test.ts > useExchangeStore > Listing Actions > isListed > should not remain true after unmarkFromTrade (AC-EXCHANGE-002)
 ✓ src/store/__tests__/useExchangeStore.test.ts > useExchangeStore > Listing Actions > getMyListedMachines (AC-EXCHANGE-012) > should return empty array when no listings exist
 ✓ src/store/__tests__/useExchangeStore.test.ts > useExchangeStore > Listing Actions > getMyListedMachines (AC-EXCHANGE-012) > should return empty array when codex is empty
 ✓ src/store/__tests__/useExchangeStore.test.ts > useExchangeStore > Listing Actions > getMyListedMachines (AC-EXCHANGE-012) > should return listed machines from codex
 ✓ src/store/__tests__/useExchangeStore.test.ts > useExchangeStore > Listing Actions > getMyListedMachines (AC-EXCHANGE-012) > should only return machines that exist in codex
 ✓ src/store/__tests__/useExchangeStore.test.ts > useExchangeStore > Proposal Actions > createProposal (AC-EXCHANGE-003) > should create proposal with correct structure
 ✓ src/store/__tests__/useExchangeStore.test.ts > useExchangeStore > Proposal Actions > createProposal (AC-EXCHANGE-003) > should add proposal to outgoingProposals array
 ✓ src/store/__tests__/useExchangeStore.test.ts > useExchangeStore > Proposal Actions > createProposal (AC-EXCHANGE-003) > should return null for non-existent codex entry
 ✓ src/store/__tests__/useExchangeStore.test.ts > useExchangeStore > Proposal Actions > createProposal (AC-EXCHANGE-003) > should include proposerMachine data in proposal
 ✓ src/store/__tests__/useExchangeStore.test.ts > useExchangeStore > Proposal Actions > createProposal (AC-EXCHANGE-003) > should include targetMachine data in proposal
 ✓ src/store/__tests__/useExchangeStore.test.ts > useExchangeStore > Proposal Actions > acceptProposal (AC-EXCHANGE-004) > should accept pending incoming proposal
 ✓ src/store/__tests__/useExchangeStore.test.ts > useExchangeStore > Proposal Actions > acceptProposal (AC-EXCHANGE-004) > should call codexStore.addEntry with correct parameters
 ✓ src/store/__tests__/useExchangeStore.test.ts > useExchangeStore > Proposal Actions > acceptProposal (AC-EXCHANGE-004) > should call codexStore.removeEntry for proposer machine
 ✓ src/store/__tests__/useExchangeStore.test.ts > useExchangeStore > Proposal Actions > acceptProposal (AC-EXCHANGE-004) > should not succeed for non-pending proposal
 ✓ src/store/__tests__/useExchangeStore.test.ts > useExchangeStore > Proposal Actions > acceptProposal (AC-EXCHANGE-004) > should not succeed for non-existent proposal
 ✓ src/store/__tests__/useExchangeStore.test.ts > useExchangeStore > Proposal Actions > acceptProposal (AC-EXCHANGE-004) > should add notification on successful acceptance
 ✓ src/store/__tests__/useExchangeStore.test.ts > useExchangeStore > Proposal Actions > acceptProposal (AC-EXCHANGE-004) > should record trade in history
 ✓ src/store/__tests__/useExchangeStore.test.ts > useExchangeStore > Proposal Actions > acceptProposal (AC-EXCHANGE-004) > should handle edge case: already rejected proposal cannot be accepted
 ✓ src/store/__tests__/useExchangeStore.test.ts > useExchangeStore > Proposal Actions > rejectProposal (AC-EXCHANGE-005) > should update proposal status to rejected
 ✓ src/store/__tests__/useExchangeStore.test.ts > useExchangeStore > Proposal Actions > rejectProposal (AC-EXCHANGE-005) > should add notification on rejection
 ✓ src/store/__tests__/useExchangeStore.test.ts > useExchangeStore > Proposal Actions > rejectProposal (AC-EXCHANGE-005) > should not crash for non-existent proposal
 ✓ src/store/__tests__/useExchangeStore.test.ts > useExchangeStore > Proposal Actions > rejectProposal (AC-EXCHANGE-005) > should not affect other proposals when rejecting one
 ✓ src/store/__tests__/useExchangeStore.test.ts > useExchangeStore > Proposal Actions > getProposal (AC-EXCHANGE-013) > should retrieve specific proposal by ID from incoming proposals
 ✓ src/store/__tests__/useExchangeStore.test.ts > useExchangeStore > Proposal Actions > getProposal (AC-EXCHANGE-013) > should retrieve specific proposal by ID from outgoing proposals
 ✓ src/store/__tests__/useExchangeStore.test.ts > useExchangeStore > Proposal Actions > getProposal (AC-EXCHANGE-013) > should return undefined for non-existent proposal ID (AC-EXCHANGE-013)
 ✓ src/store/__tests__/useExchangeStore.test.ts > useExchangeStore > Proposal Actions > getProposal (AC-EXCHANGE-013) > should prefer incoming proposal when ID exists in both
 ✓ src/store/__tests__/useExchangeStore.test.ts > useExchangeStore > Proposal Actions > getMyPendingProposals (AC-EXCHANGE-006) > should return only pending outgoing proposals
 ✓ src/store/__tests__/useExchangeStore.test.ts > useExchangeStore > Proposal Actions > getMyPendingProposals (AC-EXCHANGE-006) > should not include accepted proposals (AC-EXCHANGE-006)
 ✓ src/store/__tests__/useExchangeStore.test.ts > useExchangeStore > Proposal Actions > getMyPendingProposals (AC-EXCHANGE-006) > should not include rejected proposals (AC-EXCHANGE-006)
 ✓ src/store/__tests__/useExchangeStore.test.ts > useExchangeStore > Proposal Actions > getMyPendingProposals (AC-EXCHANGE-006) > should return empty array when no outgoing proposals
 ✓ src/store/__tests__/useExchangeStore.test.ts > useExchangeStore > Proposal Actions > getMyPendingProposals (AC-EXCHANGE-006) > should not include incoming proposals
 ✓ src/store/__tests__/useExchangeStore.test.ts > useExchangeStore > Proposal Actions > getIncomingPendingProposals (AC-EXCHANGE-007) > should return only pending incoming proposals
 ✓ src/store/__tests__/useExchangeStore.test.ts > useExchangeStore > Proposal Actions > getIncomingPendingProposals (AC-EXCHANGE-007) > should not include accepted proposals (AC-EXCHANGE-007)
 ✓ src/store/__tests__/useExchangeStore.test.ts > useExchangeStore > Proposal Actions > getIncomingPendingProposals (AC-EXCHANGE-007) > should not include rejected proposals (AC-EXCHANGE-007)
 ✓ src/store/__tests__/useExchangeStore.test.ts > useExchangeStore > Proposal Actions > getIncomingPendingProposals (AC-EXCHANGE-007) > should return empty array when no incoming proposals
 ✓ src/store/__tests__/useExchangeStore.test.ts > useExchangeStore > Proposal Actions > getIncomingPendingProposals (AC-EXCHANGE-007) > should not include outgoing proposals
 ✓ src/store/__tests__/useExchangeStore.test.ts > useExchangeStore > Trade History > recordTrade > should add trade to history with correct structure
 ✓ src/store/__tests__/useExchangeStore.test.ts > useExchangeStore > Trade History > recordTrade > should prepend to history (most recent first) (AC-EXCHANGE-008)
 ✓ src/store/__tests__/useExchangeStore.test.ts > useExchangeStore > Trade History > getTradeHistory > should return trade history array (AC-EXCHANGE-008)
 ✓ src/store/__tests__/useExchangeStore.test.ts > useExchangeStore > Trade History > getTradeHistory > should return empty array when no history
 ✓ src/store/__tests__/useExchangeStore.test.ts > useExchangeStore > Notification Actions > addNotification > should add notification with auto-generated id
 ✓ src/store/__tests__/useExchangeStore.test.ts > useExchangeStore > Notification Actions > addNotification > should add createdAt timestamp
 ✓ src/store/__tests__/useExchangeStore.test.ts > useExchangeStore > Notification Actions > addNotification > should prepend notifications (newest first) (AC-EXCHANGE-009)
 ✓ src/store/__tests__/useExchangeStore.test.ts > useExchangeStore > Notification Actions > addNotification > should enforce notification limit (max 50) (AC-EXCHANGE-009)
 ✓ src/store/__tests__/useExchangeStore.test.ts > useExchangeStore > Notification Actions > addNotification > should handle notification with empty message gracefully
 ✓ src/store/__tests__/useExchangeStore.test.ts > useExchangeStore > Notification Actions > addNotification > should handle notification with undefined message gracefully
 ✓ src/store/__tests__/useExchangeStore.test.ts > useExchangeStore > Notification Actions > markNotificationRead > should update read status to true (AC-EXCHANGE-009)
 ✓ src/store/__tests__/useExchangeStore.test.ts > useExchangeStore > Notification Actions > markNotificationRead > should not affect other notifications (AC-EXCHANGE-009)
 ✓ src/store/__tests__/useExchangeStore.test.ts > useExchangeStore > Notification Actions > markNotificationRead > should handle non-existent notification ID gracefully
 ✓ src/store/__tests__/useExchangeStore.test.ts > useExchangeStore > Notification Actions > clearNotifications > should empty notifications array (AC-EXCHANGE-009)
 ✓ src/store/__tests__/useExchangeStore.test.ts > useExchangeStore > Notification Actions > clearNotifications > should handle clearing when already empty
 ✓ src/store/__tests__/useExchangeStore.test.ts > useExchangeStore > Notification Actions > getUnreadCount > should return count of unread notifications (AC-EXCHANGE-009)
 ✓ src/store/__tests__/useExchangeStore.test.ts > useExchangeStore > Notification Actions > getUnreadCount > should return 0 when all notifications are read (AC-EXCHANGE-009)
 ✓ src/store/__tests__/useExchangeStore.test.ts > useExchangeStore > Notification Actions > getUnreadCount > should return 0 when no notifications exist
 ✓ src/store/__tests__/useExchangeStore.test.ts > useExchangeStore > Computed/Miscellaneous > getTradeableCommunityMachines (AC-EXCHANGE-010) > should return combined communityMachines and publishedMachines
 ✓ src/store/__tests__/useExchangeStore.test.ts > useExchangeStore > Computed/Miscellaneous > getTradeableCommunityMachines (AC-EXCHANGE-010) > should include published machines
 ✓ src/store/__tests__/useExchangeStore.test.ts > useExchangeStore > Computed/Miscellaneous > getTradeableCommunityMachines (AC-EXCHANGE-010) > should return empty array when no community machines
 ✓ src/store/__tests__/useExchangeStore.test.ts > useExchangeStore > Computed/Miscellaneous > hasPendingProposals (AC-EXCHANGE-011) > should return true when incoming pending proposals exist
 ✓ src/store/__tests__/useExchangeStore.test.ts > useExchangeStore > Computed/Miscellaneous > hasPendingProposals (AC-EXCHANGE-011) > should return true when outgoing pending proposals exist
 ✓ src/store/__tests__/useExchangeStore.test.ts > useExchangeStore > Computed/Miscellaneous > hasPendingProposals (AC-EXCHANGE-011) > should return false when no pending proposals
 ✓ src/store/__tests__/useExchangeStore.test.ts > useExchangeStore > Computed/Miscellaneous > hasPendingProposals (AC-EXCHANGE-011) > should return true when both incoming and outgoing have pending
 ✓ src/store/__tests__/useExchangeStore.test.ts > useExchangeStore > Computed/Miscellaneous > hasPendingProposals (AC-EXCHANGE-011) > should return false when no proposals at all
 ✓ src/store/__tests__/useExchangeStore.test.ts > useExchangeStore > Computed/Miscellaneous > Hydration Helpers > should have hydrateExchangeStore function
 ✓ src/store/__tests__/useExchangeStore.test.ts > useExchangeStore > Computed/Miscellaneous > Hydration Helpers > should have isExchangeHydrated function
 ✓ src/store/__tests__/useExchangeStore.test.ts > useExchangeStore > Edge Cases > acceptProposal edge cases > should return false for non-existent proposal ID without crashing
 ✓ src/store/__tests__/useExchangeStore.test.ts > useExchangeStore > Edge Cases > acceptProposal edge cases > should not call addEntry when proposal does not exist
 ✓ src/store/__tests__/useExchangeStore.test.ts > useExchangeStore > Edge Cases > acceptProposal edge cases > should not call removeEntry when proposal does not exist
 ✓ src/store/__tests__/useExchangeStore.test.ts > useExchangeStore > Edge Cases > acceptProposal edge cases > should handle expired status gracefully
 ✓ src/store/__tests__/useExchangeStore.test.ts > useExchangeStore > Edge Cases > rejectProposal edge cases > should not crash for non-existent proposal ID
 ✓ src/store/__tests__/useExchangeStore.test.ts > useExchangeStore > Edge Cases > rejectProposal edge cases > should not add notification for non-existent proposal
 ✓ src/store/__tests__/useExchangeStore.test.ts > useExchangeStore > Edge Cases > createProposal edge cases > should create proposal for already-listed machine
 ✓ src/store/__tests__/useExchangeStore.test.ts > useExchangeStore > Edge Cases > getMyListedMachines edge cases > should return empty array when codex is empty
 ✓ src/store/__tests__/useExchangeStore.test.ts > useExchangeStore > Edge Cases > getMyListedMachines edge cases > should filter out listings for removed codex entries
 ✓ src/store/__tests__/useExchangeStore.test.ts > useExchangeStore > Edge Cases > Notification edge cases > should handle empty message
 ✓ src/store/__tests__/useExchangeStore.test.ts > useExchangeStore > Edge Cases > Notification edge cases > should handle very long message
 ✓ src/store/__tests__/useExchangeStore.test.ts > useExchangeStore > Edge Cases > Trade history edge cases > should handle undefined proposerMachine
 ✓ src/store/__tests__/useExchangeStore.test.ts > useExchangeStore > Edge Cases > Trade history edge cases > should handle undefined targetMachine
 ✓ src/store/__tests__/useExchangeStore.test.ts > useExchangeStore > Selectors > should export selectListings
 ✓ src/store/__tests__/useExchangeStore.test.ts > useExchangeStore > Selectors > should export selectIncomingProposals
 ✓ src/store/__tests__/useExchangeStore.test.ts > useExchangeStore > Selectors > should export selectOutgoingProposals
 ✓ src/store/__tests__/useExchangeStore.test.ts > useExchangeStore > Selectors > should export selectTradeHistory
 ✓ src/store/__tests__/useExchangeStore.test.ts > useExchangeStore > Selectors > should export selectNotifications
 ✓ src/store/__tests__/useExchangeStore.test.ts > useExchangeStore > Selectors > should export selectIsHydrated
 ✓ src/store/__tests__/useExchangeStore.test.ts > useExchangeStore > Selectors > should selectListings return correct state
 ✓ src/store/__tests__/useExchangeStore.test.ts > useExchangeStore > Selectors > should selectIncomingProposals return correct state
 ✓ src/store/__tests__/useExchangeStore.test.ts > useExchangeStore > Selectors > should selectOutgoingProposals return correct state
 ✓ src/store/__tests__/useExchangeStore.test.ts > useExchangeStore > Selectors > should selectTradeHistory return correct state
 ✓ src/store/__tests__/useExchangeStore.test.ts > useExchangeStore > Selectors > should selectNotifications return correct state
 ✓ src/store/__tests__/useExchangeStore.test.ts > useExchangeStore > Selectors > should selectIsHydrated return correct state
 ✓ src/__tests__/randomGeneratorEdgeCases.test.ts > Round 78: Random Generator Edge Cases > AC2: minModules === maxModules produces fixed module count > should generate exactly 3 modules when minModules=3 and maxModules=3
 ✓ src/__tests__/randomGeneratorEdgeCases.test.ts > Round 78: Random Generator Edge Cases > AC2: minModules === maxModules produces fixed module count > should generate exactly 2 modules when minModules=2 and maxModules=2
 ✓ src/__tests__/randomGeneratorEdgeCases.test.ts > Round 78: Random Generator Edge Cases > AC2: minModules === maxModules produces fixed module count > should generate exactly 4 modules when minModules=4 and maxModules=4
 ✓ src/__tests__/randomGeneratorEdgeCases.test.ts > Round 78: Random Generator Edge Cases > AC2: minModules === maxModules produces fixed module count > should generate exactly 5 modules when minModules=5 and maxModules=5
 ✓ src/__tests__/randomGeneratorEdgeCases.test.ts > Round 78: Random Generator Edge Cases > AC2: minModules === maxModules produces fixed module count > should generate exactly 6 modules when minModules=6 and maxModules=6
 ✓ src/__tests__/randomGeneratorEdgeCases.test.ts > Round 78: Random Generator Edge Cases > AC2: minModules === maxModules produces fixed module count > should work with all themes when min=max
 ✓ src/__tests__/randomGeneratorEdgeCases.test.ts > Round 78: Random Generator Edge Cases > AC3: Low connection density always produces at least 1 connection > should always produce at least 1 connection with connectionDensity="low"
 ✓ src/__tests__/randomGeneratorEdgeCases.test.ts > Round 78: Random Generator Edge Cases > AC3: Low connection density always produces at least 1 connection > should always produce at least 1 connection with 2 modules at low density
 ✓ src/__tests__/randomGeneratorEdgeCases.test.ts > Round 78: Random Generator Edge Cases > AC3: Low connection density always produces at least 1 connection > should always produce at least 1 connection with 6 modules at low density
 ✓ src/__tests__/randomGeneratorEdgeCases.test.ts > Round 78: Random Generator Edge Cases > AC3: Low connection density always produces at least 1 connection > should still produce additional connections based on probability
 ✓ src/__tests__/randomGeneratorEdgeCases.test.ts > Round 78: Random Generator Edge Cases > AC3: Low connection density always produces at least 1 connection > should produce valid connections (output->input direction)
 ✓ src/__tests__/randomGeneratorEdgeCases.test.ts > Round 78: Random Generator Edge Cases > AC4: Empty canvas generation produces valid machine with core > should generate a machine with at least 1 core-furnace when starting fresh
 ✓ src/__tests__/randomGeneratorEdgeCases.test.ts > Round 78: Random Generator Edge Cases > AC4: Empty canvas generation produces valid machine with core > should generate valid machine structure (modules + connections)
 ✓ src/__tests__/randomGeneratorEdgeCases.test.ts > Round 78: Random Generator Edge Cases > AC4: Empty canvas generation produces valid machine with core > should maintain minimum spacing even with fallback core
 ✓ src/__tests__/randomGeneratorEdgeCases.test.ts > Round 78: Random Generator Edge Cases > AC4: Empty canvas generation produces valid machine with core > should validate successfully for generated machines
 ✓ src/__tests__/randomGeneratorEdgeCases.test.ts > Round 78: Random Generator Edge Cases > AC2+AC3+AC4: Combined edge case testing > min=max=3 with low density should produce 3 modules and at least 1 connection
 ✓ src/__tests__/randomGeneratorEdgeCases.test.ts > Round 78: Random Generator Edge Cases > AC2+AC3+AC4: Combined edge case testing > min=max=2 with low density should produce valid 2-module machine
 ✓ src/__tests__/randomGeneratorEdgeCases.test.ts > Random Generator Edge Cases - 2-6 Module Range > Default Config (2-6 modules) > should generate machines within 2-6 module range by default
 ✓ src/__tests__/randomGeneratorEdgeCases.test.ts > Random Generator Edge Cases - 2-6 Module Range > Default Config (2-6 modules) > should enforce minimum 80px center-to-center spacing by default
 ✓ src/__tests__/randomGeneratorEdgeCases.test.ts > Random Generator Edge Cases - 2-6 Module Range > Default Config (2-6 modules) > should create valid connections with proper port references
 ✓ src/__tests__/randomGeneratorEdgeCases.test.ts > Random Generator Edge Cases - 2-6 Module Range > Default Config (2-6 modules) > should pass validateGeneratedMachine for generated machines
 ✓ src/__tests__/randomGeneratorEdgeCases.test.ts > Random Generator Edge Cases - 2-6 Module Range > Minimum Modules (2 modules) > should generate exactly 2 modules when configured
 ✓ src/__tests__/randomGeneratorEdgeCases.test.ts > Random Generator Edge Cases - 2-6 Module Range > Minimum Modules (2 modules) > should create at least one connection for 2-module machines
 ✓ src/__tests__/randomGeneratorEdgeCases.test.ts > Random Generator Edge Cases - 2-6 Module Range > Minimum Modules (2 modules) > should maintain spacing constraints with 2 modules
 ✓ src/__tests__/randomGeneratorEdgeCases.test.ts > Random Generator Edge Cases - 2-6 Module Range > Maximum Modules (6 modules) > should generate exactly 6 modules when configured
 ✓ src/__tests__/randomGeneratorEdgeCases.test.ts > Random Generator Edge Cases - 2-6 Module Range > Maximum Modules (6 modules) > should create connections for 6-module machines
 ✓ src/__tests__/randomGeneratorEdgeCases.test.ts > Random Generator Edge Cases - 2-6 Module Range > Maximum Modules (6 modules) > should maintain spacing constraints with 6 modules
 ✓ src/__tests__/randomGeneratorEdgeCases.test.ts > Random Generator Edge Cases - 2-6 Module Range > Maximum Modules (6 modules) > should validate successfully for 6-module machines
 ✓ src/__tests__/randomGeneratorEdgeCases.test.ts > Random Generator Edge Cases - 2-6 Module Range > Spacing Constraints Across Range > should maintain spacing for 3-module machines
 ✓ src/__tests__/randomGeneratorEdgeCases.test.ts > Random Generator Edge Cases - 2-6 Module Range > Spacing Constraints Across Range > should maintain spacing for 4-module machines
 ✓ src/__tests__/randomGeneratorEdgeCases.test.ts > Random Generator Edge Cases - 2-6 Module Range > Spacing Constraints Across Range > should maintain spacing for 5-module machines
 ✓ src/__tests__/randomGeneratorEdgeCases.test.ts > Random Generator Negative Tests > Overlapping Modules Detection > should detect overlapping modules in validateGeneratedMachine
 ✓ src/__tests__/randomGeneratorEdgeCases.test.ts > Random Generator Negative Tests > Overlapping Modules Detection > should detect multiple spacing violations
 ✓ src/__tests__/randomGeneratorEdgeCases.test.ts > Random Generator Negative Tests > Invalid Port References Detection > should detect connections with invalid source module
 ✓ src/__tests__/randomGeneratorEdgeCases.test.ts > Random Generator Negative Tests > Invalid Port References Detection > should detect connections with invalid target module
 ✓ src/__tests__/randomGeneratorEdgeCases.test.ts > Random Generator Negative Tests > Invalid Port References Detection > should detect connections with invalid source port
 ✓ src/__tests__/randomGeneratorEdgeCases.test.ts > Random Generator Negative Tests > Invalid Port References Detection > should detect connections with invalid target port
 ✓ src/__tests__/randomGeneratorEdgeCases.test.ts > Random Generator Negative Tests > Empty Modules Array Handling > should handle empty modules array gracefully
 ✓ src/__tests__/randomGeneratorEdgeCases.test.ts > Random Generator Negative Tests > Empty Modules Array Handling > should validate modules without connections (no longer requires connections)
 ✓ src/__tests__/randomGeneratorEdgeCases.test.ts > Default Config Verification > should have correct default values
 ✓ src/__tests__/randomGeneratorEdgeCases.test.ts > Default Config Verification > should generate valid machines using default config
 ✓ src/__tests__/randomGeneratorEdgeCases.test.ts > AC5: EnergyPath Component Memoization > should export EnergyPath as a named export from the module
 ✓ src/__tests__/randomGeneratorEdgeCases.test.ts > AC5: EnergyPath Component Memoization > should have memo import in EnergyPath file
 ✓ src/__tests__/keyboardShortcuts.test.ts > Keyboard Shortcuts - Complete Integration > AC1: Delete removes selected modules and connections > Delete removes selected module from store
 ✓ src/__tests__/keyboardShortcuts.test.ts > Keyboard Shortcuts - Complete Integration > AC1: Delete removes selected modules and connections > Delete removes selected connection from store
 ✓ src/__tests__/keyboardShortcuts.test.ts > Keyboard Shortcuts - Complete Integration > AC1: Delete removes selected modules and connections > Delete removes module and all connected connections
 ✓ src/__tests__/keyboardShortcuts.test.ts > Keyboard Shortcuts - Complete Integration > AC2: Ctrl+D duplicates with connections > Ctrl+D creates offset copy of single module
 ✓ src/__tests__/keyboardShortcuts.test.ts > Keyboard Shortcuts - Complete Integration > AC2: Ctrl+D duplicates with connections > Ctrl+D duplicates all selected modules
 ✓ src/__tests__/keyboardShortcuts.test.ts > Keyboard Shortcuts - Complete Integration > AC2: Ctrl+D duplicates with connections > Duplicated module is selected after duplicate
 ✓ src/__tests__/keyboardShortcuts.test.ts > Keyboard Shortcuts - Complete Integration > AC3: R key rotates selected 90° > R rotates single module 90° clockwise
 ✓ src/__tests__/keyboardShortcuts.test.ts > Keyboard Shortcuts - Complete Integration > AC3: R key rotates selected 90° > R accumulates rotation (90° → 180° → 270° → 0°)
 ✓ src/__tests__/keyboardShortcuts.test.ts > Keyboard Shortcuts - Complete Integration > AC4: F key flips selected horizontally > F flips module horizontally
 ✓ src/__tests__/keyboardShortcuts.test.ts > Keyboard Shortcuts - Complete Integration > AC5: Ctrl+G creates group > createGroup creates a group with multiple modules
 ✓ src/__tests__/keyboardShortcuts.test.ts > Keyboard Shortcuts - Complete Integration > AC5: Ctrl+G creates group > createGroup returns null for less than 2 modules
 ✓ src/__tests__/keyboardShortcuts.test.ts > Keyboard Shortcuts - Complete Integration > AC5: Ctrl+G creates group > Group is stored in the grouping store
 ✓ src/__tests__/keyboardShortcuts.test.ts > Keyboard Shortcuts - Complete Integration > AC6: Ctrl+Shift+G dissolves group > ungroup removes group and returns module IDs
 ✓ src/__tests__/keyboardShortcuts.test.ts > Keyboard Shortcuts - Complete Integration > AC6: Ctrl+Shift+G dissolves group > ungroup preserves module transforms
 ✓ src/__tests__/keyboardShortcuts.test.ts > Keyboard Shortcuts - Complete Integration > AC7: Group rotation affects all members > rotateGroup rotates all modules in group around center
 ✓ src/__tests__/keyboardShortcuts.test.ts > Keyboard Shortcuts - Complete Integration > AC7: Group rotation affects all members > scaleGroup scales all modules in group
 ✓ src/__tests__/keyboardShortcuts.test.ts > Keyboard Shortcuts - Complete Integration > AC8: Copy/Paste maintains connections within paste > pasteModules copies connections between pasted modules
 ✓ src/__tests__/keyboardShortcuts.test.ts > Keyboard Shortcuts - Complete Integration > AC9: Ctrl+Z/Ctrl+Shift+Z undo/redo work > Ctrl+Z undoes last action
 ✓ src/__tests__/keyboardShortcuts.test.ts > Keyboard Shortcuts - Complete Integration > AC9: Ctrl+Z/Ctrl+Shift+Z undo/redo work > Ctrl+Shift+Z redoes undone action
 ✓ src/__tests__/keyboardShortcuts.test.ts > Keyboard Shortcuts - Complete Integration > AC9: Ctrl+Z/Ctrl+Shift+Z undo/redo work > History index updates correctly
 ✓ src/__tests__/keyboardShortcuts.test.ts > Keyboard Shortcuts - Complete Integration > Additional: Scale shortcuts ([ and ]) > Scale up increases module scale
 ✓ src/__tests__/keyboardShortcuts.test.ts > Keyboard Shortcuts - Complete Integration > Additional: Scale shortcuts ([ and ]) > Scale down decreases module scale
 ✓ src/__tests__/keyboardShortcuts.test.ts > Keyboard Shortcuts - Complete Integration > Additional: Scale shortcuts ([ and ]) > Scale clamps to valid range [0.25, 4.0]
 ✓ src/__tests__/keyboardShortcuts.test.ts > Keyboard Shortcuts - Complete Integration > Grouping Store Operations > getGroupByModuleId returns correct group
 ✓ src/__tests__/keyboardShortcuts.test.ts > Keyboard Shortcuts - Complete Integration > Grouping Store Operations > isModuleInGroup returns true for grouped modules
 ✓ src/__tests__/keyboardShortcuts.test.ts > Keyboard Shortcuts - Complete Integration > Grouping Store Operations > getGroupModuleIds returns correct module IDs
 ✓ src/__tests__/keyboardShortcuts.test.ts > Keyboard Shortcuts - Complete Integration > Group Transform Utilities > calculateGroupBounds returns correct bounds
 ✓ src/__tests__/keyboardShortcuts.test.ts > Keyboard Shortcuts - Complete Integration > Group Transform Utilities > calculateGroupCenter returns correct center
 ✓ src/__tests__/keyboardShortcuts.test.ts > Keyboard Shortcuts - Complete Integration > Group Transform Utilities > flipGroupHorizontal mirrors modules correctly
 ✓ src/__tests__/keyboardShortcuts.test.ts > Keyboard Shortcuts - Complete Integration > Group Transform Utilities > flipGroupVertical mirrors modules correctly
 ✓ src/__tests__/keyboardShortcuts.test.ts > Keyboard Shortcuts - Complete Integration > AC4 Enhanced: Scale shortcut boundaries (0.25x - 4.0x clamp) > scale shortcut caps at 4.0x maximum scale
 ✓ src/__tests__/keyboardShortcuts.test.ts > Keyboard Shortcuts - Complete Integration > AC4 Enhanced: Scale shortcut boundaries (0.25x - 4.0x clamp) > scale shortcut floors at 0.25x minimum scale
 ✓ src/__tests__/keyboardShortcuts.test.ts > Keyboard Shortcuts - Complete Integration > AC4 Enhanced: Scale shortcut boundaries (0.25x - 4.0x clamp) > scale from 4.0 going down floors at 0.25
 ✓ src/__tests__/keyboardShortcuts.test.ts > Keyboard Shortcuts - Complete Integration > AC4 Enhanced: Scale shortcut boundaries (0.25x - 4.0x clamp) > scale from 0.25 going up caps at 4.0
 ✓ src/__tests__/keyboardShortcuts.test.ts > Keyboard Shortcuts - Complete Integration > AC5 Enhanced: Undo/redo with empty history > Ctrl+Z with empty history does not crash
 ✓ src/__tests__/keyboardShortcuts.test.ts > Keyboard Shortcuts - Complete Integration > AC5 Enhanced: Undo/redo with empty history > Ctrl+Y with empty future does not crash
 ✓ src/__tests__/keyboardShortcuts.test.ts > Keyboard Shortcuts - Complete Integration > AC5 Enhanced: Undo/redo with empty history > undo beyond history index does not crash
 ✓ src/__tests__/keyboardShortcuts.test.ts > Keyboard Shortcuts - Complete Integration > AC5 Enhanced: Undo/redo with empty history > redo beyond history length does not crash
 ✓ src/__tests__/keyboardShortcuts.test.ts > Keyboard Shortcuts - Complete Integration > AC5 Enhanced: Undo/redo with empty history > empty history after clear does not crash on undo
 ✓ src/__tests__/keyboardShortcuts.test.ts > Keyboard Shortcuts - Complete Integration > AC2 Enhanced: Ctrl+D duplicate shortcut with no selection > Ctrl+D with no selection does not crash
 ✓ src/__tests__/keyboardShortcuts.test.ts > Keyboard Shortcuts - Complete Integration > AC2 Enhanced: Ctrl+D duplicate shortcut with no selection > Ctrl+D with empty store does not crash
 ✓ src/__tests__/keyboardShortcuts.test.ts > Keyboard Shortcuts - Complete Integration > AC2 Enhanced: Ctrl+D duplicate shortcut with no selection > Ctrl+D with valid module ID works correctly
 ✓ src/__tests__/keyboardShortcuts.test.ts > Keyboard Shortcuts - Complete Integration > AC2 Enhanced: Ctrl+D duplicate shortcut with no selection > Multiple Ctrl+D calls create multiple duplicates
 ✓ src/__tests__/keyboardShortcuts.test.ts > Keyboard Shortcuts - Complete Integration > Input field exclusion > should not trigger shortcuts when input is focused
 ✓ src/__tests__/keyboardShortcuts.test.ts > Keyboard Shortcuts - Complete Integration > Input field exclusion > should allow shortcuts when target is canvas
 ✓ src/components/Exchange/__tests__/ExchangePanel.test.tsx > ExchangePanel > Tab Navigation (AC-EXCHANGE-UI-019) > should show three tabs: 我的挂牌, 浏览交易, 交易历史
 ✓ src/components/Exchange/__tests__/ExchangePanel.test.tsx > ExchangePanel > Tab Navigation (AC-EXCHANGE-UI-019) > should have 我的挂牌 tab active by default
 ✓ src/components/Exchange/__tests__/ExchangePanel.test.tsx > ExchangePanel > Tab Navigation (AC-EXCHANGE-UI-019) > should switch to 浏览交易 tab when clicked
 ✓ src/components/Exchange/__tests__/ExchangePanel.test.tsx > ExchangePanel > Tab Navigation (AC-EXCHANGE-UI-019) > should switch to 交易历史 tab when clicked
 ✓ src/components/Exchange/__tests__/ExchangePanel.test.tsx > ExchangePanel > Tab Navigation (AC-EXCHANGE-UI-019) > should show purple underline indicator on active tab
 ✓ src/components/Exchange/__tests__/ExchangePanel.test.tsx > ExchangePanel > Listings Tab - Machine Selection (AC-EXCHANGE-UI-020) > should show codex entries not already listed in dropdown
 ✓ src/components/Exchange/__tests__/ExchangePanel.test.tsx > ExchangePanel > Listings Tab - Machine Selection (AC-EXCHANGE-UI-020) > should exclude already listed machines from dropdown
 ✓ src/components/Exchange/__tests__/ExchangePanel.test.tsx > ExchangePanel > Listings Tab - Mark for Trade (AC-EXCHANGE-UI-021) > should show 挂牌 button
 ✓ src/components/Exchange/__tests__/ExchangePanel.test.tsx > ExchangePanel > Listings Tab - Mark for Trade (AC-EXCHANGE-UI-021) > should call markForTrade with selected entry ID when 挂牌 is clicked
 ✓ src/components/Exchange/__tests__/ExchangePanel.test.tsx > ExchangePanel > Listings Tab - Mark for Trade (AC-EXCHANGE-UI-021) > should disable 挂牌 button when no entry selected
 ✓ src/components/Exchange/__tests__/ExchangePanel.test.tsx > ExchangePanel > Listings Tab - Mark for Trade (AC-EXCHANGE-UI-021) > should enable 挂牌 button when entry is selected
 ✓ src/components/Exchange/__tests__/ExchangePanel.test.tsx > ExchangePanel > Listings Tab - Unmark from Trade (AC-EXCHANGE-UI-022) > should show 下架 button for listed machines
 ✓ src/components/Exchange/__tests__/ExchangePanel.test.tsx > ExchangePanel > Listings Tab - Unmark from Trade (AC-EXCHANGE-UI-022) > should call unmarkFromTrade with entry ID when 下架 is clicked
 ✓ src/components/Exchange/__tests__/ExchangePanel.test.tsx > ExchangePanel > Listings Tab - Unmark from Trade (AC-EXCHANGE-UI-022) > should show listed machine name in the listed section
 ✓ src/components/Exchange/__tests__/ExchangePanel.test.tsx > ExchangePanel > Browse Trades Tab - Filters (AC-EXCHANGE-UI-023) > should switch to browse trades tab content
 ✓ src/components/Exchange/__tests__/ExchangePanel.test.tsx > ExchangePanel > Browse Trades Tab - Filters (AC-EXCHANGE-UI-023) > should have faction filter dropdown with all 6 factions
 ✓ src/components/Exchange/__tests__/ExchangePanel.test.tsx > ExchangePanel > Browse Trades Tab - Filters (AC-EXCHANGE-UI-023) > should have rarity filter dropdown with all rarities
 ✓ src/components/Exchange/__tests__/ExchangePanel.test.tsx > ExchangePanel > Browse Trades Tab - Filters (AC-EXCHANGE-UI-023) > should filter by faction when faction filter is selected
 ✓ src/components/Exchange/__tests__/ExchangePanel.test.tsx > ExchangePanel > Browse Trades Tab - Trade Button (AC-EXCHANGE-UI-024) > should show community machines grid
 ✓ src/components/Exchange/__tests__/ExchangePanel.test.tsx > ExchangePanel > Browse Trades Tab - Trade Button (AC-EXCHANGE-UI-024) > should show 出价交易 button for each community machine
 ✓ src/components/Exchange/__tests__/ExchangePanel.test.tsx > ExchangePanel > Browse Trades Tab - Trade Button (AC-EXCHANGE-UI-024) > should show rarity badge for each community machine
 ✓ src/__tests__/exportPosterPresets.test.ts > Export Poster Presets - Platform Configurations > AC1: Platform Preset Configurations > should have all 3 social platforms defined
 ✓ src/__tests__/exportPosterPresets.test.ts > Export Poster Presets - Platform Configurations > AC1: Platform Preset Configurations > should have correct platform names
 ✓ src/__tests__/exportPosterPresets.test.ts > Export Poster Presets - Platform Configurations > AC1: Platform Preset Configurations > should have Chinese names for all platforms
 ✓ src/__tests__/exportPosterPresets.test.ts > Export Poster Presets - Platform Configurations > AC2: Twitter/X Preset - 16:9 1200×675px > should have correct aspect ratio (16:9)
 ✓ src/__tests__/exportPosterPresets.test.ts > Export Poster Presets - Platform Configurations > AC2: Twitter/X Preset - 16:9 1200×675px > should have correct dimensions (1200×675px)
 ✓ src/__tests__/exportPosterPresets.test.ts > Export Poster Presets - Platform Configurations > AC2: Twitter/X Preset - 16:9 1200×675px > should generate SVG with correct viewBox dimensions
 ✓ src/__tests__/exportPosterPresets.test.ts > Export Poster Presets - Platform Configurations > AC2: Twitter/X Preset - 16:9 1200×675px > should have Twitter accent color
 ✓ src/__tests__/exportPosterPresets.test.ts > Export Poster Presets - Platform Configurations > AC3: Instagram Preset - 1:1 1080×1080px > should have correct aspect ratio (1:1)
 ✓ src/__tests__/exportPosterPresets.test.ts > Export Poster Presets - Platform Configurations > AC3: Instagram Preset - 1:1 1080×1080px > should have correct dimensions (1080×1080px)
 ✓ src/__tests__/exportPosterPresets.test.ts > Export Poster Presets - Platform Configurations > AC3: Instagram Preset - 1:1 1080×1080px > should generate SVG with correct viewBox dimensions
 ✓ src/__tests__/exportPosterPresets.test.ts > Export Poster Presets - Platform Configurations > AC3: Instagram Preset - 1:1 1080×1080px > should have Instagram accent color
 ✓ src/__tests__/exportPosterPresets.test.ts > Export Poster Presets - Platform Configurations > AC3b: Discord Preset - 3:2 600×400px > should have correct aspect ratio (3:2)
 ✓ src/__tests__/exportPosterPresets.test.ts > Export Poster Presets - Platform Configurations > AC3b: Discord Preset - 3:2 600×400px > should have correct dimensions (600×400px)
 ✓ src/__tests__/exportPosterPresets.test.ts > Export Poster Presets - Platform Configurations > AC3b: Discord Preset - 3:2 600×400px > should generate SVG with correct viewBox dimensions
 ✓ src/__tests__/exportPosterPresets.test.ts > Export Poster Presets - Platform Configurations > AC3b: Discord Preset - 3:2 600×400px > should have Discord accent color
 ✓ src/__tests__/exportPosterPresets.test.ts > AC5: Watermark Support > exportEnhancedPoster with watermark > should include username when provided
 ✓ src/__tests__/exportPosterPresets.test.ts > AC5: Watermark Support > exportEnhancedPoster with watermark > should NOT include watermark section when username is undefined
 ✓ src/__tests__/exportPosterPresets.test.ts > AC5: Watermark Support > exportEnhancedPoster with watermark > should position watermark in bottom-right corner
 ✓ src/__tests__/exportPosterPresets.test.ts > AC5: Watermark Support > exportEnhancedPoster with watermark > should have subtle styling for watermark (smaller font, muted color)
 ✓ src/__tests__/exportPosterPresets.test.ts > AC5: Watermark Support > exportSocialPoster with watermark > should include username for Twitter preset
 ✓ src/__tests__/exportPosterPresets.test.ts > AC5: Watermark Support > exportSocialPoster with watermark > should include username for Instagram preset
 ✓ src/__tests__/exportPosterPresets.test.ts > AC5: Watermark Support > exportSocialPoster with watermark > should include username for Discord preset
 ✓ src/__tests__/exportPosterPresets.test.ts > AC5: Watermark Support > exportSocialPoster with watermark > should NOT include watermark when username is undefined (social poster)
 ✓ src/__tests__/exportPosterPresets.test.ts > AC5: Watermark Support > exportSocialPoster with watermark > should NOT render empty username text element
 ✓ src/__tests__/exportPosterPresets.test.ts > AC6: Animated Corner Decorations > exportEnhancedPoster decorations > should include corner path elements (4 corners)
 ✓ src/__tests__/exportPosterPresets.test.ts > AC6: Animated Corner Decorations > exportEnhancedPoster decorations > should have stroke-dasharray animation for corner paths
 ✓ src/__tests__/exportPosterPresets.test.ts > AC6: Animated Corner Decorations > exportEnhancedPoster decorations > should use gold color (#ffd700 / #fbbf24) for corners
 ✓ src/__tests__/exportPosterPresets.test.ts > AC6: Animated Corner Decorations > exportEnhancedPoster decorations > should have animate elements for fill freeze
 ✓ src/__tests__/exportPosterPresets.test.ts > AC6: Animated Corner Decorations > exportSocialPoster decorations > should include corner decorations for Twitter
 ✓ src/__tests__/exportPosterPresets.test.ts > AC6: Animated Corner Decorations > exportSocialPoster decorations > should include corner decorations for Instagram
 ✓ src/__tests__/exportPosterPresets.test.ts > AC6: Animated Corner Decorations > exportSocialPoster decorations > should include corner decorations for Discord
 ✓ src/__tests__/exportPosterPresets.test.ts > AC6: Animated Corner Decorations > exportSocialPoster decorations > should use platform accent color for corner strokes
 ✓ src/__tests__/exportPosterPresets.test.ts > AC6: Animated Corner Decorations > exportSocialPoster decorations > should have stroke-dasharray animation for social poster corners
 ✓ src/__tests__/exportPosterPresets.test.ts > Negative Assertions - AC1-AC6 > Dimensions should NOT be incorrect > Twitter should NOT produce 1080×1080 or 600×400
 ✓ src/__tests__/exportPosterPresets.test.ts > Negative Assertions - AC1-AC6 > Dimensions should NOT be incorrect > Instagram should NOT produce 1200×675 or 600×400
 ✓ src/__tests__/exportPosterPresets.test.ts > Negative Assertions - AC1-AC6 > Dimensions should NOT be incorrect > Discord should NOT produce 1200×675 or 1080×1080
 ✓ src/__tests__/exportPosterPresets.test.ts > Negative Assertions - AC1-AC6 > Enhanced poster (non-social) should NOT include social features > should NOT include platform badge
 ✓ src/__tests__/exportPosterPresets.test.ts > Negative Assertions - AC1-AC6 > Enhanced poster (non-social) should NOT include social features > should NOT include watermark when not provided
 ✓ src/__tests__/exportPosterPresets.test.ts > Negative Assertions - AC1-AC6 > Regular poster should NOT include ornate decorations > should NOT have stroke-dasharray animated corners
 ✓ src/__tests__/exportPosterPresets.test.ts > Negative Assertions - AC1-AC6 > SVG should remain valid with watermark enabled > should have properly closed SVG tags
 ✓ src/__tests__/exportPosterPresets.test.ts > Negative Assertions - AC1-AC6 > SVG should remain valid with watermark enabled > should have matching open/close tags
 ✓ src/__tests__/exportPosterPresets.test.ts > Backward Compatibility > exportEnhancedPoster should work without options parameter
 ✓ src/__tests__/exportPosterPresets.test.ts > Backward Compatibility > exportPoster should still work for existing functionality
 ✓ src/__tests__/exportPosterPresets.test.ts > Backward Compatibility > all aspect ratios should still work for enhanced poster
 ✓ src/__tests__/exportPosterPresets.test.ts > sanitizeFilename > should convert to lowercase
 ✓ src/__tests__/exportPosterPresets.test.ts > sanitizeFilename > should replace special characters with hyphens
 ✓ src/__tests__/exportPosterPresets.test.ts > sanitizeFilename > should collapse consecutive hyphens
 ✓ src/__tests__/exportPosterPresets.test.ts > sanitizeFilename > should trim leading and trailing hyphens
 ✓ src/__tests__/exportPosterPresets.test.ts > Round 78: Custom Background Color for Enhanced Poster > AC1: PosterBackgroundColor type and presets exist > should have all 5 background color presets defined
 ✓ src/__tests__/exportPosterPresets.test.ts > Round 78: Custom Background Color for Enhanced Poster > AC1: PosterBackgroundColor type and presets exist > should have correct gradient colors for dark preset
 ✓ src/__tests__/exportPosterPresets.test.ts > Round 78: Custom Background Color for Enhanced Poster > AC1: PosterBackgroundColor type and presets exist > should have correct gradient colors for cyan-gradient preset
 ✓ src/__tests__/exportPosterPresets.test.ts > Round 78: Custom Background Color for Enhanced Poster > AC1: PosterBackgroundColor type and presets exist > should have correct gradient colors for purple-gradient preset
 ✓ src/__tests__/exportPosterPresets.test.ts > Round 78: Custom Background Color for Enhanced Poster > AC1: PosterBackgroundColor type and presets exist > should have correct gradient colors for gold-gradient preset
 ✓ src/__tests__/exportPosterPresets.test.ts > Round 78: Custom Background Color for Enhanced Poster > AC1: exportEnhancedPoster applies background color > should apply dark background when backgroundColor is "dark"
 ✓ src/__tests__/exportPosterPresets.test.ts > Round 78: Custom Background Color for Enhanced Poster > AC1: exportEnhancedPoster applies background color > should apply cyan gradient when backgroundColor is "cyan-gradient"
 ✓ src/__tests__/exportPosterPresets.test.ts > Round 78: Custom Background Color for Enhanced Poster > AC1: exportEnhancedPoster applies background color > should apply purple gradient when backgroundColor is "purple-gradient"
 ✓ src/__tests__/exportPosterPresets.test.ts > Round 78: Custom Background Color for Enhanced Poster > AC1: exportEnhancedPoster applies background color > should apply gold gradient when backgroundColor is "gold-gradient"
 ✓ src/__tests__/exportPosterPresets.test.ts > Round 78: Custom Background Color for Enhanced Poster > AC1: exportEnhancedPoster applies background color > should apply faction color when backgroundColor is "faction" with factionColor
 ✓ src/__tests__/exportPosterPresets.test.ts > Round 78: Custom Background Color for Enhanced Poster > AC1: exportEnhancedPoster applies background color > should use tag-based gradient when backgroundColor is not specified
 ✓ src/__tests__/exportPosterPresets.test.ts > Round 78: Custom Background Color for Enhanced Poster > AC1: Background color works with all aspect ratios > should apply background color correctly for default aspect ratio
 ✓ src/__tests__/exportPosterPresets.test.ts > Round 78: Custom Background Color for Enhanced Poster > AC1: Background color works with all aspect ratios > should apply background color correctly for square aspect ratio
 ✓ src/__tests__/exportPosterPresets.test.ts > Round 78: Custom Background Color for Enhanced Poster > AC1: Background color works with all aspect ratios > should apply background color correctly for portrait aspect ratio
 ✓ src/__tests__/exportPosterPresets.test.ts > Round 78: Custom Background Color for Enhanced Poster > AC1: Background color works with all aspect ratios > should apply background color correctly for landscape aspect ratio
 ✓ src/__tests__/exportPosterPresets.test.ts > Round 78: Custom Background Color for Enhanced Poster > AC1: Background color works with watermark > should combine background color and watermark correctly
 ✓ src/__tests__/exportPosterPresets.test.ts > Round 78: Custom Background Color for Enhanced Poster > AC1: Different background colors produce different SVG content > should produce different gradient start colors for each background
stderr | src/__tests__/recipeIntegration.test.tsx > Recipe Integration Tests > TM-RECIPE-007: ModulePreview Test > should render core-furnace module preview
Warning: An update to Root inside a test was not wrapped in act(...).

When testing, code that causes React state updates should be wrapped into act(...):

act(() => {
  /* fire events that update state */
});
/* assert on the output */

This ensures that you're testing the behavior the user would see in the browser. Learn more at https://reactjs.org/link/wrap-tests-with-act

stderr | src/__tests__/recipeIntegration.test.tsx > Recipe Integration Tests > TM-RECIPE-007: ModulePreview Test > should render energy-pipe module preview
Warning: An update to Root inside a test was not wrapped in act(...).

When testing, code that causes React state updates should be wrapped into act(...):

act(() => {
  /* fire events that update state */
});
/* assert on the output */

This ensures that you're testing the behavior the user would see in the browser. Learn more at https://reactjs.org/link/wrap-tests-with-act

stderr | src/__tests__/recipeIntegration.test.tsx > Recipe Integration Tests > TM-RECIPE-007: ModulePreview Test > should render gear module preview
Warning: An update to Root inside a test was not wrapped in act(...).

When testing, code that causes React state updates should be wrapped into act(...):

act(() => {
  /* fire events that update state */
});
/* assert on the output */

This ensures that you're testing the behavior the user would see in the browser. Learn more at https://reactjs.org/link/wrap-tests-with-act

stderr | src/__tests__/recipeIntegration.test.tsx > Recipe Integration Tests > TM-RECIPE-007: ModulePreview Test > should render rune-node module preview
Warning: An update to Root inside a test was not wrapped in act(...).

When testing, code that causes React state updates should be wrapped into act(...):

act(() => {
  /* fire events that update state */
});
/* assert on the output */

This ensures that you're testing the behavior the user would see in the browser. Learn more at https://reactjs.org/link/wrap-tests-with-act

stderr | src/__tests__/recipeIntegration.test.tsx > Recipe Integration Tests > TM-RECIPE-007: ModulePreview Test > should render shield-shell module preview
Warning: An update to Root inside a test was not wrapped in act(...).

When testing, code that causes React state updates should be wrapped into act(...):

act(() => {
  /* fire events that update state */
});
/* assert on the output */

This ensures that you're testing the behavior the user would see in the browser. Learn more at https://reactjs.org/link/wrap-tests-with-act

stderr | src/__tests__/recipeIntegration.test.tsx > Recipe Integration Tests > TM-RECIPE-007: ModulePreview Test > should render trigger-switch module preview
Warning: An update to Root inside a test was not wrapped in act(...).

When testing, code that causes React state updates should be wrapped into act(...):

act(() => {
  /* fire events that update state */
});
/* assert on the output */

This ensures that you're testing the behavior the user would see in the browser. Learn more at https://reactjs.org/link/wrap-tests-with-act

stderr | src/__tests__/recipeIntegration.test.tsx > Recipe Integration Tests > TM-RECIPE-007: ModulePreview Test > should render output-array module preview
Warning: An update to Root inside a test was not wrapped in act(...).

When testing, code that causes React state updates should be wrapped into act(...):

act(() => {
  /* fire events that update state */
});
/* assert on the output */

This ensures that you're testing the behavior the user would see in the browser. Learn more at https://reactjs.org/link/wrap-tests-with-act

stderr | src/__tests__/recipeIntegration.test.tsx > Recipe Integration Tests > TM-RECIPE-007: ModulePreview Test > should render amplifier-crystal module preview
Warning: An update to Root inside a test was not wrapped in act(...).

When testing, code that causes React state updates should be wrapped into act(...):

act(() => {
  /* fire events that update state */
});
/* assert on the output */

This ensures that you're testing the behavior the user would see in the browser. Learn more at https://reactjs.org/link/wrap-tests-with-act

stderr | src/__tests__/recipeIntegration.test.tsx > Recipe Integration Tests > TM-RECIPE-007: ModulePreview Test > should render stabilizer-core module preview
Warning: An update to Root inside a test was not wrapped in act(...).

When testing, code that causes React state updates should be wrapped into act(...):

act(() => {
  /* fire events that update state */
});
/* assert on the output */

This ensures that you're testing the behavior the user would see in the browser. Learn more at https://reactjs.org/link/wrap-tests-with-act

stderr | src/__tests__/recipeIntegration.test.tsx > Recipe Integration Tests > TM-RECIPE-007: ModulePreview Test > should render void-siphon module preview
Warning: An update to Root inside a test was not wrapped in act(...).

When testing, code that causes React state updates should be wrapped into act(...):

act(() => {
  /* fire events that update state */
});
/* assert on the output */

This ensures that you're testing the behavior the user would see in the browser. Learn more at https://reactjs.org/link/wrap-tests-with-act

stderr | src/__tests__/recipeIntegration.test.tsx > Recipe Integration Tests > TM-RECIPE-007: ModulePreview Test > should render phase-modulator module preview
Warning: An update to Root inside a test was not wrapped in act(...).

When testing, code that causes React state updates should be wrapped into act(...):

act(() => {
  /* fire events that update state */
});
/* assert on the output */

This ensures that you're testing the behavior the user would see in the browser. Learn more at https://reactjs.org/link/wrap-tests-with-act

stderr | src/__tests__/recipeIntegration.test.tsx > Recipe Integration Tests > TM-RECIPE-007: ModulePreview Test > should render resonance-chamber module preview
Warning: An update to Root inside a test was not wrapped in act(...).

When testing, code that causes React state updates should be wrapped into act(...):

act(() => {
  /* fire events that update state */
});
/* assert on the output */

This ensures that you're testing the behavior the user would see in the browser. Learn more at https://reactjs.org/link/wrap-tests-with-act

stderr | src/__tests__/recipeIntegration.test.tsx > Recipe Integration Tests > TM-RECIPE-007: ModulePreview Test > should render fire-crystal module preview
Warning: An update to Root inside a test was not wrapped in act(...).

When testing, code that causes React state updates should be wrapped into act(...):

act(() => {
  /* fire events that update state */
});
/* assert on the output */

This ensures that you're testing the behavior the user would see in the browser. Learn more at https://reactjs.org/link/wrap-tests-with-act

stderr | src/__tests__/recipeIntegration.test.tsx > Recipe Integration Tests > TM-RECIPE-007: ModulePreview Test > should render lightning-conductor module preview
Warning: An update to Root inside a test was not wrapped in act(...).

When testing, code that causes React state updates should be wrapped into act(...):

act(() => {
  /* fire events that update state */
});
/* assert on the output */

This ensures that you're testing the behavior the user would see in the browser. Learn more at https://reactjs.org/link/wrap-tests-with-act

stderr | src/__tests__/recipeIntegration.test.tsx > Recipe Integration Tests > TM-RECIPE-007: ModulePreview Test > should render all faction variant modules
Warning: An update to Root inside a test was not wrapped in act(...).

When testing, code that causes React state updates should be wrapped into act(...):

act(() => {
  /* fire events that update state */
});
/* assert on the output */

This ensures that you're testing the behavior the user would see in the browser. Learn more at https://reactjs.org/link/wrap-tests-with-act
Warning: An update to Root inside a test was not wrapped in act(...).

When testing, code that causes React state updates should be wrapped into act(...):

act(() => {
  /* fire events that update state */
});
/* assert on the output */

This ensures that you're testing the behavior the user would see in the browser. Learn more at https://reactjs.org/link/wrap-tests-with-act
Warning: An update to Root inside a test was not wrapped in act(...).

When testing, code that causes React state updates should be wrapped into act(...):

act(() => {
  /* fire events that update state */
});
/* assert on the output */

This ensures that you're testing the behavior the user would see in the browser. Learn more at https://reactjs.org/link/wrap-tests-with-act
Warning: An update to Root inside a test was not wrapped in act(...).

When testing, code that causes React state updates should be wrapped into act(...):

act(() => {
  /* fire events that update state */
});
/* assert on the output */

This ensures that you're testing the behavior the user would see in the browser. Learn more at https://reactjs.org/link/wrap-tests-with-act

stderr | src/__tests__/recipeIntegration.test.tsx > Recipe Integration Tests > TM-RECIPE-007: ModulePreview Test > should render fallback for unknown module types
Warning: An update to Root inside a test was not wrapped in act(...).

When testing, code that causes React state updates should be wrapped into act(...):

act(() => {
  /* fire events that update state */
});
/* assert on the output */

This ensures that you're testing the behavior the user would see in the browser. Learn more at https://reactjs.org/link/wrap-tests-with-act

stderr | src/__tests__/recipeIntegration.test.tsx > Recipe Integration Tests > TM-RECIPE-007: ModulePreview Test > should accept size prop
Warning: An update to Root inside a test was not wrapped in act(...).

When testing, code that causes React state updates should be wrapped into act(...):

act(() => {
  /* fire events that update state */
});
/* assert on the output */

This ensures that you're testing the behavior the user would see in the browser. Learn more at https://reactjs.org/link/wrap-tests-with-act

stderr | src/__tests__/recipeIntegration.test.tsx > Recipe Integration Tests > TM-RECIPE-007: ModulePreview Test > should render active state
Warning: An update to Root inside a test was not wrapped in act(...).

When testing, code that causes React state updates should be wrapped into act(...):

act(() => {
  /* fire events that update state */
});
/* assert on the output */

This ensures that you're testing the behavior the user would see in the browser. Learn more at https://reactjs.org/link/wrap-tests-with-act

stderr | src/__tests__/recipeIntegration.test.tsx > Recipe Integration Tests > TM-RECIPE-007: ModulePreview Test > should render charging state
Warning: An update to Root inside a test was not wrapped in act(...).

When testing, code that causes React state updates should be wrapped into act(...):

act(() => {
  /* fire events that update state */
});
/* assert on the output */

This ensures that you're testing the behavior the user would see in the browser. Learn more at https://reactjs.org/link/wrap-tests-with-act

 ✓ src/__tests__/recipeIntegration.test.tsx > Recipe Integration Tests > TM-RECIPE-001: Challenge Integration Test > should unlock Energy Pipe recipe when challenge-001 is completed
 ✓ src/__tests__/recipeIntegration.test.tsx > Recipe Integration Tests > TM-RECIPE-001: Challenge Integration Test > should unlock multiple challenge-based recipes when corresponding challenges complete
 ✓ src/__tests__/recipeIntegration.test.tsx > Recipe Integration Tests > TM-RECIPE-001: Challenge Integration Test > should not duplicate already unlocked recipes
 ✓ src/__tests__/recipeIntegration.test.tsx > Recipe Integration Tests > TM-RECIPE-001: Challenge Integration Test > should handle challenge_count unlock type
 ✓ src/__tests__/recipeIntegration.test.tsx > Recipe Integration Tests > TM-RECIPE-001: Challenge Integration Test > should not unlock challenge_count recipe before threshold
 ✓ src/__tests__/recipeIntegration.test.tsx > Recipe Integration Tests > TM-RECIPE-002: Machine Creation Test > should unlock Resonance Chamber when 3 machines are created
 ✓ src/__tests__/recipeIntegration.test.tsx > Recipe Integration Tests > TM-RECIPE-002: Machine Creation Test > should unlock Amplifier Crystal when 5 machines are created
 ✓ src/__tests__/recipeIntegration.test.tsx > Recipe Integration Tests > TM-RECIPE-002: Machine Creation Test > should unlock both recipes when thresholds are met
 ✓ src/__tests__/recipeIntegration.test.tsx > Recipe Integration Tests > TM-RECIPE-002: Machine Creation Test > should not unlock Amplifier Crystal before threshold
 ✓ src/__tests__/recipeIntegration.test.tsx > Recipe Integration Tests > TM-RECIPE-002: Machine Creation Test > should not affect Core Furnace (tutorial) recipe
 ✓ src/__tests__/recipeIntegration.test.tsx > Recipe Integration Tests > TM-RECIPE-003: Activation Counter Test > should unlock Fire Crystal after 10 activations
 ✓ src/__tests__/recipeIntegration.test.tsx > Recipe Integration Tests > TM-RECIPE-003: Activation Counter Test > should unlock Void Siphon after 50 activations
 ✓ src/__tests__/recipeIntegration.test.tsx > Recipe Integration Tests > TM-RECIPE-003: Activation Counter Test > should not unlock Fire Crystal before 10 activations
 ✓ src/__tests__/recipeIntegration.test.tsx > Recipe Integration Tests > TM-RECIPE-003: Activation Counter Test > should unlock both activation-based recipes when thresholds are met
 ✓ src/__tests__/recipeIntegration.test.tsx > Recipe Integration Tests > TM-RECIPE-004: Tech Research Test > should unlock Phase Modulator when Void T3 is completed
 ✓ src/__tests__/recipeIntegration.test.tsx > Recipe Integration Tests > TM-RECIPE-004: Tech Research Test > should not unlock Phase Modulator when only T1 or T2 completed
 ✓ src/__tests__/recipeIntegration.test.tsx > Recipe Integration Tests > TM-RECIPE-004: Tech Research Test > should unlock Dimension Rift Generator with Void T2 OR Storm T1
 ✓ src/__tests__/recipeIntegration.test.tsx > Recipe Integration Tests > TM-RECIPE-004: Tech Research Test > should not unlock Dimension Rift Generator without required tech
 ✓ src/__tests__/recipeIntegration.test.tsx > Recipe Integration Tests > TM-RECIPE-004: Tech Research Test > should trigger recipe check on research completion
 ✓ src/__tests__/recipeIntegration.test.tsx > Recipe Integration Tests > TM-RECIPE-005: Faction Variant Test > should have faction variant recipes defined
 ✓ src/__tests__/recipeIntegration.test.tsx > Recipe Integration Tests > TM-RECIPE-005: Faction Variant Test > should check faction grandmaster unlock condition
 ✓ src/__tests__/recipeIntegration.test.tsx > Recipe Integration Tests > TM-RECIPE-005: Faction Variant Test > should handle faction reputation reaching Grandmaster (2000+)
 ✓ src/__tests__/recipeIntegration.test.tsx > Recipe Integration Tests > TM-RECIPE-005: Faction Variant Test > should not unlock faction variants before Grandmaster rank
 ✓ src/__tests__/recipeIntegration.test.tsx > Recipe Integration Tests > TM-RECIPE-006: Recipe Browser Filter Test > should have all required filter types
 ✓ src/__tests__/recipeIntegration.test.tsx > Recipe Integration Tests > TM-RECIPE-006: Recipe Browser Filter Test > should correctly filter unlocked recipes
 ✓ src/__tests__/recipeIntegration.test.tsx > Recipe Integration Tests > TM-RECIPE-006: Recipe Browser Filter Test > should correctly filter locked recipes
 ✓ src/__tests__/recipeIntegration.test.tsx > Recipe Integration Tests > TM-RECIPE-006: Recipe Browser Filter Test > should show recipe progress correctly
 ✓ src/__tests__/recipeIntegration.test.tsx > Recipe Integration Tests > TM-RECIPE-007: ModulePreview Test > should render core-furnace module preview
 ✓ src/__tests__/recipeIntegration.test.tsx > Recipe Integration Tests > TM-RECIPE-007: ModulePreview Test > should render energy-pipe module preview
 ✓ src/__tests__/recipeIntegration.test.tsx > Recipe Integration Tests > TM-RECIPE-007: ModulePreview Test > should render gear module preview
 ✓ src/__tests__/recipeIntegration.test.tsx > Recipe Integration Tests > TM-RECIPE-007: ModulePreview Test > should render rune-node module preview
 ✓ src/__tests__/recipeIntegration.test.tsx > Recipe Integration Tests > TM-RECIPE-007: ModulePreview Test > should render shield-shell module preview
 ✓ src/__tests__/recipeIntegration.test.tsx > Recipe Integration Tests > TM-RECIPE-007: ModulePreview Test > should render trigger-switch module preview
 ✓ src/__tests__/recipeIntegration.test.tsx > Recipe Integration Tests > TM-RECIPE-007: ModulePreview Test > should render output-array module preview
 ✓ src/__tests__/recipeIntegration.test.tsx > Recipe Integration Tests > TM-RECIPE-007: ModulePreview Test > should render amplifier-crystal module preview
 ✓ src/__tests__/recipeIntegration.test.tsx > Recipe Integration Tests > TM-RECIPE-007: ModulePreview Test > should render stabilizer-core module preview
 ✓ src/__tests__/recipeIntegration.test.tsx > Recipe Integration Tests > TM-RECIPE-007: ModulePreview Test > should render void-siphon module preview
 ✓ src/__tests__/recipeIntegration.test.tsx > Recipe Integration Tests > TM-RECIPE-007: ModulePreview Test > should render phase-modulator module preview
 ✓ src/__tests__/recipeIntegration.test.tsx > Recipe Integration Tests > TM-RECIPE-007: ModulePreview Test > should render resonance-chamber module preview
 ✓ src/__tests__/recipeIntegration.test.tsx > Recipe Integration Tests > TM-RECIPE-007: ModulePreview Test > should render fire-crystal module preview
 ✓ src/__tests__/recipeIntegration.test.tsx > Recipe Integration Tests > TM-RECIPE-007: ModulePreview Test > should render lightning-conductor module preview
 ✓ src/__tests__/recipeIntegration.test.tsx > Recipe Integration Tests > TM-RECIPE-007: ModulePreview Test > should render all faction variant modules
 ✓ src/__tests__/recipeIntegration.test.tsx > Recipe Integration Tests > TM-RECIPE-007: ModulePreview Test > should render fallback for unknown module types
 ✓ src/__tests__/recipeIntegration.test.tsx > Recipe Integration Tests > TM-RECIPE-007: ModulePreview Test > should accept size prop
 ✓ src/__tests__/recipeIntegration.test.tsx > Recipe Integration Tests > TM-RECIPE-007: ModulePreview Test > should render active state
 ✓ src/__tests__/recipeIntegration.test.tsx > Recipe Integration Tests > TM-RECIPE-007: ModulePreview Test > should render charging state
 ✓ src/__tests__/recipeIntegration.test.tsx > Recipe Integration Tests > TM-RECIPE-008: Persistence Test > should have persistence configured for recipe store
 ✓ src/__tests__/recipeIntegration.test.tsx > Recipe Integration Tests > TM-RECIPE-008: Persistence Test > should have hydration helpers
 ✓ src/__tests__/recipeIntegration.test.tsx > Recipe Integration Tests > TM-RECIPE-008: Persistence Test > should reset all recipes
 ✓ src/__tests__/recipeIntegration.test.tsx > Recipe Integration Tests > TM-RECIPE-008: Persistence Test > should maintain unlock state in session
 ✓ src/__tests__/recipeIntegration.test.tsx > Recipe Integration Tests > TM-RECIPE-008: Persistence Test > should clear pending discoveries without losing unlocked state
 ✓ src/__tests__/recipeIntegration.test.tsx > Recipe Integration Tests > Cross-Store Integration > should have checkMachinesCreatedUnlock function in CodexStore
 ✓ src/__tests__/recipeIntegration.test.tsx > Recipe Integration Tests > Cross-Store Integration > should have checkActivationCountUnlock integration in ActivationStore
 ✓ src/__tests__/recipeIntegration.test.tsx > Recipe Integration Tests > Cross-Store Integration > should verify CodexStore calls RecipeStore when machines are added
 ✓ src/__tests__/moduleConnectionValidation.test.ts > Module Connection Validation Tests > AC1: Connection between same-type modules > prevents connection between same port types (input to input)
 ✓ src/__tests__/moduleConnectionValidation.test.ts > Module Connection Validation Tests > AC1: Connection between same-type modules > prevents connection between same port types (output to output)
 ✓ src/__tests__/moduleConnectionValidation.test.ts > Module Connection Validation Tests > AC1: Connection between same-type modules > allows valid connection between different port types (input to output)
 ✓ src/__tests__/moduleConnectionValidation.test.ts > Module Connection Validation Tests > AC1: Connection between same-type modules > allows connection between same module types with valid ports
 ✓ src/__tests__/moduleConnectionValidation.test.ts > Module Connection Validation Tests > AC2: Connection between different faction variants > allows connection between base module and faction variant
 ✓ src/__tests__/moduleConnectionValidation.test.ts > Module Connection Validation Tests > AC2: Connection between different faction variants > allows connection between different faction variants
 ✓ src/__tests__/moduleConnectionValidation.test.ts > Module Connection Validation Tests > AC2: Connection between different faction variants > allows connection between elemental variants
 ✓ src/__tests__/moduleConnectionValidation.test.ts > Module Connection Validation Tests > AC2: Connection between different faction variants > prevents same port type connection between faction variants
 ✓ src/__tests__/moduleConnectionValidation.test.ts > Module Connection Validation Tests > AC3: Invalid connection prevention > prevents duplicate connections
 ✓ src/__tests__/moduleConnectionValidation.test.ts > Module Connection Validation Tests > AC3: Invalid connection prevention > handles self-connection (module to itself) gracefully
 ✓ src/__tests__/moduleConnectionValidation.test.ts > Module Connection Validation Tests > AC3: Invalid connection prevention > prevents connection to non-existent module
 ✓ src/__tests__/moduleConnectionValidation.test.ts > Module Connection Validation Tests > AC3: Invalid connection prevention > prevents connection to non-existent port
 ✓ src/__tests__/moduleConnectionValidation.test.ts > Module Connection Validation Tests > AC3: Invalid connection prevention > clears connection error after timeout
 ✓ src/__tests__/moduleConnectionValidation.test.ts > Module Connection Validation Tests > AC4: Connection removal during activation > removes connections when source module is deleted during activation
 ✓ src/__tests__/moduleConnectionValidation.test.ts > Module Connection Validation Tests > AC4: Connection removal during activation > removes connections when target module is deleted during activation
 ✓ src/__tests__/moduleConnectionValidation.test.ts > Module Connection Validation Tests > AC4: Connection removal during activation > removes multiple connections when module is deleted
 ✓ src/__tests__/moduleConnectionValidation.test.ts > Module Connection Validation Tests > AC4: Connection removal during activation > manually removes connection during activation
 ✓ src/__tests__/moduleConnectionValidation.test.ts > Module Connection Validation Tests > AC7: Circular dependency prevention > creates chain connection A->B->C
 ✓ src/__tests__/moduleConnectionValidation.test.ts > Module Connection Validation Tests > AC7: Circular dependency prevention > detects direct back-and-forth connection attempt
 ✓ src/__tests__/moduleConnectionValidation.test.ts > Module Connection Validation Tests > AC7: Circular dependency prevention > detects parallel connection attempts (same source and target)
 ✓ src/__tests__/moduleConnectionValidation.test.ts > Module Connection Validation Tests > Multi-port module connections > handles modules with multiple input ports
 ✓ src/__tests__/moduleConnectionValidation.test.ts > Module Connection Validation Tests > Multi-port module connections > handles modules with multiple output ports
 ✓ src/__tests__/exportQuality.test.tsx > Export Quality Enhancement Tests > AC1: Resolution Multiplier > should have correct resolution dimensions defined
 ✓ src/__tests__/exportQuality.test.tsx > Export Quality Enhancement Tests > AC1: Resolution Multiplier > should calculate correct dimensions for 1x resolution
 ✓ src/__tests__/exportQuality.test.tsx > Export Quality Enhancement Tests > AC1: Resolution Multiplier > should calculate correct dimensions for 2x resolution
 ✓ src/__tests__/exportQuality.test.tsx > Export Quality Enhancement Tests > AC1: Resolution Multiplier > should calculate correct dimensions for 4x resolution
 ✓ src/__tests__/exportQuality.test.tsx > Export Quality Enhancement Tests > AC1: Resolution Multiplier > should scale proportionally between resolutions
 ✓ src/__tests__/exportQuality.test.tsx > Export Quality Enhancement Tests > AC1: Resolution Multiplier > should return ExportResolution type correctly
 ✓ src/__tests__/exportQuality.test.tsx > Export Quality Enhancement Tests > AC2: Transparent Background > should have transparentBackground option in ExportOptions type
 ✓ src/__tests__/exportQuality.test.tsx > Export Quality Enhancement Tests > AC2: Transparent Background > should default transparentBackground to false
 ✓ src/__tests__/exportQuality.test.tsx > Export Quality Enhancement Tests > AC2: Transparent Background > should support explicit false for transparentBackground
 ✓ src/__tests__/exportQuality.test.tsx > Export Quality Enhancement Tests > AC3: Aspect Ratio Presets > should have correct aspect ratio dimensions defined
 ✓ src/__tests__/exportQuality.test.tsx > Export Quality Enhancement Tests > AC3: Aspect Ratio Presets > should export poster with default aspect ratio
 ✓ src/__tests__/exportQuality.test.tsx > Export Quality Enhancement Tests > AC3: Aspect Ratio Presets > should export poster with square aspect ratio
 ✓ src/__tests__/exportQuality.test.tsx > Export Quality Enhancement Tests > AC3: Aspect Ratio Presets > should export poster with portrait aspect ratio
 ✓ src/__tests__/exportQuality.test.tsx > Export Quality Enhancement Tests > AC3: Aspect Ratio Presets > should export poster with landscape aspect ratio
 ✓ src/__tests__/exportQuality.test.tsx > Export Quality Enhancement Tests > AC3: Aspect Ratio Presets > should export enhanced poster with different aspect ratios
 ✓ src/__tests__/exportQuality.test.tsx > Export Quality Enhancement Tests > AC3: Aspect Ratio Presets > should return ExportAspectRatio type correctly
 ✓ src/__tests__/exportQuality.test.tsx > Export Quality Enhancement Tests > AC3 Enhanced: Export with 20+ modules (stress test) > should export SVG with 20 modules without timeout
 ✓ src/__tests__/exportQuality.test.tsx > Export Quality Enhancement Tests > AC3 Enhanced: Export with 20+ modules (stress test) > should export enhanced poster with 25 modules
 ✓ src/__tests__/exportQuality.test.tsx > Export Quality Enhancement Tests > AC3 Enhanced: Export with 20+ modules (stress test) > should handle module positions in exported SVG correctly
 ✓ src/__tests__/exportQuality.test.tsx > Export Quality Enhancement Tests > AC3 Enhanced: Export with 20+ modules (stress test) > export with many connections does not fail
 ✓ src/__tests__/exportQuality.test.tsx > Export Quality Enhancement Tests > AC3b: Special characters in machine name > handles Chinese characters in machine name
 ✓ src/__tests__/exportQuality.test.tsx > Export Quality Enhancement Tests > AC3b: Special characters in machine name > handles special symbols in machine name
 ✓ src/__tests__/exportQuality.test.tsx > Export Quality Enhancement Tests > AC3b: Special characters in machine name > handles emoji in machine name
 ✓ src/__tests__/exportQuality.test.tsx > Export Quality Enhancement Tests > AC3b: Special characters in machine name > handles very long machine name
 ✓ src/__tests__/exportQuality.test.tsx > Export Quality Enhancement Tests > AC3b: Special characters in machine name > handles HTML-like characters in machine name
 ✓ src/__tests__/exportQuality.test.tsx > Export Quality Enhancement Tests > AC3b: Special characters in machine name > handles empty machine name
 ✓ src/__tests__/exportQuality.test.tsx > Export Quality Enhancement Tests > AC3b: Special characters in machine name > handles special characters in codex ID
 ✓ src/__tests__/exportQuality.test.tsx > Export Quality Enhancement Tests > AC3c: Missing module data handling > handles empty modules array
 ✓ src/__tests__/exportQuality.test.tsx > Export Quality Enhancement Tests > AC3c: Missing module data handling > handles empty connections array
 ✓ src/__tests__/exportQuality.test.tsx > Export Quality Enhancement Tests > AC3c: Missing module data handling > handles both empty modules and connections
 ✓ src/__tests__/exportQuality.test.tsx > Export Quality Enhancement Tests > AC3c: Missing module data handling > handles undefined tags array
 ✓ src/__tests__/exportQuality.test.tsx > Export Quality Enhancement Tests > AC3c: Missing module data handling > handles null stats gracefully
 ✓ src/__tests__/exportQuality.test.tsx > Export Quality Enhancement Tests > AC3c: Missing module data handling > handles missing description
 ✓ src/__tests__/exportQuality.test.tsx > Export Quality Enhancement Tests > AC3c: Missing module data handling > handles module with undefined ports
 ✓ src/__tests__/exportQuality.test.tsx > Export Quality Enhancement Tests > AC4: Filename Persistence > should allow filename input without resetting
 ✓ src/__tests__/exportQuality.test.tsx > Export Quality Enhancement Tests > AC4: Filename Persistence > should sanitize filename for file downloads
 ✓ src/__tests__/exportQuality.test.tsx > Export Quality Enhancement Tests > AC4: Filename Persistence > should use default filename when none provided
 ✓ src/__tests__/exportQuality.test.tsx > Export Quality Enhancement Tests > AC5: Backward Compatibility > should handle all export formats without errors
 ✓ src/__tests__/exportQuality.test.tsx > Export Quality Enhancement Tests > AC5: Backward Compatibility > should generate valid SVG with proper viewBox
 ✓ src/__tests__/exportQuality.test.tsx > Export Quality Enhancement Tests > AC5: Backward Compatibility > should include all required machine attributes in poster
 ✓ src/__tests__/exportQuality.test.tsx > Export Quality Enhancement Tests > AC5: Backward Compatibility > should default to default aspect ratio when not specified
 ✓ src/__tests__/exportQuality.test.tsx > Export Quality Enhancement Tests > Combined Options Tests > should handle poster with all aspect ratio options
 ✓ src/__tests__/exportQuality.test.tsx > Export Quality Enhancement Tests > Combined Options Tests > should handle enhanced poster with all aspect ratio options
 ✓ src/__tests__/exportQuality.test.tsx > Export Quality Enhancement Tests > Combined Options Tests > should include attributes in all poster variations
 ✓ src/__tests__/exportQuality.test.tsx > Export Quality Enhancement Tests > UI Option Integration > should provide all resolution options
 ✓ src/__tests__/exportQuality.test.tsx > Export Quality Enhancement Tests > UI Option Integration > should provide all aspect ratio options
 ✓ src/__tests__/exportQuality.test.tsx > Export Quality Enhancement Tests > UI Option Integration > should calculate square aspect ratio correctly
 ✓ src/__tests__/exportQuality.test.tsx > Export Quality Enhancement Tests > UI Option Integration > should calculate landscape aspect ratio correctly
 ✓ src/__tests__/exportQuality.test.tsx > Export Quality Enhancement Tests > UI Option Integration > should calculate portrait aspect ratio correctly
 ✓ src/__tests__/exportQuality.test.tsx > Export Quality Enhancement Tests > UI Option Integration > should have minimum output sizes for resolutions
 ✓ src/__tests__/exportQuality.test.tsx > AC4b: Filename Sanitization > replaces special characters with hyphens
 ✓ src/__tests__/exportQuality.test.tsx > AC4b: Filename Sanitization > converts to lowercase
 ✓ src/__tests__/exportQuality.test.tsx > AC4b: Filename Sanitization > trims leading hyphens after replacement
 ✓ src/__tests__/exportQuality.test.tsx > AC4b: Filename Sanitization > trims trailing hyphens after replacement
 ✓ src/__tests__/exportQuality.test.tsx > AC4b: Filename Sanitization > handles mixed special characters, spaces, and trimming end-to-end
 ✓ src/__tests__/exportQuality.test.tsx > AC4b: Filename Sanitization > collapses multiple consecutive hyphens into one
 ✓ src/__tests__/recipeIntegration.test.tsx > Recipe Integration Tests > Cross-Store Integration > should verify ActivationStore calls RecipeStore when activations reach threshold
 ✓ src/__tests__/recipeIntegration.test.tsx > Recipe Integration Tests > Cross-Store Integration > should verify FactionReputationStore calls RecipeStore when research completes
 ✓ src/__tests__/recipeIntegration.test.tsx > Recipe Integration Tests > Recipe State Machine > should transition recipes through proper states
 ✓ src/__tests__/recipeIntegration.test.tsx > Recipe Integration Tests > Recipe State Machine > should clear pending discoveries properly
 ✓ src/__tests__/recipeIntegration.test.tsx > Recipe Integration Tests > Recipe Unlock Condition Verification > should have valid unlock conditions for all 14 base recipes
 ✓ src/__tests__/recipeIntegration.test.tsx > Recipe Integration Tests > Recipe Unlock Condition Verification > should have correct thresholds for count-based recipes
 ✓ src/__tests__/recipeIntegration.test.tsx > Recipe Integration Tests > Recipe Unlock Condition Verification > should have correct tech level requirements
 ✓ src/__tests__/recipeIntegration.test.tsx > Acceptance Criteria Verification > AC-RECIPE-001: Challenge completion triggers recipe check > should trigger checkChallengeUnlock when challenge completed
 ✓ src/__tests__/recipeIntegration.test.tsx > Acceptance Criteria Verification > AC-RECIPE-002: Machine creation triggers recipe check > should trigger checkMachinesCreatedUnlock when machines saved
 ✓ src/__tests__/recipeIntegration.test.tsx > Acceptance Criteria Verification > AC-RECIPE-003: Machine activation triggers recipe check > should trigger checkActivationCountUnlock on activation
 ✓ src/__tests__/recipeIntegration.test.tsx > Acceptance Criteria Verification > AC-RECIPE-004: Tech research completion triggers recipe check > should trigger checkTechLevelUnlocks when research completes
 ✓ src/__tests__/recipeIntegration.test.tsx > Acceptance Criteria Verification > AC-RECIPE-005: Faction rank triggers faction variant unlock > should unlock faction variants at Grandmaster rank
 ✓ src/__tests__/recipeIntegration.test.tsx > Acceptance Criteria Verification > AC-RECIPE-006: Recipe browser shows correct unlock status > should correctly identify unlocked vs locked recipes
 ✓ src/__tests__/recipeIntegration.test.tsx > Acceptance Criteria Verification > AC-RECIPE-007: ModulePreview renders all module types > should have all 18 module types defined
 ✓ src/__tests__/recipeIntegration.test.tsx > Acceptance Criteria Verification > AC-RECIPE-008: Recipe state persists across sessions > should verify recipe store has persistence configured
 ✓ src/__tests__/recipeIntegration.test.tsx > Acceptance Criteria Verification > AC-RECIPE-008: Recipe state persists across sessions > should maintain recipe unlock state in session
 ✓ src/components/Exchange/__tests__/ExchangePanel.test.tsx > ExchangePanel > Browse Trades Tab - Open Trade Proposal Modal (AC-EXCHANGE-UI-025) > should open TradeProposalModal when 出价交易 is clicked
 ✓ src/components/Exchange/__tests__/ExchangePanel.test.tsx > ExchangePanel > Browse Trades Tab - Open Trade Proposal Modal (AC-EXCHANGE-UI-025) > should disable 出价交易 button when user has no listed machines
 ✓ src/components/Exchange/__tests__/ExchangePanel.test.tsx > ExchangePanel > Trade History Tab (AC-EXCHANGE-UI-026) > should show completed trades with given and received machine names
 ✓ src/components/Exchange/__tests__/ExchangePanel.test.tsx > ExchangePanel > Trade History Tab (AC-EXCHANGE-UI-026) > should show rarity badges for both machines in trade history
 ✓ src/components/Exchange/__tests__/ExchangePanel.test.tsx > ExchangePanel > Trade History Tab (AC-EXCHANGE-UI-026) > should show timestamp for completed trades
 ✓ src/components/Exchange/__tests__/ExchangePanel.test.tsx > ExchangePanel > Trade History Tab (AC-EXCHANGE-UI-026) > should show completed trade indicator
 ✓ src/components/Exchange/__tests__/ExchangePanel.test.tsx > ExchangePanel > Empty States (AC-EXCHANGE-UI-027) > should show "暂无挂牌的机器" in listings tab when empty
 ✓ src/components/Exchange/__tests__/ExchangePanel.test.tsx > ExchangePanel > Empty States (AC-EXCHANGE-UI-027) > should show "没有找到符合条件的机器" when filters match no results
 ✓ src/components/Exchange/__tests__/ExchangePanel.test.tsx > ExchangePanel > Empty States (AC-EXCHANGE-UI-027) > should show "暂无交易记录" in history tab when empty
 ✓ src/components/Exchange/__tests__/ExchangePanel.test.tsx > ExchangePanel > Close Button (AC-EXCHANGE-UI-028) > should call onClose when close button is clicked
 ✓ src/components/Exchange/__tests__/ExchangePanel.test.tsx > ExchangePanel > Close Button (AC-EXCHANGE-UI-028) > should have close button in header
 ✓ src/components/Exchange/__tests__/ExchangePanel.test.tsx > ExchangePanel > Close Button (AC-EXCHANGE-UI-028) > should display 交易所 header text
 ✓ src/components/Exchange/__tests__/ExchangePanel.test.tsx > ExchangePanel > Close Button (AC-EXCHANGE-UI-028) > should display Codex Exchange badge
 ✓ src/components/Exchange/__tests__/ExchangePanel.test.tsx > ExchangePanel > Pending Outgoing Proposals > should show pending outgoing proposals count on browse trades tab
 ✓ src/components/Exchange/__tests__/ExchangePanel.test.tsx > ExchangePanel > Pending Outgoing Proposals > should show pending proposals section when there are pending outgoing proposals
 ✓ src/components/Exchange/__tests__/ExchangePanel.test.tsx > ExchangePanel > Listed Machines Count > should show count badge on listings tab when machines are listed
 ✓ src/components/Exchange/__tests__/ExchangePanel.test.tsx > ExchangePanel > Trade History Count > should show count badge on history tab when trades exist
 ✓ src/components/Exchange/__tests__/ExchangePanel.test.tsx > ExchangePanel > Community Machine Display > should show machine likes and views
 ✓ src/components/Exchange/__tests__/ExchangePanel.test.tsx > ExchangePanel > Community Machine Display > should show machine stats
 ✓ src/components/Exchange/__tests__/ExchangePanel.test.tsx > ExchangePanel > Community Machine Display > should show author name
 ✓ src/components/Exchange/__tests__/ExchangePanel.test.tsx > ExchangePanel > No Listed Machines Hint > should show hint when user has no listed machines in browse tab
 ✓ src/components/Exchange/__tests__/ExchangePanel.test.tsx > ExchangePanel > Tab Content Switching > should show listings content when my-listings tab is active
 ✓ src/components/Exchange/__tests__/ExchangePanel.test.tsx > ExchangePanel > Tab Content Switching > should show browse content when browse-trades tab is active
 ✓ src/components/Exchange/__tests__/ExchangePanel.test.tsx > ExchangePanel > Tab Content Switching > should show history content when trade-history tab is active
 ✓ src/components/Exchange/__tests__/ExchangePanel.test.tsx > ExchangePanel > No Listable Machines Message > should show message when no listable machines available
 ✓ src/components/Exchange/__tests__/ExchangePanel.test.tsx > ExchangePanel > Footer Disclaimer > should show footer disclaimer text
 ✓ src/__tests__/useCommunityStore.test.ts > useCommunityStore > initial state > should have communityMachines array
 ✓ src/__tests__/useCommunityStore.test.ts > useCommunityStore > initial state > should have publishedMachines array
 ✓ src/__tests__/useCommunityStore.test.ts > useCommunityStore > initial state > should start with empty publishedMachines
 ✓ src/__tests__/useCommunityStore.test.ts > useCommunityStore > initial state > should start with empty searchQuery
 ✓ src/__tests__/useCommunityStore.test.ts > useCommunityStore > initial state > should start with all factionFilter
 ✓ src/__tests__/useCommunityStore.test.ts > useCommunityStore > initial state > should start with all rarityFilter
 ✓ src/__tests__/useCommunityStore.test.ts > useCommunityStore > initial state > should start with newest sortOption
 ✓ src/__tests__/useCommunityStore.test.ts > useCommunityStore > initial state > should start with gallery closed
 ✓ src/__tests__/useCommunityStore.test.ts > useCommunityStore > initial state > should start with publish modal closed
 ✓ src/__tests__/useCommunityStore.test.ts > useCommunityStore > initial state > should start with no pendingMachine
 ✓ src/__tests__/useCommunityStore.test.ts > useCommunityStore > openGallery / closeGallery > should open gallery when openGallery called
 ✓ src/__tests__/useCommunityStore.test.ts > useCommunityStore > openGallery / closeGallery > should close gallery when closeGallery called
 ✓ src/__tests__/useCommunityStore.test.ts > useCommunityStore > openGallery / closeGallery > should toggle gallery state correctly
 ✓ src/__tests__/useCommunityStore.test.ts > useCommunityStore > openGallery / closeGallery > should not affect publishModal when toggling gallery
 ✓ src/__tests__/useCommunityStore.test.ts > useCommunityStore > openPublishModal / closePublishModal > should open publish modal when openPublishModal called
 ✓ src/__tests__/useCommunityStore.test.ts > useCommunityStore > openPublishModal / closePublishModal > should close publish modal when closePublishModal called
 ✓ src/__tests__/useCommunityStore.test.ts > useCommunityStore > openPublishModal / closePublishModal > should not affect gallery state when toggling publish modal
 ✓ src/__tests__/useCommunityStore.test.ts > useCommunityStore > publishMachine > should create entry in publishedMachines array when pendingMachine exists
 ✓ src/__tests__/useCommunityStore.test.ts > useCommunityStore > publishMachine > should set pendingMachine to null after publishing
 ✓ src/__tests__/useCommunityStore.test.ts > useCommunityStore > publishMachine > should set sortOption to newest after publishing
 ✓ src/__tests__/useCommunityStore.test.ts > useCommunityStore > publishMachine > should add author name to published machine
 ✓ src/__tests__/useCommunityStore.test.ts > useCommunityStore > publishMachine > should add generated id to published machine
 ✓ src/__tests__/useCommunityStore.test.ts > useCommunityStore > publishMachine > should be no-op when no pendingMachine
 ✓ src/__tests__/useCommunityStore.test.ts > useCommunityStore > publishMachine > should close publish modal after publishing
 ✓ src/__tests__/useCommunityStore.test.ts > useCommunityStore > publishMachine > should preserve machine attributes when publishing
 ✓ src/__tests__/useCommunityStore.test.ts > useCommunityStore > likeMachine > should increment likes for mock machine
 ✓ src/__tests__/useCommunityStore.test.ts > useCommunityStore > likeMachine > should increment likes for published machine
 ✓ src/__tests__/useCommunityStore.test.ts > useCommunityStore > likeMachine > should be idempotent for non-mock machine
 ✓ src/__tests__/useCommunityStore.test.ts > useCommunityStore > likeMachine > should handle non-existent machine gracefully
 ✓ src/__tests__/useCommunityStore.test.ts > useCommunityStore > viewMachine > should increment views for mock machine
 ✓ src/__tests__/useCommunityStore.test.ts > useCommunityStore > viewMachine > should NOT increment views for non-mock machine
 ✓ src/__tests__/useCommunityStore.test.ts > useCommunityStore > viewMachine > should handle non-existent machine gracefully
 ✓ src/__tests__/useCommunityStore.test.ts > useCommunityStore > setSearchQuery > should set searchQuery correctly
 ✓ src/__tests__/useCommunityStore.test.ts > useCommunityStore > setSearchQuery > should update searchQuery multiple times
 ✓ src/__tests__/useCommunityStore.test.ts > useCommunityStore > setSearchQuery > should handle empty string
 ✓ src/__tests__/useCommunityStore.test.ts > useCommunityStore > setSearchQuery > should handle special characters
 ✓ src/__tests__/useCommunityStore.test.ts > useCommunityStore > setFactionFilter > should set factionFilter to void
 ✓ src/__tests__/useCommunityStore.test.ts > useCommunityStore > setFactionFilter > should set factionFilter to inferno
 ✓ src/__tests__/useCommunityStore.test.ts > useCommunityStore > setFactionFilter > should set factionFilter to storm
 ✓ src/__tests__/useCommunityStore.test.ts > useCommunityStore > setFactionFilter > should set factionFilter to stellar
 ✓ src/__tests__/useCommunityStore.test.ts > useCommunityStore > setFactionFilter > should set factionFilter to all
 ✓ src/__tests__/useCommunityStore.test.ts > useCommunityStore > setRarityFilter > should set rarityFilter correctly
 ✓ src/__tests__/useCommunityStore.test.ts > useCommunityStore > setRarityFilter > should handle common rarity
 ✓ src/__tests__/useCommunityStore.test.ts > useCommunityStore > setRarityFilter > should handle epic rarity
 ✓ src/__tests__/useCommunityStore.test.ts > useCommunityStore > setRarityFilter > should handle legendary rarity
 ✓ src/__tests__/useCommunityStore.test.ts > useCommunityStore > setRarityFilter > should handle all rarity
 ✓ src/__tests__/useCommunityStore.test.ts > useCommunityStore > setSortOption > should set sortOption to newest
 ✓ src/__tests__/useCommunityStore.test.ts > useCommunityStore > setSortOption > should set sortOption to oldest
 ✓ src/__tests__/useCommunityStore.test.ts > useCommunityStore > setSortOption > should set sortOption to most_liked
 ✓ src/__tests__/useCommunityStore.test.ts > useCommunityStore > setSortOption > should set sortOption to most_viewed
 ✓ src/__tests__/useCommunityStore.test.ts > useCommunityStore > getFilteredMachinesList > should return array
 ✓ src/__tests__/useCommunityStore.test.ts > useCommunityStore > getFilteredMachinesList > should combine communityMachines and publishedMachines
 ✓ src/__tests__/useCommunityStore.test.ts > useCommunityStore > getFilteredMachinesList > should return all machines when no filters applied
 ✓ src/__tests__/useCommunityStore.test.ts > useCommunityStore > selectors > selectCommunityMachines should return communityMachines
 ✓ src/__tests__/useCommunityStore.test.ts > useCommunityStore > selectors > selectPublishedMachines should return publishedMachines
 ✓ src/__tests__/useCommunityStore.test.ts > useCommunityStore > selectors > selectIsGalleryOpen should return isGalleryOpen state
 ✓ src/__tests__/useCommunityStore.test.ts > useCommunityStore > selectors > selectIsPublishModalOpen should return isPublishModalOpen state
 ✓ src/__tests__/useCommunityStore.test.ts > useCommunityStore > hydration helpers > should expose isCommunityHydrated function
 ✓ src/__tests__/useCommunityStore.test.ts > useCommunityStore > hydration helpers > should expose hydrateCommunityStore function
 ✓ src/__tests__/useCommunityStore.test.ts > useCommunityStore > hydration helpers > should be able to call hydrateCommunityStore
 ✓ src/__tests__/useCommunityStore.test.ts > useCommunityStore > edge cases > should handle empty communityMachines
 ✓ src/__tests__/useCommunityStore.test.ts > useCommunityStore > edge cases > should handle rapid like operations
 ✓ src/__tests__/useCommunityStore.test.ts > useCommunityStore > edge cases > should handle rapid filter changes
 ✓ src/__tests__/useCommunityStore.test.ts > useCommunityStore > edge cases > should handle rapid sort changes
 ✓ src/__tests__/useCommunityStore.test.ts > useCommunityStore > edge cases > should handle publishing multiple machines
 ✓ src/__tests__/useCommunityStore.test.ts > useCommunityStore > edge cases > should handle anonymous author
 ✓ src/__tests__/multiSelectEdgeCases.test.ts > Multi-Select Edge Cases Tests > AC1: Multi-module selection with mixed module types > selects modules of different types correctly
 ✓ src/__tests__/multiSelectEdgeCases.test.ts > Multi-Select Edge Cases Tests > AC1: Multi-module selection with mixed module types > rotation works correctly on mixed module types
 ✓ src/__tests__/multiSelectEdgeCases.test.ts > Multi-Select Edge Cases Tests > AC1: Multi-module selection with mixed module types > calculates correct collective center for mixed types
 ✓ src/__tests__/multiSelectEdgeCases.test.ts > Multi-Select Edge Cases Tests > AC2: Multi-module rotation around off-center selection bounds > rotates modules around the collective center
 ✓ src/__tests__/multiSelectEdgeCases.test.ts > Multi-Select Edge Cases Tests > AC2: Multi-module rotation around off-center selection bounds > accumulates rotation correctly (multiple 90° rotations)
 ✓ src/__tests__/multiSelectEdgeCases.test.ts > Multi-Select Edge Cases Tests > AC2: Multi-module rotation around off-center selection bounds > handles asymmetric module arrangements
 ✓ src/__tests__/multiSelectEdgeCases.test.ts > Multi-Select Edge Cases Tests > AC3: Multi-module deletion during activation state > deletes modules when machine state is active
 ✓ src/__tests__/multiSelectEdgeCases.test.ts > Multi-Select Edge Cases Tests > AC3: Multi-module deletion during activation state > deletes modules when machine state is failure
 ✓ src/__tests__/multiSelectEdgeCases.test.ts > Multi-Select Edge Cases Tests > AC3: Multi-module deletion during activation state > removes connections when modules are deleted during activation
 ✓ src/__tests__/multiSelectEdgeCases.test.ts > Multi-Select Edge Cases Tests > AC3: Multi-module deletion during activation state > handles rapid deletion of multiple modules
 ✓ src/__tests__/multiSelectEdgeCases.test.ts > Multi-Select Edge Cases Tests > AC4: Box selection with modules at negative coordinates > selects modules with negative x coordinate
 ✓ src/__tests__/multiSelectEdgeCases.test.ts > Multi-Select Edge Cases Tests > AC4: Box selection with modules at negative coordinates > selects modules with negative y coordinate
 ✓ src/__tests__/multiSelectEdgeCases.test.ts > Multi-Select Edge Cases Tests > AC4: Box selection with modules at negative coordinates > selects modules with both negative coordinates
 ✓ src/__tests__/multiSelectEdgeCases.test.ts > Multi-Select Edge Cases Tests > AC4: Box selection with modules at negative coordinates > does not select modules outside negative coordinate bounds
 ✓ src/__tests__/multiSelectEdgeCases.test.ts > Multi-Select Edge Cases Tests > AC4: Box selection with modules at negative coordinates > handles calculateBounds with negative coordinates
 ✓ src/__tests__/multiSelectEdgeCases.test.ts > Multi-Select Edge Cases Tests > AC5: Group operations with hidden/locked modules > creates group with locked modules
 ✓ src/__tests__/multiSelectEdgeCases.test.ts > Multi-Select Edge Cases Tests > AC5: Group operations with hidden/locked modules > prevents modification of locked modules
 ✓ src/__tests__/multiSelectEdgeCases.test.ts > Multi-Select Edge Cases Tests > AC5: Group operations with hidden/locked modules > unlocks group for modification
 ✓ src/__tests__/multiSelectEdgeCases.test.ts > Multi-Select Edge Cases Tests > AC5: Group operations with hidden/locked modules > toggles group lock state
 ✓ src/__tests__/multiSelectEdgeCases.test.ts > Multi-Select Edge Cases Tests > AC5: Group operations with hidden/locked modules > ungroup preserves module transforms after lock toggle
 ✓ src/__tests__/multiSelectEdgeCases.test.ts > Multi-Select Edge Cases Tests > AC5: Group operations with hidden/locked modules > handles group operations with single module in group
 ✓ src/__tests__/multiSelectEdgeCases.test.ts > Multi-Select Edge Cases Tests > AC5: Group operations with hidden/locked modules > clears all groups
 ✓ src/__tests__/multiSelectEdgeCases.test.ts > Multi-Select Edge Cases Tests > Scale operations on multi-selection > scales all modules proportionally from center
 ✓ src/__tests__/multiSelectEdgeCases.test.ts > Multi-Select Edge Cases Tests > Scale operations on multi-selection > clamps scale to minimum 0.25
 ✓ src/__tests__/multiSelectEdgeCases.test.ts > Multi-Select Edge Cases Tests > Scale operations on multi-selection > clamps scale to maximum 4.0
 ✓ src/__tests__/performance.test.ts > Performance Tests > Bundle Size Assertions > should have valid vite configuration structure
 ✓ src/__tests__/performance.test.ts > Performance Tests > Bundle Size Assertions > should have vendor chunk splitting
 ✓ src/__tests__/performance.test.ts > Performance Tests > Bundle Size Assertions > should target modern browsers
 ✓ src/__tests__/performance.test.ts > Performance Tests > Lazy Loading Verification > should have lazy imports for modal components
 ✓ src/__tests__/performance.test.ts > Performance Tests > Lazy Loading Verification > should have lazy imports for ChallengePanel
 ✓ src/__tests__/performance.test.ts > Performance Tests > Lazy Loading Verification > should have lazy imports for CodexView
 ✓ src/__tests__/performance.test.ts > Performance Tests > Lazy Loading Verification > should have lazy imports for FactionPanel
 ✓ src/__tests__/performance.test.ts > Performance Tests > Lazy Loading Verification > should have lazy imports for TechTree
 ✓ src/__tests__/statisticsDashboard.test.ts > calculateComplexityScore > returns 0 for empty machine
 ✓ src/__tests__/statisticsDashboard.test.ts > calculateComplexityScore > returns positive score for single module
 ✓ src/__tests__/statisticsDashboard.test.ts > calculateComplexityScore > returns higher score for more modules
 ✓ src/__tests__/statisticsDashboard.test.ts > calculateComplexityScore > returns higher score with connections
 ✓ src/__tests__/statisticsDashboard.test.ts > calculateComplexityScore > caps at 100
 ✓ src/__tests__/statisticsDashboard.test.ts > analyzeEnergyFlow > returns empty array for empty connections
 ✓ src/__tests__/statisticsDashboard.test.ts > analyzeEnergyFlow > returns flows for each connection
 ✓ src/__tests__/statisticsDashboard.test.ts > analyzeEnergyFlow > returns correct load status based on throughput
 ✓ src/__tests__/statisticsDashboard.test.ts > getBottleneckModules > returns empty array for empty machine
 ✓ src/__tests__/statisticsDashboard.test.ts > getBottleneckModules > returns modules with most connections
 ✓ src/__tests__/statisticsDashboard.test.ts > calculateTheoreticalPower > returns 0 for empty machine
 ✓ src/__tests__/statisticsDashboard.test.ts > calculateTheoreticalPower > returns higher power for core furnace
 ✓ src/__tests__/statisticsDashboard.test.ts > getMachineHealth > returns 0 for empty machine
 ✓ src/__tests__/statisticsDashboard.test.ts > getMachineHealth > returns higher health with core and output
 ✓ src/__tests__/statisticsDashboard.test.ts > getMachineHealth > returns lower health without core
 ✓ src/__tests__/statisticsDashboard.test.ts > calculateComplexityFactors > returns valid factors for empty machine
 ✓ src/__tests__/statisticsDashboard.test.ts > calculateComplexityFactors > detects core module
 ✓ src/__tests__/statisticsDashboard.test.ts > calculateComplexityFactors > detects output module
 ✓ src/__tests__/statisticsDashboard.test.ts > calculateComplexityFactors > calculates module diversity
 ✓ src/__tests__/statisticsDashboard.test.ts > calculateMachineStatistics > returns valid statistics for empty machine
 ✓ src/__tests__/statisticsDashboard.test.ts > calculateMachineStatistics > calculates stats for machine with modules
 ✓ src/__tests__/statisticsDashboard.test.ts > StatsDashboard UI > stats button exists in toolbar
 ✓ src/__tests__/statisticsDashboard.test.ts > StatsDashboard UI > stats panel is visible when isPanelOpen is true
 ✓ src/__tests__/statisticsDashboard.test.ts > StatsDashboard UI > overview tab shows module count
 ✓ src/__tests__/statisticsDashboard.test.ts > StatsDashboard UI > overview tab shows connection count
 ✓ src/__tests__/statisticsDashboard.test.ts > StatsDashboard UI > overview tab shows faction name
 ✓ src/__tests__/statisticsDashboard.test.ts > StatsDashboard UI > overview tab shows stability value
 ✓ src/__tests__/statisticsDashboard.test.ts > StatsDashboard UI > overview tab shows power value
 ✓ src/__tests__/statisticsDashboard.test.ts > StatsDashboard UI > complexity score is numeric and in range 0-100
 ✓ src/__tests__/statisticsDashboard.test.ts > StatsDashboard UI > energy flow stats are displayed when connections exist
 ✓ src/__tests__/statisticsDashboard.test.ts > StatsDashboard UI > complexity factors are displayed when machine has modules
 ✓ src/__tests__/statisticsDashboard.test.ts > Machine Stats Store > updates stats when modules change
 ✓ src/__tests__/statisticsDashboard.test.ts > Machine Stats Store > updates stats when connections change
 ✓ src/__tests__/statisticsDashboard.test.ts > Machine Stats Store > decrements module count when module removed
 ✓ src/__tests__/statisticsDashboard.test.ts > Machine Stats Store > decrements connection count when connection removed
 ✓ src/__tests__/statisticsDashboard.test.ts > Edge Cases > handles machine with only output module
 ✓ src/__tests__/statisticsDashboard.test.ts > Edge Cases > handles machine with disconnected modules
 ✓ src/__tests__/statisticsDashboard.test.ts > Edge Cases > handles faction detection with mixed modules
 ✓ src/__tests__/statisticsDashboard.test.ts > Edge Cases > returns None faction for neutral modules only
 ✓ src/__tests__/statisticsDashboard.test.ts > Edge Cases > returns Arcane faction name for arcane modules
 ✓ src/__tests__/statisticsDashboard.test.ts > Edge Cases > returns Chaos faction name for chaos modules
 ✓ src/__tests__/challengeSystem.test.ts > Challenge Definitions > should have exactly 20 challenges
 ✓ src/__tests__/challengeSystem.test.ts > Challenge Definitions > should have challenges in all difficulty tiers
 ✓ src/__tests__/challengeSystem.test.ts > Challenge Definitions > should have challenges in all categories
 ✓ src/__tests__/challengeSystem.test.ts > Challenge Definitions > each challenge should have valid reward
 ✓ src/__tests__/challengeSystem.test.ts > Challenge Definitions > each challenge should have required fields
 ✓ src/__tests__/challengeSystem.test.ts > Challenge Definitions > each challenge should have unique id
 ✓ src/__tests__/challengeSystem.test.ts > Challenge Definitions > should have 6 Beginner challenges
 ✓ src/__tests__/challengeSystem.test.ts > Challenge Definitions > should have 7 Intermediate challenges
 ✓ src/__tests__/challengeSystem.test.ts > Challenge Definitions > should have 7 Advanced challenges
 ✓ src/__tests__/challengeSystem.test.ts > Challenge Definitions > should have 4 Creation challenges
 ✓ src/__tests__/challengeSystem.test.ts > Challenge Definitions > should have 3 Collection challenges
 ✓ src/__tests__/challengeSystem.test.ts > Challenge Definitions > should have 4 Activation challenges
 ✓ src/__tests__/challengeSystem.test.ts > Challenge Definitions > should have 5 Mastery challenges
 ✓ src/__tests__/challengeSystem.test.ts > Challenge Definitions > should have 4 Tech Mastery challenges
 ✓ src/__tests__/challengeSystem.test.ts > Challenge Definitions > Tech Mastery challenges should have requiresTechTier
 ✓ src/__tests__/challengeSystem.test.ts > Challenge Helper Functions > getChallengeById should return correct challenge
 ✓ src/__tests__/challengeSystem.test.ts > Challenge Helper Functions > getChallengeById should return undefined for invalid id
 ✓ src/__tests__/challengeSystem.test.ts > Challenge Helper Functions > getChallengesByCategory should filter correctly
 ✓ src/__tests__/challengeSystem.test.ts > Challenge Helper Functions > getChallengesByDifficulty should filter correctly
 ✓ src/__tests__/challengeSystem.test.ts > Challenge Helper Functions > getChallengeDifficultyColor should return valid colors
 ✓ src/__tests__/challengeSystem.test.ts > Challenge Helper Functions > getChallengeDifficultyLabel should return Chinese labels
 ✓ src/__tests__/challengeSystem.test.ts > Challenge Helper Functions > getChallengeCategoryLabel should return Chinese labels
 ✓ src/__tests__/challengeSystem.test.ts > Challenge Helper Functions > getTechMasteryChallenges should return only tech_mastery challenges
 ✓ src/__tests__/challengeSystem.test.ts > useChallengeStore > should initialize with empty completedChallenges
 ✓ src/__tests__/challengeSystem.test.ts > useChallengeStore > should initialize with empty badges
 ✓ src/__tests__/challengeSystem.test.ts > useChallengeStore > should initialize with 0 totalXP
 ✓ src/__tests__/challengeSystem.test.ts > useChallengeStore > should initialize with default challengeProgress
 ✓ src/__tests__/challengeSystem.test.ts > useChallengeStore > checkChallengeCompletion should return false for incomplete challenges
 ✓ src/__tests__/challengeSystem.test.ts > useChallengeStore > checkChallengeCompletion should return true when target met
 ✓ src/__tests__/challengeSystem.test.ts > useChallengeStore > checkChallengeCompletion should work with higher targets
 ✓ src/__tests__/challengeSystem.test.ts > useChallengeStore > claimReward should add challenge to completedChallenges for XP reward
 ✓ src/__tests__/challengeSystem.test.ts > useChallengeStore > claiming XP reward should increment totalXP by correct amount
 ✓ src/__tests__/challengeSystem.test.ts > useChallengeStore > claiming badge reward should add badge to badges array
 ✓ src/__tests__/challengeSystem.test.ts > useChallengeStore > claiming badge should mark it as completed
 ✓ src/__tests__/challengeSystem.test.ts > useChallengeStore > getChallengesByCategory should return correct challenges
 ✓ src/__tests__/challengeSystem.test.ts > useChallengeStore > getChallengesByDifficulty should return correct challenges
 ✓ src/__tests__/challengeSystem.test.ts > useChallengeStore > getCompletedChallenges should return empty array initially
 ✓ src/__tests__/challengeSystem.test.ts > useChallengeStore > getAvailableChallenges should return all challenges initially
 ✓ src/__tests__/challengeSystem.test.ts > useChallengeStore > isChallengeCompleted should return false for incomplete challenges
 ✓ src/__tests__/challengeSystem.test.ts > useChallengeStore > isChallengeCompleted should return true for completed challenges
 ✓ src/__tests__/challengeSystem.test.ts > useChallengeStore > isRewardClaimed should return false for unclaimed rewards
 ✓ src/__tests__/challengeSystem.test.ts > useChallengeStore > isRewardClaimed should return true for claimed rewards
 ✓ src/__tests__/challengeSystem.test.ts > useChallengeStore > updateProgress should increment progress correctly
 ✓ src/__tests__/challengeSystem.test.ts > useChallengeStore > updateProgress should preserve existing progress
 ✓ src/__tests__/challengeSystem.test.ts > useChallengeStore > updateProgress should not decrease highestStability
 ✓ src/__tests__/challengeSystem.test.ts > useChallengeStore > updateProgress should update when new stability is higher
 ✓ src/__tests__/challengeSystem.test.ts > useChallengeStore > resetChallenges should clear all progress
 ✓ src/__tests__/challengeSystem.test.ts > useChallengeStore > getChallengeProgress should return correct progress for challenge
 ✓ src/__tests__/challengeSystem.test.ts > useChallengeStore > getChallengeProgress should return 0 for unknown challenge
 ✓ src/__tests__/challengeSystem.test.ts > useChallengeStore > cannot claim reward twice
 ✓ src/__tests__/challengeSystem.test.ts > useChallengeStore > cannot complete already completed challenge
 ✓ src/__tests__/challengeSystem.test.ts > useChallengeStore > claiming recipe reward should mark challenge as completed
 ✓ src/__tests__/challengeSystem.test.ts > useChallengeStore > claiming recipe reward should mark reward as claimed
 ✓ src/__tests__/challengeSystem.test.ts > Challenge Reward Types > XP rewards should increment totalXP
 ✓ src/__tests__/challengeSystem.test.ts > Challenge Reward Types > Badge rewards should add to badges array
 ✓ src/__tests__/challengeSystem.test.ts > Challenge Reward Types > Badge rewards should have earnedAt timestamp
 ✓ src/__tests__/challengeSystem.test.ts > Tech Bonus Integration > getChallengeBonusMultiplier should return correct multiplier
 ✓ src/__tests__/challengeSystem.test.ts > Tech Bonus Integration > getBonusReputation should return correct bonus
 ✓ src/__tests__/challengeSystem.test.ts > Tech Bonus Integration > claimReward with tech tier should apply bonus
 ✓ src/__tests__/challengeSystem.test.ts > Tech Bonus Integration > claimReward without tech tier should not apply bonus
 ✓ src/__tests__/integration/performance.integration.test.ts > Performance Integration Tests > Bundle Size Assertions > should have valid vite configuration structure
 ✓ src/__tests__/integration/performance.integration.test.ts > Performance Integration Tests > Bundle Size Assertions > should have vendor chunk splitting
 ✓ src/__tests__/integration/performance.integration.test.ts > Performance Integration Tests > Bundle Size Assertions > should target modern browsers
 ✓ src/__tests__/integration/performance.integration.test.ts > Performance Integration Tests > Lazy Loading Verification > should have lazy imports for modal components
 ✓ src/__tests__/integration/performance.integration.test.ts > Performance Integration Tests > Module Render Benchmarks > should render modules within <2ms per module target
 ✓ src/__tests__/integration/performance.integration.test.ts > Performance Integration Tests > Module Render Benchmarks > should render 50 modules within 100ms frame time (AC3)
 ✓ src/__tests__/integration/performance.integration.test.ts > Performance Integration Tests > Module Render Benchmarks > should cache module renders efficiently
 ✓ src/__tests__/integration/performance.integration.test.ts > Performance Integration Tests > Module Render Benchmarks > should invalidate cache when module changes
 ✓ src/__tests__/integration/performance.integration.test.ts > Performance Integration Tests > Connection Path Calculation Benchmarks > should calculate connection paths efficiently
 ✓ src/__tests__/integration/performance.integration.test.ts > Performance Integration Tests > Connection Path Calculation Benchmarks > should handle batch connection updates
 ✓ src/__tests__/integration/performance.integration.test.ts > Performance Integration Tests > Connection Path Calculation Benchmarks > should cache connection paths
 ✓ src/__tests__/integration/performance.integration.test.ts > Performance Integration Tests > Canvas Zoom/Pan Performance Tests > should throttle viewport updates for 60fps
 ✓ src/__tests__/integration/performance.integration.test.ts > Performance Integration Tests > Canvas Zoom/Pan Performance Tests > should maintain frame budget for 60fps
 ✓ src/__tests__/integration/performance.integration.test.ts > Performance Integration Tests > Canvas Zoom/Pan Performance Tests > should handle viewport update requests
 ✓ src/__tests__/integration/performance.integration.test.ts > Performance Integration Tests > Canvas Zoom/Pan Performance Tests > should track throttling state
 ✓ src/__tests__/integration/performance.integration.test.ts > Performance Integration Tests > Viewport Culling (AC8) > should implement 50px buffer for viewport culling
 ✓ src/__tests__/integration/performance.integration.test.ts > Performance Integration Tests > Viewport Culling (AC8) > should filter visible modules with 50px buffer
 ✓ src/__tests__/integration/performance.integration.test.ts > Performance Integration Tests > Viewport Culling (AC8) > should cull modules outside viewport + 50px buffer
 ✓ src/__tests__/integration/performance.integration.test.ts > Performance Integration Tests > Viewport Culling (AC8) > should include modules within viewport + 50px buffer
 ✓ src/__tests__/integration/performance.integration.test.ts > Performance Integration Tests > Memory Usage Tests > should not leak memory on repeated operations
 ✓ src/__tests__/integration/performance.integration.test.ts > Performance Integration Tests > Memory Usage Tests > should clean up caches properly
 ✓ src/__tests__/integration/performance.integration.test.ts > Performance Integration Tests > Touch Enhancement Performance > should not block main thread during touch events
 ✓ src/__tests__/integration/performance.integration.test.ts > Performance Integration Tests > Touch Enhancement Performance > should handle gesture calculations efficiently
 ✓ src/__tests__/integration/performance.integration.test.ts > Performance Integration Tests > Benchmark Utilities > should provide accurate benchmark results
 ✓ src/__tests__/integration/performance.integration.test.ts > Performance Integration Tests > Benchmark Utilities > should calculate bounds correctly
 ✓ src/__tests__/integration/performance.integration.test.ts > Performance Integration Tests > Benchmark Utilities > should return null for empty modules array
 ✓ src/__tests__/integration/performance.integration.test.ts > Performance Integration Tests > Real-world Performance Scenarios > should handle large machine with many modules
 ✓ src/__tests__/integration/performance.integration.test.ts > Performance Integration Tests > Real-world Performance Scenarios > should handle viewport updates
 ✓ src/__tests__/integration/performance.integration.test.ts > Code Splitting Tests > Lazy Import Syntax > should use valid dynamic import syntax
 ✓ src/__tests__/integration/performance.integration.test.ts > Code Splitting Tests > Lazy Import Syntax > should support Suspense boundaries
 ✓ src/__tests__/integration/performance.integration.test.ts > Code Splitting Tests > Chunk Naming > should have meaningful chunk names in config
 ✓ src/__tests__/integration/performance.integration.test.ts > Performance Constants > should have correct 60fps throttle interval
 ✓ src/__tests__/integration/performance.integration.test.ts > Performance Constants > should have correct viewport culling buffer (AC8)
 ✓ src/components/Exchange/__tests__/TradeNotification.test.tsx > TradeNotification > No Notifications State (AC-EXCHANGE-UI-011) > should return null (render nothing) when notifications is empty array
 ✓ src/components/Exchange/__tests__/TradeNotification.test.tsx > TradeNotification > No Notifications State (AC-EXCHANGE-UI-011) > should return null when all notifications have isRead: true
 ✓ src/components/Exchange/__tests__/TradeNotification.test.tsx > TradeNotification > Incoming Notification Display (AC-EXCHANGE-UI-012) > should display most recent unread notification
 ✓ src/components/Exchange/__tests__/TradeNotification.test.tsx > TradeNotification > Incoming Notification Display (AC-EXCHANGE-UI-012) > should display 📥 icon for incoming proposal
 ✓ src/components/Exchange/__tests__/TradeNotification.test.tsx > TradeNotification > Incoming Notification Display (AC-EXCHANGE-UI-012) > should display notification message with proposer machine name
 ✓ src/components/Exchange/__tests__/TradeNotification.test.tsx > TradeNotification > Notification Title (AC-EXCHANGE-UI-013) > should show title "收到新交易请求" for incoming proposal
 ✓ src/components/Exchange/__tests__/TradeNotification.test.tsx > TradeNotification > Notification Title (AC-EXCHANGE-UI-013) > should show title "交易已接受" for accepted proposal
 ✓ src/components/Exchange/__tests__/TradeNotification.test.tsx > TradeNotification > Notification Title (AC-EXCHANGE-UI-013) > should show title "交易被拒绝" for rejected proposal
 ✓ src/components/Exchange/__tests__/TradeNotification.test.tsx > TradeNotification > Quick Accept Action (AC-EXCHANGE-UI-014) > should show "接受" button for incoming notification
 ✓ src/components/Exchange/__tests__/TradeNotification.test.tsx > TradeNotification > Quick Accept Action (AC-EXCHANGE-UI-014) > should call acceptProposal with proposal ID when "接受" is clicked
 ✓ src/components/Exchange/__tests__/TradeNotification.test.tsx > TradeNotification > Quick Accept Action (AC-EXCHANGE-UI-014) > should call markNotificationRead with notification ID when "接受" is clicked
 ✓ src/components/Exchange/__tests__/TradeNotification.test.tsx > TradeNotification > Quick Accept Action (AC-EXCHANGE-UI-014) > should disable buttons after accept is clicked
 ✓ src/components/Exchange/__tests__/TradeNotification.test.tsx > TradeNotification > Quick Reject Action (AC-EXCHANGE-UI-015) > should show "拒绝" button for incoming notification
 ✓ src/components/Exchange/__tests__/TradeNotification.test.tsx > TradeNotification > Quick Reject Action (AC-EXCHANGE-UI-015) > should call rejectProposal with proposal ID when "拒绝" is clicked
 ✓ src/components/Exchange/__tests__/TradeNotification.test.tsx > TradeNotification > Quick Reject Action (AC-EXCHANGE-UI-015) > should call markNotificationRead with notification ID when "拒绝" is clicked
 ✓ src/components/Exchange/__tests__/TradeNotification.test.tsx > TradeNotification > Quick Reject Action (AC-EXCHANGE-UI-015) > should disable buttons after reject is clicked
 ✓ src/components/Exchange/__tests__/TradeNotification.test.tsx > TradeNotification > Dismiss Action (AC-EXCHANGE-UI-016) > should show dismiss button (×)
 ✓ src/components/Exchange/__tests__/TradeNotification.test.tsx > TradeNotification > Dismiss Action (AC-EXCHANGE-UI-016) > should call markNotificationRead with notification ID when dismiss is clicked
 ✓ src/components/Exchange/__tests__/TradeNotification.test.tsx > TradeNotification > Dismiss Action (AC-EXCHANGE-UI-016) > should hide notification after dismiss is clicked
 ✓ src/components/Exchange/__tests__/TradeNotification.test.tsx > TradeNotification > Multiple Notifications (AC-EXCHANGE-UI-017) > should display count indicator when multiple unread notifications exist
 ✓ src/components/Exchange/__tests__/TradeNotification.test.tsx > TradeNotification > Multiple Notifications (AC-EXCHANGE-UI-017) > should show correct count for 3 unread notifications
 ✓ src/components/Exchange/__tests__/TradeNotification.test.tsx > TradeNotification > Multiple Notifications (AC-EXCHANGE-UI-017) > should not include read notifications in count
 ✓ src/components/Exchange/__tests__/TradeNotification.test.tsx > TradeNotification > Dismiss and Show Next (AC-EXCHANGE-UI-018) > should display next most recent unread notification after dismissing first
 ✓ src/components/Exchange/__tests__/TradeNotification.test.tsx > TradeNotification > Dismiss and Show Next (AC-EXCHANGE-UI-018) > should handle dismissing last notification gracefully (return null)
 ✓ src/components/Exchange/__tests__/TradeNotification.test.tsx > TradeNotification > View Exchange Action > should show "查看详情" button for incoming notifications
 ✓ src/components/Exchange/__tests__/TradeNotification.test.tsx > TradeNotification > View Exchange Action > should call onOpenExchange when "查看详情" is clicked
 ✓ src/components/Exchange/__tests__/TradeNotification.test.tsx > TradeNotification > View Exchange Action > should call markNotificationRead when "查看详情" is clicked
 ✓ src/components/Exchange/__tests__/TradeNotification.test.tsx > TradeNotification > Non-incoming Notifications > should show "查看交易所" button for accepted notifications
 ✓ src/components/Exchange/__tests__/TradeNotification.test.tsx > TradeNotification > Non-incoming Notifications > should show "查看交易所" button for rejected notifications
 ✓ src/components/Exchange/__tests__/TradeNotification.test.tsx > TradeNotification > Auto-mark-as-read > should auto-mark notification as read after delay
 ✓ src/components/Exchange/__tests__/TradeNotification.test.tsx > TradeNotification > Auto-mark-as-read > should auto-mark all unread notifications after delay
 ✓ src/components/Exchange/__tests__/TradeNotification.test.tsx > TradeNotification > Icon Display > should show ✅ icon for accepted proposal
 ✓ src/components/Exchange/__tests__/TradeNotification.test.tsx > TradeNotification > Icon Display > should show ❌ icon for rejected proposal
 ✓ src/components/Exchange/__tests__/TradeProposalModal.test.tsx > TradeProposalModal > Render with Target Machine Info (AC-EXCHANGE-UI-001) > should render modal with target machine name
 ✓ src/components/Exchange/__tests__/TradeProposalModal.test.tsx > TradeProposalModal > Render with Target Machine Info (AC-EXCHANGE-UI-001) > should render close button (×) in header
 ✓ src/components/Exchange/__tests__/TradeProposalModal.test.tsx > TradeProposalModal > Render with Target Machine Info (AC-EXCHANGE-UI-001) > should display target machine stats (power, stability, failureRate)
 ✓ src/components/Exchange/__tests__/TradeProposalModal.test.tsx > TradeProposalModal > Empty State (AC-EXCHANGE-UI-002) > should show empty state message when user has no listed machines
 ✓ src/components/Exchange/__tests__/TradeProposalModal.test.tsx > TradeProposalModal > Empty State (AC-EXCHANGE-UI-002) > should not show preview section when no machines available
 ✓ src/components/Exchange/__tests__/TradeProposalModal.test.tsx > TradeProposalModal > Machine Selection (AC-EXCHANGE-UI-003) > should populate dropdown with all machines from getMyListedMachines()
 ✓ src/components/Exchange/__tests__/TradeProposalModal.test.tsx > TradeProposalModal > Machine Selection (AC-EXCHANGE-UI-003) > should show machine names in dropdown options
 ✓ src/components/Exchange/__tests__/TradeProposalModal.test.tsx > TradeProposalModal > Machine Selection (AC-EXCHANGE-UI-003) > should update selectedMachineId when dropdown changes
 ✓ src/components/Exchange/__tests__/TradeProposalModal.test.tsx > TradeProposalModal > Selected Machine Preview (AC-EXCHANGE-UI-004) > should show preview with name when machine is selected
 ✓ src/components/Exchange/__tests__/TradeProposalModal.test.tsx > TradeProposalModal > Selected Machine Preview (AC-EXCHANGE-UI-004) > should show rarity badge in preview
 ✓ src/components/Exchange/__tests__/TradeProposalModal.test.tsx > TradeProposalModal > Selected Machine Preview (AC-EXCHANGE-UI-004) > should show module count in preview
 ✓ src/components/Exchange/__tests__/TradeProposalModal.test.tsx > TradeProposalModal > Submit Button States (AC-EXCHANGE-UI-005) > should disable submit button when no machine selected
 ✓ src/components/Exchange/__tests__/TradeProposalModal.test.tsx > TradeProposalModal > Submit Button States (AC-EXCHANGE-UI-005) > should enable submit button when machine is selected
 ✓ src/components/Exchange/__tests__/TradeProposalModal.test.tsx > TradeProposalModal > Submit Button States (AC-EXCHANGE-UI-005) > should call createProposal when submit is clicked
 ✓ src/components/Exchange/__tests__/TradeProposalModal.test.tsx > TradeProposalModal > Submission Success (AC-EXCHANGE-UI-006, AC-EXCHANGE-UI-007) > should call createProposal with correct parameters on submit
 ✓ src/components/Exchange/__tests__/TradeProposalModal.test.tsx > TradeProposalModal > Submission Success (AC-EXCHANGE-UI-006, AC-EXCHANGE-UI-007) > should show success state after submission
 ✓ src/components/Exchange/__tests__/TradeProposalModal.test.tsx > TradeProposalModal > Submission Success (AC-EXCHANGE-UI-006, AC-EXCHANGE-UI-007) > should auto-close modal after delay on success
 ✓ src/components/Exchange/__tests__/TradeProposalModal.test.tsx > TradeProposalModal > Submission Error (AC-EXCHANGE-UI-008) > should show error alert when proposal creation fails
 ✓ src/components/Exchange/__tests__/TradeProposalModal.test.tsx > TradeProposalModal > Submission Error (AC-EXCHANGE-UI-008) > should re-enable submit button after error
 ✓ src/components/Exchange/__tests__/TradeProposalModal.test.tsx > TradeProposalModal > Close Button (AC-EXCHANGE-UI-009) > should call onClose when close button is clicked
 ✓ src/components/Exchange/__tests__/TradeProposalModal.test.tsx > TradeProposalModal > Close Button (AC-EXCHANGE-UI-009) > should disable close button during submission
 ✓ src/components/Exchange/__tests__/TradeProposalModal.test.tsx > TradeProposalModal > Rarity Badges (AC-EXCHANGE-UI-010) > should show gray badge with "普通" for common rarity
 ✓ src/components/Exchange/__tests__/TradeProposalModal.test.tsx > TradeProposalModal > Rarity Badges (AC-EXCHANGE-UI-010) > should show amber badge with "传奇" for legendary rarity
 ✓ src/components/Exchange/__tests__/TradeProposalModal.test.tsx > TradeProposalModal > Machine Preview Display > should show codexId in target machine section
 ✓ src/components/Exchange/__tests__/TradeProposalModal.test.tsx > TradeProposalModal > Machine Preview Display > should show all stats in target machine section
 ✓ src/components/Exchange/__tests__/TradeProposalModal.test.tsx > TradeProposalModal > Machine Preview Display > should show preview stats when machine is selected
 ✓ src/components/Exchange/__tests__/TradeProposalModal.test.tsx > TradeProposalModal > Cancel Button > should show cancel button
 ✓ src/components/Exchange/__tests__/TradeProposalModal.test.tsx > TradeProposalModal > Cancel Button > should call onClose when cancel button is clicked
 ✓ src/components/Exchange/__tests__/TradeProposalModal.test.tsx > TradeProposalModal > Comparison Info > should show comparison info when machine is selected
 ✓ src/components/Exchange/__tests__/TradeProposalModal.test.tsx > TradeProposalModal > Comparison Info > should not show comparison info when no machine selected
 ✓ src/__tests__/reactWarnings.test.tsx > React Warning Detection - Round 31 Fixes > AC1: App.tsx checkTutorialUnlock Fix Pattern (Round 31) > should not warn when using ref-based pattern for checkTutorialUnlock (AC1)
 ✓ src/__tests__/reactWarnings.test.tsx > React Warning Detection - Round 31 Fixes > AC1: App.tsx checkTutorialUnlock Fix Pattern (Round 31) > should not warn during re-renders with checkTutorialUnlock ref (AC1)
 ✓ src/__tests__/reactWarnings.test.tsx > React Warning Detection - Round 31 Fixes > AC1b: App.tsx markStateAsLoaded Fix Pattern (Round 30) > should not warn when using ref-based pattern for markStateAsLoaded (AC1b)
 ✓ src/__tests__/reactWarnings.test.tsx > React Warning Detection - Round 31 Fixes > AC2: ActivationOverlay.tsx Store Action Refs Fix Pattern > should not warn when using refs for store actions (AC2)
 ✓ src/__tests__/reactWarnings.test.tsx > React Warning Detection - Round 31 Fixes > AC2: ActivationOverlay.tsx Store Action Refs Fix Pattern > should not warn during activation sequence simulation (AC2)
 ✓ src/__tests__/reactWarnings.test.tsx > React Warning Detection - Round 31 Fixes > AC3: MobileCanvasLayout.tsx prevIsMobileRef Fix Pattern > should not warn when using prevIsMobileRef comparison (AC3)
 ✓ src/__tests__/reactWarnings.test.tsx > React Warning Detection - Round 31 Fixes > AC3: MobileCanvasLayout.tsx prevIsMobileRef Fix Pattern > should not warn when isMobile changes (AC3)
 ✓ src/__tests__/reactWarnings.test.tsx > React Warning Detection - Round 31 Fixes > AC4: Code Inspection Verification > should have valid test structure (AC4)
 ✓ src/__tests__/reactWarnings.test.tsx > React Warning Detection - Round 31 Fixes > AC6: No Maximum update depth warnings > should not warn during state transitions (AC6)
 ✓ src/__tests__/reactWarnings.test.tsx > React Warning Detection - Round 31 Fixes > AC6: No Maximum update depth warnings > should not warn during rapid state updates (AC6)
 ✓ src/__tests__/reactWarnings.test.tsx > React Warning Detection - Round 31 Fixes > AC8: Comprehensive Pattern Verification > should use ref-based pattern for checkTutorialUnlock (pattern verification)
 ✓ src/__tests__/reactWarnings.test.tsx > React Warning Detection - Round 31 Fixes > AC8: Comprehensive Pattern Verification > should use ref-based pattern for markStateAsLoaded (pattern verification)
 ✓ src/__tests__/reactWarnings.test.tsx > React Warning Detection - Round 31 Fixes > AC8: Comprehensive Pattern Verification > should use refs for all store actions (pattern verification)
 ✓ src/__tests__/reactWarnings.test.tsx > React Warning Detection - Round 31 Fixes > AC8: Comprehensive Pattern Verification > should use prevIsMobileRef comparison pattern (pattern verification)
 ✓ src/__tests__/performance.test.ts > Performance Tests > AI Service Performance > should respond within reasonable time 304ms
 ✓ src/__tests__/performance/canvasUnmountCleanup.test.ts > Canvas Unmount Cleanup > Test 1: Verify all intervals are cleared > should clear all setInterval calls on unmount
 ✓ src/__tests__/performance/canvasUnmountCleanup.test.ts > Canvas Unmount Cleanup > Test 1: Verify all intervals are cleared > should track all intervals created by different effects
 ✓ src/__tests__/performance/canvasUnmountCleanup.test.ts > Canvas Unmount Cleanup > Test 2: Verify event listeners are removed > should remove window resize listener on unmount
 ✓ src/__tests__/performance/canvasUnmountCleanup.test.ts > Canvas Unmount Cleanup > Test 2: Verify event listeners are removed > should remove only the specific listener that was added
 ✓ src/__tests__/performance/canvasUnmountCleanup.test.ts > Canvas Unmount Cleanup > Test 2: Verify event listeners are removed > should handle multiple event types being cleaned up
 ✓ src/__tests__/performance/canvasUnmountCleanup.test.ts > Canvas Unmount Cleanup > Test 3: Verify ResizeObserver is disconnected > should disconnect ResizeObserver on unmount
 ✓ src/__tests__/performance/canvasUnmountCleanup.test.ts > Canvas Unmount Cleanup > Test 3: Verify ResizeObserver is disconnected > should call disconnect on ResizeObserver if it exists on unmount
 ✓ src/__tests__/performance/canvasUnmountCleanup.test.ts > Canvas Unmount Cleanup > Test 3: Verify ResizeObserver is disconnected > should handle ResizeObserver not being supported
 ✓ src/__tests__/performance/canvasUnmountCleanup.test.ts > Canvas Unmount Cleanup > Test 4: Verify cleanup runs before new effect > should cleanup previous effect before running new effect
 ✓ src/__tests__/performance/canvasUnmountCleanup.test.ts > Canvas Unmount Cleanup > Test 4: Verify cleanup runs before new effect > should handle rapid re-renders with proper cleanup ordering
 ✓ src/__tests__/performance/canvasUnmountCleanup.test.ts > Canvas Cleanup Edge Cases > should handle clearing already-cleared intervals gracefully
 ✓ src/__tests__/performance/canvasUnmountCleanup.test.ts > Canvas Cleanup Edge Cases > should handle removing non-existent event listeners gracefully
 ✓ src/__tests__/performance/canvasUnmountCleanup.test.ts > Canvas Cleanup Edge Cases > should clean up animation frames on unmount
 ✓ src/__tests__/performance/canvasUnmountCleanup.test.ts > Canvas Cleanup Edge Cases > should clean up timeouts on unmount
 ✓ src/__tests__/performance/canvasUnmountCleanup.test.ts > Canvas Cleanup Verification Integration > should match Canvas.tsx cleanup pattern
 ✓ src/__tests__/performance/canvasUnmountCleanup.test.ts > Canvas Cleanup Verification Integration > should handle cleanup when some resources were never created
 ✓ src/__tests__/performance/canvasUnmountCleanup.test.ts > Hot Reload Safety > should properly handle mount/unmount cycles
 ✓ src/__tests__/performance/canvasUnmountCleanup.test.ts > Hot Reload Safety > should handle multiple components cleaning up independently
 ✓ src/__tests__/aiDescription.test.ts > AI Description Service > MockAIService.generateDescription > should generate a description with correct structure 404ms
 ✓ src/components/Editor/__tests__/Canvas.test.tsx > Canvas > Render > should render Canvas with SVG viewport
 ✓ src/components/Editor/__tests__/Canvas.test.tsx > Canvas > Render > should render SVG element inside canvas container
 ✓ src/components/Editor/__tests__/Canvas.test.tsx > Canvas > Render > should render grid pattern when gridEnabled is true
 ✓ src/components/Editor/__tests__/Canvas.test.tsx > Canvas > Render > should render empty state message when no modules
 ✓ src/components/Editor/__tests__/Canvas.test.tsx > Canvas > Render > should render viewport info indicator
 ✓ src/components/Editor/__tests__/Canvas.test.tsx > Canvas > Render > should render layers panel toggle button
 ✓ src/components/Editor/__tests__/Canvas.test.tsx > Canvas > Module Rendering > should not render empty state when modules exist
 ✓ src/components/Editor/__tests__/Canvas.test.tsx > Canvas > Module Rendering > should not crash when modules array is empty
 ✓ src/components/Editor/__tests__/Canvas.test.tsx > Canvas > Module Rendering > should render module count in viewport info when modules exist
 ✓ src/components/Editor/__tests__/Canvas.test.tsx > Canvas > Grid > should show grid indicator in viewport info when gridEnabled
 ✓ src/components/Editor/__tests__/Canvas.test.tsx > Canvas > Grid > should not show grid icon in viewport info when grid disabled
 ✓ src/components/Editor/__tests__/Canvas.test.tsx > Canvas > Selection > should show multi-select indicator when multiple modules selected and modules exist
 ✓ src/components/Editor/__tests__/Canvas.test.tsx > Canvas > Machine State > should show activation zoom indicator when zooming
 ✓ src/components/Editor/__tests__/Canvas.test.tsx > Canvas > Machine State > should not show activation zoom indicator when not zooming
 ✓ src/components/Editor/__tests__/Canvas.test.tsx > Canvas > Layers Panel > should toggle layers panel visibility on button click
 ✓ src/components/Editor/__tests__/Canvas.test.tsx > Canvas > Performance > should render without timeout with large module count
 ✓ src/components/Editor/__tests__/Canvas.test.tsx > Canvas > Performance > should not crash with zero modules
 ✓ src/components/Editor/__tests__/Canvas.test.tsx > Canvas > Viewport Info > should display zoom percentage in viewport info
 ✓ src/components/Editor/__tests__/Canvas.test.tsx > Canvas > Viewport Info > should show grid icon when grid is enabled
 ✓ src/components/Editor/__tests__/Canvas.test.tsx > Canvas > Viewport Info > should render viewport info without error
stderr | src/components/Editor/__tests__/Canvas.test.tsx > Canvas > Render > should render Canvas with SVG viewport
ResizeObserver not available, using fallback methods

stderr | src/components/Editor/__tests__/Canvas.test.tsx > Canvas > Render > should render SVG element inside canvas container
ResizeObserver not available, using fallback methods

stderr | src/components/Editor/__tests__/Canvas.test.tsx > Canvas > Render > should render grid pattern when gridEnabled is true
ResizeObserver not available, using fallback methods

stderr | src/components/Editor/__tests__/Canvas.test.tsx > Canvas > Render > should render empty state message when no modules
ResizeObserver not available, using fallback methods

stderr | src/components/Editor/__tests__/Canvas.test.tsx > Canvas > Render > should render viewport info indicator
ResizeObserver not available, using fallback methods

stderr | src/components/Editor/__tests__/Canvas.test.tsx > Canvas > Render > should render layers panel toggle button
ResizeObserver not available, using fallback methods

stderr | src/components/Editor/__tests__/Canvas.test.tsx > Canvas > Module Rendering > should not render empty state when modules exist
ResizeObserver not available, using fallback methods

stderr | src/components/Editor/__tests__/Canvas.test.tsx > Canvas > Module Rendering > should not crash when modules array is empty
ResizeObserver not available, using fallback methods

stderr | src/components/Editor/__tests__/Canvas.test.tsx > Canvas > Module Rendering > should render module count in viewport info when modules exist
ResizeObserver not available, using fallback methods

stderr | src/components/Editor/__tests__/Canvas.test.tsx > Canvas > Grid > should show grid indicator in viewport info when gridEnabled
ResizeObserver not available, using fallback methods

stderr | src/components/Editor/__tests__/Canvas.test.tsx > Canvas > Grid > should not show grid icon in viewport info when grid disabled
ResizeObserver not available, using fallback methods

stderr | src/components/Editor/__tests__/Canvas.test.tsx > Canvas > Selection > should show multi-select indicator when multiple modules selected and modules exist
ResizeObserver not available, using fallback methods

stderr | src/components/Editor/__tests__/Canvas.test.tsx > Canvas > Machine State > should show activation zoom indicator when zooming
ResizeObserver not available, using fallback methods

stderr | src/components/Editor/__tests__/Canvas.test.tsx > Canvas > Machine State > should not show activation zoom indicator when not zooming
ResizeObserver not available, using fallback methods

stderr | src/components/Editor/__tests__/Canvas.test.tsx > Canvas > Layers Panel > should toggle layers panel visibility on button click
ResizeObserver not available, using fallback methods

stderr | src/components/Editor/__tests__/Canvas.test.tsx > Canvas > Performance > should render without timeout with large module count
ResizeObserver not available, using fallback methods

stderr | src/components/Editor/__tests__/Canvas.test.tsx > Canvas > Performance > should not crash with zero modules
ResizeObserver not available, using fallback methods

stderr | src/components/Editor/__tests__/Canvas.test.tsx > Canvas > Viewport Info > should display zoom percentage in viewport info
ResizeObserver not available, using fallback methods

stderr | src/components/Editor/__tests__/Canvas.test.tsx > Canvas > Viewport Info > should show grid icon when grid is enabled
ResizeObserver not available, using fallback methods

stderr | src/components/Editor/__tests__/Canvas.test.tsx > Canvas > Viewport Info > should render viewport info without error
ResizeObserver not available, using fallback methods

 ✓ src/__tests__/performance.test.ts > Performance Tests > AI Service Performance > should handle concurrent requests efficiently 302ms
 ✓ src/__tests__/performance.test.ts > Performance Tests > Component Render Performance > should render large module lists efficiently
 ✓ src/__tests__/performance.test.ts > Performance Tests > Component Render Performance > should handle rapid state updates
 ✓ src/__tests__/performance.test.ts > Performance Tests > Memory Usage > should not leak memory on component unmount
 ✓ src/__tests__/performance.test.ts > Performance Tests > Memory Usage > should properly clean up event listeners
 ✓ src/__tests__/performance.test.ts > Performance Tests > Build Output Verification > should have valid vite configuration
 ✓ src/__tests__/performance.test.ts > Performance Tests > Build Output Verification > should have correct server configuration
 ✓ src/__tests__/performance.test.ts > Performance Tests > Touch Enhancement Performance > should not block main thread during touch events
 ✓ src/__tests__/performance.test.ts > Performance Tests > Touch Enhancement Performance > should handle gesture calculations efficiently
 ✓ src/__tests__/performance.test.ts > Performance Tests > Real-world Performance Scenarios > should handle large machine with many modules
 ✓ src/__tests__/performance.test.ts > Performance Tests > Real-world Performance Scenarios > should handle viewport updates
 ✓ src/__tests__/performance.test.ts > Performance Tests > AC4: filterVisibleConnections > should include connection when both endpoints are visible
 ✓ src/__tests__/performance.test.ts > Performance Tests > AC4: filterVisibleConnections > should include connection when only one endpoint is visible
 ✓ src/__tests__/performance.test.ts > Performance Tests > AC4: filterVisibleConnections > should exclude connection when both endpoints are hidden
 ✓ src/__tests__/performance.test.ts > Performance Tests > AC7: ModuleRenderCache LRU Eviction > should evict oldest entry after 501 unique cache entries
 ✓ src/__tests__/performance.test.ts > Performance Tests > AC7: ModuleRenderCache LRU Eviction > should maintain LRU ordering on get/set operations
 ✓ src/__tests__/performance.test.ts > Code Splitting Tests > Lazy Import Syntax > should use valid dynamic import syntax
 ✓ src/__tests__/performance.test.ts > Code Splitting Tests > Lazy Import Syntax > should support Suspense boundaries
 ✓ src/__tests__/performance.test.ts > Code Splitting Tests > Chunk Naming > should have meaningful chunk names in config
 ✓ src/__tests__/performance.test.ts > AI Integration Tests > Service Availability > should report AI service as available
 ✓ src/__tests__/performance.test.ts > AI Integration Tests > Service Availability > should return correct provider config
 ✓ src/__tests__/openaiProvider.test.ts > OpenAIProvider > Provider Creation > should create provider with valid config
 ✓ src/__tests__/openaiProvider.test.ts > OpenAIProvider > Provider Creation > should create provider with missing API key
 ✓ src/__tests__/openaiProvider.test.ts > OpenAIProvider > Provider Creation > should implement AIProvider interface
 ✓ src/__tests__/openaiProvider.test.ts > OpenAIProvider > API Key Validation > should validate valid API key format
 ✓ src/__tests__/openaiProvider.test.ts > OpenAIProvider > API Key Validation > should validate key with exactly 44 chars
 ✓ src/__tests__/openaiProvider.test.ts > OpenAIProvider > API Key Validation > should validate key with underscores and dashes
 ✓ src/__tests__/openaiProvider.test.ts > OpenAIProvider > API Key Validation > should invalidate key that is too short
 ✓ src/__tests__/openaiProvider.test.ts > OpenAIProvider > API Key Validation > should invalidate key with wrong prefix
 ✓ src/__tests__/openaiProvider.test.ts > OpenAIProvider > API Key Validation > should invalidate key with invalid characters
 ✓ src/__tests__/openaiProvider.test.ts > OpenAIProvider > API Key Validation > should handle empty string as not configured
 ✓ src/__tests__/openaiProvider.test.ts > OpenAIProvider > API Key Validation > should handle undefined as not configured
 ✓ src/__tests__/openaiProvider.test.ts > OpenAIProvider > API Key Validation > should handle whitespace-only string
 ✓ src/__tests__/openaiProvider.test.ts > OpenAIProvider > Request Formatting > should include model in request payload
 ✓ src/__tests__/openaiProvider.test.ts > OpenAIProvider > Request Formatting > should include messages array with system and user messages
 ✓ src/__tests__/openaiProvider.test.ts > OpenAIProvider > Request Formatting > should include full context in description request
 ✓ src/__tests__/openaiProvider.test.ts > OpenAIProvider > Request Formatting > should set streaming in request payload
 ✓ src/__tests__/openaiProvider.test.ts > OpenAIProvider > Response Parsing > should parse successful response with content
 ✓ src/__tests__/openaiProvider.test.ts > OpenAIProvider > Response Parsing > should handle response with multiple delta chunks
 ✓ src/__tests__/openaiProvider.test.ts > OpenAIProvider > Response Parsing > should handle response missing choices array
 ✓ src/__tests__/openaiProvider.test.ts > OpenAIProvider > Response Parsing > should handle response with empty content
 ✓ src/__tests__/openaiProvider.test.ts > OpenAIProvider > Error Handling > should throw error for 401 Unauthorized
 ✓ src/__tests__/openaiProvider.test.ts > OpenAIProvider > Error Handling > should throw error for 429 Rate Limited
 ✓ src/__tests__/openaiProvider.test.ts > OpenAIProvider > Error Handling > should throw error for 500 Server Error
 ✓ src/__tests__/openaiProvider.test.ts > OpenAIProvider > Error Handling > should throw error for network failure
 ✓ src/__tests__/openaiProvider.test.ts > OpenAIProvider > Error Handling > should throw error for malformed JSON
 ✓ src/__tests__/openaiProvider.test.ts > OpenAIProvider > Error Handling > should throw error when API key not configured
 ✓ src/__tests__/openaiProvider.test.ts > OpenAIProvider > Error Handling > should throw error for invalid API key format
 ✓ src/__tests__/openaiProvider.test.ts > OpenAIProvider > Stream Processing > should handle single chunk processing
 ✓ src/__tests__/openaiProvider.test.ts > OpenAIProvider > Stream Processing > should handle multiple chunk accumulation
 ✓ src/__tests__/openaiProvider.test.ts > OpenAIProvider > Stream Processing > should stop processing at data: [DONE]
 ✓ src/__tests__/openaiProvider.test.ts > OpenAIProvider > validateConfig > should return valid for configured provider
 ✓ src/__tests__/openaiProvider.test.ts > OpenAIProvider > validateConfig > should return invalid for unconfigured provider
 ✓ src/__tests__/openaiProvider.test.ts > OpenAIProvider > validateConfig > should return invalid for wrong format key
 ✓ src/__tests__/openaiProvider.test.ts > OpenAIProvider > getConfig > should return current configuration
 ✓ src/__tests__/openaiProvider.test.ts > OpenAIProvider > isAvailable > should return true for valid API key
 ✓ src/__tests__/openaiProvider.test.ts > OpenAIProvider > isAvailable > should return false for invalid API key
 ✓ src/__tests__/openaiProvider.test.ts > OpenAIProvider > isAvailable > should return false for missing API key
 ✓ src/__tests__/openaiProvider.test.ts > OpenAIProvider > setAPIKey > should update API key
 ✓ src/__tests__/openaiProvider.test.ts > OpenAIProvider > setAPIKey > should allow setting empty key
 ✓ src/__tests__/openaiProvider.test.ts > OpenAIProvider > setModel > should update model
 ✓ src/__tests__/openaiProvider.test.ts > OpenAIProvider > testConnection > should return success for valid API key
 ✓ src/__tests__/openaiProvider.test.ts > OpenAIProvider > testConnection > should return error for 401
 ✓ src/__tests__/openaiProvider.test.ts > OpenAIProvider > testConnection > should return error for rate limit
 ✓ src/__tests__/openaiProvider.test.ts > OpenAIProvider > testConnection > should return error for missing API key
 ✓ src/__tests__/openaiProvider.test.ts > OpenAIProvider > Factory function > should create OpenAIProvider with createOpenAIProvider
 ✓ src/__tests__/openaiProvider.test.ts > OpenAIProvider > Factory function > should accept optional config
 ✓ src/__tests__/openaiProvider.test.ts > OpenAIProvider > Response Sanitization > should remove HTML tags from response
 ✓ src/__tests__/openaiProvider.test.ts > OpenAIProvider > Response Sanitization > should remove control characters from response
 ✓ src/__tests__/openaiProvider.test.ts > OpenAIProvider > Response Sanitization > should remove API error messages from response
 ✓ src/__tests__/aiDescription.test.ts > AI Description Service > MockAIService.generateDescription > should generate Chinese description by default 402ms
 ✓ src/__tests__/statisticsAnalyzer.test.ts > AC6: Machine Performance Score > calculatePerformanceScore > should calculate score using formula: (stability * power) / (energyCost + 1)
 ✓ src/__tests__/statisticsAnalyzer.test.ts > AC6: Machine Performance Score > calculatePerformanceScore > should round score to 2 decimal places
 ✓ src/__tests__/statisticsAnalyzer.test.ts > AC6: Machine Performance Score > calculatePerformanceScore > should handle zero energyCost (divisor becomes 1)
 ✓ src/__tests__/statisticsAnalyzer.test.ts > AC6: Machine Performance Score > calculatePerformanceScore > should handle zero power (score is 0)
 ✓ src/__tests__/statisticsAnalyzer.test.ts > AC6: Machine Performance Score > calculatePerformanceScore > should handle zero stability (score is 0)
 ✓ src/__tests__/statisticsAnalyzer.test.ts > AC6: Machine Performance Score > calculatePerformanceScore > should handle high values correctly
 ✓ src/__tests__/statisticsAnalyzer.test.ts > AC6: Machine Performance Score > calculatePerformanceScore > should handle very high energyCost
 ✓ src/__tests__/statisticsAnalyzer.test.ts > AC3: Module Composition > should count modules correctly
 ✓ src/__tests__/statisticsAnalyzer.test.ts > AC3: Module Composition > should calculate percentages correctly
 ✓ src/__tests__/statisticsAnalyzer.test.ts > AC3: Module Composition > should handle empty entries array
 ✓ src/__tests__/statisticsAnalyzer.test.ts > AC3: Module Composition > should handle entries with no modules
 ✓ src/__tests__/statisticsAnalyzer.test.ts > AC3: Module Composition > should sort results by count descending
 ✓ src/__tests__/statisticsAnalyzer.test.ts > AC4: Rarity Distribution > should count rarities correctly
 ✓ src/__tests__/statisticsAnalyzer.test.ts > AC4: Rarity Distribution > should calculate rarity percentages correctly
 ✓ src/__tests__/statisticsAnalyzer.test.ts > AC4: Rarity Distribution > should include all rarity tiers even if count is 0
 ✓ src/__tests__/statisticsAnalyzer.test.ts > AC4: Rarity Distribution > should handle empty entries
 ✓ src/__tests__/statisticsAnalyzer.test.ts > AC4: Rarity Distribution > should calculate accurate distribution
 ✓ src/__tests__/statisticsAnalyzer.test.ts > Faction Popularity Analysis > should analyze faction popularity correctly
 ✓ src/__tests__/statisticsAnalyzer.test.ts > Faction Popularity Analysis > should handle entries with no faction modules
 ✓ src/__tests__/statisticsAnalyzer.test.ts > Connection Pattern Analysis > should calculate average connections per machine
 ✓ src/__tests__/statisticsAnalyzer.test.ts > Connection Pattern Analysis > should calculate average modules per machine
 ✓ src/__tests__/statisticsAnalyzer.test.ts > Connection Pattern Analysis > should handle empty entries
 ✓ src/__tests__/statisticsAnalyzer.test.ts > Trend Data Generation > should generate trend data from entries
 ✓ src/__tests__/statisticsAnalyzer.test.ts > Trend Data Generation > should handle empty entries
 ✓ src/__tests__/statisticsAnalyzer.test.ts > Machine Comparison > should compare two machines correctly
 ✓ src/__tests__/statisticsAnalyzer.test.ts > AC5: Statistics Export > should generate valid export data structure
 ✓ src/__tests__/statisticsAnalyzer.test.ts > AC5: Statistics Export > should include all required fields in JSON output
 ✓ src/__tests__/statisticsAnalyzer.test.ts > AC5: Statistics Export > should validate exported statistics structure
 ✓ src/__tests__/statisticsAnalyzer.test.ts > AC5: Statistics Export > should reject invalid export structure
 ✓ src/__tests__/statisticsAnalyzer.test.ts > AC5: Statistics Export > should reject malformed performance scores
 ✓ src/__tests__/statisticsAnalyzer.test.ts > Test Count Verification > should have sufficient tests for AC coverage
 ✓ src/__tests__/WelcomeModal.test.tsx > WelcomeModal Integration > AC1: WelcomeModal appears on first visit (no localStorage) > should return hasSeenWelcome=false for first time user
 ✓ src/__tests__/WelcomeModal.test.tsx > WelcomeModal Integration > AC1: WelcomeModal appears on first visit (no localStorage) > should return isTutorialEnabled=true for first time user
 ✓ src/__tests__/WelcomeModal.test.tsx > WelcomeModal Integration > AC1: WelcomeModal appears on first visit (no localStorage) > should show modal when no localStorage data exists
 ✓ src/__tests__/WelcomeModal.test.tsx > WelcomeModal Integration > AC2: WelcomeModal does NOT appear on subsequent visits > should return hasSeenWelcome=true when dismissed state is set
 ✓ src/__tests__/WelcomeModal.test.tsx > WelcomeModal Integration > AC2: WelcomeModal does NOT appear on subsequent visits > should not show modal when dismissed key is set
 ✓ src/__tests__/WelcomeModal.test.tsx > WelcomeModal Integration > AC2: WelcomeModal does NOT appear on subsequent visits > should return hasSeenWelcome=true when Zustand store has hasSeenWelcome=true
 ✓ src/__tests__/WelcomeModal.test.tsx > WelcomeModal Integration > AC2: WelcomeModal does NOT appear on subsequent visits > should not show modal when isTutorialEnabled=false in Zustand store
 ✓ src/__tests__/WelcomeModal.test.tsx > WelcomeModal Integration > AC2: WelcomeModal does NOT appear on subsequent visits > should prioritize dismissed key over Zustand store values
 ✓ src/__tests__/WelcomeModal.test.tsx > WelcomeModal Integration > AC3: Close button dismisses modal > should set localStorage dismissed key when close is triggered
 ✓ src/__tests__/WelcomeModal.test.tsx > WelcomeModal Integration > AC3: Close button dismisses modal > should update tutorial store hasSeenWelcome when dismissed
 ✓ src/__tests__/WelcomeModal.test.tsx > WelcomeModal Integration > AC3: Close button dismisses modal > should update tutorial store isTutorialEnabled when skipped
 ✓ src/__tests__/WelcomeModal.test.tsx > WelcomeModal Integration > AC3: Close button dismisses modal > should persist both store updates after dismissal
 ✓ src/__tests__/WelcomeModal.test.tsx > WelcomeModal Integration > AC4: Backdrop click dismisses modal > should have same behavior as close button for dismissal
 ✓ src/__tests__/WelcomeModal.test.tsx > WelcomeModal Integration > AC4: Backdrop click dismisses modal > should call skipTutorial on the store
 ✓ src/__tests__/WelcomeModal.test.tsx > WelcomeModal Integration > AC5: Clicking inside modal content does NOT dismiss modal > should not trigger dismissal when clicking inside content area
 ✓ src/__tests__/WelcomeModal.test.tsx > WelcomeModal Integration > AC5: Clicking inside modal content does NOT dismiss modal > should preserve store state when content is clicked
 ✓ src/__tests__/WelcomeModal.test.tsx > WelcomeModal Integration > AC6 & AC7: Pointer events work after dismissal > should allow canvas interactions after modal dismissal
 ✓ src/__tests__/WelcomeModal.test.tsx > WelcomeModal Integration > AC6 & AC7: Pointer events work after dismissal > should allow toolbar interactions after modal dismissal
 ✓ src/__tests__/WelcomeModal.test.tsx > WelcomeModal Integration > AC6 & AC7: Pointer events work after dismissal > should set dismissed state when dismissal is triggered
 ✓ src/__tests__/WelcomeModal.test.tsx > WelcomeModal Integration > AC8: Persistence across page refresh > should persist dismissal state in localStorage
 ✓ src/__tests__/WelcomeModal.test.tsx > WelcomeModal Integration > AC8: Persistence across page refresh > should return hasSeenWelcome=true from getInitialTutorialState after dismissal
 ✓ src/__tests__/WelcomeModal.test.tsx > WelcomeModal Integration > AC8: Persistence across page refresh > should not show modal on remount after dismissal
 ✓ src/__tests__/WelcomeModal.test.tsx > WelcomeModal Integration > AC8: Persistence across page refresh > should handle corrupted localStorage gracefully
 ✓ src/__tests__/WelcomeModal.test.tsx > WelcomeModal Integration > AC8: Persistence across page refresh > should handle localStorage being unavailable
 ✓ src/__tests__/WelcomeModal.test.tsx > WelcomeModal Integration > AC9: Existing workflow integrity > should NOT call startFresh when user skips welcome modal
 ✓ src/__tests__/WelcomeModal.test.tsx > WelcomeModal Integration > AC9: Existing workflow integrity > should preserve modules in the store when skip is called
 ✓ src/__tests__/WelcomeModal.test.tsx > WelcomeModal Integration > AC9: Existing workflow integrity > should set hasSeenWelcome to true when skip is called
 ✓ src/__tests__/WelcomeModal.test.tsx > WelcomeModal Integration > AC9: Existing workflow integrity > should set tutorialEnabled to false when skip is called
 ✓ src/__tests__/WelcomeModal.test.tsx > WelcomeModal Integration > AC9: Existing workflow integrity > should preserve machine editing functionality after skip
 ✓ src/__tests__/WelcomeModal.test.tsx > WelcomeModal Integration > ClearWelcomeDismissedState function > should remove the dismissed key from localStorage
 ✓ src/__tests__/WelcomeModal.test.tsx > WelcomeModal Integration > ClearWelcomeDismissedState function > should allow modal to show again after clearing
 ✓ src/__tests__/WelcomeModal.test.tsx > WelcomeModal Integration > Edge cases > should handle rapid dismissals without double-calling
 ✓ src/__tests__/WelcomeModal.test.tsx > WelcomeModal Integration > Edge cases > should handle missing tutorial state but present canvas state
 ✓ src/__tests__/WelcomeModal.test.tsx > WelcomeModal Integration > Tutorial Store Integration > should update hasSeenWelcome state correctly
 ✓ src/__tests__/WelcomeModal.test.tsx > WelcomeModal Integration > Tutorial Store Integration > should update isTutorialEnabled state correctly
 ✓ src/__tests__/WelcomeModal.test.tsx > WelcomeModal Integration > Tutorial Store Integration > should allow multiple state changes
 ✓ src/__tests__/WelcomeModal.test.tsx > WelcomeModal Integration > Tutorial Store Integration > should prevent welcome modal from reappearing after skip
 ✓ src/__tests__/WelcomeModal.test.tsx > Test Coverage Verification > should have minimum 15 tests for WelcomeModal
 ✓ src/__tests__/aiDescriptionIntegration.test.ts > AI Description Integration (AC-104-005, AC-104-006) > AC-104-005: AI Description Generation Integration > should trigger description generation when generate button is clicked
 ✓ src/__tests__/aiDescriptionIntegration.test.ts > AI Description Integration (AC-104-005, AC-104-006) > AC-104-005: AI Description Generation Integration > should display description result after generation completes
 ✓ src/__tests__/useKeyboardShortcuts.test.ts > Keyboard Shortcuts - Store Actions > Delete key > should delete selected module when Delete key is pressed
 ✓ src/__tests__/useKeyboardShortcuts.test.ts > Keyboard Shortcuts - Store Actions > Delete key > should delete selected connection when Delete key is pressed
 ✓ src/__tests__/useKeyboardShortcuts.test.ts > Keyboard Shortcuts - Store Actions > Escape key > should deselect module when Escape is pressed
 ✓ src/__tests__/useKeyboardShortcuts.test.ts > Keyboard Shortcuts - Store Actions > Escape key > should cancel connection when Escape is pressed during connection
 ✓ src/__tests__/useKeyboardShortcuts.test.ts > Keyboard Shortcuts - Store Actions > R key - Rotate > should rotate module by 90 degrees when R key is pressed
 ✓ src/__tests__/useKeyboardShortcuts.test.ts > Keyboard Shortcuts - Store Actions > F key - Flip > should toggle flipped state on selected module
 ✓ src/__tests__/useKeyboardShortcuts.test.ts > Keyboard Shortcuts - Store Actions > Ctrl+Z Undo > should revert last action when Ctrl+Z is pressed
 ✓ src/__tests__/useKeyboardShortcuts.test.ts > Keyboard Shortcuts - Store Actions > Ctrl+Y Redo > should restore previously undone action when Ctrl+Y is pressed
 ✓ src/__tests__/useKeyboardShortcuts.test.ts > Keyboard Shortcuts - Store Actions > Ctrl+D Duplicate > should duplicate selected module when Ctrl+D is pressed
 ✓ src/__tests__/useKeyboardShortcuts.test.ts > Keyboard Shortcuts - Store Actions > Ctrl+D Duplicate > should offset duplicated module by 20px right and down
 ✓ src/__tests__/useKeyboardShortcuts.test.ts > Keyboard Shortcuts - Store Actions > Ctrl+C Copy > should copy selected module to clipboard
 ✓ src/__tests__/useKeyboardShortcuts.test.ts > Keyboard Shortcuts - Store Actions > Ctrl+C Copy > should copy all modules when none selected
 ✓ src/__tests__/useKeyboardShortcuts.test.ts > Keyboard Shortcuts - Store Actions > Ctrl+V Paste > should paste modules from clipboard
 ✓ src/__tests__/useKeyboardShortcuts.test.ts > Keyboard Shortcuts - Store Actions > Ctrl+V Paste > should offset pasted modules by 30px
 ✓ src/__tests__/useKeyboardShortcuts.test.ts > Keyboard Shortcuts - Store Actions > Ctrl+V Paste > should not paste when clipboard is empty
 ✓ src/__tests__/useKeyboardShortcuts.test.ts > Keyboard Shortcuts - Store Actions > Ctrl+A Select All > should select first module when selectAllModules is called
 ✓ src/__tests__/useKeyboardShortcuts.test.ts > Keyboard Shortcuts - Store Actions > Ctrl+A Select All > should do nothing when no modules exist
 ✓ src/__tests__/useKeyboardShortcuts.test.ts > Keyboard Shortcuts - Store Actions > Ctrl+S Save to Codex Modal > should open codex modal when setShowCodexModal is called
 ✓ src/__tests__/useKeyboardShortcuts.test.ts > Keyboard Shortcuts - Store Actions > Ctrl+S Save to Codex Modal > should close codex modal when setShowCodexModal is called with false
 ✓ src/__tests__/useKeyboardShortcuts.test.ts > Keyboard Shortcuts - Store Actions > Ctrl+E Export Modal > should open export modal when setShowExportModal is called
 ✓ src/__tests__/useKeyboardShortcuts.test.ts > Keyboard Shortcuts - Store Actions > Ctrl+E Export Modal > should close export modal when setShowExportModal is called with false
 ✓ src/__tests__/useKeyboardShortcuts.test.ts > Keyboard Shortcuts - Store Actions > Scale Slider > should update module scale
 ✓ src/__tests__/useKeyboardShortcuts.test.ts > Keyboard Shortcuts - Store Actions > Scale Slider > should clamp scale between 0.5 and 2.0
 ✓ src/__tests__/useKeyboardShortcuts.test.ts > Keyboard Shortcuts - Store Actions > Edge Case: Null/undefined target handling > should not throw error when keyboard event has no target
 ✓ src/__tests__/useKeyboardShortcuts.test.ts > Keyboard Shortcuts - Store Actions > Edge Case: Null/undefined target handling > should not throw error when keyboard event target is window-like object
 ✓ src/__tests__/useKeyboardShortcuts.test.ts > Keyboard Shortcuts - Store Actions > Edge Case: Null/undefined target handling > should not throw error when keyboard event target is proper element
 ✓ src/__tests__/useKeyboardShortcuts.test.ts > Keyboard Shortcuts - Store Actions > Edge Case: Null/undefined target handling > should detect input field correctly
 ✓ src/__tests__/useKeyboardShortcuts.test.ts > Keyboard Shortcuts - Input Field Exclusion Logic > should safely handle target.closest when target is null
 ✓ src/__tests__/useKeyboardShortcuts.test.ts > Keyboard Shortcuts - Input Field Exclusion Logic > should safely handle target.closest when target lacks the method
 ✓ src/__tests__/useKeyboardShortcuts.test.ts > Keyboard Shortcuts - Input Field Exclusion Logic > should correctly identify input fields
 ✓ src/__tests__/aiDescriptionIntegration.test.ts > AI Description Integration (AC-104-005, AC-104-006) > AC-104-005: AI Description Generation Integration > should handle loading state during description generation
 ✓ src/__tests__/aiDescriptionIntegration.test.ts > AI Description Integration (AC-104-005, AC-104-006) > AC-104-005: AI Description Generation Integration > should handle errors during description generation
 ✓ src/__tests__/aiDescriptionIntegration.test.ts > AI Description Integration (AC-104-005, AC-104-006) > AC-104-005: AI Description Generation Integration > should not crash when machine has no modules
 ✓ src/__tests__/aiDescriptionIntegration.test.ts > AI Description Integration (AC-104-005, AC-104-006) > AC-104-005: AI Description Generation Integration > should save description to machine store
 ✓ src/__tests__/aiDescriptionIntegration.test.ts > AI Description Integration (AC-104-005, AC-104-006) > AC-104-006: Description in Export > should include description field in codex entry export
 ✓ src/__tests__/aiDescriptionIntegration.test.ts > AI Description Integration (AC-104-005, AC-104-006) > AC-104-006: Description in Export > should handle undefined description gracefully in export
 ✓ src/__tests__/aiDescriptionIntegration.test.ts > AI Description Integration (AC-104-005, AC-104-006) > AC-104-006: Description in Export > should export codex entry as JSON with description
 ✓ src/__tests__/aiDescriptionIntegration.test.ts > AI Description Integration (AC-104-005, AC-104-006) > AC-104-006: Description in Export > should match GeneratedAttributes type requirements
 ✓ src/__tests__/aiDescriptionIntegration.test.ts > AI Description Integration (AC-104-005, AC-104-006) > AC-104-006: Description in Export > should preserve description through store updates
 ✓ src/__tests__/aiDescriptionIntegration.test.ts > AI Description Integration (AC-104-005, AC-104-006) > Description Generation Flow > should call generateFullAttributes before generateDescription
 ✓ src/__tests__/aiDescriptionIntegration.test.ts > AI Description Integration (AC-104-005, AC-104-006) > Description Generation Flow > should pass correct attributes to description generator
 ✓ src/__tests__/aiDescriptionIntegration.test.ts > AI Description Integration (AC-104-005, AC-104-006) > Description Generation Flow > should support all description style options
 ✓ src/__tests__/ModalCoordination.test.tsx > ModalCoordination - LoadPromptModal Integration > AC1: Skip WelcomeModal with saved state - LoadPromptModal should NOT appear > should call setShowLoadPrompt(false) when skipping with saved state
 ✓ src/__tests__/ModalCoordination.test.tsx > ModalCoordination - LoadPromptModal Integration > AC1: Skip WelcomeModal with saved state - LoadPromptModal should NOT appear > should NOT crash when setShowLoadPrompt is not provided (backward compatible)
 ✓ src/__tests__/ModalCoordination.test.tsx > ModalCoordination - LoadPromptModal Integration > AC2: Skip WelcomeModal without saved state - LoadPromptModal should NOT appear > should call setShowLoadPrompt(false) when skipping without saved state
 ✓ src/__tests__/ModalCoordination.test.tsx > ModalCoordination - LoadPromptModal Integration > AC3: Start Tutorial - LoadPromptModal should NOT appear > should NOT call setShowLoadPrompt when starting tutorial
 ✓ src/__tests__/ModalCoordination.test.tsx > ModalCoordination - LoadPromptModal Integration > Integration: Complete Skip Flow Verification > should verify the complete skip flow correctly suppresses LoadPromptModal
 ✓ src/__tests__/ModalCoordination.test.tsx > ModalCoordination - LoadPromptModal Integration > Integration: Complete Skip Flow Verification > should verify LoadPromptModal condition in App.tsx
 ✓ src/__tests__/ModalCoordination.test.tsx > ModalCoordination - LoadPromptModal Integration > Edge Cases > should handle setShowLoadPrompt being called multiple times gracefully
 ✓ src/__tests__/ModalCoordination.test.tsx > ModalCoordination - LoadPromptModal Integration > Edge Cases > should work correctly when setShowLoadPrompt is undefined
 ✓ src/__tests__/ModalCoordination.test.tsx > ModalCoordination - LoadPromptModal Integration > Edge Cases > should preserve tutorial state even when setShowLoadPrompt fails
 ✓ src/__tests__/ModalCoordination.test.tsx > ModalCoordination - LoadPromptModal Integration > Canvas State Preservation > should preserve canvas modules when skipping with existing modules
 ✓ src/__tests__/ModalCoordination.test.tsx > ModalCoordination - LoadPromptModal Integration > Canvas State Preservation > should restore canvas modules from saved state when skipping
 ✓ src/__tests__/ModalCoordination.test.tsx > ModalCoordination - LoadPromptModal Integration > App.tsx Integration Pattern > should update showLoadPrompt state when WelcomeModal is skipped
 ✓ src/__tests__/ModalCoordination.test.tsx > ModalCoordination - LoadPromptModal Integration > App.tsx Integration Pattern > should model the App.tsx condition correctly
 ✓ src/__tests__/aiDescription.test.ts > AI Description Service > MockAIService.generateDescription > should include English description when available 401ms
 ✓ src/__tests__/connectionEngineFix.test.ts > connectionEngine Fix Tests > P0: AC2 - Path Updates When Modules Are Moved > should recalculate path when source module is moved
 ✓ src/__tests__/connectionEngineFix.test.ts > connectionEngine Fix Tests > P0: AC2 - Path Updates When Modules Are Moved > should recalculate path when target module is moved
 ✓ src/__tests__/connectionEngineFix.test.ts > connectionEngine Fix Tests > P0: AC2 - Path Updates When Modules Are Moved > should NOT leave ghost/stale paths after module move - updatePathsForModule
 ✓ src/__tests__/connectionEngineFix.test.ts > connectionEngine Fix Tests > P0: AC2 - Path Updates When Modules Are Moved > should only update paths for affected connections
 ✓ src/__tests__/connectionEngineFix.test.ts > connectionEngine Fix Tests > P0: AC2 - Path Updates When Modules Are Moved > should handle module rotation for path recalculation
 ✓ src/__tests__/connectionEngineFix.test.ts > connectionEngine Fix Tests > Memoization and Cache Management > should use cache for repeated path calculations
 ✓ src/__tests__/connectionEngineFix.test.ts > connectionEngine Fix Tests > Memoization and Cache Management > should invalidate cache when module position changes
 ✓ src/__tests__/connectionEngineFix.test.ts > connectionEngine Fix Tests > Memoization and Cache Management > should clear all caches on clearAllPathCaches
 ✓ src/__tests__/connectionEngineFix.test.ts > connectionEngine Fix Tests > recalculateAllPaths > should recalculate all connection paths
 ✓ src/__tests__/connectionEngineFix.test.ts > connectionEngine Fix Tests > getPortWorldPosition > should calculate correct position without rotation
 ✓ src/__tests__/connectionEngineFix.test.ts > connectionEngine Fix Tests > getPortWorldPosition > should calculate correct position with 90 degree rotation
 ✓ src/__tests__/connectionEngineFix.test.ts > connectionEngine Fix Tests > validateConnection > should not allow self-connection
 ✓ src/__tests__/connectionEngineFix.test.ts > connectionEngine Fix Tests > validateConnection > should not allow same port type connection
 ✓ src/__tests__/connectionEngineFix.test.ts > connectionEngine Fix Tests > validateConnection > should allow valid connection
 ✓ src/__tests__/connectionEngineFix.test.ts > connectionEngine Fix Tests > connectionExists > should detect existing connections
 ✓ src/__tests__/connectionEngineFix.test.ts > connectionEngine Fix Tests > getModuleConnections > should return all connections for a module
 ✓ src/__tests__/connectionEngineFix.test.ts > connectionEngine Fix Tests > getConnectionFlowOrder > should return BFS order starting from core furnace
 ✓ src/__tests__/connectionEngineFix.test.ts > connectionEngine Fix Tests > getConnectionFlowOrder > should include all modules even if disconnected
stderr | src/__tests__/functional/codexCore.test.ts > Codex System Functional Tests > AC-CODEX-001: Codex Save and Retrieve > should save machine to codex with basic attributes
Warning: `ReactDOMTestUtils.act` is deprecated in favor of `React.act`. Import `act` from `react` instead of `react-dom/test-utils`. See https://react.dev/warnings/react-dom-test-utils for more info.

 ✓ src/__tests__/functional/codexCore.test.ts > Codex System Functional Tests > AC-CODEX-001: Codex Save and Retrieve > should save machine to codex with basic attributes
 ✓ src/__tests__/functional/codexCore.test.ts > Codex System Functional Tests > AC-CODEX-001: Codex Save and Retrieve > should save machine with modules and connections
 ✓ src/__tests__/functional/codexCore.test.ts > Codex System Functional Tests > AC-CODEX-001: Codex Save and Retrieve > should generate unique codex ID for each entry
 ✓ src/__tests__/functional/codexCore.test.ts > Codex System Functional Tests > AC-CODEX-001: Codex Save and Retrieve > should retrieve entry by ID
 ✓ src/__tests__/functional/codexCore.test.ts > Codex System Functional Tests > AC-CODEX-001: Codex Save and Retrieve > should return undefined for non-existent entry
 ✓ src/__tests__/functional/codexCore.test.ts > Codex System Functional Tests > AC-CODEX-001: Codex Save and Retrieve > should filter entries by rarity
 ✓ src/__tests__/functional/codexCore.test.ts > Codex System Functional Tests > AC-CODEX-001: Codex Save and Retrieve > should count entries correctly
 ✓ src/__tests__/functional/codexCore.test.ts > Codex System Functional Tests > AC-CODEX-001: Codex Save and Retrieve > should remove entry correctly
 ✓ src/__tests__/functional/codexCore.test.ts > Codex System Functional Tests > AC-CODEX-001: Codex Save and Retrieve > should preserve entry data integrity after multiple operations
 ✓ src/__tests__/functional/codexCore.test.ts > Codex System Functional Tests > Codex Integration with Machine Store > should save current machine state to codex
 ✓ src/__tests__/functional/codexCore.test.ts > Codex System Functional Tests > Edge Cases > should handle empty modules array
 ✓ src/__tests__/functional/codexCore.test.ts > Codex System Functional Tests > Edge Cases > should handle special characters in name
 ✓ src/__tests__/functional/codexCore.test.ts > Codex System Functional Tests > Edge Cases > should handle empty tags array
stderr | src/__tests__/animationPerformance.test.ts > Negative Case Fallback Tests > Animation halts gracefully if RAF callback throws
requestAnimationFrame error: Error: Simulated crash
    at /Users/kingboat/Project/hardness/Harness_Engineering/2Dgame/src/__tests__/animationPerformance.test.ts:518:15
    at /Users/kingboat/Project/hardness/Harness_Engineering/2Dgame/src/__tests__/animationPerformance.test.ts:43:31
    at Array.forEach (<anonymous>)
    at animate (/Users/kingboat/Project/hardness/Harness_Engineering/2Dgame/src/__tests__/animationPerformance.test.ts:43:17)
    at /Users/kingboat/Project/hardness/Harness_Engineering/2Dgame/src/__tests__/animationPerformance.test.ts:537:11
    at file:///Users/kingboat/Project/hardness/Harness_Engineering/2Dgame/node_modules/@vitest/runner/dist/index.js:135:14
    at file:///Users/kingboat/Project/hardness/Harness_Engineering/2Dgame/node_modules/@vitest/runner/dist/index.js:60:26
    at runTest (file:///Users/kingboat/Project/hardness/Harness_Engineering/2Dgame/node_modules/@vitest/runner/dist/index.js:781:17)
    at runSuite (file:///Users/kingboat/Project/hardness/Harness_Engineering/2Dgame/node_modules/@vitest/runner/dist/index.js:909:15)
    at runSuite (file:///Users/kingboat/Project/hardness/Harness_Engineering/2Dgame/node_modules/@vitest/runner/dist/index.js:909:15)
requestAnimationFrame error: Error: Simulated crash
    at /Users/kingboat/Project/hardness/Harness_Engineering/2Dgame/src/__tests__/animationPerformance.test.ts:518:15
    at /Users/kingboat/Project/hardness/Harness_Engineering/2Dgame/src/__tests__/animationPerformance.test.ts:43:31
    at Array.forEach (<anonymous>)
    at animate (/Users/kingboat/Project/hardness/Harness_Engineering/2Dgame/src/__tests__/animationPerformance.test.ts:43:17)
    at /Users/kingboat/Project/hardness/Harness_Engineering/2Dgame/src/__tests__/animationPerformance.test.ts:537:11
    at file:///Users/kingboat/Project/hardness/Harness_Engineering/2Dgame/node_modules/@vitest/runner/dist/index.js:135:14
    at file:///Users/kingboat/Project/hardness/Harness_Engineering/2Dgame/node_modules/@vitest/runner/dist/index.js:60:26
    at runTest (file:///Users/kingboat/Project/hardness/Harness_Engineering/2Dgame/node_modules/@vitest/runner/dist/index.js:781:17)
    at runSuite (file:///Users/kingboat/Project/hardness/Harness_Engineering/2Dgame/node_modules/@vitest/runner/dist/index.js:909:15)
    at runSuite (file:///Users/kingboat/Project/hardness/Harness_Engineering/2Dgame/node_modules/@vitest/runner/dist/index.js:909:15)
requestAnimationFrame error: Error: Simulated crash
    at /Users/kingboat/Project/hardness/Harness_Engineering/2Dgame/src/__tests__/animationPerformance.test.ts:518:15
    at /Users/kingboat/Project/hardness/Harness_Engineering/2Dgame/src/__tests__/animationPerformance.test.ts:43:31
    at Array.forEach (<anonymous>)
    at animate (/Users/kingboat/Project/hardness/Harness_Engineering/2Dgame/src/__tests__/animationPerformance.test.ts:43:17)
    at /Users/kingboat/Project/hardness/Harness_Engineering/2Dgame/src/__tests__/animationPerformance.test.ts:537:11
    at file:///Users/kingboat/Project/hardness/Harness_Engineering/2Dgame/node_modules/@vitest/runner/dist/index.js:135:14
    at file:///Users/kingboat/Project/hardness/Harness_Engineering/2Dgame/node_modules/@vitest/runner/dist/index.js:60:26
    at runTest (file:///Users/kingboat/Project/hardness/Harness_Engineering/2Dgame/node_modules/@vitest/runner/dist/index.js:781:17)
    at runSuite (file:///Users/kingboat/Project/hardness/Harness_Engineering/2Dgame/node_modules/@vitest/runner/dist/index.js:909:15)
    at runSuite (file:///Users/kingboat/Project/hardness/Harness_Engineering/2Dgame/node_modules/@vitest/runner/dist/index.js:909:15)
requestAnimationFrame error: Error: Simulated crash
    at /Users/kingboat/Project/hardness/Harness_Engineering/2Dgame/src/__tests__/animationPerformance.test.ts:518:15
    at /Users/kingboat/Project/hardness/Harness_Engineering/2Dgame/src/__tests__/animationPerformance.test.ts:43:31
    at Array.forEach (<anonymous>)
    at animate (/Users/kingboat/Project/hardness/Harness_Engineering/2Dgame/src/__tests__/animationPerformance.test.ts:43:17)
    at /Users/kingboat/Project/hardness/Harness_Engineering/2Dgame/src/__tests__/animationPerformance.test.ts:537:11
    at file:///Users/kingboat/Project/hardness/Harness_Engineering/2Dgame/node_modules/@vitest/runner/dist/index.js:135:14
    at file:///Users/kingboat/Project/hardness/Harness_Engineering/2Dgame/node_modules/@vitest/runner/dist/index.js:60:26
    at runTest (file:///Users/kingboat/Project/hardness/Harness_Engineering/2Dgame/node_modules/@vitest/runner/dist/index.js:781:17)
    at runSuite (file:///Users/kingboat/Project/hardness/Harness_Engineering/2Dgame/node_modules/@vitest/runner/dist/index.js:909:15)
    at runSuite (file:///Users/kingboat/Project/hardness/Harness_Engineering/2Dgame/node_modules/@vitest/runner/dist/index.js:909:15)
requestAnimationFrame error: Error: Simulated crash
    at /Users/kingboat/Project/hardness/Harness_Engineering/2Dgame/src/__tests__/animationPerformance.test.ts:518:15
    at /Users/kingboat/Project/hardness/Harness_Engineering/2Dgame/src/__tests__/animationPerformance.test.ts:43:31
    at Array.forEach (<anonymous>)
    at animate (/Users/kingboat/Project/hardness/Harness_Engineering/2Dgame/src/__tests__/animationPerformance.test.ts:43:17)
    at /Users/kingboat/Project/hardness/Harness_Engineering/2Dgame/src/__tests__/animationPerformance.test.ts:537:11
    at file:///Users/kingboat/Project/hardness/Harness_Engineering/2Dgame/node_modules/@vitest/runner/dist/index.js:135:14
    at file:///Users/kingboat/Project/hardness/Harness_Engineering/2Dgame/node_modules/@vitest/runner/dist/index.js:60:26
    at runTest (file:///Users/kingboat/Project/hardness/Harness_Engineering/2Dgame/node_modules/@vitest/runner/dist/index.js:781:17)
    at runSuite (file:///Users/kingboat/Project/hardness/Harness_Engineering/2Dgame/node_modules/@vitest/runner/dist/index.js:909:15)
    at runSuite (file:///Users/kingboat/Project/hardness/Harness_Engineering/2Dgame/node_modules/@vitest/runner/dist/index.js:909:15)
requestAnimationFrame error: Error: Simulated crash
    at /Users/kingboat/Project/hardness/Harness_Engineering/2Dgame/src/__tests__/animationPerformance.test.ts:518:15
    at /Users/kingboat/Project/hardness/Harness_Engineering/2Dgame/src/__tests__/animationPerformance.test.ts:43:31
    at Array.forEach (<anonymous>)
    at animate (/Users/kingboat/Project/hardness/Harness_Engineering/2Dgame/src/__tests__/animationPerformance.test.ts:43:17)
    at /Users/kingboat/Project/hardness/Harness_Engineering/2Dgame/src/__tests__/animationPerformance.test.ts:537:11
    at file:///Users/kingboat/Project/hardness/Harness_Engineering/2Dgame/node_modules/@vitest/runner/dist/index.js:135:14
    at file:///Users/kingboat/Project/hardness/Harness_Engineering/2Dgame/node_modules/@vitest/runner/dist/index.js:60:26
    at runTest (file:///Users/kingboat/Project/hardness/Harness_Engineering/2Dgame/node_modules/@vitest/runner/dist/index.js:781:17)
    at runSuite (file:///Users/kingboat/Project/hardness/Harness_Engineering/2Dgame/node_modules/@vitest/runner/dist/index.js:909:15)
    at runSuite (file:///Users/kingboat/Project/hardness/Harness_Engineering/2Dgame/node_modules/@vitest/runner/dist/index.js:909:15)

 ✓ src/__tests__/animationPerformance.test.ts > requestAnimationFrame Error Handling (AC1, AC6) > RAF callback does not throw - animation continues smoothly
 ✓ src/__tests__/animationPerformance.test.ts > requestAnimationFrame Error Handling (AC1, AC6) > RAF is properly scheduled in a loop
 ✓ src/__tests__/animationPerformance.test.ts > requestAnimationFrame Error Handling (AC1, AC6) > Animation stops gracefully on cleanup
 ✓ src/__tests__/animationPerformance.test.ts > requestAnimationFrame Error Handling (AC1, AC6) > RAF callback error is caught and logged gracefully
 ✓ src/__tests__/animationPerformance.test.ts > requestAnimationFrame Error Handling (AC1, AC6) > No console errors during normal operation
 ✓ src/__tests__/animationPerformance.test.ts > Animation Frame Rate Performance (AC1) > Frame time never exceeds 20ms threshold
 ✓ src/__tests__/animationPerformance.test.ts > Animation Frame Rate Performance (AC1) > Animation continues at 60fps without stuttering
 ✓ src/__tests__/animationPerformance.test.ts > CSS Transition Fallbacks (AC3, AC4) > Default 200ms transition when transition-duration is missing
 ✓ src/__tests__/animationPerformance.test.ts > CSS Transition Fallbacks (AC3, AC4) > Hover feedback works with instant opacity change fallback
 ✓ src/__tests__/animationPerformance.test.ts > CSS Transition Fallbacks (AC3, AC4) > Selection animation respects 200ms ease-out specification
 ✓ src/__tests__/animationPerformance.test.ts > prefers-reduced-motion Fallback (AC2) > RAF fallback exists for CSS animation failures
 ✓ src/__tests__/animationPerformance.test.ts > prefers-reduced-motion Fallback (AC2) > CSS animation can be verified in computed styles
 ✓ src/__tests__/animationPerformance.test.ts > Port Interaction Feedback (AC4) > Port hover glow appears within 100ms
 ✓ src/__tests__/animationPerformance.test.ts > Port Interaction Feedback (AC4) > Drag state feedback is visible within 100ms
 ✓ src/__tests__/animationPerformance.test.ts > Port Interaction Feedback (AC4) > CSS transition-duration is ≤ 200ms for port elements
 ✓ src/__tests__/animationPerformance.test.ts > Error Keywords Detection (AC6) > Console error with animation error phrase is detected
 ✓ src/__tests__/animationPerformance.test.ts > Error Keywords Detection (AC6) > Normal console.error is not flagged as animation error
 ✓ src/__tests__/animationPerformance.test.ts > Negative Case Fallback Tests > Animation halts gracefully if RAF callback throws
 ✓ src/__tests__/animationPerformance.test.ts > Negative Case Fallback Tests > CSS animation disabled uses RAF fallback
 ✓ src/__tests__/animationPerformance.test.ts > Negative Case Fallback Tests > Missing transition-duration uses default 200ms
 ✓ src/__tests__/useComparisonStore.test.ts > ComparisonStore > selectMachineA > should set selectedMachineA
 ✓ src/__tests__/useComparisonStore.test.ts > ComparisonStore > selectMachineA > should allow null to clear selection
 ✓ src/__tests__/useComparisonStore.test.ts > ComparisonStore > selectMachineA > should not affect selectedMachineB
 ✓ src/__tests__/useComparisonStore.test.ts > ComparisonStore > selectMachineB > should set selectedMachineB
 ✓ src/__tests__/useComparisonStore.test.ts > ComparisonStore > selectMachineB > should allow null to clear selection
 ✓ src/__tests__/useComparisonStore.test.ts > ComparisonStore > selectMachineB > should not affect selectedMachineA
 ✓ src/__tests__/useComparisonStore.test.ts > ComparisonStore > swapMachines > should swap selectedMachineA and selectedMachineB
 ✓ src/__tests__/useComparisonStore.test.ts > ComparisonStore > swapMachines > should handle swapping when one is null
 ✓ src/__tests__/useComparisonStore.test.ts > ComparisonStore > swapMachines > should handle swapping when both are null
 ✓ src/__tests__/useComparisonStore.test.ts > ComparisonStore > clearSelection > should clear both selections
 ✓ src/__tests__/useComparisonStore.test.ts > ComparisonStore > clearSelection > should not clear savedComparisons
 ✓ src/__tests__/useComparisonStore.test.ts > ComparisonStore > saveComparison > should save a comparison when both machines are selected
 ✓ src/__tests__/useComparisonStore.test.ts > ComparisonStore > saveComparison > should not save comparison when only MachineA is selected
 ✓ src/__tests__/useComparisonStore.test.ts > ComparisonStore > saveComparison > should not save comparison when only MachineB is selected
 ✓ src/__tests__/useComparisonStore.test.ts > ComparisonStore > saveComparison > should save comparison without name
 ✓ src/__tests__/useComparisonStore.test.ts > ComparisonStore > saveComparison > should add to existing saved comparisons
 ✓ src/__tests__/useComparisonStore.test.ts > ComparisonStore > removeComparison > should remove a saved comparison by ID
 ✓ src/__tests__/useComparisonStore.test.ts > ComparisonStore > removeComparison > should handle removing non-existent comparison gracefully
 ✓ src/__tests__/useComparisonStore.test.ts > ComparisonStore > loadComparison > should load a saved comparison
 ✓ src/__tests__/useComparisonStore.test.ts > ComparisonStore > loadComparison > should do nothing for non-existent comparison
 ✓ src/__tests__/useComparisonStore.test.ts > ComparisonStore > hasBothSelected > should return true when both machines are selected
 ✓ src/__tests__/useComparisonStore.test.ts > ComparisonStore > hasBothSelected > should return false when only MachineA is selected
 ✓ src/__tests__/useComparisonStore.test.ts > ComparisonStore > hasBothSelected > should return false when only MachineB is selected
 ✓ src/__tests__/useComparisonStore.test.ts > ComparisonStore > hasBothSelected > should return false when neither is selected
 ✓ src/__tests__/useComparisonStore.test.ts > ComparisonStore > getComparisonName > should return comparison name when both machines selected
 ✓ src/__tests__/useComparisonStore.test.ts > ComparisonStore > getComparisonName > should return empty string when only MachineA selected
 ✓ src/__tests__/useComparisonStore.test.ts > ComparisonStore > getComparisonName > should return empty string when only MachineB selected
 ✓ src/__tests__/useComparisonStore.test.ts > ComparisonStore > getComparisonName > should return empty string when neither selected
 ✓ src/__tests__/useComparisonStore.test.ts > ComparisonStore > hydration helpers > should expose isComparisonHydrated function
 ✓ src/__tests__/useComparisonStore.test.ts > ComparisonStore > hydration helpers > should expose hydrateComparisonStore function
 ✓ src/__tests__/useComparisonStore.test.ts > ComparisonStore > edge cases > should handle comparison with identical machines
 ✓ src/__tests__/useComparisonStore.test.ts > ComparisonStore > edge cases > should generate unique IDs for saved comparisons
 ✓ src/__tests__/activationVisualVerification.test.ts > Activation Visual Effects - Phase Transitions > getPhaseFromProgress > should return CHARGING phase for 0-29% progress
 ✓ src/__tests__/activationVisualVerification.test.ts > Activation Visual Effects - Phase Transitions > getPhaseFromProgress > should return ACTIVATING phase for 30-79% progress
 ✓ src/__tests__/activationVisualVerification.test.ts > Activation Visual Effects - Phase Transitions > getPhaseFromProgress > should return ONLINE phase for 80-100% progress
 ✓ src/__tests__/activationVisualVerification.test.ts > Activation Visual Effects - Phase Transitions > getPhaseFromProgress > should handle boundary values correctly
 ✓ src/__tests__/activationVisualVerification.test.ts > Activation Visual Effects - Phase Transitions > Phase Transition Timing > should calculate correct phase at various timestamps
 ✓ src/__tests__/activationVisualVerification.test.ts > Activation Visual Effects - Rarity Colors > getRarityColor > should return correct color for common rarity
 ✓ src/__tests__/activationVisualVerification.test.ts > Activation Visual Effects - Rarity Colors > getRarityColor > should return correct color for uncommon rarity
 ✓ src/__tests__/activationVisualVerification.test.ts > Activation Visual Effects - Rarity Colors > getRarityColor > should return correct color for rare rarity
 ✓ src/__tests__/activationVisualVerification.test.ts > Activation Visual Effects - Rarity Colors > getRarityColor > should return correct color for epic rarity
 ✓ src/__tests__/activationVisualVerification.test.ts > Activation Visual Effects - Rarity Colors > getRarityColor > should return correct color for legendary rarity
 ✓ src/__tests__/activationVisualVerification.test.ts > Activation Visual Effects - Rarity Colors > getRarityColor > should default to common color for unknown rarity
 ✓ src/__tests__/activationVisualVerification.test.ts > Activation Visual Effects - Rarity Colors > getRarityColor > should return hex color format
 ✓ src/__tests__/activationVisualVerification.test.ts > Activation Visual Effects - Rarity Colors > Rarity Color Brightness > should have increasing brightness from common to legendary
 ✓ src/__tests__/activationVisualVerification.test.ts > Activation Visual Effects - Pulse Waves > getPulseWaveCount > should return 1 wave for paths 0-200px
 ✓ src/__tests__/activationVisualVerification.test.ts > Activation Visual Effects - Pulse Waves > getPulseWaveCount > should return 2 waves for paths 201-400px
 ✓ src/__tests__/activationVisualVerification.test.ts > Activation Visual Effects - Pulse Waves > getPulseWaveCount > should return 3 waves for paths >400px
 ✓ src/__tests__/activationVisualVerification.test.ts > Activation Visual Effects - Pulse Waves > getPulseWaveCount > should handle boundary values correctly
 ✓ src/__tests__/activationVisualVerification.test.ts > Activation Visual Effects - Pulse Waves > Pulse Wave Duration Calculation > should calculate duration based on path length
 ✓ src/__tests__/activationVisualVerification.test.ts > Activation Visual Effects - Camera Shake > calculateShakeOffset > should return zero offset at completion
 ✓ src/__tests__/activationVisualVerification.test.ts > Activation Visual Effects - Camera Shake > calculateShakeOffset > should return non-zero offset during shake
 ✓ src/__tests__/activationVisualVerification.test.ts > Activation Visual Effects - Camera Shake > calculateShakeOffset > should decay over time
 ✓ src/__tests__/activationVisualVerification.test.ts > Activation Visual Effects - Camera Shake > calculateShakeOffset > should scale with magnitude parameter
 ✓ src/__tests__/activationVisualVerification.test.ts > Activation Visual Effects - Camera Shake > calculateShakeOffset > should handle near-zero duration with timestamp at duration
 ✓ src/__tests__/activationVisualVerification.test.ts > Activation Visual Effects - Camera Shake > calculateShakeOffset > should produce consistent results for same inputs
 ✓ src/__tests__/activationVisualVerification.test.ts > Activation Visual Effects - Glow Animation > Glow Intensity Calculation > should calculate glow based on activation progress
 ✓ src/__tests__/activationVisualVerification.test.ts > Activation Visual Effects - Glow Animation > Glow Color Based on Rarity > should apply color tint based on rarity
 ✓ src/__tests__/activationVisualVerification.test.ts > Activation Visual Effects - Particle System > Particle Spawn Timing > should calculate particle spawn based on connection light-up
 ✓ src/__tests__/activationVisualVerification.test.ts > Activation Visual Effects - Particle System > Particle Count Based on Path Length > should spawn more particles for longer paths
 ✓ src/__tests__/activationVisualVerification.test.ts > Activation Visual Effects - Particle System > Particle Animation Duration > should calculate particle travel time based on path
 ✓ src/__tests__/activationVisualVerification.test.ts > Activation Visual Effects - State Machine Transitions > Idle to Charging Transition > should trigger charging state
 ✓ src/__tests__/activationVisualVerification.test.ts > Activation Visual Effects - State Machine Transitions > Charging to Activating Transition > should trigger activating state at 30%
 ✓ src/__tests__/activationVisualVerification.test.ts > Activation Visual Effects - State Machine Transitions > Activating to Online Transition > should trigger online state at 80%
 ✓ src/__tests__/activationVisualVerification.test.ts > Activation Visual Effects - State Machine Transitions > Full State Progression > should progress through all states in order
 ✓ src/__tests__/aiDescription.test.ts > AI Description Service > MockAIService.generateDescription > should include lore text 402ms
 ✓ src/__tests__/activationPanZoom.test.ts > Activation Pan/Zoom Performance Tests > AC4.1: 20-module canvas activation produces zero console errors > adding 20 modules does not produce console errors
 ✓ src/__tests__/activationPanZoom.test.ts > Activation Pan/Zoom Performance Tests > AC4.1: 20-module canvas activation produces zero console errors > activation with 20 modules does not produce console errors
 ✓ src/__tests__/activationPanZoom.test.ts > Activation Pan/Zoom Performance Tests > AC4.1: 20-module canvas activation produces zero console errors > zoom operations do not produce console errors
 ✓ src/__tests__/activationPanZoom.test.ts > Activation Pan/Zoom Performance Tests > AC4.1: 20-module canvas activation produces zero console errors > pan operations do not produce console errors
 ✓ src/__tests__/activationPanZoom.test.ts > Activation Pan/Zoom Performance Tests > AC4.1: 20-module canvas activation produces zero console errors > combined pan/zoom during activation does not produce errors
 ✓ src/__tests__/activationPanZoom.test.ts > Activation Pan/Zoom Performance Tests > AC4.2: Execution time < 2000ms > 20 module addition completes quickly
 ✓ src/__tests__/activationPanZoom.test.ts > Activation Pan/Zoom Performance Tests > AC4.2: Execution time < 2000ms > activation cycle completes quickly with 20 modules
 ✓ src/__tests__/activationPanZoom.test.ts > Activation Pan/Zoom Performance Tests > AC4.2: Execution time < 2000ms > zoom operations complete quickly
 ✓ src/__tests__/activationPanZoom.test.ts > Activation Pan/Zoom Performance Tests > AC4.3: Canvas remains responsive during pan/zoom > canvas can still add modules during activation
 ✓ src/__tests__/activationPanZoom.test.ts > Activation Pan/Zoom Performance Tests > AC4.3: Canvas remains responsive during pan/zoom > canvas can still perform viewport operations during activation
 ✓ src/__tests__/activationPanZoom.test.ts > Activation Pan/Zoom Performance Tests > AC4.3: Canvas remains responsive during pan/zoom > zoom-to-fit works during activation with many modules
 ✓ src/__tests__/activationPanZoom.test.ts > Activation Pan/Zoom Performance Tests > AC4.3: Canvas remains responsive during pan/zoom > activation zoom state can be started and ended
 ✓ src/__tests__/activationPanZoom.test.ts > Activation Pan/Zoom Performance Tests > Performance with many modules > adding 20 modules maintains module count integrity
 ✓ src/__tests__/activationPanZoom.test.ts > Activation Pan/Zoom Performance Tests > Performance with many modules > removing modules during activation works correctly
 ✓ src/__tests__/activationPanZoom.test.ts > Activation Pan/Zoom Performance Tests > Performance with many modules > repeated activation cycles maintain performance
 ✓ src/components/Editor/__tests__/PropertiesPanel.test.tsx > PropertiesPanel > Render > should render PropertiesPanel with header
 ✓ src/components/Editor/__tests__/PropertiesPanel.test.tsx > PropertiesPanel > Render > should render Machine Overview section
 ✓ src/components/Editor/__tests__/PropertiesPanel.test.tsx > PropertiesPanel > Render > should render Canvas Controls section
 ✓ src/components/Editor/__tests__/PropertiesPanel.test.tsx > PropertiesPanel > Render > should render keyboard shortcuts reference
 ✓ src/components/Editor/__tests__/PropertiesPanel.test.tsx > PropertiesPanel > Render > should render grid toggle button
 ✓ src/components/Editor/__tests__/PropertiesPanel.test.tsx > PropertiesPanel > Render > should render reset view button
 ✓ src/components/Editor/__tests__/PropertiesPanel.test.tsx > PropertiesPanel > Render > should render clear canvas button
 ✓ src/components/Editor/__tests__/PropertiesPanel.test.tsx > PropertiesPanel > Selected Module > should show Selected Module section when module is selected
 ✓ src/components/Editor/__tests__/PropertiesPanel.test.tsx > PropertiesPanel > Selected Module > should display module type name
 ✓ src/components/Editor/__tests__/PropertiesPanel.test.tsx > PropertiesPanel > Selected Module > should display module rotation
 ✓ src/components/Editor/__tests__/PropertiesPanel.test.tsx > PropertiesPanel > Selected Module > should display module scale
 ✓ src/components/Editor/__tests__/PropertiesPanel.test.tsx > PropertiesPanel > Selected Module > should render scale slider
 ✓ src/components/Editor/__tests__/PropertiesPanel.test.tsx > PropertiesPanel > Rotation > should call updateModuleRotation when rotate button is clicked
 ✓ src/components/Editor/__tests__/PropertiesPanel.test.tsx > PropertiesPanel > Delete > should call removeModule when delete button is clicked
 ✓ src/components/Editor/__tests__/PropertiesPanel.test.tsx > PropertiesPanel > Canvas Controls > should call toggleGrid when grid button is clicked
 ✓ src/components/Editor/__tests__/PropertiesPanel.test.tsx > PropertiesPanel > Canvas Controls > should show grid status ON
 ✓ src/components/Editor/__tests__/PropertiesPanel.test.tsx > PropertiesPanel > Canvas Controls > should show grid OFF when disabled
 ✓ src/components/Editor/__tests__/PropertiesPanel.test.tsx > PropertiesPanel > Machine Overview > should display machine name
 ✓ src/components/Editor/__tests__/PropertiesPanel.test.tsx > PropertiesPanel > Machine Overview > should display rarity badge
 ✓ src/components/Editor/__tests__/PropertiesPanel.test.tsx > PropertiesPanel > Machine Overview > should display stat bars
 ✓ src/components/Editor/__tests__/PropertiesPanel.test.tsx > PropertiesPanel > Error State > should not crash when modules array is empty
 ✓ src/__tests__/modalAccessibility.test.tsx > ExportModal Accessibility (AC8) > should have role="dialog" on the modal container 316ms
 ✓ src/__tests__/modalAccessibility.test.tsx > ExportModal Accessibility (AC8) > should have aria-modal="true"
 ✓ src/__tests__/modalAccessibility.test.tsx > ExportModal Accessibility (AC8) > should have aria-label for screen readers
 ✓ src/__tests__/modalAccessibility.test.tsx > ExportModal Accessibility (AC8) > should have aria-labelledby or aria-label for title association
 ✓ src/__tests__/modalAccessibility.test.tsx > ExportModal Accessibility (AC8) > should have a close button accessible by keyboard
 ✓ src/__tests__/modalAccessibility.test.tsx > ExportModal Accessibility (AC8) > should close modal when close button is clicked
 ✓ src/__tests__/modalAccessibility.test.tsx > ExportModal Accessibility (AC8) > should have format selection buttons accessible
 ✓ src/__tests__/modalAccessibility.test.tsx > ExportModal Accessibility (AC8) > should have export button accessible
 ✓ src/__tests__/modalAccessibility.test.tsx > ExportModal Accessibility (AC8) > should have cancel button accessible
 ✓ src/__tests__/aiDescription.test.ts > AI Description Service > MockAIService.generateDescription > should include suggested tags 402ms
 ✓ src/__tests__/modalAccessibility.test.tsx > AISettingsPanel Accessibility (AC8) > should have accessible panel structure
 ✓ src/__tests__/modalAccessibility.test.tsx > AISettingsPanel Accessibility (AC8) > should have provider selection buttons accessible
 ✓ src/__tests__/modalAccessibility.test.tsx > AISettingsPanel Accessibility (AC8) > should have close button accessible
 ✓ src/__tests__/modalAccessibility.test.tsx > AISettingsPanel Accessibility (AC8) > should have accessible provider selection interface
 ✓ src/__tests__/modalAccessibility.test.tsx > AISettingsPanel Accessibility (AC8) > should close panel when close button is clicked
 ✓ src/__tests__/modalAccessibility.test.tsx > CodexView Accessibility (AC8) > should have accessible header
 ✓ src/__tests__/modalAccessibility.test.tsx > CodexView Accessibility (AC8) > should have accessible search input
 ✓ src/__tests__/modalAccessibility.test.tsx > CodexView Accessibility (AC8) > should have accessible filter selects
 ✓ src/__tests__/modalAccessibility.test.tsx > CodexView Accessibility (AC8) > should have accessible empty state
 ✓ src/__tests__/performance/keyboardShortcuts.test.ts > AC3: Keyboard Shortcuts Work Correctly > Delete/Backspace - Module Deletion > should delete selected module when Delete key is pressed
 ✓ src/__tests__/performance/keyboardShortcuts.test.ts > AC3: Keyboard Shortcuts Work Correctly > Delete/Backspace - Module Deletion > should delete selected connection when Delete key is pressed
 ✓ src/__tests__/performance/keyboardShortcuts.test.ts > AC3: Keyboard Shortcuts Work Correctly > Delete/Backspace - Module Deletion > should handle Delete with no selection gracefully
 ✓ src/__tests__/performance/keyboardShortcuts.test.ts > AC3: Keyboard Shortcuts Work Correctly > Ctrl+D - Duplicate > should duplicate selected module
 ✓ src/__tests__/performance/keyboardShortcuts.test.ts > AC3: Keyboard Shortcuts Work Correctly > Ctrl+D - Duplicate > should duplicate multiple selected modules
 ✓ src/__tests__/performance/keyboardShortcuts.test.ts > AC3: Keyboard Shortcuts Work Correctly > Ctrl+C - Copy > should copy selected module to clipboard
 ✓ src/__tests__/performance/keyboardShortcuts.test.ts > AC3: Keyboard Shortcuts Work Correctly > Ctrl+C - Copy > should copy all modules when none selected
 ✓ src/__tests__/performance/keyboardShortcuts.test.ts > AC3: Keyboard Shortcuts Work Correctly > Ctrl+V - Paste > should paste modules from clipboard with offset
 ✓ src/__tests__/performance/keyboardShortcuts.test.ts > AC3: Keyboard Shortcuts Work Correctly > Ctrl+V - Paste > should handle paste when clipboard is empty
 ✓ src/__tests__/performance/keyboardShortcuts.test.ts > AC3: Keyboard Shortcuts Work Correctly > Ctrl+A - Select All > should select all modules
 ✓ src/__tests__/performance/keyboardShortcuts.test.ts > AC3: Keyboard Shortcuts Work Correctly > Escape - Deselect > should deselect all modules
 ✓ src/__tests__/performance/keyboardShortcuts.test.ts > AC3: Keyboard Shortcuts Work Correctly > Escape - Deselect > should cancel connection mode
 ✓ src/__tests__/performance/keyboardShortcuts.test.ts > AC3: Keyboard Shortcuts Work Correctly > Ctrl+Z - Undo > should undo last action
 ✓ src/__tests__/performance/keyboardShortcuts.test.ts > AC3: Keyboard Shortcuts Work Correctly > Ctrl+Z - Undo > should not crash when history is empty
 ✓ src/__tests__/performance/keyboardShortcuts.test.ts > AC3: Keyboard Shortcuts Work Correctly > Ctrl+Shift+Z - Redo > should redo undone action
 ✓ src/__tests__/performance/keyboardShortcuts.test.ts > AC3: Keyboard Shortcuts Work Correctly > Ctrl+Shift+Z - Redo > should not crash when at latest state
 ✓ src/__tests__/performance/keyboardShortcuts.test.ts > AC3: Keyboard Shortcuts Work Correctly > Ctrl+S - Save > should open codex modal
 ✓ src/__tests__/performance/keyboardShortcuts.test.ts > AC3: Keyboard Shortcuts Work Correctly > Ctrl+E - Export > should open export modal
 ✓ src/__tests__/performance/keyboardShortcuts.test.ts > AC3: Keyboard Shortcuts Work Correctly > Ctrl+R - Random Forge > should call random forge handler when configured
 ✓ src/__tests__/performance/keyboardShortcuts.test.ts > AC3: Keyboard Shortcuts Work Correctly > Ctrl+R - Random Forge > should not trigger with only R key
 ✓ src/__tests__/performance/keyboardShortcuts.test.ts > AC3: Keyboard Shortcuts Work Correctly > + / = - Zoom In > should zoom in
 ✓ src/__tests__/performance/keyboardShortcuts.test.ts > AC3: Keyboard Shortcuts Work Correctly > - - Zoom Out > should zoom out
 ✓ src/__tests__/performance/keyboardShortcuts.test.ts > AC3: Keyboard Shortcuts Work Correctly > 0 - Reset Zoom > should reset zoom to default
 ✓ src/__tests__/performance/keyboardShortcuts.test.ts > AC3: Keyboard Shortcuts Work Correctly > Keyboard Shortcut Conflicts > should NOT intercept F5 (browser refresh)
 ✓ src/__tests__/performance/keyboardShortcuts.test.ts > AC3: Keyboard Shortcuts Work Correctly > Keyboard Shortcut Conflicts > should NOT intercept Ctrl+W (close tab)
 ✓ src/__tests__/performance/keyboardShortcuts.test.ts > AC3: Keyboard Shortcuts Work Correctly > Keyboard Shortcut Conflicts > should NOT intercept Ctrl+T (new tab)
 ✓ src/__tests__/performance/keyboardShortcuts.test.ts > AC3: Keyboard Shortcuts Work Correctly > Edge Cases > should handle shortcuts with no modules
 ✓ src/__tests__/performance/keyboardShortcuts.test.ts > AC3: Keyboard Shortcuts Work Correctly > Edge Cases > should handle shortcuts with no prior copy/paste
 ✓ src/__tests__/performance/fallbackInterval.test.ts > Fallback Interval Performance > AC-PERF-001: Frame Time Performance > should maintain ≥55 FPS with 500ms fallback interval running
 ✓ src/__tests__/performance/fallbackInterval.test.ts > Fallback Interval Performance > AC-PERF-001: Frame Time Performance > should have minimal overhead from fallback interval checks
 ✓ src/__tests__/performance/fallbackInterval.test.ts > Fallback Interval Performance > Fallback Interval Cleanup > should clear fallback interval when canvas dimensions become valid
 ✓ src/__tests__/performance/fallbackInterval.test.ts > Fallback Interval Performance > Fallback Interval Cleanup > should call clearInterval on Canvas unmount
 ✓ src/__tests__/performance/fallbackInterval.test.ts > Fallback Interval Performance > Fallback Interval Cleanup > should not start fallback interval if ResizeObserver is available and fires
 ✓ src/__tests__/performance/fallbackInterval.test.ts > Fallback Interval Performance > Fallback Interval Cleanup > should clear all intervals created during component lifetime on unmount
 ✓ src/__tests__/performance/fallbackInterval.test.ts > Fallback Interval Performance > Fallback Interval Edge Cases > should handle rapid dimension changes without accumulating intervals
 ✓ src/__tests__/performance/fallbackInterval.test.ts > Fallback Interval Performance > Fallback Interval Edge Cases > should not update state unnecessarily with fallback interval
 ✓ src/__tests__/performance/fallbackInterval.test.ts > Fallback Interval Rate Limiting > should not run more than twice per second (500ms interval)
 ✓ src/__tests__/performance/fallbackInterval.test.ts > Fallback Interval Memory Safety > should not leak interval references after clear
 ✓ src/__tests__/performance/fallbackInterval.test.ts > Fallback Interval Memory Safety > should properly track interval lifecycle
 ✓ src/__tests__/connectionValidation.test.ts > Connection Validation Tests > AC-CONN-VALID-003: Self-connection prevention > should reject connection when source and target module are the same
 ✓ src/__tests__/connectionValidation.test.ts > Connection Validation Tests > AC-CONN-VALID-003: Self-connection prevention > should reject self-connection regardless of port types
 ✓ src/__tests__/connectionValidation.test.ts > Connection Validation Tests > AC-CONN-VALID-001: Input-to-input connection prevention > should reject connection between two input ports
 ✓ src/__tests__/connectionValidation.test.ts > Connection Validation Tests > AC-CONN-VALID-001: Input-to-input connection prevention > should reject connection between multiple input ports on same module
 ✓ src/__tests__/connectionValidation.test.ts > Connection Validation Tests > AC-CONN-VALID-002: Output-to-output connection prevention > should reject connection between two output ports
 ✓ src/__tests__/connectionValidation.test.ts > Connection Validation Tests > AC-CONN-VALID-002: Output-to-output connection prevention > should reject output-to-output even with multiple output ports
 ✓ src/__tests__/connectionValidation.test.ts > Connection Validation Tests > Duplicate connection detection > should reject duplicate connections between same ports
 ✓ src/__tests__/connectionValidation.test.ts > Connection Validation Tests > Duplicate connection detection > should allow reverse direction connections (different ports)
 ✓ src/__tests__/connectionValidation.test.ts > Connection Validation Tests > Valid connection acceptance > should accept valid output-to-input connection
 ✓ src/__tests__/connectionValidation.test.ts > Connection Validation Tests > Valid connection acceptance > should accept valid input-to-output connection (reversed direction)
 ✓ src/__tests__/connectionValidation.test.ts > Connection Validation Tests > Valid connection acceptance > should accept multiple connections from same module to different targets
 ✓ src/__tests__/connectionValidation.test.ts > Connection Validation Tests > Valid connection acceptance > should accept connections between different port indices
 ✓ src/__tests__/connectionValidation.test.ts > Connection Validation Tests > Module and port existence validation > should reject connection when source module does not exist
 ✓ src/__tests__/connectionValidation.test.ts > Connection Validation Tests > Module and port existence validation > should reject connection when target module does not exist
 ✓ src/__tests__/connectionValidation.test.ts > Connection Validation Tests > Module and port existence validation > should reject connection when source port does not exist on module
 ✓ src/__tests__/connectionValidation.test.ts > Connection Validation Tests > Module and port existence validation > should reject connection when target port does not exist on module
 ✓ src/__tests__/connectionValidation.test.ts > Connection Validation Tests > Source and target port validation helpers > validateSourcePort should reject input port
 ✓ src/__tests__/connectionValidation.test.ts > Connection Validation Tests > Source and target port validation helpers > validateSourcePort should accept output port
 ✓ src/__tests__/connectionValidation.test.ts > Connection Validation Tests > Source and target port validation helpers > validateTargetPort should reject output port
 ✓ src/__tests__/connectionValidation.test.ts > Connection Validation Tests > Source and target port validation helpers > validateTargetPort should accept input port
 ✓ src/__tests__/techBonus.test.ts > Tech Bonus System > getUnlockedTechTiers > returns 0 when no tech is completed for a faction
 ✓ src/__tests__/techBonus.test.ts > Tech Bonus System > getUnlockedTechTiers > returns 1 when only T1 is completed
 ✓ src/__tests__/techBonus.test.ts > Tech Bonus System > getUnlockedTechTiers > returns 2 when T1 and T2 are completed (T1+T2)
 ✓ src/__tests__/techBonus.test.ts > Tech Bonus System > getUnlockedTechTiers > returns 3 when all tiers are completed (T1+T2+T3)
 ✓ src/__tests__/techBonus.test.ts > Tech Bonus System > getUnlockedTechTiers > returns correct tier when only T2 is completed (skipping T1)
 ✓ src/__tests__/techBonus.test.ts > Tech Bonus System > getUnlockedTechTiers > returns 0 for faction with no completed research
 ✓ src/__tests__/techBonus.test.ts > Tech Bonus System > getTechBonus > returns 0 for neutral modules (no faction)
 ✓ src/__tests__/techBonus.test.ts > Tech Bonus System > getTechBonus > returns 0 when no tech completed for module faction
 ✓ src/__tests__/techBonus.test.ts > Tech Bonus System > getTechBonus > returns T1 bonus (5%) when T1 completed
 ✓ src/__tests__/techBonus.test.ts > Tech Bonus System > getTechBonus > returns T2 bonus (10%) when T1+T2 completed - T2 REPLACES T1
 ✓ src/__tests__/techBonus.test.ts > Tech Bonus System > getTechBonus > returns T3 bonus (15%) when T1+T2+T3 completed - T3 REPLACES T2
 ✓ src/__tests__/techBonus.test.ts > Tech Bonus System > getTechBonus > returns correct bonuses for all stat types at T1
 ✓ src/__tests__/techBonus.test.ts > Tech Bonus System > getTechBonus > returns correct bonuses for all stat types at T2
 ✓ src/__tests__/techBonus.test.ts > Tech Bonus System > getTechBonus > returns correct bonuses for all stat types at T3
 ✓ src/__tests__/techBonus.test.ts > Tech Bonus System > getTechBonus > bonus is per-faction, not per-module
 ✓ src/__tests__/techBonus.test.ts > Tech Bonus System > getTotalTechBonus (multi-faction machines) > returns 0 for empty module list
 ✓ src/__tests__/techBonus.test.ts > Tech Bonus System > getTotalTechBonus (multi-faction machines) > returns single faction bonus for single-faction modules
 ✓ src/__tests__/techBonus.test.ts > Tech Bonus System > getTotalTechBonus (multi-faction machines) > sums bonuses from multiple factions - T2 Void + T1 Inferno = 15%
 ✓ src/__tests__/techBonus.test.ts > Tech Bonus System > getTotalTechBonus (multi-faction machines) > each faction contributes its highest tier independently
 ✓ src/__tests__/techBonus.test.ts > Tech Bonus System > getTotalTechBonus (multi-faction machines) > ignores duplicate factions in module list
 ✓ src/__tests__/techBonus.test.ts > Tech Bonus System > getTotalTechBonus (multi-faction machines) > ignores neutral modules in bonus calculation
 ✓ src/__tests__/techBonus.test.ts > Tech Bonus System > getTotalTechBonus (multi-faction machines) > only counts factions with completed tech
 ✓ src/__tests__/techBonus.test.ts > Tech Bonus System > getActiveBonusesForFaction > returns all zeros when no tech completed
 ✓ src/__tests__/techBonus.test.ts > Tech Bonus System > getActiveBonusesForFaction > returns T1 bonuses for T1 completed
 ✓ src/__tests__/techBonus.test.ts > Tech Bonus System > getActiveBonusesForFaction > returns T2 bonuses for T2 completed
 ✓ src/__tests__/techBonus.test.ts > Tech Bonus System > getActiveBonusesForFaction > returns T3 bonuses for T3 completed
 ✓ src/__tests__/techBonus.test.ts > Tech Bonus System > Module-Faction Independence (Critical for Cross-Faction Machines) > adding modules of one faction does not affect bonuses for another
 ✓ src/__tests__/techBonus.test.ts > Tech Bonus System > Module-Faction Independence (Critical for Cross-Faction Machines) > removing modules of one faction does not affect bonuses for another
 ✓ src/__tests__/techBonus.test.ts > Tech Bonus System > Module-Faction Independence (Critical for Cross-Faction Machines) > machine with 3+ factions calculates each independently
 ✓ src/__tests__/techBonus.test.ts > Tech Bonus System > Tech Reset Behavior > resetFactionTech removes all completed research for faction
 ✓ src/__tests__/techBonus.test.ts > Tech Bonus System > Tech Reset Behavior > resetFactionTech does not affect other factions
 ✓ src/__tests__/techBonus.test.ts > Tech Bonus System > Tech Reset Behavior > resetReputation also resets tech
 ✓ src/__tests__/techBonus.test.ts > Tech Bonus System > Tech Reset Behavior > resetAllReputations resets all tech
 ✓ src/__tests__/techBonus.test.ts > Tech Bonus System > Bonus Persistence > bonus state is preserved in store
stderr | src/components/Modules/__tests__/ModuleRenderer.test.tsx > ModuleRenderer > Basic Render > should render module group in DOM
Warning: The tag <circle> is unrecognized in this browser. If you meant to render a React component, start its name with an uppercase letter.
    at circle
    at g
    at ModuleRenderer2 (/Users/kingboat/Project/hardness/Harness_Engineering/2Dgame/src/components/Modules/ModuleRenderer.tsx:48:3)
Warning: The tag <polygon> is unrecognized in this browser. If you meant to render a React component, start its name with an uppercase letter.
    at polygon
    at g
    at CoreFurnaceSVG (/Users/kingboat/Project/hardness/Harness_Engineering/2Dgame/src/components/Modules/CoreFurnace.tsx:3:27)
    at g
    at ModuleRenderer2 (/Users/kingboat/Project/hardness/Harness_Engineering/2Dgame/src/components/Modules/ModuleRenderer.tsx:48:3)
Warning: The tag <line> is unrecognized in this browser. If you meant to render a React component, start its name with an uppercase letter.
    at line
    at g
    at g
    at CoreFurnaceSVG (/Users/kingboat/Project/hardness/Harness_Engineering/2Dgame/src/components/Modules/CoreFurnace.tsx:3:27)
    at g
    at ModuleRenderer2 (/Users/kingboat/Project/hardness/Harness_Engineering/2Dgame/src/components/Modules/ModuleRenderer.tsx:48:3)
Warning: The tag <g> is unrecognized in this browser. If you meant to render a React component, start its name with an uppercase letter.
    at g
    at g
    at CoreFurnaceSVG (/Users/kingboat/Project/hardness/Harness_Engineering/2Dgame/src/components/Modules/CoreFurnace.tsx:3:27)
    at g
    at ModuleRenderer2 (/Users/kingboat/Project/hardness/Harness_Engineering/2Dgame/src/components/Modules/ModuleRenderer.tsx:48:3)
Warning: The tag <text> is unrecognized in this browser. If you meant to render a React component, start its name with an uppercase letter.
    at text
    at g
    at g
    at ModuleRenderer2 (/Users/kingboat/Project/hardness/Harness_Engineering/2Dgame/src/components/Modules/ModuleRenderer.tsx:48:3)

stderr | src/components/Modules/__tests__/ModuleRenderer.test.tsx > ModuleRenderer > Module Types > should render gear module type
Warning: The tag <rect> is unrecognized in this browser. If you meant to render a React component, start its name with an uppercase letter.
    at rect
    at g
    at g
    at GearSVG (/Users/kingboat/Project/hardness/Harness_Engineering/2Dgame/src/components/Modules/Gear.tsx:7:20)
    at g
    at ModuleRenderer2 (/Users/kingboat/Project/hardness/Harness_Engineering/2Dgame/src/components/Modules/ModuleRenderer.tsx:48:3)

stderr | src/components/Modules/__tests__/ModuleRenderer.test.tsx > ModuleRenderer > Module Types > should render void-arcane-gear faction variant
Warning: The tag <path> is unrecognized in this browser. If you meant to render a React component, start its name with an uppercase letter.
    at path
    at g
    at g
    at g
    at VoidArcaneGearSVG (/Users/kingboat/Project/hardness/Harness_Engineering/2Dgame/src/components/Modules/FactionVariantModules.tsx:7:30)
    at g
    at ModuleRenderer2 (/Users/kingboat/Project/hardness/Harness_Engineering/2Dgame/src/components/Modules/ModuleRenderer.tsx:48:3)

stderr | src/components/Modules/__tests__/ModuleRenderer.test.tsx > ModuleRenderer > Module Types > should render temporal-distorter advanced module
Warning: <feGaussianBlur /> is using incorrect casing. Use PascalCase for React components, or lowercase for HTML elements.
    at feGaussianBlur
    at filter
    at defs
    at g
    at TemporalDistorterSVG (/Users/kingboat/Project/hardness/Harness_Engineering/2Dgame/src/components/Modules/TemporalDistorter.tsx:3:33)
    at g
    at ModuleRenderer2 (/Users/kingboat/Project/hardness/Harness_Engineering/2Dgame/src/components/Modules/ModuleRenderer.tsx:48:3)
Warning: The tag <feGaussianBlur> is unrecognized in this browser. If you meant to render a React component, start its name with an uppercase letter.
    at feGaussianBlur
    at filter
    at defs
    at g
    at TemporalDistorterSVG (/Users/kingboat/Project/hardness/Harness_Engineering/2Dgame/src/components/Modules/TemporalDistorter.tsx:3:33)
    at g
    at ModuleRenderer2 (/Users/kingboat/Project/hardness/Harness_Engineering/2Dgame/src/components/Modules/ModuleRenderer.tsx:48:3)
Warning: <feMergeNode /> is using incorrect casing. Use PascalCase for React components, or lowercase for HTML elements.
    at feMergeNode
    at feMerge
    at filter
    at defs
    at g
    at TemporalDistorterSVG (/Users/kingboat/Project/hardness/Harness_Engineering/2Dgame/src/components/Modules/TemporalDistorter.tsx:3:33)
    at g
    at ModuleRenderer2 (/Users/kingboat/Project/hardness/Harness_Engineering/2Dgame/src/components/Modules/ModuleRenderer.tsx:48:3)
Warning: The tag <feMergeNode> is unrecognized in this browser. If you meant to render a React component, start its name with an uppercase letter.
    at feMergeNode
    at feMerge
    at filter
    at defs
    at g
    at TemporalDistorterSVG (/Users/kingboat/Project/hardness/Harness_Engineering/2Dgame/src/components/Modules/TemporalDistorter.tsx:3:33)
    at g
    at ModuleRenderer2 (/Users/kingboat/Project/hardness/Harness_Engineering/2Dgame/src/components/Modules/ModuleRenderer.tsx:48:3)
Warning: <feMergeNode /> is using incorrect casing. Use PascalCase for React components, or lowercase for HTML elements.
    at feMergeNode
    at feMerge
    at filter
    at defs
    at g
    at TemporalDistorterSVG (/Users/kingboat/Project/hardness/Harness_Engineering/2Dgame/src/components/Modules/TemporalDistorter.tsx:3:33)
    at g
    at ModuleRenderer2 (/Users/kingboat/Project/hardness/Harness_Engineering/2Dgame/src/components/Modules/ModuleRenderer.tsx:48:3)
Warning: <feMerge /> is using incorrect casing. Use PascalCase for React components, or lowercase for HTML elements.
    at feMerge
    at filter
    at defs
    at g
    at TemporalDistorterSVG (/Users/kingboat/Project/hardness/Harness_Engineering/2Dgame/src/components/Modules/TemporalDistorter.tsx:3:33)
    at g
    at ModuleRenderer2 (/Users/kingboat/Project/hardness/Harness_Engineering/2Dgame/src/components/Modules/ModuleRenderer.tsx:48:3)
Warning: The tag <feMerge> is unrecognized in this browser. If you meant to render a React component, start its name with an uppercase letter.
    at feMerge
    at filter
    at defs
    at g
    at TemporalDistorterSVG (/Users/kingboat/Project/hardness/Harness_Engineering/2Dgame/src/components/Modules/TemporalDistorter.tsx:3:33)
    at g
    at ModuleRenderer2 (/Users/kingboat/Project/hardness/Harness_Engineering/2Dgame/src/components/Modules/ModuleRenderer.tsx:48:3)
Warning: The tag <filter> is unrecognized in this browser. If you meant to render a React component, start its name with an uppercase letter.
    at filter
    at defs
    at g
    at TemporalDistorterSVG (/Users/kingboat/Project/hardness/Harness_Engineering/2Dgame/src/components/Modules/TemporalDistorter.tsx:3:33)
    at g
    at ModuleRenderer2 (/Users/kingboat/Project/hardness/Harness_Engineering/2Dgame/src/components/Modules/ModuleRenderer.tsx:48:3)
Warning: The tag <stop> is unrecognized in this browser. If you meant to render a React component, start its name with an uppercase letter.
    at stop
    at linearGradient
    at defs
    at g
    at TemporalDistorterSVG (/Users/kingboat/Project/hardness/Harness_Engineering/2Dgame/src/components/Modules/TemporalDistorter.tsx:3:33)
    at g
    at ModuleRenderer2 (/Users/kingboat/Project/hardness/Harness_Engineering/2Dgame/src/components/Modules/ModuleRenderer.tsx:48:3)
Warning: <linearGradient /> is using incorrect casing. Use PascalCase for React components, or lowercase for HTML elements.
    at linearGradient
    at defs
    at g
    at TemporalDistorterSVG (/Users/kingboat/Project/hardness/Harness_Engineering/2Dgame/src/components/Modules/TemporalDistorter.tsx:3:33)
    at g
    at ModuleRenderer2 (/Users/kingboat/Project/hardness/Harness_Engineering/2Dgame/src/components/Modules/ModuleRenderer.tsx:48:3)
Warning: The tag <linearGradient> is unrecognized in this browser. If you meant to render a React component, start its name with an uppercase letter.
    at linearGradient
    at defs
    at g
    at TemporalDistorterSVG (/Users/kingboat/Project/hardness/Harness_Engineering/2Dgame/src/components/Modules/TemporalDistorter.tsx:3:33)
    at g
    at ModuleRenderer2 (/Users/kingboat/Project/hardness/Harness_Engineering/2Dgame/src/components/Modules/ModuleRenderer.tsx:48:3)
Warning: <clipPath /> is using incorrect casing. Use PascalCase for React components, or lowercase for HTML elements.
    at clipPath
    at defs
    at g
    at TemporalDistorterSVG (/Users/kingboat/Project/hardness/Harness_Engineering/2Dgame/src/components/Modules/TemporalDistorter.tsx:3:33)
    at g
    at ModuleRenderer2 (/Users/kingboat/Project/hardness/Harness_Engineering/2Dgame/src/components/Modules/ModuleRenderer.tsx:48:3)
Warning: The tag <clipPath> is unrecognized in this browser. If you meant to render a React component, start its name with an uppercase letter.
    at clipPath
    at defs
    at g
    at TemporalDistorterSVG (/Users/kingboat/Project/hardness/Harness_Engineering/2Dgame/src/components/Modules/TemporalDistorter.tsx:3:33)
    at g
    at ModuleRenderer2 (/Users/kingboat/Project/hardness/Harness_Engineering/2Dgame/src/components/Modules/ModuleRenderer.tsx:48:3)
Warning: The tag <defs> is unrecognized in this browser. If you meant to render a React component, start its name with an uppercase letter.
    at defs
    at g
    at TemporalDistorterSVG (/Users/kingboat/Project/hardness/Harness_Engineering/2Dgame/src/components/Modules/TemporalDistorter.tsx:3:33)
    at g
    at ModuleRenderer2 (/Users/kingboat/Project/hardness/Harness_Engineering/2Dgame/src/components/Modules/ModuleRenderer.tsx:48:3)

stderr | src/components/Modules/__tests__/ModuleRenderer.test.tsx > ModuleRenderer > Activation State > should have data-activated attribute when activated
Warning: The tag <animate> is unrecognized in this browser. If you meant to render a React component, start its name with an uppercase letter.
    at animate
    at circle
    at g
    at CoreFurnaceSVG (/Users/kingboat/Project/hardness/Harness_Engineering/2Dgame/src/components/Modules/CoreFurnace.tsx:3:27)
    at g
    at ModuleRenderer2 (/Users/kingboat/Project/hardness/Harness_Engineering/2Dgame/src/components/Modules/ModuleRenderer.tsx:48:3)

 ✓ src/components/Modules/__tests__/ModuleRenderer.test.tsx > ModuleRenderer > Basic Render > should render module group in DOM
 ✓ src/components/Modules/__tests__/ModuleRenderer.test.tsx > ModuleRenderer > Basic Render > should render module group with role button
 ✓ src/components/Modules/__tests__/ModuleRenderer.test.tsx > ModuleRenderer > Basic Render > should have aria-label with module info
 ✓ src/components/Modules/__tests__/ModuleRenderer.test.tsx > ModuleRenderer > Basic Render > should render data attributes for module tracking
 ✓ src/components/Modules/__tests__/ModuleRenderer.test.tsx > ModuleRenderer > Module Types > should render core-furnace module type
 ✓ src/components/Modules/__tests__/ModuleRenderer.test.tsx > ModuleRenderer > Module Types > should render gear module type
 ✓ src/components/Modules/__tests__/ModuleRenderer.test.tsx > ModuleRenderer > Module Types > should render void-arcane-gear faction variant
 ✓ src/components/Modules/__tests__/ModuleRenderer.test.tsx > ModuleRenderer > Module Types > should render temporal-distorter advanced module
 ✓ src/components/Modules/__tests__/ModuleRenderer.test.tsx > ModuleRenderer > Selection Highlight > should render selection indicator when selected
 ✓ src/components/Modules/__tests__/ModuleRenderer.test.tsx > ModuleRenderer > Selection Highlight > should not render selection indicator when not selected
 ✓ src/components/Modules/__tests__/ModuleRenderer.test.tsx > ModuleRenderer > Connection Ports > should render input port labels
 ✓ src/components/Modules/__tests__/ModuleRenderer.test.tsx > ModuleRenderer > Connection Ports > should render output port labels
 ✓ src/components/Modules/__tests__/ModuleRenderer.test.tsx > ModuleRenderer > Connection Ports > should render port groups with role button
 ✓ src/components/Modules/__tests__/ModuleRenderer.test.tsx > ModuleRenderer > Transform > should apply transform attribute with position
 ✓ src/components/Modules/__tests__/ModuleRenderer.test.tsx > ModuleRenderer > Transform > should apply rotation transform
 ✓ src/components/Modules/__tests__/ModuleRenderer.test.tsx > ModuleRenderer > Mouse Events > should call onMouseDown when module is clicked
 ✓ src/components/Modules/__tests__/ModuleRenderer.test.tsx > ModuleRenderer > Mouse Events > should have cursor style for drag
 ✓ src/components/Modules/__tests__/ModuleRenderer.test.tsx > ModuleRenderer > Accessibility > should have tabIndex for keyboard navigation
 ✓ src/components/Modules/__tests__/ModuleRenderer.test.tsx > ModuleRenderer > Accessibility > should have accessible aria-label
 ✓ src/components/Modules/__tests__/ModuleRenderer.test.tsx > ModuleRenderer > Accessibility > should have accessible port buttons
 ✓ src/components/Modules/__tests__/ModuleRenderer.test.tsx > ModuleRenderer > Error State > should render fallback for unknown module type
 ✓ src/components/Modules/__tests__/ModuleRenderer.test.tsx > ModuleRenderer > Error State > should handle empty ports array
 ✓ src/components/Modules/__tests__/ModuleRenderer.test.tsx > ModuleRenderer > Activation State > should have data-activated attribute when activated
 ✓ src/components/Modules/__tests__/ModuleRenderer.test.tsx > ModuleRenderer > Activation State > should have data-activated=false when not activated
 ✓ src/__tests__/performance/connectionPathMemoization.test.ts > AC6: Connection Rendering Performance > Connection Path Calculation > should create 15 connections efficiently
 ✓ src/__tests__/performance/connectionPathMemoization.test.ts > AC6: Connection Rendering Performance > Connection Path Calculation > should handle 30 connections without errors
 ✓ src/__tests__/performance/connectionPathMemoization.test.ts > AC6: Connection Rendering Performance > Visible Connection Filtering > should filter connections based on visible modules
 ✓ src/__tests__/performance/connectionPathMemoization.test.ts > AC6: Connection Rendering Performance > Visible Connection Filtering > should filter connections with fully culled modules
 ✓ src/__tests__/performance/connectionPathMemoization.test.ts > AC6: Connection Rendering Performance > Connection Updates During Drag > should update connection paths when modules move
 ✓ src/__tests__/performance/connectionPathMemoization.test.ts > AC6: Connection Rendering Performance > Connection Updates During Drag > should update multiple connections during batch move
 ✓ src/__tests__/performance/connectionPathMemoization.test.ts > AC6: Connection Rendering Performance > Connection Memory Management > should not leak memory when rapidly adding/removing connections
 ✓ src/__tests__/performance/connectionPathMemoization.test.ts > AC6: Connection Rendering Performance > Virtualization Integration > should work with viewport culling for connections
 ✓ src/__tests__/performance/connectionPathMemoization.test.ts > AC6: Connection Rendering Performance > Performance Benchmarks > should render 15 connections smoothly
 ✓ src/__tests__/performance/connectionPathMemoization.test.ts > AC6: Connection Rendering Performance > Performance Benchmarks > should handle 30 connections without frame drops
 ✓ src/__tests__/connectionConflictDetection.test.ts > Connection Conflict Detection Tests > AC-CONN-VALID-001: Input-to-input conflict detection > should detect and report error when connecting input to input port
 ✓ src/__tests__/connectionConflictDetection.test.ts > Connection Conflict Detection Tests > AC-CONN-VALID-001: Input-to-input conflict detection > should not create connection when both ports are inputs even with different modules
 ✓ src/__tests__/connectionConflictDetection.test.ts > Connection Conflict Detection Tests > AC-CONN-VALID-001: Input-to-input conflict detection > should allow valid connection after rejecting input-to-input
 ✓ src/__tests__/connectionConflictDetection.test.ts > Connection Conflict Detection Tests > AC-CONN-VALID-002: Output-to-output conflict detection > should detect and report error when connecting output to output port
 ✓ src/__tests__/connectionConflictDetection.test.ts > Connection Conflict Detection Tests > AC-CONN-VALID-002: Output-to-output conflict detection > should not create connection when both ports are outputs even with different modules
 ✓ src/__tests__/connectionConflictDetection.test.ts > Connection Conflict Detection Tests > AC-CONN-VALID-002: Output-to-output conflict detection > should allow valid connection after rejecting output-to-output
 ✓ src/__tests__/connectionConflictDetection.test.ts > Connection Conflict Detection Tests > AC-CONN-VALID-003: Self-connection conflict detection > should detect and report error when module is connected to itself
 ✓ src/__tests__/connectionConflictDetection.test.ts > Connection Conflict Detection Tests > AC-CONN-VALID-003: Self-connection conflict detection > should prevent self-connection regardless of port order
 ✓ src/__tests__/connectionConflictDetection.test.ts > Connection Conflict Detection Tests > AC-CONN-VALID-003: Self-connection conflict detection > should allow connections between different modules after rejecting self-connection
 ✓ src/__tests__/connectionConflictDetection.test.ts > Connection Conflict Detection Tests > Duplicate connection conflict detection > should reject duplicate connections with same message
 ✓ src/__tests__/connectionConflictDetection.test.ts > Connection Conflict Detection Tests > Duplicate connection conflict detection > should reject reverse duplicate connections
 ✓ src/__tests__/templateStore.test.ts > useTemplateStore > addTemplate > should add a template with valid data
 ✓ src/__tests__/templateStore.test.ts > useTemplateStore > addTemplate > should reject template with empty name
 ✓ src/__tests__/templateStore.test.ts > useTemplateStore > addTemplate > should reject template with whitespace-only name
 ✓ src/__tests__/templateStore.test.ts > useTemplateStore > addTemplate > should reject template with more than 50 modules (AC12)
 ✓ src/__tests__/templateStore.test.ts > useTemplateStore > addTemplate > should accept template with exactly 50 modules (boundary test)
 ✓ src/__tests__/templateStore.test.ts > useTemplateStore > removeTemplate > should remove an existing template
 ✓ src/__tests__/templateStore.test.ts > useTemplateStore > removeTemplate > should return false when removing non-existent template
 ✓ src/__tests__/templateStore.test.ts > useTemplateStore > updateTemplate > should update template name
 ✓ src/__tests__/templateStore.test.ts > useTemplateStore > updateTemplate > should update template category
 ✓ src/__tests__/templateStore.test.ts > useTemplateStore > updateTemplate > should reject empty name update
 ✓ src/__tests__/templateStore.test.ts > useTemplateStore > updateTemplate > should return false for non-existent template
 ✓ src/__tests__/templateStore.test.ts > useTemplateStore > toggleFavorite > should toggle favorite from false to true
 ✓ src/__tests__/templateStore.test.ts > useTemplateStore > toggleFavorite > should toggle favorite from true to false
 ✓ src/__tests__/templateStore.test.ts > useTemplateStore > duplicateTemplate > should duplicate an existing template
 ✓ src/__tests__/templateStore.test.ts > useTemplateStore > duplicateTemplate > should return error for non-existent template
 ✓ src/__tests__/templateStore.test.ts > useTemplateStore > loadTemplate > should load template data into editor store
 ✓ src/__tests__/templateStore.test.ts > useTemplateStore > loadTemplate > should return false for non-existent template
 ✓ src/__tests__/templateStore.test.ts > useTemplateStore > loadTemplate > should generate new instance IDs when loading
 ✓ src/__tests__/templateStore.test.ts > useTemplateStore > getFilteredTemplates > should filter by category
 ✓ src/__tests__/templateStore.test.ts > useTemplateStore > getFilteredTemplates > should filter favorites only
 ✓ src/__tests__/templateStore.test.ts > useTemplateStore > getFilteredTemplates > should filter by search query
 ✓ src/__tests__/templateStore.test.ts > useTemplateStore > getFilteredTemplates > should combine multiple filters
 ✓ src/__tests__/templateStore.test.ts > useTemplateStore > getFilteredTemplates > should sort favorites first
 ✓ src/__tests__/templateStore.test.ts > useTemplateStore > getTemplate > should return template by id
 ✓ src/__tests__/templateStore.test.ts > useTemplateStore > getTemplate > should return undefined for non-existent id
 ✓ src/__tests__/templateStore.test.ts > useTemplateStore > getTemplatesByCategory > should return templates in specific category
 ✓ src/__tests__/modalAccessibility.test.tsx > ChallengePanel Accessibility (AC8) > should have accessible header with challenge title
 ✓ src/__tests__/modalAccessibility.test.tsx > ChallengePanel Accessibility (AC8) > should have accessible tab navigation
 ✓ src/__tests__/modalAccessibility.test.tsx > ChallengePanel Accessibility (AC8) > should have accessible difficulty filter buttons
 ✓ src/__tests__/modalAccessibility.test.tsx > ChallengePanel Accessibility (AC8) > should have accessible empty state
 ✓ src/__tests__/modalAccessibility.test.tsx > Modal Keyboard Navigation (AC8) > should support Tab navigation within modal
 ✓ src/__tests__/modalAccessibility.test.tsx > Modal Keyboard Navigation (AC8) > should have multiple focusable elements for keyboard navigation
 ✓ src/__tests__/modalAccessibility.test.tsx > Focus Management (AC8.3, AC8.4) > ExportModal should have focusable elements within the modal
 ✓ src/__tests__/modalAccessibility.test.tsx > Focus Management (AC8.3, AC8.4) > Focus management should track focus within modal
 ✓ src/__tests__/modalAccessibility.test.tsx > ARIA Attribute Verification > ExportModal should have all required ARIA attributes
 ✓ src/__tests__/modalAccessibility.test.tsx > ARIA Attribute Verification > ExportModal title should be properly associated
stdout | src/__tests__/testPerformance.test.ts > Test Performance Suite > AC-104-004: Test Performance Verification > should measure suite duration is within acceptable range
[Performance] Suite duration: NaNms
[Performance] Target: ≤20000ms

stdout | src/__tests__/testPerformance.test.ts > Test Performance Suite > AC-104-004: Test Performance Verification > should identify slow tests taking >1s
[Performance] No tests exceeding 1s threshold

 ✓ src/__tests__/testPerformance.test.ts > Test Performance Suite > AC-104-004: Test Performance Verification > should measure suite duration is within acceptable range
 ✓ src/__tests__/testPerformance.test.ts > Test Performance Suite > AC-104-004: Test Performance Verification > should verify test parallelization is configured
 ✓ src/__tests__/testPerformance.test.ts > Test Performance Suite > AC-104-004: Test Performance Verification > should identify slow tests taking >1s
 ✓ src/__tests__/testPerformance.test.ts > Test Performance Suite > Performance Metrics Collection > should track individual test durations
 ✓ src/__tests__/testPerformance.test.ts > Test Performance Suite > Performance Metrics Collection > should measure store operations performance
 ✓ src/__tests__/testPerformance.test.ts > Test Performance Suite > Performance Metrics Collection > should measure module list generation performance
stdout | src/__tests__/testPerformance.test.ts > Test Performance Suite > Slow Test Identification > should categorize tests by execution time
[Performance] Test categorization:
  Fast (<100ms): 1
  Medium (100-1000ms): 1
  Slow (>1000ms): 2

stdout | src/__tests__/testPerformance.test.ts > Test Performance Suite > Slow Test Identification > should recommend optimizations for slow tests
[Performance] Optimization recommendations:
  complex-calculation (2500ms): Use memoization or Web Worker
  dom-rendering (2000ms): Use shallow rendering or mock DOM
  api-mock-setup (1800ms): Use shared mock setup in beforeAll

stdout | src/__tests__/testPerformance.test.ts > Test Performance Suite > Performance Regression Prevention > should establish baseline performance metrics
[Performance] Baseline metrics established:
  Average test duration: 50ms
  Max acceptable duration: 1000ms
  Target suite duration: 20000ms
  Target parallel workers: 4

stdout | src/__tests__/testPerformance.test.ts > Test Performance Suite > Summary Report > should generate performance summary

========== Performance Summary ==========
Total tests tracked: 8
Total duration: 13.49ms
Average duration: 1.69ms
Slow tests (>1s): 0
==========================================


stdout | src/__tests__/testPerformance.test.ts > Test Performance Suite > Summary Report > should recommend parallelization settings
[Performance] Recommended vitest configuration:
{
  "maxWorkers": 4,
  "minWorkers": 2,
  "isolateModules": true,
  "useAtomics": true
}

stdout | src/__tests__/testPerformance.test.ts > Test Performance Suite > Summary Report > should verify suite can complete within 20s target
[Performance] Performance targets:
  Soft target: ≤20000ms (≤20s)
  Hard fail: >25000ms (>25s)

 ✓ src/__tests__/testPerformance.test.ts > Test Performance Suite > Parallelization Strategy Tests > should support concurrent test execution patterns
 ✓ src/__tests__/testPerformance.test.ts > Test Performance Suite > Parallelization Strategy Tests > should handle batch operations efficiently
 ✓ src/__tests__/testPerformance.test.ts > Test Performance Suite > Parallelization Strategy Tests > should optimize repeated calculations
 ✓ src/__tests__/testPerformance.test.ts > Test Performance Suite > Slow Test Identification > should categorize tests by execution time
 ✓ src/__tests__/testPerformance.test.ts > Test Performance Suite > Slow Test Identification > should recommend optimizations for slow tests
 ✓ src/__tests__/testPerformance.test.ts > Test Performance Suite > Performance Regression Prevention > should establish baseline performance metrics
 ✓ src/__tests__/testPerformance.test.ts > Test Performance Suite > Performance Regression Prevention > should verify timing measurements are accurate
 ✓ src/__tests__/testPerformance.test.ts > Test Performance Suite > Performance Regression Prevention > should measure mock creation overhead
 ✓ src/__tests__/testPerformance.test.ts > Test Performance Suite > Summary Report > should generate performance summary
 ✓ src/__tests__/testPerformance.test.ts > Test Performance Suite > Summary Report > should recommend parallelization settings
 ✓ src/__tests__/testPerformance.test.ts > Test Performance Suite > Summary Report > should verify suite can complete within 20s target
 ✓ src/__tests__/modalAccessibility.test.tsx > Accessibility Component Exports > should export AccessibilityLayer
 ✓ src/__tests__/modalAccessibility.test.tsx > Accessibility Component Exports > should export announceToScreenReader function
 ✓ src/__tests__/modalAccessibility.test.tsx > Accessibility Component Exports > should export SkipLink component
 ✓ src/__tests__/randomForge.test.ts > Random Forge Feature > generateRandomMachine > should generate between 2-6 modules
 ✓ src/__tests__/randomForge.test.ts > Random Forge Feature > generateRandomMachine > should create at least one connection when there are 2+ modules
 ✓ src/__tests__/randomForge.test.ts > Random Forge Feature > generateRandomMachine > should generate modules with valid properties
 ✓ src/__tests__/randomForge.test.ts > Random Forge Feature > generateRandomMachine > should generate modules with valid positions
 ✓ src/__tests__/randomForge.test.ts > Random Forge Feature > generateAttributes > should generate non-empty attributes for valid modules
 ✓ src/__tests__/randomForge.test.ts > Random Forge Feature > generateAttributes > should generate unique codex IDs
 ✓ src/__tests__/randomForge.test.ts > Random Forge Feature > useMachineStore - Random Forge State > should have no generated attributes initially
 ✓ src/__tests__/randomForge.test.ts > Random Forge Feature > useMachineStore - Random Forge State > should have randomForgeToastVisible as false initially
 ✓ src/__tests__/randomForge.test.ts > Random Forge Feature > useMachineStore - Random Forge State > should have empty message initially
 ✓ src/__tests__/randomForge.test.ts > Random Forge Feature > useMachineStore - Random Forge State > should show random forge toast with message
 ✓ src/__tests__/randomForge.test.ts > Random Forge Feature > useMachineStore - Random Forge State > should hide random forge toast
 ✓ src/__tests__/randomForge.test.ts > Random Forge Feature > useMachineStore - Random Forge State > should set generated attributes
 ✓ src/__tests__/randomForge.test.ts > Random Forge Feature > useMachineStore - Random Forge State > should clear generated attributes when adding a module
 ✓ src/__tests__/randomForge.test.ts > Random Forge Feature > useMachineStore - Random Forge State > should clear canvas and generated attributes
 ✓ src/__tests__/randomForge.test.ts > Random Forge Feature > useMachineStore - Random Forge State > should load machine with empty generated attributes
 ✓ src/__tests__/randomForge.test.ts > Random Forge Feature > Integration - Random Forge Flow > should generate machine with proper structure
 ✓ src/__tests__/randomForge.test.ts > Random Forge Feature > Integration - Random Forge Flow > should be able to simulate full random forge workflow
 ✓ src/__tests__/randomForge.test.ts > Random Forge Feature > Integration - Random Forge Flow > should save to codex after random forge
 ✓ src/__tests__/randomForge.test.ts > Random Forge Feature > Integration - Random Forge Flow > should be able to export after random forge
 ✓ src/__tests__/randomForge.test.ts > Random Forge Feature > Integration - Random Forge Flow > should support manual editing after random forge
 ✓ src/__tests__/randomForge.test.ts > Random Forge Feature > Integration - Random Forge Flow > should clear generated attributes when duplicating a module after random forge
 ✓ src/__tests__/communityGallery.test.tsx > Community Gallery Store > Initial State > should have empty published machines initially
 ✓ src/__tests__/communityGallery.test.tsx > Community Gallery Store > Initial State > should have all filters set to default values
 ✓ src/__tests__/communityGallery.test.tsx > Community Gallery Store > Initial State > should have gallery and publish modal closed initially
 ✓ src/__tests__/communityGallery.test.tsx > Community Gallery Store > Initial State > should have no pending machine initially
 ✓ src/__tests__/communityGallery.test.tsx > Community Gallery Store > Initial State > should have mock community machines loaded
 ✓ src/__tests__/communityGallery.test.tsx > Community Gallery Store > Search and Filter > should update search query
 ✓ src/__tests__/communityGallery.test.tsx > Community Gallery Store > Search and Filter > should update faction filter to void
 ✓ src/__tests__/communityGallery.test.tsx > Community Gallery Store > Search and Filter > should update faction filter to inferno
 ✓ src/__tests__/communityGallery.test.tsx > Community Gallery Store > Search and Filter > should update faction filter to storm
 ✓ src/__tests__/communityGallery.test.tsx > Community Gallery Store > Search and Filter > should update faction filter to stellar
 ✓ src/__tests__/communityGallery.test.tsx > Community Gallery Store > Search and Filter > should update rarity filter to rare
 ✓ src/__tests__/communityGallery.test.tsx > Community Gallery Store > Search and Filter > should update rarity filter to epic
 ✓ src/__tests__/communityGallery.test.tsx > Community Gallery Store > Search and Filter > should update rarity filter to legendary
 ✓ src/__tests__/communityGallery.test.tsx > Community Gallery Store > Search and Filter > should update rarity filter to common
 ✓ src/__tests__/communityGallery.test.tsx > Community Gallery Store > Search and Filter > should update rarity filter to uncommon
 ✓ src/__tests__/communityGallery.test.tsx > Community Gallery Store > Search and Filter > should update sort option to newest
 ✓ src/__tests__/communityGallery.test.tsx > Community Gallery Store > Search and Filter > should update sort option to most-liked
 ✓ src/__tests__/communityGallery.test.tsx > Community Gallery Store > Search and Filter > should update sort option to most-viewed
 ✓ src/__tests__/communityGallery.test.tsx > Community Gallery Store > Gallery UI Actions > should open gallery
 ✓ src/__tests__/communityGallery.test.tsx > Community Gallery Store > Gallery UI Actions > should close gallery
 ✓ src/__tests__/communityGallery.test.tsx > Community Gallery Store > Publish Flow > should open publish modal with modules and attributes
 ✓ src/__tests__/communityGallery.test.tsx > Community Gallery Store > Publish Flow > should close publish modal
 ✓ src/__tests__/communityGallery.test.tsx > Community Gallery Store > Publish Flow > should publish machine with author name
 ✓ src/__tests__/communityGallery.test.tsx > Community Gallery Store > Publish Flow > should publish machine with empty author name for anonymous
 ✓ src/__tests__/communityGallery.test.tsx > Community Gallery Store > Publish Flow > should publish machine with whitespace-only author name for anonymous
 ✓ src/__tests__/communityGallery.test.tsx > Community Gallery Store > Interaction Actions > should like a machine by ID
 ✓ src/__tests__/communityGallery.test.tsx > Community Gallery Store > Interaction Actions > should like a different machine
 ✓ src/__tests__/communityGallery.test.tsx > Community Gallery Store > Interaction Actions > should view a machine by ID
 ✓ src/__tests__/communityGallery.test.tsx > Community Gallery Store > Interaction Actions > should view a published machine
 ✓ src/__tests__/communityGallery.test.tsx > Community Gallery Store > Get Filtered Machines List > should return filtered machines as array
 ✓ src/__tests__/communityGallery.test.tsx > Community Gallery Store > Get Filtered Machines List > should return mock machines by default
 ✓ src/__tests__/communityGallery.test.tsx > Community Gallery Store > Mock Data Validation > should have valid machine attributes
 ✓ src/__tests__/communityGallery.test.tsx > Community Gallery Store > Mock Data Validation > should have valid author information
 ✓ src/__tests__/communityGallery.test.tsx > Community Gallery Store > Mock Data Validation > should have valid engagement stats
 ✓ src/__tests__/communityGallery.test.tsx > Community Gallery Store > Mock Data Validation > should have valid faction assignment
 ✓ src/__tests__/communityGallery.test.tsx > Community Gallery Store > Mock Data Validation > should have valid codex IDs
 ✓ src/__tests__/communityGallery.test.tsx > Community Gallery Filter Integration > should support void faction filter
 ✓ src/__tests__/communityGallery.test.tsx > Community Gallery Filter Integration > should support inferno faction filter
 ✓ src/__tests__/communityGallery.test.tsx > Community Gallery Filter Integration > should support storm faction filter
 ✓ src/__tests__/communityGallery.test.tsx > Community Gallery Filter Integration > should support stellar faction filter
 ✓ src/__tests__/communityGallery.test.tsx > Community Gallery Filter Integration > should support common rarity filter
 ✓ src/__tests__/communityGallery.test.tsx > Community Gallery Filter Integration > should support uncommon rarity filter
 ✓ src/__tests__/communityGallery.test.tsx > Community Gallery Filter Integration > should support rare rarity filter
 ✓ src/__tests__/communityGallery.test.tsx > Community Gallery Filter Integration > should support epic rarity filter
 ✓ src/__tests__/communityGallery.test.tsx > Community Gallery Filter Integration > should support legendary rarity filter
 ✓ src/__tests__/communityGallery.test.tsx > Community Gallery Filter Integration > should support newest sort option
 ✓ src/__tests__/communityGallery.test.tsx > Community Gallery Filter Integration > should support most-liked sort option
 ✓ src/__tests__/communityGallery.test.tsx > Community Gallery Filter Integration > should support most-viewed sort option
stderr | src/__tests__/aiServiceFactory.test.ts > AIServiceFactory > createProviderFromConfig > should create OpenAIProvider from valid openai config
[AIServiceFactory] Provider 'openai' is using default model (gpt-3.5-turbo). Consider specifying a model.

stderr | src/__tests__/aiServiceFactory.test.ts > AIServiceFactory > createProviderFromConfig > should create AnthropicProvider from valid anthropic config (AC-ANTHROPIC-007)
[AIServiceFactory] Provider 'anthropic' is using default model (claude-3-5-haiku-20241107). Consider specifying a model.

stderr | src/__tests__/aiServiceFactory.test.ts > AIServiceFactory > createProviderFromConfig > should create GeminiProvider from valid gemini config (AC-104-001)
[AIServiceFactory] Provider 'gemini' is using default model (gemini-pro). Consider specifying a model.

stderr | src/__tests__/aiServiceFactory.test.ts > AIServiceFactory > createProviderFromConfig > should create local fallback from invalid openai config
[AIServiceFactory] Invalid configuration for provider 'openai': Provider 'openai' requires an API key.

stderr | src/__tests__/aiServiceFactory.test.ts > AIServiceFactory > createProviderFromConfig > should create LocalAIProvider fallback from invalid anthropic config (no API key)
[AIServiceFactory] Invalid configuration for provider 'anthropic': Provider 'anthropic' requires an API key.

stderr | src/__tests__/aiServiceFactory.test.ts > AIServiceFactory > createProviderFromConfig > should create LocalAIProvider fallback from invalid gemini config (no API key)
[AIServiceFactory] Invalid configuration for provider 'gemini': Provider 'gemini' requires an API key.

stderr | src/__tests__/aiServiceFactory.test.ts > AIServiceFactory > createProviderFromConfig > should create local fallback from unknown config type
[AIServiceFactory] Invalid configuration for provider 'unknown': Unknown provider type: unknown

stderr | src/__tests__/aiServiceFactory.test.ts > AIServiceFactory > createProviderFromConfig > should handle partial config with defaults
[AIServiceFactory] Provider 'openai' is using default model (gpt-3.5-turbo). Consider specifying a model.

 ✓ src/__tests__/aiServiceFactory.test.ts > AIServiceFactory > createProvider > should create LocalAIProvider for type "local" (AC3)
 ✓ src/__tests__/aiServiceFactory.test.ts > AIServiceFactory > createProvider > should create OpenAIProvider for "openai" with valid config (AC3)
 ✓ src/__tests__/aiServiceFactory.test.ts > AIServiceFactory > createProvider > should create OpenAIProvider for "openai" without config (creates provider but not available) (AC3)
 ✓ src/__tests__/aiServiceFactory.test.ts > AIServiceFactory > createProvider > should create AnthropicProvider for "anthropic" (AC-ANTHROPIC-007)
 ✓ src/__tests__/aiServiceFactory.test.ts > AIServiceFactory > createProvider > should create AnthropicProvider for "anthropic" without config (creates provider but not available)
 ✓ src/__tests__/aiServiceFactory.test.ts > AIServiceFactory > createProvider > should create GeminiProvider for "gemini" (AC-104-001)
 ✓ src/__tests__/aiServiceFactory.test.ts > AIServiceFactory > createProvider > should create GeminiProvider for "gemini" without config (creates provider but not available)
 ✓ src/__tests__/aiServiceFactory.test.ts > AIServiceFactory > createProvider > should handle unknown provider types gracefully
 ✓ src/__tests__/aiServiceFactory.test.ts > AIServiceFactory > createProvider > should pass config to provider
 ✓ src/__tests__/aiServiceFactory.test.ts > AIServiceFactory > validateProviderConfig > should validate local provider as always valid
 ✓ src/__tests__/aiServiceFactory.test.ts > AIServiceFactory > validateProviderConfig > should invalidate openai without apiKey
 ✓ src/__tests__/aiServiceFactory.test.ts > AIServiceFactory > validateProviderConfig > should validate openai with properly formatted apiKey
 ✓ src/__tests__/aiServiceFactory.test.ts > AIServiceFactory > validateProviderConfig > should warn about missing model for openai
 ✓ src/__tests__/aiServiceFactory.test.ts > AIServiceFactory > validateProviderConfig > should validate anthropic with properly formatted apiKey (AC-ANTHROPIC-002)
 ✓ src/__tests__/aiServiceFactory.test.ts > AIServiceFactory > validateProviderConfig > should invalidate anthropic without apiKey
 ✓ src/__tests__/aiServiceFactory.test.ts > AIServiceFactory > validateProviderConfig > should invalidate anthropic with invalid key format
 ✓ src/__tests__/aiServiceFactory.test.ts > AIServiceFactory > validateProviderConfig > should warn about missing model for anthropic
 ✓ src/__tests__/aiServiceFactory.test.ts > AIServiceFactory > validateProviderConfig > should invalidate gemini without apiKey
 ✓ src/__tests__/aiServiceFactory.test.ts > AIServiceFactory > validateProviderConfig > should validate gemini with apiKey (AC-104-001)
 ✓ src/__tests__/aiServiceFactory.test.ts > AIServiceFactory > validateProviderConfig > should invalidate gemini with short key
 ✓ src/__tests__/aiServiceFactory.test.ts > AIServiceFactory > validateProviderConfig > should invalidate unknown provider types
 ✓ src/__tests__/aiServiceFactory.test.ts > AIServiceFactory > getDefaultProviderConfig > should return local config
 ✓ src/__tests__/aiServiceFactory.test.ts > AIServiceFactory > getDefaultProviderConfig > should return openai config with default model
 ✓ src/__tests__/aiServiceFactory.test.ts > AIServiceFactory > getDefaultProviderConfig > should return anthropic config with default model (AC-ANTHROPIC-007)
 ✓ src/__tests__/aiServiceFactory.test.ts > AIServiceFactory > getDefaultProviderConfig > should return gemini config with default model (AC-104-001)
 ✓ src/__tests__/aiServiceFactory.test.ts > AIServiceFactory > createProviderFromConfig > should create provider from valid local config
 ✓ src/__tests__/aiServiceFactory.test.ts > AIServiceFactory > createProviderFromConfig > should create OpenAIProvider from valid openai config
 ✓ src/__tests__/aiServiceFactory.test.ts > AIServiceFactory > createProviderFromConfig > should create AnthropicProvider from valid anthropic config (AC-ANTHROPIC-007)
 ✓ src/__tests__/aiServiceFactory.test.ts > AIServiceFactory > createProviderFromConfig > should create GeminiProvider from valid gemini config (AC-104-001)
 ✓ src/__tests__/aiServiceFactory.test.ts > AIServiceFactory > createProviderFromConfig > should create local fallback from invalid openai config
 ✓ src/__tests__/aiServiceFactory.test.ts > AIServiceFactory > createProviderFromConfig > should create LocalAIProvider fallback from invalid anthropic config (no API key)
 ✓ src/__tests__/aiServiceFactory.test.ts > AIServiceFactory > createProviderFromConfig > should create LocalAIProvider fallback from invalid gemini config (no API key)
 ✓ src/__tests__/aiServiceFactory.test.ts > AIServiceFactory > createProviderFromConfig > should create local fallback from unknown config type
 ✓ src/__tests__/aiServiceFactory.test.ts > AIServiceFactory > createProviderFromConfig > should handle partial config with defaults
 ✓ src/__tests__/aiServiceFactory.test.ts > AIServiceFactory > isProviderImplemented > should return true for local
 ✓ src/__tests__/aiServiceFactory.test.ts > AIServiceFactory > isProviderImplemented > should return true for openai
 ✓ src/__tests__/aiServiceFactory.test.ts > AIServiceFactory > isProviderImplemented > should return true for anthropic (AC-ANTHROPIC-008)
 ✓ src/__tests__/aiServiceFactory.test.ts > AIServiceFactory > isProviderImplemented > should return true for gemini (AC-104-001)
 ✓ src/__tests__/aiServiceFactory.test.ts > AIServiceFactory > getImplementedProviders > should return array with local, openai, anthropic, and gemini
 ✓ src/__tests__/aiServiceFactory.test.ts > AIServiceFactory > getAvailableProviders > should return all provider types including future implementations
 ✓ src/__tests__/aiServiceFactory.test.ts > AIServiceFactory > AIProviderFactoryError > should create error with message and type
 ✓ src/__tests__/aiServiceFactory.test.ts > AIServiceFactory > AIProviderFactoryError > should include config in error
 ✓ src/__tests__/aiServiceFactory.test.ts > AIServiceFactory > Provider Switching (AC3) > should switch between provider types
 ✓ src/__tests__/aiServiceFactory.test.ts > AIServiceFactory > Provider Switching (AC3) > should create correct provider types on multiple creates
 ✓ src/__tests__/randomGeneratorEnhancement.test.ts > Random Generator Enhancement > Theme Selection > getAllThemes returns all 9 themes
 ✓ src/__tests__/randomGeneratorEnhancement.test.ts > Random Generator Enhancement > Theme Selection > THEME_DISPLAY_INFO has all theme info
 ✓ src/__tests__/randomGeneratorEnhancement.test.ts > Random Generator Enhancement > Theme Selection > each theme generates valid machines
 ✓ src/__tests__/randomGeneratorEnhancement.test.ts > Random Generator Enhancement > Themed Random Generation (AC1) > balanced theme produces mix of module types
 ✓ src/__tests__/randomGeneratorEnhancement.test.ts > Random Generator Enhancement > Themed Random Generation (AC1) > offensive theme prioritizes amplifier/fire/lightning modules
 ✓ src/__tests__/randomGeneratorEnhancement.test.ts > Random Generator Enhancement > Themed Random Generation (AC1) > defensive theme prioritizes shield/stabilizer/void modules
 ✓ src/__tests__/randomGeneratorEnhancement.test.ts > Random Generator Enhancement > Themed Random Generation (AC1) > arcane_focus theme prioritizes rune/phase/void modules
 ✓ src/__tests__/randomGeneratorEnhancement.test.ts > Random Generator Enhancement > Themed Random Generation (AC1) > faction themes use faction variant modules when allowed
 ✓ src/__tests__/randomGeneratorEnhancement.test.ts > Random Generator Enhancement > Themed Random Generation (AC1) > temporal_focus theme prioritizes temporal/advanced modules
 ✓ src/__tests__/randomGeneratorEnhancement.test.ts > Random Generator Enhancement > Complexity Controls (AC2) > slider controls module count within specified range
 ✓ src/__tests__/randomGeneratorEnhancement.test.ts > Random Generator Enhancement > Complexity Controls (AC2) > connection density affects number of connections
 ✓ src/__tests__/randomGeneratorEnhancement.test.ts > Random Generator Enhancement > Complexity Controls (AC2) > complexity affects validation result
 ✓ src/__tests__/randomGeneratorEnhancement.test.ts > Random Generator Enhancement > Aesthetic Validation (AC3) > generated machines have no overlapping modules
 ✓ src/__tests__/randomGeneratorEnhancement.test.ts > Random Generator Enhancement > Aesthetic Validation (AC3) > all connections are valid with existing ports
 ✓ src/__tests__/randomGeneratorEnhancement.test.ts > Random Generator Enhancement > Aesthetic Validation (AC3) > at least one core module present
 ✓ src/__tests__/randomGeneratorEnhancement.test.ts > Random Generator Enhancement > Aesthetic Validation (AC3) > output array receives energy when present
 ✓ src/__tests__/randomGeneratorEnhancement.test.ts > Random Generator Enhancement > Retry Logic (R1 Mitigation) > generateWithRetry retries on invalid result
 ✓ src/__tests__/randomGeneratorEnhancement.test.ts > Random Generator Enhancement > Retry Logic (R1 Mitigation) > fallback works after max attempts
 ✓ src/__tests__/randomGeneratorEnhancement.test.ts > Random Generator Enhancement > Validation Functions > validateGeneratedMachine returns proper structure
 ✓ src/__tests__/randomGeneratorEnhancement.test.ts > Random Generator Enhancement > Validation Functions > validateThemeCompliance checks theme percentage
 ✓ src/__tests__/randomGeneratorEnhancement.test.ts > Random Generator Enhancement > Generate and Validate Multiple > generateAndValidateMachines generates multiple machines
 ✓ src/__tests__/randomGeneratorEnhancement.test.ts > Random Generator Enhancement > Default Configuration > DEFAULT_ENHANCED_CONFIG has all required fields
 ✓ src/__tests__/focusManagement.test.tsx > P0: AC3 - Focus Management > FocusManager Component > should render children when open
 ✓ src/__tests__/focusManagement.test.tsx > P0: AC3 - Focus Management > FocusManager Component > should set role="dialog" by default
 ✓ src/__tests__/focusManagement.test.tsx > P0: AC3 - Focus Management > FocusManager Component > should set role="alertdialog" when specified
 ✓ src/__tests__/focusManagement.test.tsx > P0: AC3 - Focus Management > FocusManager Component > should have aria-modal="true"
 ✓ src/__tests__/focusManagement.test.tsx > P0: AC3 - Focus Management > FocusManager Component > should have aria-label with modal label
 ✓ src/__tests__/focusManagement.test.tsx > P0: AC3 - Focus Management > FocusManager Component > should close on Escape key
 ✓ src/__tests__/focusManagement.test.tsx > P0: AC3 - Focus Management > FocusManager Component > should render all modal buttons
 ✓ src/__tests__/focusManagement.test.tsx > P0: AC3 - Focus Management > FocusManager Component > should have proper ARIA attributes for accessibility
 ✓ src/__tests__/focusManagement.test.tsx > P0: AC3 - Focus Management > useFocusTrap Hook > should set up focus trap when active
 ✓ src/__tests__/focusManagement.test.tsx > P0: AC3 - Focus Management > useFocusTrap Hook > should call onEscape when Escape is pressed
 ✓ src/__tests__/focusManagement.test.tsx > P0: AC3 - Focus Management > useFocusTrap Hook > should not trap focus when inactive
 ✓ src/__tests__/focusManagement.test.tsx > P0: AC3 - Focus Management > trapFocus utility > should focus first focusable element on init
 ✓ src/__tests__/focusManagement.test.tsx > P0: AC3 - Focus Management > restoreFocus utility > should restore focus to element
 ✓ src/__tests__/focusManagement.test.tsx > P0: AC3 - Focus Management > restoreFocus utility > should handle null element gracefully
 ✓ src/__tests__/focusManagement.test.tsx > P0: AC3 - Focus Management > restoreFocus utility > should handle undefined element gracefully
 ✓ src/__tests__/focusManagement.test.tsx > P0: AC3 - Focus Management > getFirstFocusable > should return first focusable element
 ✓ src/__tests__/focusManagement.test.tsx > P0: AC3 - Focus Management > getFirstFocusable > should return null when no focusable elements
 ✓ src/__tests__/focusManagement.test.tsx > P0: AC3 - Focus Management > getLastFocusable > should return last focusable element
 ✓ src/__tests__/focusManagement.test.tsx > P0: AC3 - Focus Management > getLastFocusable > should return null when no focusable elements
 ✓ src/__tests__/focusManagement.test.tsx > P1: AC4 - Skip Navigation > should be first focusable element on page
 ✓ src/__tests__/focusManagement.test.tsx > P1: AC4 - Skip Navigation > should have correct href for canvas
 ✓ src/__tests__/focusManagement.test.tsx > Tab Order Verification > should follow logical tab order through editor interface
 ✓ src/__tests__/focusManagement.test.tsx > Tab Order Verification > should have proper tab order in export modal
 ✓ src/__tests__/focusManagement.test.tsx > Modal Focus Integration > should manage focus for Export Modal
 ✓ src/__tests__/focusManagement.test.tsx > Modal Focus Integration > should manage focus for Codex Modal
 ✓ src/__tests__/focusManagement.test.tsx > Modal Focus Integration > should manage focus for Community Gallery Modal
 ✓ src/__tests__/performance/verification.test.ts > Performance Verification - Canvas Operations > AC1: Canvas with 20 Modules Render Performance > should create 20 modules in under 100ms
 ✓ src/__tests__/performance/verification.test.ts > Performance Verification - Canvas Operations > AC1: Canvas with 20 Modules Render Performance > should verify 20 modules renders under 16ms (60fps budget)
 ✓ src/__tests__/performance/verification.test.ts > Performance Verification - Canvas Operations > Canvas Memory Usage > should not leak memory when clearing canvas
 ✓ src/__tests__/performance/verification.test.ts > Performance Verification - Canvas Operations > Canvas Memory Usage > should handle rapid add/remove cycles
 ✓ src/__tests__/performance/verification.test.ts > Performance Verification - Connection Path Calculations > AC2: Connection Path Calculation Performance > should calculate paths for 20 modules efficiently
 ✓ src/__tests__/performance/verification.test.ts > Performance Verification - Connection Path Calculations > AC2: Connection Path Calculation Performance > should handle connection calculations with complex graph
 ✓ src/__tests__/performance/verification.test.ts > Performance Verification - Activation Sequence > AC3: Activation Choreography Performance > should calculate BFS order for 10 modules in under 10ms
 ✓ src/__tests__/performance/verification.test.ts > Performance Verification - Activation Sequence > AC3: Activation Choreography Performance > should handle parallel activation paths efficiently
 ✓ src/__tests__/performance/verification.test.ts > Performance Verification - Frame Budget Compliance > AC4: Frame Budget (60fps = 16.67ms per frame) > should verify single operation stays within frame budget
 ✓ src/__tests__/performance/verification.test.ts > Performance Verification - Frame Budget Compliance > AC4: Frame Budget (60fps = 16.67ms per frame) > should benchmark module creation operations
 ✓ src/__tests__/performance/verification.test.ts > Performance Verification - Frame Budget Compliance > AC4: Frame Budget (60fps = 16.67ms per frame) > should benchmark module update operations
 ✓ src/__tests__/performance/verification.test.ts > Performance Verification - Module Renderer Memoization > AC5: React Component Memoization > should handle selection state changes efficiently
 ✓ src/__tests__/performance/verification.test.ts > Performance Verification - Module Renderer Memoization > AC5: React Component Memoization > should handle rapid state updates without performance degradation
 ✓ src/__tests__/performance/verification.test.ts > Performance Verification - Stress Tests > Stress Testing > should handle maximum module count efficiently
 ✓ src/__tests__/performance/verification.test.ts > Performance Verification - Stress Tests > Stress Testing > should handle undo/redo operations efficiently
 ✓ src/__tests__/performance/verification.test.ts > Performance Verification - Stress Tests > Stress Testing > should handle batch updates efficiently
 ✓ src/__tests__/techChallengeIntegration.test.ts > Tech-Challenge Integration > Challenge Bonus Multiplier > returns 1.0x when no tech tier completed
 ✓ src/__tests__/techChallengeIntegration.test.ts > Tech-Challenge Integration > Challenge Bonus Multiplier > returns 1.1x for T1 tech
 ✓ src/__tests__/techChallengeIntegration.test.ts > Tech-Challenge Integration > Challenge Bonus Multiplier > returns 1.2x for T2 tech
 ✓ src/__tests__/techChallengeIntegration.test.ts > Tech-Challenge Integration > Challenge Bonus Multiplier > returns 1.3x for T3 tech
 ✓ src/__tests__/techChallengeIntegration.test.ts > Tech-Challenge Integration > Challenge Bonus Multiplier > caps at 1.3x for tiers above T3
 ✓ src/__tests__/techChallengeIntegration.test.ts > Tech-Challenge Integration > Bonus Reputation Calculation > returns base reputation with no tech
 ✓ src/__tests__/techChallengeIntegration.test.ts > Tech-Challenge Integration > Bonus Reputation Calculation > applies 1.1x multiplier for T1
 ✓ src/__tests__/techChallengeIntegration.test.ts > Tech-Challenge Integration > Bonus Reputation Calculation > applies 1.2x multiplier for T2
 ✓ src/__tests__/techChallengeIntegration.test.ts > Tech-Challenge Integration > Bonus Reputation Calculation > applies 1.3x multiplier for T3
 ✓ src/__tests__/techChallengeIntegration.test.ts > Tech-Challenge Integration > Bonus Reputation Calculation > rounds to nearest integer
 ✓ src/__tests__/techChallengeIntegration.test.ts > Tech-Challenge Integration > getHighestTechTierAcrossFactions > returns 0 with no completed research
 ✓ src/__tests__/techChallengeIntegration.test.ts > Tech-Challenge Integration > getHighestTechTierAcrossFactions > returns highest tier from single faction
 ✓ src/__tests__/techChallengeIntegration.test.ts > Tech-Challenge Integration > getHighestTechTierAcrossFactions > returns highest tier across multiple factions
 ✓ src/__tests__/techChallengeIntegration.test.ts > Tech-Challenge Integration > getHighestTechTierAcrossFactions > uses highest, not sum or average
 ✓ src/__tests__/techChallengeIntegration.test.ts > Tech-Challenge Integration > Tech Mastery Challenges > Tech Mastery challenges exist
 ✓ src/__tests__/techChallengeIntegration.test.ts > Tech-Challenge Integration > Tech Mastery Challenges > Tech Mastery challenges have requiresTechTier
 ✓ src/__tests__/techChallengeIntegration.test.ts > Tech-Challenge Integration > Tech Mastery Challenges > Tech Mastery challenges have correct category
 ✓ src/__tests__/techChallengeIntegration.test.ts > Tech-Challenge Integration > Tech Mastery Challenges > isTechMasteryAvailable returns false when no tech meets requirement
 ✓ src/__tests__/techChallengeIntegration.test.ts > Tech-Challenge Integration > Tech Mastery Challenges > isTechMasteryAvailable returns true when any faction meets requirement
 ✓ src/__tests__/techChallengeIntegration.test.ts > Tech-Challenge Integration > Tech Mastery Challenges > isTechMasteryAvailable handles challenge without requiresTechTier
 ✓ src/__tests__/techChallengeIntegration.test.ts > Tech-Challenge Integration > Challenge Store Tech Integration > getChallengeBonusMultiplier returns correct multiplier
 ✓ src/__tests__/techChallengeIntegration.test.ts > Tech-Challenge Integration > Challenge Store Tech Integration > getBonusReputation returns correct bonus
 ✓ src/__tests__/techChallengeIntegration.test.ts > Tech-Challenge Integration > Challenge Store Tech Integration > isTechMasteryAvailable uses provided completedResearch
 ✓ src/__tests__/techChallengeIntegration.test.ts > Tech-Challenge Integration > Challenge Store Tech Integration > isTechMasteryAvailable returns false when requirement not met
 ✓ src/__tests__/techChallengeIntegration.test.ts > Tech-Challenge Integration > Challenge Reward with Tech Bonus > claimReward applies tech bonus to XP rewards
 ✓ src/__tests__/techChallengeIntegration.test.ts > Tech-Challenge Integration > Challenge Reward with Tech Bonus > claimReward works without tech bonus
 ✓ src/__tests__/techChallengeIntegration.test.ts > Tech-Challenge Integration > Challenge Reward with Tech Bonus > cannot claim same challenge twice
 ✓ src/__tests__/techChallengeIntegration.test.ts > Tech-Challenge Integration > Challenge Bonus for Mixed-Faction Machines > uses highest tier, not average
 ✓ src/__tests__/techChallengeIntegration.test.ts > Tech-Challenge Integration > Challenge Bonus for Mixed-Faction Machines > single faction machine gets that faction tier bonus
 ✓ src/__tests__/techChallengeIntegration.test.ts > Tech-Challenge Integration > Tech Reset and Challenge > tech reset does not affect challenge completion
 ✓ src/__tests__/techChallengeIntegration.test.ts > Tech-Challenge Integration > Tech Reset and Challenge > future challenges can still be claimed with different tech
 ✓ src/__tests__/techChallengeIntegration.test.ts > Tech-Challenge Integration > Challenge Definitions > all challenges have baseReputation
 ✓ src/__tests__/techChallengeIntegration.test.ts > Tech-Challenge Integration > Challenge Definitions > all tech mastery challenges have requiresTechTier
 ✓ src/__tests__/techChallengeIntegration.test.ts > Tech-Challenge Integration > Challenge Definitions > Tech Mastery challenges are in tech_mastery category
 ✓ src/__tests__/techChallengeIntegration.test.ts > Tech-Challenge Integration > Negative tests > 0 tech tier gives no bonus
 ✓ src/__tests__/techChallengeIntegration.test.ts > Tech-Challenge Integration > Negative tests > negative tech tier handled correctly
 ✓ src/__tests__/techChallengeIntegration.test.ts > Tech-Challenge Integration > Negative tests > challenge without baseReputation uses reward value
 ✓ src/__tests__/activationVisualEffects.test.ts > Activation Visual Effects > calculateActivationChoreography > should return empty result for no modules
 ✓ src/__tests__/activationVisualEffects.test.ts > Activation Visual Effects > calculateActivationChoreography > should calculate BFS activation order for connected modules
 ✓ src/__tests__/activationVisualEffects.test.ts > Activation Visual Effects > calculateActivationChoreography > should calculate connection light-up times
 ✓ src/__tests__/activationVisualEffects.test.ts > Activation Visual Effects > calculateActivationChoreography > should handle disconnected modules
 ✓ src/__tests__/activationVisualEffects.test.ts > Activation Visual Effects > calculateActivationChoreography > should calculate total duration based on max depth
 ✓ src/__tests__/activationVisualEffects.test.ts > Activation Visual Effects > Zoom Calculation > should calculate zoom-to-fit viewport for centered view
 ✓ src/__tests__/activationVisualEffects.test.ts > Activation Visual Effects > Zoom Calculation > should handle empty modules array
 ✓ src/__tests__/activationVisualEffects.test.ts > Activation Visual Effects > Viewport Interpolation > should interpolate between viewport states with ease-out
 ✓ src/__tests__/activationVisualEffects.test.ts > Activation Visual Effects > Module Activation State > should determine activated modules based on index
 ✓ src/__tests__/activationVisualEffects.test.ts > Activation Visual Effects > Module Activation State > should calculate activation intensity
 ✓ src/__tests__/activationVisualEffects.test.ts > Activation Visual Effects > Glitch Effects > should generate random noise offsets
 ✓ src/__tests__/activationVisualEffects.test.ts > Activation Visual Effects > Energy Pulse Timing > should calculate pulse wave duration based on path length
 ✓ src/__tests__/activationVisualEffects.test.ts > Activation Visual Effects > Energy Pulse Timing > should calculate pulse wave count based on path length
 ✓ src/__tests__/activationVisualEffects.test.ts > Activation Visual Effects > Activation Phase Timing > should calculate correct phase based on progress
 ✓ src/__tests__/groupingUtils.test.ts > groupingUtils > createGroup > should create a group from module IDs
 ✓ src/__tests__/groupingUtils.test.ts > groupingUtils > createGroup > should use provided name if given
 ✓ src/__tests__/groupingUtils.test.ts > groupingUtils > createGroup > should throw error for less than 2 modules
 ✓ src/__tests__/groupingUtils.test.ts > groupingUtils > ungroupModules > should return empty array (group no longer exists after ungroup)
 ✓ src/__tests__/groupingUtils.test.ts > groupingUtils > getGroupBounds > should calculate bounds for group modules
 ✓ src/__tests__/groupingUtils.test.ts > groupingUtils > getGroupBounds > should return null for empty array
 ✓ src/__tests__/groupingUtils.test.ts > groupingUtils > getGroupCenter > should calculate center point of group
 ✓ src/__tests__/groupingUtils.test.ts > groupingUtils > getGroupCenter > should return null for empty array
 ✓ src/__tests__/groupingUtils.test.ts > groupingUtils > calculateGroupMovement > should calculate new positions for all modules in group
 ✓ src/__tests__/groupingUtils.test.ts > groupingUtils > calculateGroupMovement > should handle negative delta
 ✓ src/__tests__/groupingUtils.test.ts > groupingUtils > assignGroupToModules > should assign group ID to modules in group
 ✓ src/__tests__/groupingUtils.test.ts > groupingUtils > removeGroupFromModules > should remove group ID from modules
 ✓ src/__tests__/groupingUtils.test.ts > groupingUtils > removeGroupFromModules > should not affect modules not in group
 ✓ src/__tests__/groupingUtils.test.ts > groupingUtils > isModuleInGroup > should return true if module is in any group
 ✓ src/__tests__/groupingUtils.test.ts > groupingUtils > getModuleGroup > should return the group containing the module
 ✓ src/__tests__/groupingUtils.test.ts > groupingUtils > getModuleGroup > should return undefined if module is not in any group
 ✓ src/__tests__/groupingUtils.test.ts > groupingUtils > getGroupModules > should return all modules in a group
 ✓ src/__tests__/groupingUtils.test.ts > groupingUtils > mergeGroups > should merge multiple groups into one
 ✓ src/__tests__/groupingUtils.test.ts > groupingUtils > mergeGroups > should return null for less than 2 groups
 ✓ src/__tests__/groupingUtils.test.ts > groupingUtils > mergeGroups > should handle duplicate module IDs
 ✓ src/__tests__/groupingUtils.test.ts > groupingUtils > splitGroup > should return module IDs from group
 ✓ src/__tests__/groupingUtils.test.ts > groupingUtils > splitGroup > should return empty array for non-existent group
 ✓ src/__tests__/groupingUtils.test.ts > groupingUtils > renameGroup > should rename group
 ✓ src/__tests__/groupingUtils.test.ts > groupingUtils > renameGroup > should not modify other groups
 ✓ src/__tests__/groupingUtils.test.ts > groupingUtils > toggleGroupLock > should toggle lock state
 ✓ src/__tests__/groupingUtils.test.ts > groupingUtils > getGroupStats > should return group statistics
 ✓ src/__tests__/groupingUtils.test.ts > groupingUtils > validateGroup > should return true if all modules exist
 ✓ src/__tests__/groupingUtils.test.ts > groupingUtils > validateGroup > should return false if any module is missing
 ✓ src/__tests__/groupingUtils.test.ts > groupingUtils > cleanupInvalidGroups > should remove groups with missing modules
 ✓ src/__tests__/achievementExpansion.test.tsx > Achievement Expansion Tests > Achievement Definitions > should have 23 total achievements after Round 80 expansion
 ✓ src/__tests__/achievementExpansion.test.tsx > Achievement Expansion Tests > Achievement Definitions > should include all milestone achievements
 ✓ src/__tests__/achievementExpansion.test.tsx > Achievement Expansion Tests > Achievement Definitions > should include tutorial completion achievement
 ✓ src/__tests__/achievementExpansion.test.tsx > Achievement Expansion Tests > Achievement Definitions > should include faction-specific achievements
 ✓ src/__tests__/achievementExpansion.test.tsx > Achievement Expansion Tests > Achievement Definitions > should include first-export achievement
 ✓ src/__tests__/achievementExpansion.test.tsx > Achievement Expansion Tests > Achievement Definitions > should include complex-machine-created achievement
 ✓ src/__tests__/achievementExpansion.test.tsx > Achievement Expansion Tests > Milestone Achievement Thresholds > should unlock apprentice-forge at exactly 5 machines
 ✓ src/__tests__/achievementExpansion.test.tsx > Achievement Expansion Tests > Milestone Achievement Thresholds > should unlock skilled-artisan at exactly 10 machines
 ✓ src/__tests__/achievementExpansion.test.tsx > Achievement Expansion Tests > Milestone Achievement Thresholds > should unlock master-creator at exactly 25 machines
 ✓ src/__tests__/achievementExpansion.test.tsx > Achievement Expansion Tests > Milestone Achievement Thresholds > should unlock legendary-machinist at exactly 50 machines
 ✓ src/__tests__/achievementExpansion.test.tsx > Achievement Expansion Tests > Milestone Achievement Thresholds > should unlock eternal-forger at exactly 100 machines
 ✓ src/__tests__/achievementExpansion.test.tsx > Achievement Expansion Tests > Tutorial Completion Achievement > should unlock getting-started when tutorialCompleted is true
 ✓ src/__tests__/achievementExpansion.test.tsx > Achievement Expansion Tests > Achievement Toast Component > should have data-testid="achievement-toast" in component
 ✓ src/__tests__/achievementExpansion.test.tsx > Achievement Expansion Tests > Achievement Toast Component > should export useAchievementToastQueue hook
 ✓ src/__tests__/achievementExpansion.test.tsx > Achievement Expansion Tests > Achievement Toast Component > should export AchievementToastContainer component
 ✓ src/__tests__/achievementExpansion.test.tsx > Achievement Expansion Tests > Achievement Toast Component > should export AchievementToast component
 ✓ src/__tests__/achievementExpansion.test.tsx > Achievement Expansion Tests > Achievement Toast Queue Types > should define ToastQueueItem interface
 ✓ src/__tests__/achievementExpansion.test.tsx > Achievement Expansion Tests > Achievement Toast Queue Types > should define AchievementToastQueueOptions interface
 ✓ src/__tests__/achievementExpansion.test.tsx > Achievement Expansion Tests > Achievement Toast Queue Types > should have default maxVisible of 3
 ✓ src/__tests__/achievementExpansion.test.tsx > Achievement Expansion Tests > Achievement Toast Queue Types > should have default staggerDelay of 3000
 ✓ src/__tests__/achievementExpansion.test.tsx > Achievement Expansion Tests > Achievement Milestone Thresholds > should return correct threshold for each milestone achievement
 ✓ src/__tests__/achievementExpansion.test.tsx > Achievement Expansion Tests > Achievement Milestone Thresholds > should return null for non-milestone achievements
 ✓ src/__tests__/achievementExpansion.test.tsx > Achievement Expansion Tests > Achievement Faction Integration > should check faction conditions correctly
 ✓ src/__tests__/achievementExpansion.test.tsx > Achievement Expansion Tests > Achievement Faction Integration > should include all six faction achievements
 ✓ src/__tests__/achievementExpansion.test.tsx > Achievement Expansion Tests > First Machine Achievements > should have first-activation achievement
 ✓ src/__tests__/achievementExpansion.test.tsx > Achievement Expansion Tests > Total Achievements Count > should export TOTAL_ACHIEVEMENTS constant (23 in Round 80)
 ✓ src/__tests__/achievementExpansion.test.tsx > Achievement Expansion Tests > Total Achievements Count > should match count of ACHIEVEMENTS array
 ✓ src/__tests__/aiDescription.test.ts > AI Description Service > MockAIService.generateDescription > should handle all description styles 1604ms
 ✓ src/__tests__/integration/editorWorkflows.test.ts > Workflow 1a: Editor → Activation → Export SVG/PNG > Store State > should have empty canvas initially
 ✓ src/__tests__/integration/editorWorkflows.test.ts > Workflow 1a: Editor → Activation → Export SVG/PNG > Store State > should have idle state initially
 ✓ src/__tests__/integration/editorWorkflows.test.ts > Workflow 1a: Editor → Activation → Export SVG/PNG > Store State > should support state transitions
 ✓ src/__tests__/integration/editorWorkflows.test.ts > Workflow 1a: Editor → Activation → Export SVG/PNG > Export Utilities > should generate SVG content for export
 ✓ src/__tests__/integration/editorWorkflows.test.ts > Workflow 1a: Editor → Activation → Export SVG/PNG > Export Utilities > should generate SVG with modules
 ✓ src/__tests__/integration/editorWorkflows.test.ts > Workflow 1a: Editor → Activation → Export SVG/PNG > Export Utilities > should generate valid export data structure
 ✓ src/__tests__/integration/editorWorkflows.test.ts > Workflow 1b: Random Generator → Codex Save → Export Poster > Random Generator > should generate a valid machine from random generator
 ✓ src/__tests__/integration/editorWorkflows.test.ts > Workflow 1b: Random Generator → Codex Save → Export Poster > Random Generator > should always generate a core-furnace module
 ✓ src/__tests__/integration/editorWorkflows.test.ts > Workflow 1b: Random Generator → Codex Save → Export Poster > Random Generator > should generate modules within specified range
 ✓ src/__tests__/integration/editorWorkflows.test.ts > Workflow 1b: Random Generator → Codex Save → Export Poster > Random Generator > should generate valid modules and connections
 ✓ src/__tests__/integration/editorWorkflows.test.ts > Workflow 1b: Random Generator → Codex Save → Export Poster > Codex Store > should save machine to codex and verify entry created
 ✓ src/__tests__/integration/editorWorkflows.test.ts > Workflow 1b: Random Generator → Codex Save → Export Poster > Codex Store > should generate codex ID for saved entry
 ✓ src/__tests__/integration/editorWorkflows.test.ts > Workflow 1b: Random Generator → Codex Save → Export Poster > Export Poster > should export codex entry as poster SVG
 ✓ src/__tests__/integration/editorWorkflows.test.ts > Workflow 1b: Random Generator → Codex Save → Export Poster > Full Random Generator Workflow > should complete the entire workflow
 ✓ src/__tests__/integration/editorWorkflows.test.ts > Regression Coverage Tests (AC1) > should maintain existing functionality while adding new features
 ✓ src/__tests__/integration/editorWorkflows.test.ts > Regression Coverage Tests (AC1) > should maintain codex persistence
 ✓ src/__tests__/integration/editorWorkflows.test.ts > Regression Coverage Tests (AC1) > should support attribute generation
 ✓ src/__tests__/integration/editorWorkflows.test.ts > Performance Regression (AC5) > should export 50+ modules quickly
 ✓ src/__tests__/integration/editorWorkflows.test.ts > Performance Regression (AC5) > should generate random machine efficiently
 ✓ src/__tests__/integration/editorWorkflows.test.ts > Performance Regression (AC5) > should handle large random generation without issues
 ✓ src/__tests__/activationStateMachine.test.ts > Activation State Machine > AC1.1: idle → charging → active state progression > initial state is idle
 ✓ src/__tests__/activationStateMachine.test.ts > Activation State Machine > AC1.1: idle → charging → active state progression > machine with modules can enter charging state
 ✓ src/__tests__/activationStateMachine.test.ts > Activation State Machine > AC1.1: idle → charging → active state progression > machine transitions from charging to active
 ✓ src/__tests__/activationStateMachine.test.ts > Activation State Machine > AC1.1: idle → charging → active state progression > machineState should not remain stuck in charging after activation completes
 ✓ src/__tests__/activationStateMachine.test.ts > Activation State Machine > AC1.2: failure state on incomplete circuit (no core module) > machine without core module enters failure state
 ✓ src/__tests__/activationStateMachine.test.ts > Activation State Machine > AC1.2: failure state on incomplete circuit (no core module) > failure state auto-returns to idle after 3.5 seconds
 ✓ src/__tests__/activationStateMachine.test.ts > Activation State Machine > AC1.2: failure state on incomplete circuit (no core module) > activationFailureMode sets state to failure, not active
 ✓ src/__tests__/activationStateMachine.test.ts > Activation State Machine > AC1.3: shutdown from active state > active machine can transition to shutdown state
 ✓ src/__tests__/activationStateMachine.test.ts > Activation State Machine > AC1.3: shutdown from active state > shutdown state can transition back to idle
 ✓ src/__tests__/activationStateMachine.test.ts > Activation State Machine > AC1.3: shutdown from active state > shutdown clears activation overlay
 ✓ src/__tests__/activationStateMachine.test.ts > Activation State Machine > AC1.4: repeated activation cycle stability > machine can complete multiple activation cycles
 ✓ src/__tests__/activationStateMachine.test.ts > Activation State Machine > AC1.4: repeated activation cycle stability > repeated cycles do not accumulate state artifacts
 ✓ src/__tests__/activationStateMachine.test.ts > Activation State Machine > AC1.4: repeated activation cycle stability > canvas remains stable after repeated activation cycles
 ✓ src/__tests__/activationStateMachine.test.ts > Activation State Machine > Negative Assertions > machineState should not remain stuck in charging after activation completes
 ✓ src/__tests__/activationStateMachine.test.ts > Activation State Machine > Negative Assertions > activateFailureMode correctly sets failure state
 ✓ src/__tests__/activationStateMachine.test.ts > Activation State Machine > Negative Assertions > repeated cycles should not accumulate state artifacts
 ✓ src/__tests__/activationStateMachine.test.ts > Activation State Machine > Negative Assertions > activateOverloadMode correctly sets overload state
 ✓ src/__tests__/recipeSystem.test.ts > Recipe System > Recipe Definitions > should have 14 module recipes defined
 ✓ src/__tests__/recipeSystem.test.ts > Recipe System > Recipe Definitions > should have recipes for all module types including the 3 new ones
 ✓ src/__tests__/recipeSystem.test.ts > Recipe System > Recipe Definitions > should include resonance-chamber recipe
 ✓ src/__tests__/recipeSystem.test.ts > Recipe System > Recipe Definitions > should include fire-crystal recipe
 ✓ src/__tests__/recipeSystem.test.ts > Recipe System > Recipe Definitions > should include lightning-conductor recipe
 ✓ src/__tests__/recipeSystem.test.ts > Recipe System > Recipe Definitions > should have valid unlock conditions for all recipes
 ✓ src/__tests__/recipeSystem.test.ts > Recipe System > Recipe Definitions > should have all rarity levels represented
 ✓ src/__tests__/recipeSystem.test.ts > Recipe System > Recipe Definitions > should have correct rarity colors for all levels
 ✓ src/__tests__/recipeSystem.test.ts > Recipe System > Recipe Store > unlockRecipe > should add recipe to unlocked list
 ✓ src/__tests__/recipeSystem.test.ts > Recipe System > Recipe Store > unlockRecipe > should add recipe to pending discoveries when unlocked
 ✓ src/__tests__/recipeSystem.test.ts > Recipe System > Recipe Store > unlockRecipe > should not duplicate already unlocked recipes
 ✓ src/__tests__/recipeSystem.test.ts > Recipe System > Recipe Store > unlockRecipe > should set unlockedAt timestamp
 ✓ src/__tests__/recipeSystem.test.ts > Recipe System > Recipe Store > isUnlocked > should return false for locked recipes
 ✓ src/__tests__/recipeSystem.test.ts > Recipe System > Recipe Store > isUnlocked > should return true for unlocked recipes
 ✓ src/__tests__/recipeSystem.test.ts > Recipe System > Recipe Store > isUnlocked > should return false for recipes not yet discovered
 ✓ src/__tests__/recipeSystem.test.ts > Recipe System > Recipe Store > getRecipe > should return recipe definition by ID
 ✓ src/__tests__/recipeSystem.test.ts > Recipe System > Recipe Store > getRecipe > should return undefined for invalid ID
 ✓ src/__tests__/recipeSystem.test.ts > Recipe System > Recipe Store > getUnlockedRecipes > should return empty array when no recipes unlocked
 ✓ src/__tests__/recipeSystem.test.ts > Recipe System > Recipe Store > getUnlockedRecipes > should return only unlocked recipes
 ✓ src/__tests__/recipeSystem.test.ts > Recipe System > Recipe Store > getLockedRecipes > should return all recipes when none unlocked
 ✓ src/__tests__/recipeSystem.test.ts > Recipe System > Recipe Store > getLockedRecipes > should exclude unlocked recipes
 ✓ src/__tests__/recipeSystem.test.ts > Recipe System > Challenge Integration > checkChallengeUnlock > should unlock recipes associated with completed challenge
 ✓ src/__tests__/recipeSystem.test.ts > Recipe System > Challenge Integration > checkChallengeUnlock > should unlock multiple recipes for same challenge
 ✓ src/__tests__/recipeSystem.test.ts > Recipe System > Challenge Integration > checkTutorialUnlock > should unlock tutorial recipes
 ✓ src/__tests__/recipeSystem.test.ts > Recipe System > Challenge Integration > checkMachinesCreatedUnlock > should unlock recipes when threshold met
 ✓ src/__tests__/recipeSystem.test.ts > Recipe System > Challenge Integration > checkMachinesCreatedUnlock > should unlock resonance-chamber when 3 machines created
 ✓ src/__tests__/recipeSystem.test.ts > Recipe System > Challenge Integration > checkMachinesCreatedUnlock > should not unlock if threshold not met
 ✓ src/__tests__/recipeSystem.test.ts > Recipe System > Challenge Integration > checkActivationCountUnlock > should unlock void siphon after 50 activations
 ✓ src/__tests__/recipeSystem.test.ts > Recipe System > Challenge Integration > checkActivationCountUnlock > should unlock fire-crystal after 10 activations
 ✓ src/__tests__/recipeSystem.test.ts > Recipe System > State Management > should have correct initial state
 ✓ src/__tests__/recipeSystem.test.ts > Recipe System > State Management > should reset state correctly
 ✓ src/__tests__/recipeSystem.test.ts > Recipe System > isRecipeUnlocked helper > should correctly check unlocked state
 ✓ src/__tests__/recipeSystem.test.ts > Recipe System > Clear pending discoveries > should clear pending discoveries array
 ✓ src/__tests__/recipeSystem.test.ts > Recipe System > getNextPendingDiscovery > should return first pending recipe
 ✓ src/__tests__/recipeSystem.test.ts > Recipe System > getNextPendingDiscovery > should return null when no pending discoveries
 ✓ src/__tests__/aiDescription.test.ts > AI Description Service > MockAIService.generateDescription > should respect maxLength parameter 401ms
 ✓ src/__tests__/aiProvider.test.ts > LocalAIProvider > Interface Compliance (AC2) > should implement AIProvider interface
 ✓ src/__tests__/aiProvider.test.ts > LocalAIProvider > Interface Compliance (AC2) > should have correct provider type
 ✓ src/__tests__/aiProvider.test.ts > LocalAIProvider > Interface Compliance (AC2) > should implement validateConfig returning valid result
 ✓ src/__tests__/aiProvider.test.ts > LocalAIProvider > Interface Compliance (AC2) > should implement getConfig returning config
 ✓ src/__tests__/aiProvider.test.ts > LocalAIProvider > Interface Compliance (AC2) > should implement isAvailable returning true
 ✓ src/__tests__/aiProvider.test.ts > LocalAIProvider > generateMachineName > should generate a name string
 ✓ src/__tests__/aiProvider.test.ts > LocalAIProvider > generateMachineName > should include expected name pattern (adjective + noun + suffix)
 ✓ src/__tests__/aiProvider.test.ts > LocalAIProvider > generateMachineName > should return isFromAI as false
 ✓ src/__tests__/aiProvider.test.ts > LocalAIProvider > generateMachineName > should return local as provider
 ✓ src/__tests__/aiProvider.test.ts > LocalAIProvider > generateMachineName > should return confidence greater than 0.9
 ✓ src/__tests__/aiProvider.test.ts > LocalAIProvider > generateMachineName > should generate consistent names for empty modules (baseline test)
 ✓ src/__tests__/aiProvider.test.ts > LocalAIProvider > generateMachineDescription > should generate a description string
 ✓ src/__tests__/aiProvider.test.ts > LocalAIProvider > generateMachineDescription > should return isFromAI as false
 ✓ src/__tests__/aiProvider.test.ts > LocalAIProvider > generateMachineDescription > should return local as provider
 ✓ src/__tests__/aiProvider.test.ts > LocalAIProvider > generateMachineDescription > should handle technical style
 ✓ src/__tests__/aiProvider.test.ts > LocalAIProvider > generateMachineDescription > should handle flavor style
 ✓ src/__tests__/aiProvider.test.ts > LocalAIProvider > generateMachineDescription > should handle lore style
 ✓ src/__tests__/aiProvider.test.ts > LocalAIProvider > generateMachineDescription > should handle mixed style
 ✓ src/__tests__/aiProvider.test.ts > LocalAIProvider > generateMachineDescription > should respect maxLength parameter
 ✓ src/__tests__/aiProvider.test.ts > LocalAIProvider > generateMachineDescription > should add stability-based flavor text
 ✓ src/__tests__/aiProvider.test.ts > LocalAIProvider > generateFullAttributes > should return complete GeneratedAttributes
 ✓ src/__tests__/aiProvider.test.ts > LocalAIProvider > generateFullAttributes > should return isFromAI as false
 ✓ src/__tests__/aiProvider.test.ts > LocalAIProvider > generateFullAttributes > should return local as provider
 ✓ src/__tests__/aiProvider.test.ts > LocalAIProvider > generateFullAttributes > should handle empty modules
 ✓ src/__tests__/aiProvider.test.ts > LocalAIProvider > generateFullAttributes > should generate unique names for different module combinations
 ✓ src/__tests__/aiProvider.test.ts > LocalAIProvider > Output Match with Original Utilities (AC1) > should generate valid GeneratedAttributes structure
 ✓ src/__tests__/aiProvider.test.ts > LocalAIProvider > Output Match with Original Utilities (AC1) > should generate valid names for 50+ random configurations
 ✓ src/__tests__/aiProvider.test.ts > LocalAIProvider > Factory function > should create LocalAIProvider with createLocalAIProvider
 ✓ src/__tests__/aiProvider.test.ts > LocalAIProvider > Factory function > should accept optional config
 ✓ src/__tests__/TutorialStore.test.ts > TutorialStore > Initial State > should have correct initial values
 ✓ src/__tests__/TutorialStore.test.ts > TutorialStore > Initial State > should have empty completedSteps Set
 ✓ src/__tests__/TutorialStore.test.ts > TutorialStore > AC3: Tutorial Store Persistence - State Management > setHasSeenWelcome > should update hasSeenWelcome state
 ✓ src/__tests__/TutorialStore.test.ts > TutorialStore > AC3: Tutorial Store Persistence - State Management > setHasSeenWelcome > should allow toggling hasSeenWelcome back to false
 ✓ src/__tests__/TutorialStore.test.ts > TutorialStore > AC3: Tutorial Store Persistence - State Management > setHasSeenWelcome > should persist state across multiple changes
 ✓ src/__tests__/TutorialStore.test.ts > TutorialStore > AC3: Tutorial Store Persistence - State Management > setTutorialEnabled > should update isTutorialEnabled state
 ✓ src/__tests__/TutorialStore.test.ts > TutorialStore > AC3: Tutorial Store Persistence - State Management > setTutorialEnabled > should allow toggling isTutorialEnabled back to true
 ✓ src/__tests__/TutorialStore.test.ts > TutorialStore > AC3: Tutorial Store Persistence - State Management > setTutorialEnabled > should persist state across multiple changes
 ✓ src/__tests__/TutorialStore.test.ts > TutorialStore > AC3: Tutorial Store Persistence - State Management > Hydration Behavior > should have correct default state when localStorage returns null
 ✓ src/__tests__/TutorialStore.test.ts > TutorialStore > AC3: Tutorial Store Persistence - State Management > Hydration Behavior > should handle missing localStorage gracefully
 ✓ src/__tests__/TutorialStore.test.ts > TutorialStore > AC3: Tutorial Store Persistence - State Management > Hydration Behavior > should handle corrupted localStorage gracefully
 ✓ src/__tests__/TutorialStore.test.ts > TutorialStore > Tutorial Flow Methods > startTutorial > should set isTutorialActive to true
 ✓ src/__tests__/TutorialStore.test.ts > TutorialStore > Tutorial Flow Methods > startTutorial > should set hasSeenWelcome to true
 ✓ src/__tests__/TutorialStore.test.ts > TutorialStore > Tutorial Flow Methods > startTutorial > should reset currentStep to 0
 ✓ src/__tests__/TutorialStore.test.ts > TutorialStore > Tutorial Flow Methods > nextStep > should increment currentStep
 ✓ src/__tests__/TutorialStore.test.ts > TutorialStore > Tutorial Flow Methods > nextStep > should mark current step as completed
 ✓ src/__tests__/TutorialStore.test.ts > TutorialStore > Tutorial Flow Methods > nextStep > should set isTutorialActive to false when reaching end
 ✓ src/__tests__/TutorialStore.test.ts > TutorialStore > Tutorial Flow Methods > previousStep > should decrement currentStep
 ✓ src/__tests__/TutorialStore.test.ts > TutorialStore > Tutorial Flow Methods > previousStep > should not go below 0
 ✓ src/__tests__/TutorialStore.test.ts > TutorialStore > Tutorial Flow Methods > goToStep > should jump to specified step
 ✓ src/__tests__/TutorialStore.test.ts > TutorialStore > Tutorial Flow Methods > completeTutorial > should set isTutorialActive to false
 ✓ src/__tests__/TutorialStore.test.ts > TutorialStore > Tutorial Flow Methods > completeTutorial > should set hasSeenWelcome to true
 ✓ src/__tests__/TutorialStore.test.ts > TutorialStore > Tutorial Flow Methods > completeTutorial > should reset currentStep to 0
 ✓ src/__tests__/TutorialStore.test.ts > TutorialStore > Tutorial Flow Methods > skipTutorial > should set isTutorialActive to false
 ✓ src/__tests__/TutorialStore.test.ts > TutorialStore > Tutorial Flow Methods > skipTutorial > should set hasSeenWelcome to true
 ✓ src/__tests__/TutorialStore.test.ts > TutorialStore > Tutorial Flow Methods > skipTutorial > should reset currentStep to 0
 ✓ src/__tests__/TutorialStore.test.ts > TutorialStore > Tutorial Flow Methods > resetTutorial > should reset hasSeenWelcome to false
 ✓ src/__tests__/TutorialStore.test.ts > TutorialStore > Tutorial Flow Methods > resetTutorial > should set isTutorialActive to false
 ✓ src/__tests__/TutorialStore.test.ts > TutorialStore > Tutorial Flow Methods > resetTutorial > should reset currentStep to 0
 ✓ src/__tests__/TutorialStore.test.ts > TutorialStore > Tutorial Flow Methods > resetTutorial > should clear completedSteps
 ✓ src/__tests__/TutorialStore.test.ts > TutorialStore > Tutorial Flow Methods > isStepCompleted > should return true for completed steps
 ✓ src/__tests__/TutorialStore.test.ts > TutorialStore > Tutorial Flow Methods > isStepCompleted > should return false for uncompleted steps
 ✓ src/__tests__/TutorialStore.test.ts > TutorialStore > Tutorial Flow Methods > isStepCompleted > should return false for steps before starting
 ✓ src/__tests__/TutorialStore.test.ts > TutorialStore > Edge Cases > should handle multiple rapid state changes
 ✓ src/__tests__/TutorialStore.test.ts > TutorialStore > Edge Cases > should handle rapid tutorial start/complete cycles
 ✓ src/__tests__/TutorialStore.test.ts > TutorialStore > Edge Cases > should handle localStorage quota exceeded error gracefully
 ✓ src/__tests__/TutorialStore.test.ts > TutorialStore > Edge Cases > should handle localStorage being unavailable
 ✓ src/__tests__/faction.test.ts > Faction Definitions > should have exactly 6 factions
 ✓ src/__tests__/faction.test.ts > Faction Definitions > should have void faction
 ✓ src/__tests__/faction.test.ts > Faction Definitions > should have inferno faction
 ✓ src/__tests__/faction.test.ts > Faction Definitions > should have storm faction
 ✓ src/__tests__/faction.test.ts > Faction Definitions > should have stellar faction
 ✓ src/__tests__/faction.test.ts > Faction Definitions > should have arcane faction
 ✓ src/__tests__/faction.test.ts > Faction Definitions > should have chaos faction
 ✓ src/__tests__/faction.test.ts > Faction Definitions > each faction should have required properties
 ✓ src/__tests__/faction.test.ts > Faction Definitions > each faction should have at least 2 module types
 ✓ src/__tests__/faction.test.ts > Tech Tree Requirements > should have requirements for 3 tiers
 ✓ src/__tests__/faction.test.ts > Tech Tree Requirements > tier requirements should increase
 ✓ src/__tests__/faction.test.ts > Tech Tree Requirements > tier 1 requires 3 machines
 ✓ src/__tests__/faction.test.ts > Tech Tree Requirements > tier 2 requires 7 machines
 ✓ src/__tests__/faction.test.ts > Tech Tree Requirements > tier 3 requires 15 machines
 ✓ src/__tests__/faction.test.ts > Tech Tree Node Generation > should generate 18 nodes (6 factions x 3 tiers)
 ✓ src/__tests__/faction.test.ts > Tech Tree Node Generation > should have 3 tiers per faction
 ✓ src/__tests__/faction.test.ts > Tech Tree Node Generation > should have correct tier values
 ✓ src/__tests__/faction.test.ts > Tech Tree Node Generation > should unlock nodes based on faction counts
 ✓ src/__tests__/faction.test.ts > Tech Tree Node Generation > should unlock tier 2 when count >= 7
 ✓ src/__tests__/faction.test.ts > Tech Tree Node Generation > should unlock tier 3 when count >= 15
 ✓ src/__tests__/faction.test.ts > Tech Tree Node Generation > should have correct unlock requirements
 ✓ src/__tests__/faction.test.ts > Tech Tree Node Generation > each node should have unique ID
 ✓ src/__tests__/faction.test.ts > Tech Tree Node Generation > each node should have position data
 ✓ src/__tests__/faction.test.ts > Module to Faction Mapping > void-siphon should map to void faction
 ✓ src/__tests__/faction.test.ts > Module to Faction Mapping > phase-modulator should map to void faction
 ✓ src/__tests__/faction.test.ts > Module to Faction Mapping > fire-crystal should map to inferno faction
 ✓ src/__tests__/faction.test.ts > Module to Faction Mapping > core-furnace should map to inferno faction
 ✓ src/__tests__/faction.test.ts > Module to Faction Mapping > lightning-conductor should map to storm faction
 ✓ src/__tests__/faction.test.ts > Module to Faction Mapping > energy-pipe should map to storm faction
 ✓ src/__tests__/faction.test.ts > Module to Faction Mapping > amplifier-crystal should map to stellar faction
 ✓ src/__tests__/faction.test.ts > Module to Faction Mapping > resonance-chamber should map to stellar faction
 ✓ src/__tests__/faction.test.ts > Module to Faction Mapping > arcane-matrix-grid should map to arcane faction
 ✓ src/__tests__/faction.test.ts > Module to Faction Mapping > temporal-distorter should map to chaos faction
 ✓ src/__tests__/faction.test.ts > Neutral Modules > should have neutral modules list
 ✓ src/__tests__/faction.test.ts > Neutral Modules > should include common modules in neutral list
 ✓ src/__tests__/faction.test.ts > Faction Store > should have initial zero counts for all 6 factions
 ✓ src/__tests__/faction.test.ts > Faction Store > should have getTechTreeNodes function
 ✓ src/__tests__/faction.test.ts > Faction Store > getTechTreeNodes should return 18 nodes
 ✓ src/__tests__/faction.test.ts > Faction Store > should update faction count
 ✓ src/__tests__/faction.test.ts > Faction Store > should calculate correct unlock status based on counts
stderr | src/__tests__/functional/editorCore.test.ts > Editor Core Functional Tests > AC-EDITOR-001: Module Drag onto Canvas > should add a module to empty canvas
Warning: `ReactDOMTestUtils.act` is deprecated in favor of `React.act`. Import `act` from `react` instead of `react-dom/test-utils`. See https://react.dev/warnings/react-dom-test-utils for more info.

 ✓ src/__tests__/functional/editorCore.test.ts > Editor Core Functional Tests > AC-EDITOR-001: Module Drag onto Canvas > should add a module to empty canvas
 ✓ src/__tests__/functional/editorCore.test.ts > Editor Core Functional Tests > AC-EDITOR-001: Module Drag onto Canvas > should add multiple different module types
 ✓ src/__tests__/functional/editorCore.test.ts > Editor Core Functional Tests > AC-EDITOR-001: Module Drag onto Canvas > should set module as selected after adding
 ✓ src/__tests__/functional/editorCore.test.ts > Editor Core Functional Tests > AC-EDITOR-001: Module Drag onto Canvas > should create modules with default ports
 ✓ src/__tests__/functional/editorCore.test.ts > Editor Core Functional Tests > AC-EDITOR-001: Module Drag onto Canvas > should add module with correct instanceId
 ✓ src/__tests__/functional/editorCore.test.ts > Editor Core Functional Tests > AC-EDITOR-001: Module Drag onto Canvas > should clear generated attributes when adding module manually
 ✓ src/__tests__/functional/editorCore.test.ts > Editor Core Functional Tests > AC-EDITOR-002: Connection Creation Between Modules > should create connection between two modules
 ✓ src/__tests__/functional/editorCore.test.ts > Editor Core Functional Tests > AC-EDITOR-002: Connection Creation Between Modules > should not allow duplicate connections
 ✓ src/__tests__/functional/editorCore.test.ts > Editor Core Functional Tests > AC-EDITOR-002: Connection Creation Between Modules > should not allow same-type port connections
 ✓ src/__tests__/functional/editorCore.test.ts > Editor Core Functional Tests > AC-EDITOR-002: Connection Creation Between Modules > should remove connection correctly
 ✓ src/__tests__/functional/editorCore.test.ts > Editor Core Functional Tests > AC-EDITOR-002: Connection Creation Between Modules > should update connection when modules are repositioned
 ✓ src/__tests__/functional/editorCore.test.ts > Editor Core Functional Tests > Module State Integrity > should maintain module state after multiple operations
 ✓ src/__tests__/functional/editorCore.test.ts > Editor Core Functional Tests > Module State Integrity > should handle removing module with connections
 ✓ src/__tests__/useAINaming.test.ts > useAINaming Hook > Initial State (AC4) > should initialize with isLoading false
 ✓ src/__tests__/useAINaming.test.ts > useAINaming Hook > Initial State (AC4) > should initialize with error null
 ✓ src/__tests__/useAINaming.test.ts > useAINaming Hook > Initial State (AC4) > should initialize with isUsingAI false for local provider
 ✓ src/__tests__/useAINaming.test.ts > useAINaming Hook > Initial State (AC4) > should initialize with currentProvider as local
 ✓ src/__tests__/useAINaming.test.ts > useAINaming Hook > generateName Function > should return a result with data property
 ✓ src/__tests__/useAINaming.test.ts > useAINaming Hook > generateName Function > should set isLoading during and after generation (AC4)
 ✓ src/__tests__/useAINaming.test.ts > useAINaming Hook > generateName Function > should set error null after successful generation (AC4)
 ✓ src/__tests__/useAINaming.test.ts > useAINaming Hook > generateName Function > should accept faction parameter
 ✓ src/__tests__/useAINaming.test.ts > useAINaming Hook > generateName Function > should accept preferredTags parameter
 ✓ src/__tests__/useAINaming.test.ts > useAINaming Hook > generateDescription Function > should return a result with data property
 ✓ src/__tests__/useAINaming.test.ts > useAINaming Hook > generateDescription Function > should accept style parameter
 ✓ src/__tests__/useAINaming.test.ts > useAINaming Hook > generateDescription Function > should accept maxLength parameter
 ✓ src/__tests__/useAINaming.test.ts > useAINaming Hook > generateFullAttributes Function > should return GeneratedAttributes object
 ✓ src/__tests__/useAINaming.test.ts > useAINaming Hook > generateFullAttributes Function > should call provider with modules and connections
 ✓ src/__tests__/useAINaming.test.ts > useAINaming Hook > Provider Switching > should provide setProvider function
 ✓ src/__tests__/useAINaming.test.ts > useAINaming Hook > Provider Switching > should update currentProvider when setProvider is called
 ✓ src/__tests__/useAINaming.test.ts > useAINaming Hook > Provider Switching > should provide updateConfig function
 ✓ src/__tests__/useAINaming.test.ts > useAINaming Hook > Provider Switching > should provide resetToLocal function
 ✓ src/__tests__/useAINaming.test.ts > useAINaming Hook > Provider Switching > should reset to local when resetToLocal is called
 ✓ src/__tests__/useAINaming.test.ts > useAINaming Hook > Fallback Logic (AC5) > should have isUsingAI reflect the actual provider used
 ✓ src/__tests__/useAINaming.test.ts > useAINaming Hook > Fallback Logic (AC5) > should have isFromAI false for local provider results
 ✓ src/__tests__/useAINaming.test.ts > useAINaming Hook > Options > should accept providerType option
 ✓ src/__tests__/useAINaming.test.ts > useAINaming Hook > Options > should accept config option
 ✓ src/__tests__/useAINaming.test.ts > useAINaming Hook > Options > should accept autoFallback option
 ✓ src/__tests__/aiDescription.test.ts > AI Description Service > MockAIService.generateDescription > should use default style when not specified 402ms
 ✓ src/__tests__/aiDescription.test.ts > AI Description Service > getAIService singleton > should return MockAIService instance
 ✓ src/__tests__/aiDescription.test.ts > AI Description Service > getAIService singleton > should allow setting custom service
 ✓ src/__tests__/aiDescription.test.ts > AI Description Service > getAIService singleton > should report availability
 ✓ src/__tests__/aiDescription.test.ts > AI Integration Utilities > buildMachineContext > should build context from module data
 ✓ src/__tests__/aiDescription.test.ts > AI Integration Utilities > buildMachineContext > should calculate connection count correctly
 ✓ src/__tests__/aiDescription.test.ts > AI Integration Utilities > buildMachineContext > should handle empty modules
 ✓ src/__tests__/aiDescription.test.ts > AI Integration Utilities > buildMachineContext > should handle modules with unknown type
 ✓ src/__tests__/aiDescription.test.ts > AI Integration Utilities > buildMachineContext > should use instanceId when id is not present
 ✓ src/__tests__/challengeCodexIntegration.test.ts > Challenge-Codex Integration > AC-CHALLENGE-BADGE-VISIBLE: Machines created during/completed challenges display badges > should return true for hasChallengeMastery when machine was used in completed challenge
 ✓ src/__tests__/challengeCodexIntegration.test.ts > Challenge-Codex Integration > AC-CHALLENGE-BADGE-VISIBLE: Machines created during/completed challenges display badges > should return false for hasChallengeMastery when machine was never used in challenge
 ✓ src/__tests__/challengeCodexIntegration.test.ts > Challenge-Codex Integration > AC-CHALLENGE-BADGE-VISIBLE: Machines created during/completed challenges display badges > should return completions for a machine via getCompletionsForMachine
 ✓ src/__tests__/challengeCodexIntegration.test.ts > Challenge-Codex Integration > AC-CHALLENGE-BADGE-CONTENT: Badge displays challenge name, completion date, faction color > should store completion with correct timestamp format
 ✓ src/__tests__/challengeCodexIntegration.test.ts > Challenge-Codex Integration > AC-CHALLENGE-BADGE-CONTENT: Badge displays challenge name, completion date, faction color > should track machines used in challenge completion
 ✓ src/__tests__/challengeCodexIntegration.test.ts > Challenge-Codex Integration > AC-CHALLENGE-BADGE-CONTENT: Badge displays challenge name, completion date, faction color > should return correct challenge metadata via getChallengeById
 ✓ src/__tests__/challengeCodexIntegration.test.ts > Challenge-Codex Integration > AC-MULTI-CHALLENGE: Machine used in multiple challenges shows all badges > should return multiple completions for a machine used in several challenges
 ✓ src/__tests__/challengeCodexIntegration.test.ts > Challenge-Codex Integration > AC-MULTI-CHALLENGE: Machine used in multiple challenges shows all badges > should correctly associate different machines with different challenges
 ✓ src/__tests__/challengeCodexIntegration.test.ts > Challenge-Codex Integration > AC-MULTI-CHALLENGE: Machine used in multiple challenges shows all badges > should return machines for a specific challenge via getMachinesForChallenge
 ✓ src/__tests__/challengeCodexIntegration.test.ts > Challenge-Codex Integration > claimRewardWithMachines integration > should create challenge completion with machines when claiming reward
 ✓ src/__tests__/challengeCodexIntegration.test.ts > Challenge-Codex Integration > claimRewardWithMachines integration > should not create duplicate completions for already completed challenges
 ✓ src/__tests__/challengeCodexIntegration.test.ts > Challenge-Codex Integration > Persistence and Reset > should persist challenge completions in store state
 ✓ src/__tests__/challengeCodexIntegration.test.ts > Challenge-Codex Integration > Persistence and Reset > should reset completions when resetting challenges
 ✓ src/__tests__/challengeCodexIntegration.test.ts > Challenge-Codex Integration > Challenge Types > should have valid ChallengeCompletion interface structure
 ✓ src/__tests__/challengeCodexIntegration.test.ts > Challenge-Codex Integration > Challenge Types > should accept empty machinesUsed array
 ✓ src/__tests__/useMachineStore.test.ts > useMachineStore - Core Functions > Module Management > adds a module to the canvas
 ✓ src/__tests__/useMachineStore.test.ts > useMachineStore - Core Functions > Module Management > adds multiple modules of different types
 ✓ src/__tests__/useMachineStore.test.ts > useMachineStore - Core Functions > Module Management > selects a module
 ✓ src/__tests__/useMachineStore.test.ts > useMachineStore - Core Functions > Module Management > removes a module from the canvas
 ✓ src/__tests__/useMachineStore.test.ts > useMachineStore - Core Functions > Module Management > updates module position with grid snapping
 ✓ src/__tests__/useMachineStore.test.ts > useMachineStore - Core Functions > Module Management > updates module rotation
 ✓ src/__tests__/useMachineStore.test.ts > useMachineStore - Core Functions > Connection Management > starts a connection from a port
 ✓ src/__tests__/useMachineStore.test.ts > useMachineStore - Core Functions > Connection Management > updates connection preview position
 ✓ src/__tests__/useMachineStore.test.ts > useMachineStore - Core Functions > Connection Management > completes a connection between two modules
 ✓ src/__tests__/useMachineStore.test.ts > useMachineStore - Core Functions > Connection Management > cancels a connection
 ✓ src/__tests__/useMachineStore.test.ts > useMachineStore - Core Functions > Connection Management > removes a connection
 ✓ src/__tests__/useMachineStore.test.ts > useMachineStore - Core Functions > Viewport Management > sets viewport state
 ✓ src/__tests__/useMachineStore.test.ts > useMachineStore - Core Functions > Viewport Management > resets viewport to default
 ✓ src/__tests__/useMachineStore.test.ts > useMachineStore - Core Functions > Machine State > sets machine state
 ✓ src/__tests__/useMachineStore.test.ts > useMachineStore - Core Functions > Grid > toggles grid on/off
 ✓ src/__tests__/useMachineStore.test.ts > useMachineStore - Core Functions > History (Undo/Redo) > saves state to history
 ✓ src/__tests__/useMachineStore.test.ts > useMachineStore - Core Functions > History (Undo/Redo) > undoes last action
 ✓ src/__tests__/useMachineStore.test.ts > useMachineStore - Core Functions > History (Undo/Redo) > redoes last undone action
 ✓ src/__tests__/useMachineStore.test.ts > useMachineStore - Core Functions > History (Undo/Redo) > does not undo past initial state
 ✓ src/__tests__/useMachineStore.test.ts > useMachineStore - Core Functions > Canvas Operations > clears the canvas
 ✓ src/__tests__/useMachineStore.test.ts > useMachineStore - Core Functions > Canvas Operations > loads a machine
 ✓ src/__tests__/useMachineStore.test.ts > useMachineStore - Core Functions > Delete Operations > deletes selected module
 ✓ src/__tests__/useMachineStore.test.ts > useMachineStore - Core Functions > Delete Operations > deletes selected connection
 ✓ src/__tests__/machineTags.test.ts > useMachineTagsStore > addTag > should add a tag to a machine
 ✓ src/__tests__/machineTags.test.ts > useMachineTagsStore > addTag > should sanitize tag input
 ✓ src/__tests__/machineTags.test.ts > useMachineTagsStore > addTag > should not add duplicate tags
 ✓ src/__tests__/machineTags.test.ts > useMachineTagsStore > addTag > should not exceed max tags per machine (5)
 ✓ src/__tests__/machineTags.test.ts > useMachineTagsStore > removeTag > should remove a tag from a machine
 ✓ src/__tests__/machineTags.test.ts > useMachineTagsStore > removeTag > should handle removing non-existent tag
 ✓ src/__tests__/machineTags.test.ts > useMachineTagsStore > removeTag > should update allTags when tag is removed (if not used elsewhere)
 ✓ src/__tests__/machineTags.test.ts > useMachineTagsStore > setTags > should set multiple tags at once
 ✓ src/__tests__/machineTags.test.ts > useMachineTagsStore > setTags > should reject duplicate tags in set
 ✓ src/__tests__/machineTags.test.ts > useMachineTagsStore > setTags > should reject more than 5 tags
 ✓ src/__tests__/machineTags.test.ts > useMachineTagsStore > setTags > should replace existing tags
 ✓ src/__tests__/machineTags.test.ts > useMachineTagsStore > getTags > should return empty array for machine with no tags
 ✓ src/__tests__/machineTags.test.ts > useMachineTagsStore > getTags > should return tags for machine
 ✓ src/__tests__/machineTags.test.ts > useMachineTagsStore > getTags > should return empty array for empty machine ID
 ✓ src/__tests__/machineTags.test.ts > useMachineTagsStore > getAutocomplete > should return matching tags
 ✓ src/__tests__/machineTags.test.ts > useMachineTagsStore > getAutocomplete > should limit results
 ✓ src/__tests__/machineTags.test.ts > useMachineTagsStore > getAutocomplete > should return sorted results
 ✓ src/__tests__/machineTags.test.ts > useMachineTagsStore > hasTag > should return true if machine has tag
 ✓ src/__tests__/machineTags.test.ts > useMachineTagsStore > hasTag > should return false if machine does not have tag
 ✓ src/__tests__/machineTags.test.ts > useMachineTagsStore > getMachinesByTag > should return machines with the tag
 ✓ src/__tests__/machineTags.test.ts > useMachineTagsStore > getMachinesByTag > should return empty array for tag with no machines
 ✓ src/__tests__/machineTags.test.ts > useMachineTagsStore > removeAllTagsForMachine > should remove all tags for a specific machine
 ✓ src/__tests__/machineTags.test.ts > useMachineTagsStore > clearAllTags > should clear all tags from the store
 ✓ src/__tests__/machineTags.test.ts > useMachineTagsStore > getMachineCount > should return 0 for empty store
 ✓ src/__tests__/machineTags.test.ts > useMachineTagsStore > getMachineCount > should return correct count of machines with tags
 ✓ src/__tests__/machineTags.test.ts > useMachineTagsStore > tag validation > should reject invalid tag format
 ✓ src/__tests__/machineTags.test.ts > useMachineTagsStore > tag validation > should preserve underscores in tags
 ✓ src/__tests__/machineTags.test.ts > useMachineTagsStore > tag validation > should preserve hyphens in tags
 ✓ src/__tests__/machineTags.test.ts > useMachineTagsStore > tag validation > should trim whitespace from tags
 ✓ src/__tests__/machineTags.test.ts > useMachineTagsStore > tag validation > should convert uppercase to lowercase
 ✓ src/__tests__/machineTags.test.ts > useMachineTagsStore > tag validation > should remove special characters
 ✓ src/__tests__/machineTags.test.ts > useMachineTagsStore > hydration helpers > should expose isMachineTagsHydrated function
 ✓ src/__tests__/machineTags.test.ts > useMachineTagsStore > hydration helpers > should expose hydrateMachineTagsStore function
 ✓ src/__tests__/machineTags.test.ts > useMachineTagsStore > hydration helpers > should be able to call hydrateMachineTagsStore
 ✓ src/__tests__/machineTags.test.ts > useMachineTagsStore > hydration helpers > should have access to store methods after hydration
 ✓ src/__tests__/machineTags.test.ts > useMachineTagsStore > allTags tracking > should track unique tags in allTags set
 ✓ src/__tests__/machineTags.test.ts > useMachineTagsStore > allTags tracking > should remove tag from allTags when last machine removes it
 ✓ src/__tests__/machineTags.test.ts > useMachineTagsStore > allTags tracking > should keep tag in allTags if another machine uses it
 ✓ src/__tests__/techRecipeIntegration.test.ts > Tech-Recipe Integration > checkTechLevelRequirement helper > returns false when no research completed
 ✓ src/__tests__/techRecipeIntegration.test.ts > Tech-Recipe Integration > checkTechLevelRequirement helper > returns false when wrong faction has completed research
 ✓ src/__tests__/techRecipeIntegration.test.ts > Tech-Recipe Integration > checkTechLevelRequirement helper > returns true when exact required tech is completed
 ✓ src/__tests__/techRecipeIntegration.test.ts > Tech-Recipe Integration > checkTechLevelRequirement helper > returns true when required tier is completed (even if higher tiers not done)
 ✓ src/__tests__/techRecipeIntegration.test.ts > Tech-Recipe Integration > checkTechLevelRequirement helper > returns false when required tier not completed
 ✓ src/__tests__/techRecipeIntegration.test.ts > Tech-Recipe Integration > checkTechLevelRequirement helper > handles OR condition (array) - true when first matches
 ✓ src/__tests__/techRecipeIntegration.test.ts > Tech-Recipe Integration > checkTechLevelRequirement helper > handles OR condition (array) - true when second matches
 ✓ src/__tests__/techRecipeIntegration.test.ts > Tech-Recipe Integration > checkTechLevelRequirement helper > handles OR condition (array) - false when neither matches
 ✓ src/__tests__/techRecipeIntegration.test.ts > Tech-Recipe Integration > checkTechLevelRequirement helper > handles OR condition (array) - true when both match
 ✓ src/__tests__/techRecipeIntegration.test.ts > Tech-Recipe Integration > Phase Modulator Recipe (requires void-t3) > recipe is not in unlocked list initially
 ✓ src/__tests__/techRecipeIntegration.test.ts > Tech-Recipe Integration > Phase Modulator Recipe (requires void-t3) > recipe is added to unlocked list when void-t3 is completed
 ✓ src/__tests__/techRecipeIntegration.test.ts > Tech-Recipe Integration > Phase Modulator Recipe (requires void-t3) > recipe is NOT added with only void-t1 (lower tier)
 ✓ src/__tests__/techRecipeIntegration.test.ts > Tech-Recipe Integration > Phase Modulator Recipe (requires void-t3) > recipe is NOT added with only void-t2 (still lower than required)
 ✓ src/__tests__/techRecipeIntegration.test.ts > Tech-Recipe Integration > Phase Modulator Recipe (requires void-t3) > recipe is REMOVED when void faction is reset
 ✓ src/__tests__/techRecipeIntegration.test.ts > Tech-Recipe Integration > Phase Modulator Recipe (requires void-t3) > recipe is REMOVED when void reputation is reset
 ✓ src/__tests__/techRecipeIntegration.test.ts > Tech-Recipe Integration > Dimension Rift Recipe (OR condition: void-t2 OR storm-t1) > recipe is added with void-t2 (first option)
 ✓ src/__tests__/techRecipeIntegration.test.ts > Tech-Recipe Integration > Dimension Rift Recipe (OR condition: void-t2 OR storm-t1) > recipe is added with storm-t1 (second option)
 ✓ src/__tests__/techRecipeIntegration.test.ts > Tech-Recipe Integration > Dimension Rift Recipe (OR condition: void-t2 OR storm-t1) > recipe is NOT added with void-t1 only (not enough)
 ✓ src/__tests__/techRecipeIntegration.test.ts > Tech-Recipe Integration > Dimension Rift Recipe (OR condition: void-t2 OR storm-t1) > recipe is REMOVED when OR option is reset
 ✓ src/__tests__/techRecipeIntegration.test.ts > Tech-Recipe Integration > Non-tech recipes are unaffected > non-tech recipes can still be unlocked normally
 ✓ src/__tests__/techRecipeIntegration.test.ts > Tech-Recipe Integration > Non-tech recipes are unaffected > tech reset does not affect non-tech recipes
 ✓ src/__tests__/techRecipeIntegration.test.ts > Tech-Recipe Integration > isUnlockConditionMet reactive check > returns true when tech requirement is met
 ✓ src/__tests__/techRecipeIntegration.test.ts > Tech-Recipe Integration > isUnlockConditionMet reactive check > returns false when tech requirement is not met
 ✓ src/__tests__/techRecipeIntegration.test.ts > Tech-Recipe Integration > isUnlockConditionMet reactive check > returns false for non-tech recipes
 ✓ src/__tests__/techRecipeIntegration.test.ts > Tech-Recipe Integration > relockTechRecipes action > relockTechRecipes removes ALL tech-level recipes from unlocked list
 ✓ src/__tests__/techRecipeIntegration.test.ts > Tech-Recipe Integration > relockTechRecipes action > relockTechRecipes does not remove non-tech recipes
 ✓ src/__tests__/techRecipeIntegration.test.ts > Tech-Recipe Integration > Recipe hint display > Phase Modulator shows correct hint
 ✓ src/__tests__/techRecipeIntegration.test.ts > Tech-Recipe Integration > Recipe hint display > Dimension Rift shows OR hint
 ✓ src/__tests__/techRecipeIntegration.test.ts > Tech-Recipe Integration > Negative tests > unlocking recipe with wrong tech does not work
 ✓ src/__tests__/techRecipeIntegration.test.ts > Tech-Recipe Integration > Negative tests > resetting faction removes all tech-locked recipes (not just faction-specific)
 ✓ src/__tests__/aiDescription.test.ts > AI Integration Utilities > generateMachineDescription > should generate description from machine data 400ms
stderr | src/components/Factions/TechTree.test.tsx > TechTree Component > Rendering > renders at least 12 nodes with data-testid attributes
Warning: An update to TechTree inside a test was not wrapped in act(...).

When testing, code that causes React state updates should be wrapped into act(...):

act(() => {
  /* fire events that update state */
});
/* assert on the output */

This ensures that you're testing the behavior the user would see in the browser. Learn more at https://reactjs.org/link/wrap-tests-with-act
    at TechTree (/Users/kingboat/Project/hardness/Harness_Engineering/2Dgame/src/components/Factions/TechTree.tsx:29:21)
Warning: An update to TechTree inside a test was not wrapped in act(...).

When testing, code that causes React state updates should be wrapped into act(...):

act(() => {
  /* fire events that update state */
});
/* assert on the output */

This ensures that you're testing the behavior the user would see in the browser. Learn more at https://reactjs.org/link/wrap-tests-with-act
    at TechTree (/Users/kingboat/Project/hardness/Harness_Engineering/2Dgame/src/components/Factions/TechTree.tsx:29:21)
Warning: An update to TechTree inside a test was not wrapped in act(...).

When testing, code that causes React state updates should be wrapped into act(...):

act(() => {
  /* fire events that update state */
});
/* assert on the output */

This ensures that you're testing the behavior the user would see in the browser. Learn more at https://reactjs.org/link/wrap-tests-with-act
    at TechTree (/Users/kingboat/Project/hardness/Harness_Engineering/2Dgame/src/components/Factions/TechTree.tsx:29:21)

stderr | src/components/Factions/TechTree.test.tsx > TechTree Component > Rendering > renders nodes for all 4 factions and 3 tiers
Warning: An update to TechTree inside a test was not wrapped in act(...).

When testing, code that causes React state updates should be wrapped into act(...):

act(() => {
  /* fire events that update state */
});
/* assert on the output */

This ensures that you're testing the behavior the user would see in the browser. Learn more at https://reactjs.org/link/wrap-tests-with-act
    at TechTree (/Users/kingboat/Project/hardness/Harness_Engineering/2Dgame/src/components/Factions/TechTree.tsx:29:21)
Warning: An update to TechTree inside a test was not wrapped in act(...).

When testing, code that causes React state updates should be wrapped into act(...):

act(() => {
  /* fire events that update state */
});
/* assert on the output */

This ensures that you're testing the behavior the user would see in the browser. Learn more at https://reactjs.org/link/wrap-tests-with-act
    at TechTree (/Users/kingboat/Project/hardness/Harness_Engineering/2Dgame/src/components/Factions/TechTree.tsx:29:21)
Warning: An update to TechTree inside a test was not wrapped in act(...).

When testing, code that causes React state updates should be wrapped into act(...):

act(() => {
  /* fire events that update state */
});
/* assert on the output */

This ensures that you're testing the behavior the user would see in the browser. Learn more at https://reactjs.org/link/wrap-tests-with-act
    at TechTree (/Users/kingboat/Project/hardness/Harness_Engineering/2Dgame/src/components/Factions/TechTree.tsx:29:21)

stderr | src/components/Factions/TechTree.test.tsx > TechTree Component > Research States > shows locked state for high-rep requirement techs when rep is low
Warning: An update to TechTree inside a test was not wrapped in act(...).

When testing, code that causes React state updates should be wrapped into act(...):

act(() => {
  /* fire events that update state */
});
/* assert on the output */

This ensures that you're testing the behavior the user would see in the browser. Learn more at https://reactjs.org/link/wrap-tests-with-act
    at TechTree (/Users/kingboat/Project/hardness/Harness_Engineering/2Dgame/src/components/Factions/TechTree.tsx:29:21)
Warning: An update to TechTree inside a test was not wrapped in act(...).

When testing, code that causes React state updates should be wrapped into act(...):

act(() => {
  /* fire events that update state */
});
/* assert on the output */

This ensures that you're testing the behavior the user would see in the browser. Learn more at https://reactjs.org/link/wrap-tests-with-act
    at TechTree (/Users/kingboat/Project/hardness/Harness_Engineering/2Dgame/src/components/Factions/TechTree.tsx:29:21)
Warning: An update to TechTree inside a test was not wrapped in act(...).

When testing, code that causes React state updates should be wrapped into act(...):

act(() => {
  /* fire events that update state */
});
/* assert on the output */

This ensures that you're testing the behavior the user would see in the browser. Learn more at https://reactjs.org/link/wrap-tests-with-act
    at TechTree (/Users/kingboat/Project/hardness/Harness_Engineering/2Dgame/src/components/Factions/TechTree.tsx:29:21)

stderr | src/components/Factions/TechTree.test.tsx > TechTree Component > Research States > shows available state for low-rep requirement techs when rep is sufficient
Warning: An update to TechTree inside a test was not wrapped in act(...).

When testing, code that causes React state updates should be wrapped into act(...):

act(() => {
  /* fire events that update state */
});
/* assert on the output */

This ensures that you're testing the behavior the user would see in the browser. Learn more at https://reactjs.org/link/wrap-tests-with-act
    at TechTree (/Users/kingboat/Project/hardness/Harness_Engineering/2Dgame/src/components/Factions/TechTree.tsx:29:21)
Warning: An update to TechTree inside a test was not wrapped in act(...).

When testing, code that causes React state updates should be wrapped into act(...):

act(() => {
  /* fire events that update state */
});
/* assert on the output */

This ensures that you're testing the behavior the user would see in the browser. Learn more at https://reactjs.org/link/wrap-tests-with-act
    at TechTree (/Users/kingboat/Project/hardness/Harness_Engineering/2Dgame/src/components/Factions/TechTree.tsx:29:21)
Warning: An update to TechTree inside a test was not wrapped in act(...).

When testing, code that causes React state updates should be wrapped into act(...):

act(() => {
  /* fire events that update state */
});
/* assert on the output */

This ensures that you're testing the behavior the user would see in the browser. Learn more at https://reactjs.org/link/wrap-tests-with-act
    at TechTree (/Users/kingboat/Project/hardness/Harness_Engineering/2Dgame/src/components/Factions/TechTree.tsx:29:21)

stderr | src/components/Factions/TechTree.test.tsx > TechTree Component > Research States > shows researching state when tech is actively being researched
Warning: An update to TechTree inside a test was not wrapped in act(...).

When testing, code that causes React state updates should be wrapped into act(...):

act(() => {
  /* fire events that update state */
});
/* assert on the output */

This ensures that you're testing the behavior the user would see in the browser. Learn more at https://reactjs.org/link/wrap-tests-with-act
    at TechTree (/Users/kingboat/Project/hardness/Harness_Engineering/2Dgame/src/components/Factions/TechTree.tsx:29:21)
Warning: An update to TechTree inside a test was not wrapped in act(...).

When testing, code that causes React state updates should be wrapped into act(...):

act(() => {
  /* fire events that update state */
});
/* assert on the output */

This ensures that you're testing the behavior the user would see in the browser. Learn more at https://reactjs.org/link/wrap-tests-with-act
    at TechTree (/Users/kingboat/Project/hardness/Harness_Engineering/2Dgame/src/components/Factions/TechTree.tsx:29:21)
Warning: An update to TechTree inside a test was not wrapped in act(...).

When testing, code that causes React state updates should be wrapped into act(...):

act(() => {
  /* fire events that update state */
});
/* assert on the output */

This ensures that you're testing the behavior the user would see in the browser. Learn more at https://reactjs.org/link/wrap-tests-with-act
    at TechTree (/Users/kingboat/Project/hardness/Harness_Engineering/2Dgame/src/components/Factions/TechTree.tsx:29:21)

stderr | src/components/Factions/TechTree.test.tsx > TechTree Component > Research States > shows completed state when tech research is finished
Warning: An update to TechTree inside a test was not wrapped in act(...).

When testing, code that causes React state updates should be wrapped into act(...):

act(() => {
  /* fire events that update state */
});
/* assert on the output */

This ensures that you're testing the behavior the user would see in the browser. Learn more at https://reactjs.org/link/wrap-tests-with-act
    at TechTree (/Users/kingboat/Project/hardness/Harness_Engineering/2Dgame/src/components/Factions/TechTree.tsx:29:21)
Warning: An update to TechTree inside a test was not wrapped in act(...).

When testing, code that causes React state updates should be wrapped into act(...):

act(() => {
  /* fire events that update state */
});
/* assert on the output */

This ensures that you're testing the behavior the user would see in the browser. Learn more at https://reactjs.org/link/wrap-tests-with-act
    at TechTree (/Users/kingboat/Project/hardness/Harness_Engineering/2Dgame/src/components/Factions/TechTree.tsx:29:21)
Warning: An update to TechTree inside a test was not wrapped in act(...).

When testing, code that causes React state updates should be wrapped into act(...):

act(() => {
  /* fire events that update state */
});
/* assert on the output */

This ensures that you're testing the behavior the user would see in the browser. Learn more at https://reactjs.org/link/wrap-tests-with-act
    at TechTree (/Users/kingboat/Project/hardness/Harness_Engineering/2Dgame/src/components/Factions/TechTree.tsx:29:21)

stderr | src/components/Factions/TechTree.test.tsx > TechTree Component > Click-to-Research Interaction > clicking available tech starts research (available → researching)
Warning: An update to TechTree inside a test was not wrapped in act(...).

When testing, code that causes React state updates should be wrapped into act(...):

act(() => {
  /* fire events that update state */
});
/* assert on the output */

This ensures that you're testing the behavior the user would see in the browser. Learn more at https://reactjs.org/link/wrap-tests-with-act
    at TechTree (/Users/kingboat/Project/hardness/Harness_Engineering/2Dgame/src/components/Factions/TechTree.tsx:29:21)
Warning: An update to TechTree inside a test was not wrapped in act(...).

When testing, code that causes React state updates should be wrapped into act(...):

act(() => {
  /* fire events that update state */
});
/* assert on the output */

This ensures that you're testing the behavior the user would see in the browser. Learn more at https://reactjs.org/link/wrap-tests-with-act
    at TechTree (/Users/kingboat/Project/hardness/Harness_Engineering/2Dgame/src/components/Factions/TechTree.tsx:29:21)
Warning: An update to TechTree inside a test was not wrapped in act(...).

When testing, code that causes React state updates should be wrapped into act(...):

act(() => {
  /* fire events that update state */
});
/* assert on the output */

This ensures that you're testing the behavior the user would see in the browser. Learn more at https://reactjs.org/link/wrap-tests-with-act
    at TechTree (/Users/kingboat/Project/hardness/Harness_Engineering/2Dgame/src/components/Factions/TechTree.tsx:29:21)

stderr | src/components/Factions/TechTree.test.tsx > TechTree Component > Click-to-Research Interaction > clicking locked tech does NOT start research
Warning: An update to TechTree inside a test was not wrapped in act(...).

When testing, code that causes React state updates should be wrapped into act(...):

act(() => {
  /* fire events that update state */
});
/* assert on the output */

This ensures that you're testing the behavior the user would see in the browser. Learn more at https://reactjs.org/link/wrap-tests-with-act
    at TechTree (/Users/kingboat/Project/hardness/Harness_Engineering/2Dgame/src/components/Factions/TechTree.tsx:29:21)
Warning: An update to TechTree inside a test was not wrapped in act(...).

When testing, code that causes React state updates should be wrapped into act(...):

act(() => {
  /* fire events that update state */
});
/* assert on the output */

This ensures that you're testing the behavior the user would see in the browser. Learn more at https://reactjs.org/link/wrap-tests-with-act
    at TechTree (/Users/kingboat/Project/hardness/Harness_Engineering/2Dgame/src/components/Factions/TechTree.tsx:29:21)
Warning: An update to TechTree inside a test was not wrapped in act(...).

When testing, code that causes React state updates should be wrapped into act(...):

act(() => {
  /* fire events that update state */
});
/* assert on the output */

This ensures that you're testing the behavior the user would see in the browser. Learn more at https://reactjs.org/link/wrap-tests-with-act
    at TechTree (/Users/kingboat/Project/hardness/Harness_Engineering/2Dgame/src/components/Factions/TechTree.tsx:29:21)

stderr | src/components/Factions/TechTree.test.tsx > TechTree Component > Click-to-Research Interaction > clicking completed tech shows error message
Warning: An update to TechTree inside a test was not wrapped in act(...).

When testing, code that causes React state updates should be wrapped into act(...):

act(() => {
  /* fire events that update state */
});
/* assert on the output */

This ensures that you're testing the behavior the user would see in the browser. Learn more at https://reactjs.org/link/wrap-tests-with-act
    at TechTree (/Users/kingboat/Project/hardness/Harness_Engineering/2Dgame/src/components/Factions/TechTree.tsx:29:21)
Warning: An update to TechTree inside a test was not wrapped in act(...).

When testing, code that causes React state updates should be wrapped into act(...):

act(() => {
  /* fire events that update state */
});
/* assert on the output */

This ensures that you're testing the behavior the user would see in the browser. Learn more at https://reactjs.org/link/wrap-tests-with-act
    at TechTree (/Users/kingboat/Project/hardness/Harness_Engineering/2Dgame/src/components/Factions/TechTree.tsx:29:21)
Warning: An update to TechTree inside a test was not wrapped in act(...).

When testing, code that causes React state updates should be wrapped into act(...):

act(() => {
  /* fire events that update state */
});
/* assert on the output */

This ensures that you're testing the behavior the user would see in the browser. Learn more at https://reactjs.org/link/wrap-tests-with-act
    at TechTree (/Users/kingboat/Project/hardness/Harness_Engineering/2Dgame/src/components/Factions/TechTree.tsx:29:21)

stderr | src/components/Factions/TechTree.test.tsx > TechTree Component > Research Flow > research completion transitions to completed state
Warning: An update to TechTree inside a test was not wrapped in act(...).

When testing, code that causes React state updates should be wrapped into act(...):

act(() => {
  /* fire events that update state */
});
/* assert on the output */

This ensures that you're testing the behavior the user would see in the browser. Learn more at https://reactjs.org/link/wrap-tests-with-act
    at TechTree (/Users/kingboat/Project/hardness/Harness_Engineering/2Dgame/src/components/Factions/TechTree.tsx:29:21)
Warning: An update to TechTree inside a test was not wrapped in act(...).

When testing, code that causes React state updates should be wrapped into act(...):

act(() => {
  /* fire events that update state */
});
/* assert on the output */

This ensures that you're testing the behavior the user would see in the browser. Learn more at https://reactjs.org/link/wrap-tests-with-act
    at TechTree (/Users/kingboat/Project/hardness/Harness_Engineering/2Dgame/src/components/Factions/TechTree.tsx:29:21)
Warning: An update to TechTree inside a test was not wrapped in act(...).

When testing, code that causes React state updates should be wrapped into act(...):

act(() => {
  /* fire events that update state */
});
/* assert on the output */

This ensures that you're testing the behavior the user would see in the browser. Learn more at https://reactjs.org/link/wrap-tests-with-act
    at TechTree (/Users/kingboat/Project/hardness/Harness_Engineering/2Dgame/src/components/Factions/TechTree.tsx:29:21)

stderr | src/components/Factions/TechTree.test.tsx > TechTree Component > Queue Management > does not crash when clicking tech already in queue
Warning: An update to TechTree inside a test was not wrapped in act(...).

When testing, code that causes React state updates should be wrapped into act(...):

act(() => {
  /* fire events that update state */
});
/* assert on the output */

This ensures that you're testing the behavior the user would see in the browser. Learn more at https://reactjs.org/link/wrap-tests-with-act
    at TechTree (/Users/kingboat/Project/hardness/Harness_Engineering/2Dgame/src/components/Factions/TechTree.tsx:29:21)
Warning: An update to TechTree inside a test was not wrapped in act(...).

When testing, code that causes React state updates should be wrapped into act(...):

act(() => {
  /* fire events that update state */
});
/* assert on the output */

This ensures that you're testing the behavior the user would see in the browser. Learn more at https://reactjs.org/link/wrap-tests-with-act
    at TechTree (/Users/kingboat/Project/hardness/Harness_Engineering/2Dgame/src/components/Factions/TechTree.tsx:29:21)
Warning: An update to TechTree inside a test was not wrapped in act(...).

When testing, code that causes React state updates should be wrapped into act(...):

act(() => {
  /* fire events that update state */
});
/* assert on the output */

This ensures that you're testing the behavior the user would see in the browser. Learn more at https://reactjs.org/link/wrap-tests-with-act
    at TechTree (/Users/kingboat/Project/hardness/Harness_Engineering/2Dgame/src/components/Factions/TechTree.tsx:29:21)

stderr | src/components/Factions/TechTree.test.tsx > TechTree Component > Visual States > locked nodes have data-state="locked"
Warning: An update to TechTree inside a test was not wrapped in act(...).

When testing, code that causes React state updates should be wrapped into act(...):

act(() => {
  /* fire events that update state */
});
/* assert on the output */

This ensures that you're testing the behavior the user would see in the browser. Learn more at https://reactjs.org/link/wrap-tests-with-act
    at TechTree (/Users/kingboat/Project/hardness/Harness_Engineering/2Dgame/src/components/Factions/TechTree.tsx:29:21)
Warning: An update to TechTree inside a test was not wrapped in act(...).

When testing, code that causes React state updates should be wrapped into act(...):

act(() => {
  /* fire events that update state */
});
/* assert on the output */

This ensures that you're testing the behavior the user would see in the browser. Learn more at https://reactjs.org/link/wrap-tests-with-act
    at TechTree (/Users/kingboat/Project/hardness/Harness_Engineering/2Dgame/src/components/Factions/TechTree.tsx:29:21)
Warning: An update to TechTree inside a test was not wrapped in act(...).

When testing, code that causes React state updates should be wrapped into act(...):

act(() => {
  /* fire events that update state */
});
/* assert on the output */

This ensures that you're testing the behavior the user would see in the browser. Learn more at https://reactjs.org/link/wrap-tests-with-act
    at TechTree (/Users/kingboat/Project/hardness/Harness_Engineering/2Dgame/src/components/Factions/TechTree.tsx:29:21)

stderr | src/components/Factions/TechTree.test.tsx > TechTree Component > Visual States > nodes display correct data-state attribute
Warning: An update to TechTree inside a test was not wrapped in act(...).

When testing, code that causes React state updates should be wrapped into act(...):

act(() => {
  /* fire events that update state */
});
/* assert on the output */

This ensures that you're testing the behavior the user would see in the browser. Learn more at https://reactjs.org/link/wrap-tests-with-act
    at TechTree (/Users/kingboat/Project/hardness/Harness_Engineering/2Dgame/src/components/Factions/TechTree.tsx:29:21)
Warning: An update to TechTree inside a test was not wrapped in act(...).

When testing, code that causes React state updates should be wrapped into act(...):

act(() => {
  /* fire events that update state */
});
/* assert on the output */

This ensures that you're testing the behavior the user would see in the browser. Learn more at https://reactjs.org/link/wrap-tests-with-act
    at TechTree (/Users/kingboat/Project/hardness/Harness_Engineering/2Dgame/src/components/Factions/TechTree.tsx:29:21)
Warning: An update to TechTree inside a test was not wrapped in act(...).

When testing, code that causes React state updates should be wrapped into act(...):

act(() => {
  /* fire events that update state */
});
/* assert on the output */

This ensures that you're testing the behavior the user would see in the browser. Learn more at https://reactjs.org/link/wrap-tests-with-act
    at TechTree (/Users/kingboat/Project/hardness/Harness_Engineering/2Dgame/src/components/Factions/TechTree.tsx:29:21)

stderr | src/components/Factions/TechTree.test.tsx > TechTree Component > Queue Indicator > displays queue count when research active
Warning: An update to TechTree inside a test was not wrapped in act(...).

When testing, code that causes React state updates should be wrapped into act(...):

act(() => {
  /* fire events that update state */
});
/* assert on the output */

This ensures that you're testing the behavior the user would see in the browser. Learn more at https://reactjs.org/link/wrap-tests-with-act
    at TechTree (/Users/kingboat/Project/hardness/Harness_Engineering/2Dgame/src/components/Factions/TechTree.tsx:29:21)
Warning: An update to TechTree inside a test was not wrapped in act(...).

When testing, code that causes React state updates should be wrapped into act(...):

act(() => {
  /* fire events that update state */
});
/* assert on the output */

This ensures that you're testing the behavior the user would see in the browser. Learn more at https://reactjs.org/link/wrap-tests-with-act
    at TechTree (/Users/kingboat/Project/hardness/Harness_Engineering/2Dgame/src/components/Factions/TechTree.tsx:29:21)
Warning: An update to TechTree inside a test was not wrapped in act(...).

When testing, code that causes React state updates should be wrapped into act(...):

act(() => {
  /* fire events that update state */
});
/* assert on the output */

This ensures that you're testing the behavior the user would see in the browser. Learn more at https://reactjs.org/link/wrap-tests-with-act
    at TechTree (/Users/kingboat/Project/hardness/Harness_Engineering/2Dgame/src/components/Factions/TechTree.tsx:29:21)

stderr | src/components/Factions/TechTree.test.tsx > TechTree Component > Queue Indicator > displays 0 when no research active
Warning: An update to TechTree inside a test was not wrapped in act(...).

When testing, code that causes React state updates should be wrapped into act(...):

act(() => {
  /* fire events that update state */
});
/* assert on the output */

This ensures that you're testing the behavior the user would see in the browser. Learn more at https://reactjs.org/link/wrap-tests-with-act
    at TechTree (/Users/kingboat/Project/hardness/Harness_Engineering/2Dgame/src/components/Factions/TechTree.tsx:29:21)
Warning: An update to TechTree inside a test was not wrapped in act(...).

When testing, code that causes React state updates should be wrapped into act(...):

act(() => {
  /* fire events that update state */
});
/* assert on the output */

This ensures that you're testing the behavior the user would see in the browser. Learn more at https://reactjs.org/link/wrap-tests-with-act
    at TechTree (/Users/kingboat/Project/hardness/Harness_Engineering/2Dgame/src/components/Factions/TechTree.tsx:29:21)
Warning: An update to TechTree inside a test was not wrapped in act(...).

When testing, code that causes React state updates should be wrapped into act(...):

act(() => {
  /* fire events that update state */
});
/* assert on the output */

This ensures that you're testing the behavior the user would see in the browser. Learn more at https://reactjs.org/link/wrap-tests-with-act
    at TechTree (/Users/kingboat/Project/hardness/Harness_Engineering/2Dgame/src/components/Factions/TechTree.tsx:29:21)

 ✓ src/components/Factions/TechTree.test.tsx > TechTree Component > Rendering > renders at least 12 nodes with data-testid attributes
 ✓ src/components/Factions/TechTree.test.tsx > TechTree Component > Rendering > renders nodes for all 4 factions and 3 tiers
 ✓ src/components/Factions/TechTree.test.tsx > TechTree Component > Research States > shows locked state for high-rep requirement techs when rep is low
 ✓ src/components/Factions/TechTree.test.tsx > TechTree Component > Research States > shows available state for low-rep requirement techs when rep is sufficient
 ✓ src/components/Factions/TechTree.test.tsx > TechTree Component > Research States > shows researching state when tech is actively being researched
 ✓ src/components/Factions/TechTree.test.tsx > TechTree Component > Research States > shows completed state when tech research is finished
 ✓ src/components/Factions/TechTree.test.tsx > TechTree Component > Click-to-Research Interaction > clicking available tech starts research (available → researching)
 ✓ src/components/Factions/TechTree.test.tsx > TechTree Component > Click-to-Research Interaction > clicking locked tech does NOT start research
 ✓ src/components/Factions/TechTree.test.tsx > TechTree Component > Click-to-Research Interaction > clicking completed tech shows error message
 ✓ src/components/Factions/TechTree.test.tsx > TechTree Component > Research Flow > research completion transitions to completed state
 ✓ src/components/Factions/TechTree.test.tsx > TechTree Component > Research Flow > research completion calls unlockTechTreeNode on faction store
 ✓ src/components/Factions/TechTree.test.tsx > TechTree Component > Queue Management > returns already_researching when tech is already being researched
 ✓ src/components/Factions/TechTree.test.tsx > TechTree Component > Queue Management > does not crash when clicking tech already in queue
 ✓ src/components/Factions/TechTree.test.tsx > TechTree Component > Queue Management > allows starting new research after one completes
 ✓ src/components/Factions/TechTree.test.tsx > TechTree Component > Store Methods > getResearchableTechs returns only available techs
 ✓ src/components/Factions/TechTree.test.tsx > TechTree Component > Store Methods > getRequiredReputation returns correct values for tiers
 ✓ src/components/Factions/TechTree.test.tsx > TechTree Component > Store Methods > getCurrentResearch returns items for specific faction
 ✓ src/components/Factions/TechTree.test.tsx > TechTree Component > Store Methods > cancelResearch removes item from current research
 ✓ src/components/Factions/TechTree.test.tsx > TechTree Component > Visual States > locked nodes have data-state="locked"
 ✓ src/components/Factions/TechTree.test.tsx > TechTree Component > Visual States > nodes display correct data-state attribute
 ✓ src/components/Factions/TechTree.test.tsx > TechTree Component > Queue Indicator > displays queue count when research active
 ✓ src/components/Factions/TechTree.test.tsx > TechTree Component > Queue Indicator > displays 0 when no research active
 ✓ src/__tests__/particleSystem.test.ts > ParticleSystem > createEmitter > should create an emitter with default config
 ✓ src/__tests__/particleSystem.test.ts > ParticleSystem > createEmitter > should emit particles when started
 ✓ src/__tests__/particleSystem.test.ts > ParticleSystem > createEmitter > should respect maxParticles limit
 ✓ src/__tests__/particleSystem.test.ts > ParticleSystem > createEmitter > should update particle age over time
 ✓ src/__tests__/particleSystem.test.ts > ParticleSystem > createEmitter > should fade particles based on age
 ✓ src/__tests__/particleSystem.test.ts > ParticleSystem > createEmitter > should kill particles when lifetime expires
 ✓ src/__tests__/particleSystem.test.ts > ParticleSystem > createEmitter > should apply gravity to particles
 ✓ src/__tests__/particleSystem.test.ts > ParticleSystem > createEmitter > should stop emitting when stopped
 ✓ src/__tests__/particleSystem.test.ts > ParticleSystem > createEmitter > should burst particles on demand
 ✓ src/__tests__/particleSystem.test.ts > ParticleSystem > createEmitter > should respect burstOnStart option
 ✓ src/__tests__/particleSystem.test.ts > ParticleSystem > getParticleStyle > should return valid CSS properties
 ✓ src/__tests__/particleSystem.test.ts > ParticleSystem > getParticleStyle > should not include boxShadow when glowIntensity is 0
 ✓ src/__tests__/particleSystem.test.ts > ParticleSystem > createBurstParticles > should create particles in a radial pattern
 ✓ src/__tests__/particleSystem.test.ts > ParticleSystem > createBurstParticles > should use custom color if provided
 ✓ src/__tests__/particleSystem.test.ts > ParticleSystem > createBurstParticles > should use custom size if provided
 ✓ src/__tests__/particleSystem.test.ts > ParticleSystem > createBurstParticles > should set particles at the specified position
 ✓ src/__tests__/particleSystem.test.ts > ParticleSystem > ParticleManager > should create a particle manager
 ✓ src/__tests__/particleSystem.test.ts > ParticleSystem > ParticleManager > should add and remove emitters
 ✓ src/__tests__/particleSystem.test.ts > ParticleSystem > ParticleManager > should not add duplicate emitters with same name
 ✓ src/__tests__/particleSystem.test.ts > ParticleSystem > ParticleManager > should start and stop the manager
 ✓ src/__tests__/particleSystem.test.ts > ParticleSystem > Performance > should handle 500 particles without significant slowdown
 ✓ src/__tests__/particleSystem.test.ts > ParticleSystem > Performance > should maintain particle count below maxParticles
 ✓ src/__tests__/connectionConflictDetection.test.ts > Connection Conflict Detection Tests > Error auto-clear behavior > should auto-clear connection error after timeout 2601ms
 ✓ src/__tests__/connectionConflictDetection.test.ts > Connection Conflict Detection Tests > Error state consistency > should clear error when starting new connection
 ✓ src/__tests__/connectionConflictDetection.test.ts > Connection Conflict Detection Tests > Error state consistency > should clear error when canceling connection
 ✓ src/__tests__/modalZIndex.test.ts > Modal Z-Index Verification > AC1: WelcomeModal z-index strategy (Round 62 fix) > should render WelcomeModal with z-40 backdrop class
 ✓ src/__tests__/modalZIndex.test.ts > Modal Z-Index Verification > AC1: WelcomeModal z-index strategy (Round 62 fix) > should use new z-index strategy in WelcomeModal source code
 ✓ src/__tests__/modalZIndex.test.ts > Modal Z-Index Verification > AC1: WelcomeModal z-index strategy (Round 62 fix) > should render WelcomeModal backdrop correctly
 ✓ src/__tests__/modalZIndex.test.ts > Modal Z-Index Verification > AC2: TutorialCompletion z-index is z-50 > should render TutorialCompletion with z-50 class
 ✓ src/__tests__/modalZIndex.test.ts > Modal Z-Index Verification > AC2: TutorialCompletion z-index is z-50 > should NOT contain incorrect z-index in TutorialCompletion source code
 ✓ src/__tests__/modalZIndex.test.ts > Modal Z-Index Verification > AC2: TutorialCompletion z-index is z-50 > should render TutorialCompletion and allow interactions with underlying elements
 ✓ src/__tests__/modalZIndex.test.ts > Modal Z-Index Verification > AC3: WelcomeModal uses correct z-index layering (Round 62) > should use z-40 for backdrop, z-[45] for content, and z-[60] for close button
 ✓ src/__tests__/modalZIndex.test.ts > Modal Z-Index Verification > AC4: Modal dismissal behavior with corrected z-index > should call onSkip callback when skip button is present
 ✓ src/__tests__/modalZIndex.test.ts > Modal Z-Index Verification > AC4: Modal dismissal behavior with corrected z-index > should call onContinue callback when continue button is present
 ✓ src/__tests__/modalZIndex.test.ts > Modal Z-Index Verification > AC4: Modal dismissal behavior with corrected z-index > should call onReplay callback when replay button is present
 ✓ src/__tests__/modalZIndex.test.ts > Modal Z-Index Verification > AC5: WelcomeModal does not render when conditions not met > should return null when hasSeenWelcome is true
 ✓ src/__tests__/modalZIndex.test.ts > Modal Z-Index Verification > AC5: WelcomeModal does not render when conditions not met > should return null when isTutorialEnabled is false
 ✓ src/__tests__/modalZIndex.test.ts > Modal Z-Index Verification > AC6: Z-index consistency with other modals in the codebase > should use z-50 which is consistent with other standard modals (TutorialCompletion)
 ✓ src/__tests__/modalZIndex.test.ts > Modal Z-Index Verification > Code inspection verification (Round 62) > should verify WelcomeModal.tsx uses new z-index strategy
 ✓ src/__tests__/modalZIndex.test.ts > Modal Z-Index Verification > Code inspection verification (Round 62) > should verify TutorialCompletion.tsx still uses z-50
 ✓ src/__tests__/modalZIndex.test.ts > Modal Z-Index Verification > Code inspection verification (Round 62) > should verify SVG elements have pointer-events="none"
 ✓ src/__tests__/aiDescription.test.ts > AI Integration Utilities > generateMachineDescription > should use default style when not specified 402ms
 ✓ src/__tests__/aiDescription.test.ts > AI Integration Utilities > formatDescriptionForDisplay > should format description for technical style
 ✓ src/__tests__/aiDescription.test.ts > AI Integration Utilities > formatDescriptionForDisplay > should format description for flavor style
 ✓ src/__tests__/aiDescription.test.ts > AI Integration Utilities > formatDescriptionForDisplay > should format description for lore style
 ✓ src/__tests__/aiDescription.test.ts > AI Integration Utilities > formatDescriptionForDisplay > should fall back to main description when lore is missing
 ✓ src/__tests__/aiDescription.test.ts > AI Integration Utilities > formatDescriptionForDisplay > should use mixed style as default
 ✓ src/__tests__/aiDescription.test.ts > AI Integration Utilities > suggestTagsFromModules > should suggest tags based on module categories
 ✓ src/__tests__/aiDescription.test.ts > AI Integration Utilities > suggestTagsFromModules > should include type-specific tags
 ✓ src/__tests__/aiDescription.test.ts > AI Integration Utilities > suggestTagsFromModules > should limit tags to 5
 ✓ src/__tests__/aiDescription.test.ts > AI Integration Utilities > suggestTagsFromModules > should handle empty modules
 ✓ src/__tests__/aiDescription.test.ts > AI Integration Utilities > suggestTagsFromModules > should handle various module type formats
 ✓ src/__tests__/aiDescription.test.ts > AI Integration Utilities > calculateRarityFromComplexity > should return common for low complexity
 ✓ src/__tests__/aiDescription.test.ts > AI Integration Utilities > calculateRarityFromComplexity > should return uncommon for medium-low complexity
 ✓ src/__tests__/aiDescription.test.ts > AI Integration Utilities > calculateRarityFromComplexity > should return uncommon when complexity is >= 25
 ✓ src/__tests__/aiDescription.test.ts > AI Integration Utilities > calculateRarityFromComplexity > should return rare for higher complexity
 ✓ src/__tests__/aiDescription.test.ts > AI Integration Utilities > calculateRarityFromComplexity > should return epic for very high complexity
 ✓ src/__tests__/aiDescription.test.ts > AI Integration Utilities > calculateRarityFromComplexity > should return legendary for maximum complexity
 ✓ src/__tests__/aiDescription.test.ts > AI Integration Utilities > calculateRarityFromComplexity > should weight all factors in calculation
 ✓ src/__tests__/aiDescription.test.ts > Description Style Labels > should have labels for all description styles
 ✓ src/__tests__/aiDescription.test.ts > Description Style Labels > should have correct Chinese labels
 ✓ src/__tests__/aiDescription.test.ts > MachineAttributes interface > should accept valid machine attributes
 ✓ src/__tests__/useFactionStore.test.ts > FactionStore > initial state > should initialize with 6 factions at count 0
 ✓ src/__tests__/useFactionStore.test.ts > FactionStore > initial state > should initialize with empty techTreeUnlocks
 ✓ src/__tests__/useFactionStore.test.ts > FactionStore > initial state > should initialize with null selectedFaction
 ✓ src/__tests__/useFactionStore.test.ts > FactionStore > incrementFactionCount > should increment faction count for void
 ✓ src/__tests__/useFactionStore.test.ts > FactionStore > incrementFactionCount > should increment faction count for inferno
 ✓ src/__tests__/useFactionStore.test.ts > FactionStore > incrementFactionCount > should increment faction count for storm
 ✓ src/__tests__/useFactionStore.test.ts > FactionStore > incrementFactionCount > should increment faction count for stellar
 ✓ src/__tests__/useFactionStore.test.ts > FactionStore > incrementFactionCount > should increment faction count for arcane
 ✓ src/__tests__/useFactionStore.test.ts > FactionStore > incrementFactionCount > should increment faction count for chaos
 ✓ src/__tests__/useFactionStore.test.ts > FactionStore > incrementFactionCount > should increment multiple times correctly
 ✓ src/__tests__/useFactionStore.test.ts > FactionStore > incrementFactionCount > should not affect other factions when incrementing one
 ✓ src/__tests__/useFactionStore.test.ts > FactionStore > setSelectedFaction > should set selected faction to void
 ✓ src/__tests__/useFactionStore.test.ts > FactionStore > setSelectedFaction > should set selected faction to inferno
 ✓ src/__tests__/useFactionStore.test.ts > FactionStore > setSelectedFaction > should set selected faction to storm
 ✓ src/__tests__/useFactionStore.test.ts > FactionStore > setSelectedFaction > should set selected faction to stellar
 ✓ src/__tests__/useFactionStore.test.ts > FactionStore > setSelectedFaction > should set selected faction to arcane
 ✓ src/__tests__/useFactionStore.test.ts > FactionStore > setSelectedFaction > should set selected faction to chaos
 ✓ src/__tests__/useFactionStore.test.ts > FactionStore > setSelectedFaction > should allow setting to null
 ✓ src/__tests__/useFactionStore.test.ts > FactionStore > setSelectedFaction > should allow changing selected faction
 ✓ src/__tests__/useFactionStore.test.ts > FactionStore > unlockTechTreeNode > should unlock a tech tree node
 ✓ src/__tests__/useFactionStore.test.ts > FactionStore > unlockTechTreeNode > should unlock multiple tech tree nodes
 ✓ src/__tests__/useFactionStore.test.ts > FactionStore > unlockTechTreeNode > should not affect faction counts when unlocking tech
 ✓ src/__tests__/useFactionStore.test.ts > FactionStore > getTechTreeNodes > should return tech tree nodes with unlock status
 ✓ src/__tests__/useFactionStore.test.ts > FactionStore > getTechTreeNodes > should return nodes for all 6 factions
 ✓ src/__tests__/useFactionStore.test.ts > FactionStore > getFactionCount > should return correct count for void
 ✓ src/__tests__/useFactionStore.test.ts > FactionStore > getFactionCount > should return 0 for unused factions
 ✓ src/__tests__/useFactionStore.test.ts > FactionStore > isTechTreeNodeUnlocked > should return false for locked nodes
 ✓ src/__tests__/useFactionStore.test.ts > FactionStore > isTechTreeNodeUnlocked > should return true for manually unlocked nodes
 ✓ src/__tests__/useFactionStore.test.ts > FactionStore > isTechTreeNodeUnlocked > should return false for non-existent nodes
 ✓ src/__tests__/useFactionStore.test.ts > FactionStore > resetFactionProgress > should reset all faction counts to 0
 ✓ src/__tests__/useFactionStore.test.ts > FactionStore > resetFactionProgress > should reset tech tree unlocks
 ✓ src/__tests__/useFactionStore.test.ts > FactionStore > resetFactionProgress > should reset selected faction
 ✓ src/__tests__/useFactionStore.test.ts > FactionStore > hydration helpers > should expose isFactionHydrated function
 ✓ src/__tests__/useFactionStore.test.ts > FactionStore > hydration helpers > should expose hydrateFactionStore function
 ✓ src/__tests__/useFactionStore.test.ts > FactionStore > edge cases > should handle rapid increment calls
 ✓ src/__tests__/useFactionStore.test.ts > FactionStore > edge cases > should handle all factions simultaneously
 ✓ src/__tests__/useFactionStore.test.ts > FactionStore > edge cases > should handle unlocking all tech nodes
 ✓ src/__tests__/clipboardUtils.test.ts > clipboardUtils > calculateBounds > should calculate bounds for single module
 ✓ src/__tests__/clipboardUtils.test.ts > clipboardUtils > calculateBounds > should calculate bounds for multiple modules
 ✓ src/__tests__/clipboardUtils.test.ts > clipboardUtils > calculateBounds > should return null for empty array
 ✓ src/__tests__/clipboardUtils.test.ts > clipboardUtils > getCenterPoint > should calculate center point of modules
 ✓ src/__tests__/clipboardUtils.test.ts > clipboardUtils > getCenterPoint > should return null for empty array
 ✓ src/__tests__/clipboardUtils.test.ts > clipboardUtils > copyModules > should copy single module
 ✓ src/__tests__/clipboardUtils.test.ts > clipboardUtils > copyModules > should copy multiple modules
 ✓ src/__tests__/clipboardUtils.test.ts > clipboardUtils > copyModules > should copy all modules when empty selection
 ✓ src/__tests__/clipboardUtils.test.ts > clipboardUtils > copyModules > should copy connections between selected modules
 ✓ src/__tests__/clipboardUtils.test.ts > clipboardUtils > pasteModules > should paste modules at new position with offset
 ✓ src/__tests__/clipboardUtils.test.ts > clipboardUtils > pasteModules > should return empty arrays for empty clipboard
 ✓ src/__tests__/clipboardUtils.test.ts > clipboardUtils > pasteModules > should create new connections with updated module references
 ✓ src/__tests__/clipboardUtils.test.ts > clipboardUtils > pasteModules > should create unique IDs for each paste
 ✓ src/__tests__/clipboardUtils.test.ts > clipboardUtils > duplicateModules > should duplicate single module with offset
 ✓ src/__tests__/clipboardUtils.test.ts > clipboardUtils > duplicateModules > should duplicate multiple modules
 ✓ src/__tests__/clipboardUtils.test.ts > clipboardUtils > duplicateModules > should return empty for empty selection
 ✓ src/__tests__/clipboardUtils.test.ts > clipboardUtils > duplicateModules > should duplicate connections between selected modules
 ✓ src/__tests__/clipboardUtils.test.ts > clipboardUtils > validateClipboard > should return true for valid clipboard
 ✓ src/__tests__/clipboardUtils.test.ts > clipboardUtils > validateClipboard > should return false for null clipboard
 ✓ src/__tests__/clipboardUtils.test.ts > clipboardUtils > validateClipboard > should return false for clipboard with invalid modules
 ✓ src/__tests__/clipboardUtils.test.ts > clipboardUtils > isClipboardEmpty > should return true for empty clipboard
 ✓ src/__tests__/clipboardUtils.test.ts > clipboardUtils > isClipboardEmpty > should return true for null clipboard
 ✓ src/__tests__/clipboardUtils.test.ts > clipboardUtils > isClipboardEmpty > should return false for clipboard with modules
 ✓ src/__tests__/clipboardUtils.test.ts > clipboardUtils > getClipboardSummary > should return empty string for empty clipboard
 ✓ src/__tests__/clipboardUtils.test.ts > clipboardUtils > getClipboardSummary > should return summary with module and connection count
 ✓ src/__tests__/LoadPromptModalFix.test.tsx > LoadPromptModal Fix - AC-BUG-001 & AC-BUG-002 > AC-BUG-001: Resume Previous Work button > should call restoreSavedState when clicking "Resume Previous Work"
 ✓ src/__tests__/LoadPromptModalFix.test.tsx > LoadPromptModal Fix - AC-BUG-001 & AC-BUG-002 > AC-BUG-001: Resume Previous Work button > should call onDismiss when clicking "Resume Previous Work"
 ✓ src/__tests__/LoadPromptModalFix.test.tsx > LoadPromptModal Fix - AC-BUG-001 & AC-BUG-002 > AC-BUG-001: Resume Previous Work button > should dismiss modal within 1 render cycle after clicking Resume
 ✓ src/__tests__/LoadPromptModalFix.test.tsx > LoadPromptModal Fix - AC-BUG-001 & AC-BUG-002 > AC-BUG-001: Resume Previous Work button > should call both store action and dismiss callback
 ✓ src/__tests__/LoadPromptModalFix.test.tsx > LoadPromptModal Fix - AC-BUG-001 & AC-BUG-002 > AC-BUG-002: Start Fresh button > should call startFresh when clicking "Start Fresh"
 ✓ src/__tests__/LoadPromptModalFix.test.tsx > LoadPromptModal Fix - AC-BUG-001 & AC-BUG-002 > AC-BUG-002: Start Fresh button > should call onDismiss when clicking "Start Fresh"
 ✓ src/__tests__/LoadPromptModalFix.test.tsx > LoadPromptModal Fix - AC-BUG-001 & AC-BUG-002 > AC-BUG-002: Start Fresh button > should dismiss modal within 1 render cycle after clicking Start Fresh
 ✓ src/__tests__/LoadPromptModalFix.test.tsx > LoadPromptModal Fix - AC-BUG-001 & AC-BUG-002 > AC-BUG-002: Start Fresh button > should call both store action and dismiss callback
 ✓ src/__tests__/LoadPromptModalFix.test.tsx > LoadPromptModal Fix - AC-BUG-001 & AC-BUG-002 > Modal Content Verification > should render the modal with correct Chinese content
 ✓ src/__tests__/LoadPromptModalFix.test.tsx > LoadPromptModal Fix - AC-BUG-001 & AC-BUG-002 > Modal Content Verification > should render both buttons with correct icons
 ✓ src/__tests__/LoadPromptModalFix.test.tsx > LoadPromptModal Fix - AC-BUG-001 & AC-BUG-002 > onDismiss Callback Behavior > should accept and call the onDismiss prop correctly
 ✓ src/__tests__/LoadPromptModalFix.test.tsx > LoadPromptModal Fix - AC-BUG-001 & AC-BUG-002 > onDismiss Callback Behavior > should call onDismiss once per button click
 ✓ src/__tests__/LoadPromptModalFix.test.tsx > LoadPromptModal Fix - AC-BUG-001 & AC-BUG-002 > onDismiss Callback Behavior > should handle rapid consecutive clicks gracefully
 ✓ src/__tests__/LoadPromptModalFix.test.tsx > LoadPromptModal Fix - AC-BUG-001 & AC-BUG-002 > Props Interface > should have correct LoadPromptModalProps interface
 ✓ src/__tests__/LoadPromptModalFix.test.tsx > LoadPromptModal Fix - AC-BUG-001 & AC-BUG-002 > Props Interface > should render without onDismiss prop error
 ✓ src/__tests__/LoadPromptModalFix.test.tsx > LoadPromptModal API Contract - Round 103 > should export LoadPromptModalProps interface
 ✓ src/__tests__/LoadPromptModalFix.test.tsx > LoadPromptModal API Contract - Round 103 > should render modal with onDismiss callback
 ✓ src/__tests__/LoadPromptModalFix.test.tsx > Integration: App.tsx LoadPromptModal Rendering > should pass onDismiss to LoadPromptModal that sets showLoadPrompt to false
 ✓ src/__tests__/LoadPromptModalFix.test.tsx > Integration: App.tsx LoadPromptModal Rendering > should verify modal renders when showLoadPrompt is true
 ✓ src/__tests__/LoadPromptModalFix.test.tsx > Integration: App.tsx LoadPromptModal Rendering > should verify modal does not render when showLoadPrompt is false
 ✓ src/__tests__/LoadPromptModalFix.test.tsx > State Persistence - AC-BUG-006 Verification > should work correctly when user reloads and has saved state
 ✓ src/__tests__/LoadPromptModalFix.test.tsx > State Persistence - AC-BUG-006 Verification > should not show modal after Start Fresh clears state
 ✓ src/__tests__/activationOverlayState.test.ts > Activation Overlay State Tests > AC3.1: is-charging class present during charging phase > machine enters charging state from idle
 ✓ src/__tests__/activationOverlayState.test.ts > Activation Overlay State Tests > AC3.1: is-charging class present during charging phase > showActivation is true during charging
 ✓ src/__tests__/activationOverlayState.test.ts > Activation Overlay State Tests > AC3.1: is-charging class present during charging phase > charging state is distinct from active state
 ✓ src/__tests__/activationOverlayState.test.ts > Activation Overlay State Tests > AC3.1: is-charging class present during charging phase > progress is tracked during charging
 ✓ src/__tests__/activationOverlayState.test.ts > Activation Overlay State Tests > AC3.2: is-charging class absent after completion > machine transitions to active after charging completes
 ✓ src/__tests__/activationOverlayState.test.ts > Activation Overlay State Tests > AC3.2: is-charging class absent after completion > machine transitions to idle after full activation cycle
 ✓ src/__tests__/activationOverlayState.test.ts > Activation Overlay State Tests > AC3.2: is-charging class absent after completion > is-charging class would be absent after state transitions
 ✓ src/__tests__/activationOverlayState.test.ts > Activation Overlay State Tests > AC3.2: is-charging class absent after completion > showActivation can be cleared after completion
 ✓ src/__tests__/activationOverlayState.test.ts > Activation Overlay State Tests > AC3.3: No conflicting classes during charging > machine in charging state should not have is-active class
 ✓ src/__tests__/activationOverlayState.test.ts > Activation Overlay State Tests > AC3.3: No conflicting classes during charging > machine in charging state should not have is-overload class
 ✓ src/__tests__/activationOverlayState.test.ts > Activation Overlay State Tests > AC3.3: No conflicting classes during charging > machine in charging state should not have is-failure class
 ✓ src/__tests__/activationOverlayState.test.ts > Activation Overlay State Tests > AC3.3: No conflicting classes during charging > failure mode is separate from charging
 ✓ src/__tests__/activationOverlayState.test.ts > Activation Overlay State Tests > AC3.3: No conflicting classes during charging > overload mode is separate from charging
 ✓ src/__tests__/activationOverlayState.test.ts > Activation Overlay State Tests > AC3.3: No conflicting classes during charging > active state is distinct from charging state
 ✓ src/__tests__/activationOverlayState.test.ts > Activation Overlay State Tests > Negative Assertions > is-charging class should not remain after activation completes
 ✓ src/__tests__/activationOverlayState.test.ts > Activation Overlay State Tests > Negative Assertions > is-active class should not appear during charging phase
 ✓ src/__tests__/activationOverlayState.test.ts > Activation Overlay State Tests > Negative Assertions > Overlay should not render with conflicting state classes simultaneously
 ✓ src/__tests__/activationOverlayState.test.ts > Activation Overlay State Tests > Negative Assertions > Failure mode does not overlap with charging
 ✓ src/__tests__/activationOverlayState.test.ts > Activation Overlay State Tests > State Transition Timing > Failure auto-return happens at correct interval
 ✓ src/__tests__/activationOverlayState.test.ts > Activation Overlay State Tests > State Transition Timing > Overload auto-return happens at correct interval
 ✓ src/__tests__/aiDescription.test.ts > Description Generation Integration > should generate description with all required fields 401ms
stderr | src/__tests__/useRecipeStore.test.ts > RecipeStore > unlockRecipe > should warn for unknown recipe
Recipe not found: unknown-recipe-id

 ✓ src/__tests__/useRecipeStore.test.ts > RecipeStore > initial state > should initialize with empty unlockedRecipes
 ✓ src/__tests__/useRecipeStore.test.ts > RecipeStore > initial state > should initialize with empty pendingDiscoveries
 ✓ src/__tests__/useRecipeStore.test.ts > RecipeStore > unlockRecipe > should add recipe to unlocked list
 ✓ src/__tests__/useRecipeStore.test.ts > RecipeStore > unlockRecipe > should add recipe to pending discoveries
 ✓ src/__tests__/useRecipeStore.test.ts > RecipeStore > unlockRecipe > should not add duplicate recipes
 ✓ src/__tests__/useRecipeStore.test.ts > RecipeStore > unlockRecipe > should record unlock timestamp
 ✓ src/__tests__/useRecipeStore.test.ts > RecipeStore > unlockRecipe > should set discovered to false initially
 ✓ src/__tests__/useRecipeStore.test.ts > RecipeStore > unlockRecipe > should warn for unknown recipe
 ✓ src/__tests__/useRecipeStore.test.ts > RecipeStore > discoverRecipe > should mark recipe as discovered
 ✓ src/__tests__/useRecipeStore.test.ts > RecipeStore > discoverRecipe > should add undiscovered recipe if not unlocked
 ✓ src/__tests__/useRecipeStore.test.ts > RecipeStore > markAsSeen > should mark recipe as discovered
 ✓ src/__tests__/useRecipeStore.test.ts > RecipeStore > clearPendingDiscoveries > should clear all pending discoveries
 ✓ src/__tests__/useRecipeStore.test.ts > RecipeStore > isUnlocked > should return false for undiscovered recipe
 ✓ src/__tests__/useRecipeStore.test.ts > RecipeStore > isUnlocked > should return true for discovered recipe
 ✓ src/__tests__/useRecipeStore.test.ts > RecipeStore > isUnlocked > should return false for locked recipe
 ✓ src/__tests__/useRecipeStore.test.ts > RecipeStore > isPendingDiscovery > should return true for pending discovery
 ✓ src/__tests__/useRecipeStore.test.ts > RecipeStore > isPendingDiscovery > should return false for non-pending recipe
 ✓ src/__tests__/useRecipeStore.test.ts > RecipeStore > getRecipe > should return recipe definition
 ✓ src/__tests__/useRecipeStore.test.ts > RecipeStore > getRecipe > should return undefined for unknown recipe
 ✓ src/__tests__/useRecipeStore.test.ts > RecipeStore > getUnlockedRecipes > should return only discovered recipes
 ✓ src/__tests__/useRecipeStore.test.ts > RecipeStore > getUnlockedRecipes > should return empty array when no recipes discovered
 ✓ src/__tests__/useRecipeStore.test.ts > RecipeStore > getLockedRecipes > should return list of locked recipes
 ✓ src/__tests__/useRecipeStore.test.ts > RecipeStore > getLockedRecipes > should not include discovered recipes
 ✓ src/__tests__/useRecipeStore.test.ts > RecipeStore > getNextPendingDiscovery > should return first pending discovery
 ✓ src/__tests__/useRecipeStore.test.ts > RecipeStore > getNextPendingDiscovery > should return null when no pending discoveries
 ✓ src/__tests__/useRecipeStore.test.ts > RecipeStore > isUnlockConditionMet > should return false for unknown recipe
 ✓ src/__tests__/useRecipeStore.test.ts > RecipeStore > checkChallengeUnlock > should check challenge-specific recipes
 ✓ src/__tests__/useRecipeStore.test.ts > RecipeStore > checkChallengeCountUnlock > should check recipes based on challenge count
 ✓ src/__tests__/useRecipeStore.test.ts > RecipeStore > checkTutorialUnlock > should check tutorial recipes
 ✓ src/__tests__/useRecipeStore.test.ts > RecipeStore > checkMachinesCreatedUnlock > should check recipes based on machines created
 ✓ src/__tests__/useRecipeStore.test.ts > RecipeStore > checkActivationCountUnlock > should check recipes based on activation count
 ✓ src/__tests__/useRecipeStore.test.ts > RecipeStore > checkTechLevelUnlocks > should check tech level unlocks
 ✓ src/__tests__/useRecipeStore.test.ts > RecipeStore > relockTechRecipes > should relock tech-level recipes
 ✓ src/__tests__/useRecipeStore.test.ts > RecipeStore > resetAllRecipes > should reset all recipe unlocks
 ✓ src/__tests__/useRecipeStore.test.ts > RecipeStore > hydration helpers > should expose isRecipeHydrated function
 ✓ src/__tests__/useRecipeStore.test.ts > RecipeStore > hydration helpers > should expose hydrateRecipeStore function
 ✓ src/__tests__/useGroupingStore.test.ts > GroupingStore > initial state > should initialize with empty groups
 ✓ src/__tests__/useGroupingStore.test.ts > GroupingStore > createGroup > should create a group with at least 2 modules
 ✓ src/__tests__/useGroupingStore.test.ts > GroupingStore > createGroup > should return null for single module
 ✓ src/__tests__/useGroupingStore.test.ts > GroupingStore > createGroup > should return null for empty array
 ✓ src/__tests__/useGroupingStore.test.ts > GroupingStore > createGroup > should use custom name when provided
 ✓ src/__tests__/useGroupingStore.test.ts > GroupingStore > createGroup > should generate default name when not provided
 ✓ src/__tests__/useGroupingStore.test.ts > GroupingStore > createGroup > should add group to store
 ✓ src/__tests__/useGroupingStore.test.ts > GroupingStore > createGroup > should create multiple groups
 ✓ src/__tests__/useGroupingStore.test.ts > GroupingStore > createGroup > should set createdAt timestamp
 ✓ src/__tests__/useGroupingStore.test.ts > GroupingStore > ungroup > should remove group and return module IDs
 ✓ src/__tests__/useGroupingStore.test.ts > GroupingStore > ungroup > should return empty array for non-existent group
 ✓ src/__tests__/useGroupingStore.test.ts > GroupingStore > ungroup > should not affect other groups
 ✓ src/__tests__/useGroupingStore.test.ts > GroupingStore > getGroupModules > should return module IDs for a group
 ✓ src/__tests__/useGroupingStore.test.ts > GroupingStore > getGroupModules > should return empty array for non-existent group
 ✓ src/__tests__/useGroupingStore.test.ts > GroupingStore > transformGroup > should not throw when transforming group
 ✓ src/__tests__/useGroupingStore.test.ts > GroupingStore > transformGroup > should handle rotation transform
 ✓ src/__tests__/useGroupingStore.test.ts > GroupingStore > transformGroup > should handle scale transform
 ✓ src/__tests__/useGroupingStore.test.ts > GroupingStore > renameGroup > should rename a group
 ✓ src/__tests__/useGroupingStore.test.ts > GroupingStore > renameGroup > should not affect other groups
 ✓ src/__tests__/useGroupingStore.test.ts > GroupingStore > lockGroup > should lock a group
 ✓ src/__tests__/useGroupingStore.test.ts > GroupingStore > lockGroup > should not affect other groups
 ✓ src/__tests__/useGroupingStore.test.ts > GroupingStore > unlockGroup > should unlock a group
 ✓ src/__tests__/useGroupingStore.test.ts > GroupingStore > toggleGroupLock > should toggle lock from unlocked to locked
 ✓ src/__tests__/useGroupingStore.test.ts > GroupingStore > toggleGroupLock > should toggle lock from locked to unlocked
 ✓ src/__tests__/useGroupingStore.test.ts > GroupingStore > getGroupByModuleId > should return group containing the module
 ✓ src/__tests__/useGroupingStore.test.ts > GroupingStore > getGroupByModuleId > should return undefined for module not in any group
 ✓ src/__tests__/useGroupingStore.test.ts > GroupingStore > isModuleInGroup > should return true for module in a group
 ✓ src/__tests__/useGroupingStore.test.ts > GroupingStore > isModuleInGroup > should return false for module not in any group
 ✓ src/__tests__/useGroupingStore.test.ts > GroupingStore > getGroupModuleIds > should return module IDs for a group
 ✓ src/__tests__/useGroupingStore.test.ts > GroupingStore > getGroupModuleIds > should return empty array for non-existent group
 ✓ src/__tests__/useGroupingStore.test.ts > GroupingStore > clearAllGroups > should clear all groups
 ✓ src/__tests__/useGroupingStore.test.ts > GroupingStore > edge cases > should handle creating group with many modules
 ✓ src/__tests__/useGroupingStore.test.ts > GroupingStore > edge cases > should handle duplicate module IDs in creation
 ✓ src/__tests__/useGroupingStore.test.ts > GroupingStore > edge cases > should handle rapid group creation
 ✓ src/__tests__/useGroupingStore.test.ts > GroupingStore > edge cases > should handle alternating lock/unlock operations
 ✓ src/__tests__/autoLayout.test.ts > autoLayout > autoArrange (grid layout) > should return empty arrays for empty input
 ✓ src/__tests__/autoLayout.test.ts > autoLayout > autoArrange (grid layout) > should center a single module
 ✓ src/__tests__/autoLayout.test.ts > autoLayout > autoArrange (grid layout) > should arrange multiple modules in a grid
 ✓ src/__tests__/autoLayout.test.ts > autoLayout > autoArrange (grid layout) > should keep modules within canvas bounds
 ✓ src/__tests__/autoLayout.test.ts > autoLayout > autoArrange (grid layout) > should preserve connections array
 ✓ src/__tests__/autoLayout.test.ts > autoLayout > autoArrange (grid layout) > should use default configuration when not provided
 ✓ src/__tests__/autoLayout.test.ts > autoLayout > autoArrange (grid layout) > should handle 6+ modules with multiple rows
 ✓ src/__tests__/autoLayout.test.ts > autoLayout > autoArrangeCircular > should return empty arrays for empty input
 ✓ src/__tests__/autoLayout.test.ts > autoLayout > autoArrangeCircular > should center a single module
 ✓ src/__tests__/autoLayout.test.ts > autoLayout > autoArrangeCircular > should arrange modules in a circle pattern
 ✓ src/__tests__/autoLayout.test.ts > autoLayout > autoArrangeCircular > should keep modules within canvas bounds
 ✓ src/__tests__/autoLayout.test.ts > autoLayout > autoArrangeLine (horizontal) > should return empty arrays for empty input
 ✓ src/__tests__/autoLayout.test.ts > autoLayout > autoArrangeLine (horizontal) > should arrange modules in a horizontal line
 ✓ src/__tests__/autoLayout.test.ts > autoLayout > autoArrangeLine (horizontal) > should center the line horizontally
 ✓ src/__tests__/autoLayout.test.ts > autoLayout > autoArrangeCascade > should return empty arrays for empty input
 ✓ src/__tests__/autoLayout.test.ts > autoLayout > autoArrangeCascade > should arrange modules in a staggered cascade pattern
 ✓ src/__tests__/autoLayout.test.ts > autoLayout > autoArrangeCascade > should keep modules within canvas bounds
 ✓ src/__tests__/autoLayout.test.ts > autoLayout > edge cases > should handle modules with different sizes
 ✓ src/__tests__/autoLayout.test.ts > autoLayout > edge cases > should preserve module properties during rearrangement
 ✓ src/__tests__/autoLayout.test.ts > autoLayout > edge cases > should handle very small container
 ✓ src/__tests__/autoLayout.test.ts > autoLayout > edge cases > should handle very large container
 ✓ src/__tests__/accessibilityEnhancements.test.tsx > P0: AC1 - Screen Reader Announcements > announceToScreenReader > should create announcer element if not exists
 ✓ src/__tests__/factionReputation.test.ts > Faction Reputation Utils > getReputationLevel > should return Apprentice for 0 points
 ✓ src/__tests__/factionReputation.test.ts > Faction Reputation Utils > getReputationLevel > should return Apprentice for 199 points
 ✓ src/__tests__/factionReputation.test.ts > Faction Reputation Utils > getReputationLevel > should return Journeyman for 200 points
 ✓ src/__tests__/factionReputation.test.ts > Faction Reputation Utils > getReputationLevel > should return Journeyman for 499 points
 ✓ src/__tests__/factionReputation.test.ts > Faction Reputation Utils > getReputationLevel > should return Expert for 500 points
 ✓ src/__tests__/factionReputation.test.ts > Faction Reputation Utils > getReputationLevel > should return Expert for 999 points
 ✓ src/__tests__/factionReputation.test.ts > Faction Reputation Utils > getReputationLevel > should return Master for 1000 points
 ✓ src/__tests__/factionReputation.test.ts > Faction Reputation Utils > getReputationLevel > should return Master for 1999 points
 ✓ src/__tests__/factionReputation.test.ts > Faction Reputation Utils > getReputationLevel > should return Grandmaster for 2000 points
 ✓ src/__tests__/factionReputation.test.ts > Faction Reputation Utils > getReputationLevel > should return Grandmaster for 5000 points
 ✓ src/__tests__/factionReputation.test.ts > Faction Reputation Utils > getReputationLevel > should return distinct levels for all threshold values
 ✓ src/__tests__/factionReputation.test.ts > Faction Reputation Utils > getNextLevelThreshold > should return 200 for Apprentice (0 points)
 ✓ src/__tests__/factionReputation.test.ts > Faction Reputation Utils > getNextLevelThreshold > should return 500 for Journeyman (200 points)
 ✓ src/__tests__/factionReputation.test.ts > Faction Reputation Utils > getNextLevelThreshold > should return 1000 for Expert (500 points)
 ✓ src/__tests__/factionReputation.test.ts > Faction Reputation Utils > getNextLevelThreshold > should return 2000 for Master (1000 points)
 ✓ src/__tests__/factionReputation.test.ts > Faction Reputation Utils > getNextLevelThreshold > should return null for Grandmaster (2000+ points)
 ✓ src/__tests__/factionReputation.test.ts > Faction Reputation Utils > getProgressToNextLevel > should return 0% for fresh start (0 points)
 ✓ src/__tests__/factionReputation.test.ts > Faction Reputation Utils > getProgressToNextLevel > should return 100% progress at level boundary
 ✓ src/__tests__/factionReputation.test.ts > Faction Reputation Utils > getProgressToNextLevel > should return 50% at midpoint between levels
 ✓ src/__tests__/factionReputation.test.ts > Faction Reputation Utils > getProgressToNextLevel > should return 100% for Grandmaster
 ✓ src/__tests__/factionReputation.test.ts > Faction Reputation Utils > getUnlockedVariants > should return null for non-Grandmaster level
 ✓ src/__tests__/factionReputation.test.ts > Faction Reputation Utils > getUnlockedVariants > should return void-arcane-gear for void faction at Grandmaster
 ✓ src/__tests__/factionReputation.test.ts > Faction Reputation Utils > getUnlockedVariants > should return inferno-blazing-core for inferno faction at Grandmaster
 ✓ src/__tests__/factionReputation.test.ts > Faction Reputation Utils > getUnlockedVariants > should return storm-thundering-pipe for storm faction at Grandmaster
 ✓ src/__tests__/factionReputation.test.ts > Faction Reputation Utils > getUnlockedVariants > should return stellar-harmonic-crystal for stellar faction at Grandmaster
 ✓ src/__tests__/factionReputation.test.ts > Faction Reputation Utils > getPointsToLevel > should return 200 for Apprentice to Journeyman
 ✓ src/__tests__/factionReputation.test.ts > Faction Reputation Utils > getPointsToLevel > should return 0 if already at target level
 ✓ src/__tests__/factionReputation.test.ts > Faction Reputation Utils > getPointsToLevel > should return correct points for multi-level jump
 ✓ src/__tests__/factionReputation.test.ts > Faction Reputation Utils > getLevelDisplayName > should return correct English names
 ✓ src/__tests__/factionReputation.test.ts > Faction Reputation Utils > getLevelDisplayNameZh > should return correct Chinese names
 ✓ src/__tests__/factionReputation.test.ts > Faction Reputation Utils > isFactionVariant > should return true for faction variant module IDs
 ✓ src/__tests__/factionReputation.test.ts > Faction Reputation Utils > isFactionVariant > should return false for regular module IDs
 ✓ src/__tests__/factionReputation.test.ts > Faction Reputation Utils > getVariantFactionId > should return correct faction ID for variant modules
 ✓ src/__tests__/factionReputation.test.ts > Faction Reputation Utils > getVariantFactionId > should return null for non-variant modules
 ✓ src/__tests__/factionReputation.test.ts > Faction Reputation Store > should have addReputation method
 ✓ src/__tests__/factionReputation.test.ts > Faction Reputation Store > should have getReputation method
 ✓ src/__tests__/factionReputation.test.ts > Faction Reputation Store > should have getReputationLevel method
 ✓ src/__tests__/factionReputation.test.ts > Faction Reputation Store > should have isVariantUnlocked method
 ✓ src/__tests__/factionReputation.test.ts > Faction Reputation Store > should have resetReputation method
 ✓ src/__tests__/factionReputation.test.ts > Faction Reputation Store > should have resetAllReputations method
 ✓ src/__tests__/factionReputation.test.ts > Faction Reputation Store > should have awardBonusReputation method
 ✓ src/__tests__/factionReputation.test.ts > Faction Reputation Store > should have getReputationData method
 ✓ src/__tests__/factionReputation.test.ts > Faction Reputation Store > should have reputations object
 ✓ src/__tests__/factionReputation.test.ts > Faction Reputation Store > should have totalReputationEarned number
 ✓ src/__tests__/factionReputation.test.ts > Faction Reputation Store > should start with 0 reputation for void faction
 ✓ src/__tests__/factionReputation.test.ts > Faction Reputation Store > should start with 0 reputation for inferno faction
 ✓ src/__tests__/factionReputation.test.ts > Faction Reputation Store > should start with 0 reputation for storm faction
 ✓ src/__tests__/factionReputation.test.ts > Faction Reputation Store > should start with 0 reputation for stellar faction
 ✓ src/__tests__/factionReputation.test.ts > Reputation Levels > Apprentice level threshold should be 0
 ✓ src/__tests__/factionReputation.test.ts > Reputation Levels > Journeyman level threshold should be 200
 ✓ src/__tests__/factionReputation.test.ts > Reputation Levels > Expert level threshold should be 500
 ✓ src/__tests__/factionReputation.test.ts > Reputation Levels > Master level threshold should be 1000
 ✓ src/__tests__/factionReputation.test.ts > Reputation Levels > Grandmaster level threshold should be 2000
 ✓ src/__tests__/useCodexStore.test.ts > CodexStore > store initialization > should have addEntry method
 ✓ src/__tests__/useCodexStore.test.ts > CodexStore > store initialization > should have removeEntry method
 ✓ src/__tests__/useCodexStore.test.ts > CodexStore > store initialization > should have getEntry method
 ✓ src/__tests__/useCodexStore.test.ts > CodexStore > store initialization > should have getEntriesByRarity method
 ✓ src/__tests__/useCodexStore.test.ts > CodexStore > store initialization > should have getEntryCount method
 ✓ src/__tests__/useCodexStore.test.ts > CodexStore > addEntry > should add a new codex entry with generated ID and codexId
 ✓ src/__tests__/useCodexStore.test.ts > CodexStore > addEntry > should increment codexId for each new entry
 ✓ src/__tests__/useCodexStore.test.ts > CodexStore > addEntry > should store modules and connections in the entry
 ✓ src/__tests__/useCodexStore.test.ts > CodexStore > addEntry > should update entries state after adding
 ✓ src/__tests__/useCodexStore.test.ts > CodexStore > removeEntry > should remove entry by ID
 ✓ src/__tests__/useCodexStore.test.ts > CodexStore > removeEntry > should not affect other entries when removing one
 ✓ src/__tests__/useCodexStore.test.ts > CodexStore > removeEntry > should handle removing non-existent entry gracefully
 ✓ src/__tests__/useCodexStore.test.ts > CodexStore > getEntry > should return entry by ID
 ✓ src/__tests__/useCodexStore.test.ts > CodexStore > getEntry > should return undefined for non-existent ID
 ✓ src/__tests__/useCodexStore.test.ts > CodexStore > getEntriesByRarity > should return only common rarity entries
 ✓ src/__tests__/useCodexStore.test.ts > CodexStore > getEntriesByRarity > should return empty array for rarity with no entries
 ✓ src/__tests__/useCodexStore.test.ts > CodexStore > getEntryCount > should return 0 for empty store
 ✓ src/__tests__/useCodexStore.test.ts > CodexStore > getEntryCount > should return correct count after adding entries
 ✓ src/__tests__/useCodexStore.test.ts > CodexStore > getEntryCount > should return correct count after removing entries
 ✓ src/__tests__/useCodexStore.test.ts > CodexStore > hydration helpers > should expose isCodexHydrated function
 ✓ src/__tests__/useCodexStore.test.ts > CodexStore > hydration helpers > should expose hydrateCodexStore function
 ✓ src/__tests__/useCodexStore.test.ts > CodexStore > edge cases > should handle empty name gracefully
 ✓ src/__tests__/useCodexStore.test.ts > CodexStore > edge cases > should handle special characters in name
 ✓ src/__tests__/useCodexStore.test.ts > CodexStore > edge cases > should handle very long description
 ✓ src/__tests__/useCodexStore.test.ts > CodexStore > edge cases > should handle entries with many modules
 ✓ src/__tests__/accessibilityEnhancements.test.tsx > P0: AC1 - Screen Reader Announcements > announceToScreenReader > should set aria-live attribute to polite by default
 ✓ src/__tests__/dashboard.integration.test.tsx > EnhancedStatsDashboard Integration > should render dashboard with all tabs
 ✓ src/__tests__/dashboard.integration.test.tsx > EnhancedStatsDashboard Integration > should display primary stats in overview
 ✓ src/__tests__/dashboard.integration.test.tsx > EnhancedStatsDashboard Integration > should display faction stats
 ✓ src/__tests__/dashboard.integration.test.tsx > EnhancedStatsDashboard Integration > should have export button
 ✓ src/__tests__/dashboard.integration.test.tsx > EnhancedStatsDashboard Integration > should switch tabs when clicked
 ✓ src/__tests__/dashboard.integration.test.tsx > EnhancedStatsDashboard Integration > should close on escape key
 ✓ src/__tests__/dashboard.integration.test.tsx > ModuleCompositionChart Integration > should render chart with data
 ✓ src/__tests__/dashboard.integration.test.tsx > ModuleCompositionChart Integration > should show empty state when no data
 ✓ src/__tests__/dashboard.integration.test.tsx > ModuleCompositionChart Integration > should display module bars
 ✓ src/__tests__/dashboard.integration.test.tsx > RarityDistributionChart Integration > should render chart with data
 ✓ src/__tests__/dashboard.integration.test.tsx > RarityDistributionChart Integration > should show empty state when no data
 ✓ src/__tests__/dashboard.integration.test.tsx > RarityDistributionChart Integration > should display rarity bars
 ✓ src/__tests__/dashboard.integration.test.tsx > RarityDistributionChart Integration > should display rarity counts
 ✓ src/__tests__/dashboard.integration.test.tsx > TrendChart Integration > should render chart with data
 ✓ src/__tests__/dashboard.integration.test.tsx > TrendChart Integration > should show empty state when no data
 ✓ src/__tests__/dashboard.integration.test.tsx > TrendChart Integration > should display trend points
 ✓ src/__tests__/dashboard.integration.test.tsx > Chart Data Transformation > should transform module composition data correctly
 ✓ src/__tests__/dashboard.integration.test.tsx > Chart Data Transformation > should transform rarity distribution data correctly
 ✓ src/__tests__/dashboard.integration.test.tsx > Chart Data Transformation > should transform trend data correctly
 ✓ src/__tests__/dashboard.integration.test.tsx > Integration Test Count > should have sufficient integration tests
 ✓ src/__tests__/performance/undoRedoPerformance.test.ts > AC4: Undo/Redo Performance > Undo Performance > should complete single undo in under 100ms
 ✓ src/__tests__/performance/undoRedoPerformance.test.ts > AC4: Undo/Redo Performance > Undo Performance > should complete 10 undo operations in reasonable time
 ✓ src/__tests__/performance/undoRedoPerformance.test.ts > AC4: Undo/Redo Performance > Undo Performance > should complete 20 undo operations in under 2 seconds
 ✓ src/__tests__/performance/undoRedoPerformance.test.ts > AC4: Undo/Redo Performance > Undo Performance > should handle undo with complex machine state
 ✓ src/__tests__/performance/undoRedoPerformance.test.ts > AC4: Undo/Redo Performance > Redo Performance > should complete single redo in under 100ms
 ✓ src/__tests__/performance/undoRedoPerformance.test.ts > AC4: Undo/Redo Performance > Redo Performance > should complete 20 redo operations in under 2 seconds
 ✓ src/__tests__/performance/undoRedoPerformance.test.ts > AC4: Undo/Redo Performance > Undo/Redo Edge Cases > should handle undo when history is empty
 ✓ src/__tests__/performance/undoRedoPerformance.test.ts > AC4: Undo/Redo Performance > Undo/Redo Edge Cases > should handle redo when at latest state
 ✓ src/__tests__/performance/undoRedoPerformance.test.ts > AC4: Undo/Redo Performance > Undo/Redo Edge Cases > should correctly alternate undo/redo
 ✓ src/__tests__/performance/undoRedoPerformance.test.ts > AC4: Undo/Redo Performance > History Management > should limit history to 50 entries
 ✓ src/__tests__/performance/undoRedoPerformance.test.ts > AC4: Undo/Redo Performance > History Management > should saveToHistory after each meaningful action
 ✓ src/__tests__/performance/undoRedoPerformance.test.ts > AC4: Undo/Redo Performance > Performance Benchmarks > should meet 100ms target for undo with 10+ modules
 ✓ src/__tests__/performance/undoRedoPerformance.test.ts > AC4: Undo/Redo Performance > Performance Benchmarks > should meet 100ms target for redo with 10+ modules
 ✓ src/__tests__/accessibilityEnhancements.test.tsx > P0: AC1 - Screen Reader Announcements > announceToScreenReader > should set aria-live to assertive when specified
 ✓ src/__tests__/shareUtils.test.ts > Share Utilities > Open Graph Meta Generation > should generate Open Graph meta with machine name
 ✓ src/__tests__/shareUtils.test.ts > Share Utilities > Open Graph Meta Generation > should include machine rarity in meta
 ✓ src/__tests__/shareUtils.test.ts > Share Utilities > Open Graph Meta Generation > should include stats in description
 ✓ src/__tests__/shareUtils.test.ts > Share Utilities > Open Graph Meta Generation > should include tags in description
 ✓ src/__tests__/shareUtils.test.ts > Share Utilities > Open Graph Meta Generation > should have correct URL and type
 ✓ src/__tests__/shareUtils.test.ts > Share Utilities > Open Graph Meta Generation > should include image URL
 ✓ src/__tests__/shareUtils.test.ts > Share Utilities > Open Graph Meta Generation > should handle different rarities in attributes
 ✓ src/__tests__/shareUtils.test.ts > Share Utilities > Meta Tags Generation > should generate valid HTML meta tags
 ✓ src/__tests__/shareUtils.test.ts > Share Utilities > Meta Tags Generation > should include Twitter card tags
 ✓ src/__tests__/shareUtils.test.ts > Share Utilities > Meta Tags Generation > should include Open Graph tags
 ✓ src/__tests__/shareUtils.test.ts > Share Utilities > Shareable Stats > should format stats as shareable string
 ✓ src/__tests__/shareUtils.test.ts > Share Utilities > Shareable Stats > should handle different stat values
 ✓ src/__tests__/shareUtils.test.ts > Share Utilities > Share ID Generation > should generate 12-character share ID
 ✓ src/__tests__/shareUtils.test.ts > Share Utilities > Share ID Generation > should generate alphanumeric share ID
 ✓ src/__tests__/shareUtils.test.ts > Share Utilities > Share ID Generation > should generate unique share IDs
 ✓ src/__tests__/shareUtils.test.ts > Share Utilities > QR Code SVG Generation > should generate valid SVG string
 ✓ src/__tests__/shareUtils.test.ts > Share Utilities > QR Code SVG Generation > should generate SVG with correct dimensions
 ✓ src/__tests__/shareUtils.test.ts > Share Utilities > QR Code SVG Generation > should include finder patterns
 ✓ src/__tests__/shareUtils.test.ts > Share Utilities > QR Code SVG Generation > should include white background
 ✓ src/__tests__/shareUtils.test.ts > Share Utilities > Share Link Generation > should generate valid share URL
 ✓ src/__tests__/shareUtils.test.ts > Share Utilities > Share Link Generation > should include rarity in share link
 ✓ src/__tests__/shareUtils.test.ts > Share Utilities > Share Link Generation > should include stats in share link
 ✓ src/__tests__/shareUtils.test.ts > Share Utilities > Share Link Generation > should include tags in share link
 ✓ src/__tests__/shareUtils.test.ts > Share Utilities > Shareable Poster HTML > should generate valid HTML document
 ✓ src/__tests__/shareUtils.test.ts > Share Utilities > Shareable Poster HTML > should include Open Graph meta tags
 ✓ src/__tests__/shareUtils.test.ts > Share Utilities > Shareable Poster HTML > should include SVG content
 ✓ src/__tests__/shareUtils.test.ts > Share Utilities > Shareable Poster HTML > should include machine name and rarity
 ✓ src/__tests__/shareUtils.test.ts > Share Utilities > Shareable Poster HTML > should include copy link functionality
 ✓ src/__tests__/shareUtils.test.ts > Share Utilities > Share Platforms > should have Twitter platform
 ✓ src/__tests__/shareUtils.test.ts > Share Utilities > Share Platforms > should have Reddit platform
 ✓ src/__tests__/shareUtils.test.ts > Share Utilities > Share Platforms > should have Facebook platform
 ✓ src/__tests__/shareUtils.test.ts > Share Utilities > Share Platforms > should have LinkedIn platform
 ✓ src/__tests__/shareUtils.test.ts > Share Utilities > Share Platforms > each platform should have shareUrl function
 ✓ src/__tests__/shareUtils.test.ts > Share Utilities > Share Platforms > each platform should have required properties
 ✓ src/__tests__/aiDescription.test.ts > Description Generation Integration > should generate different descriptions for different styles 802ms
 ✓ src/__tests__/accessibilityEnhancements.test.tsx > P0: AC1 - Screen Reader Announcements > announceToScreenReader > should set role to status
 ✓ src/__tests__/accessibilityEnhancements.test.tsx > P0: AC1 - Screen Reader Announcements > announceMachineState > should be callable without errors for all states
 ✓ src/__tests__/accessibilityEnhancements.test.tsx > P0: AC1 - Screen Reader Announcements > announceMachineState > should use polite priority for normal states
 ✓ src/__tests__/accessibilityEnhancements.test.tsx > P0: AC1 - Screen Reader Announcements > announceMachineState > should use assertive priority for error states
 ✓ src/__tests__/accessibilityEnhancements.test.tsx > P0: AC1 - Screen Reader Announcements > announceConnectionEvent > should be callable without errors for all events
 ✓ src/__tests__/accessibilityEnhancements.test.tsx > P0: AC1 - Screen Reader Announcements > announceConnectionEvent > should use polite priority for non-error events
 ✓ src/__tests__/accessibilityEnhancements.test.tsx > P0: AC1 - Screen Reader Announcements > announceConnectionEvent > should use assertive priority for error events
 ✓ src/__tests__/accessibilityEnhancements.test.tsx > P0: AC1 - Screen Reader Announcements > announceModuleOperation > should be callable without errors for all operations
 ✓ src/__tests__/accessibilityEnhancements.test.tsx > P0: AC1 - Screen Reader Announcements > announceError > should be callable without errors
 ✓ src/__tests__/accessibilityEnhancements.test.tsx > P0: AC1 - Screen Reader Announcements > announceError > should use assertive priority
 ✓ src/__tests__/accessibilityEnhancements.test.tsx > P1: AC4 - Skip Navigation > should render skip link with correct href
 ✓ src/__tests__/accessibilityEnhancements.test.tsx > P1: AC4 - Skip Navigation > should have sr-only class by default
 ✓ src/__tests__/accessibilityEnhancements.test.tsx > AccessibilityLayer Component > should render children
 ✓ src/__tests__/accessibilityEnhancements.test.tsx > AccessibilityLayer Component > should include polite announcer
 ✓ src/__tests__/accessibilityEnhancements.test.tsx > AccessibilityLayer Component > should include assertive announcer for errors
 ✓ src/__tests__/accessibilityEnhancements.test.tsx > AccessibilityLayer Component > should include skip links
 ✓ src/__tests__/accessibilityEnhancements.test.tsx > AccessibilityLayer Component > should include skip link to module panel
 ✓ src/__tests__/accessibilityEnhancements.test.tsx > AccessibilityLayer Component > should include skip link to toolbar
 ✓ src/__tests__/accessibilityEnhancements.test.tsx > MainLandmark > should render main element with role="main"
 ✓ src/__tests__/accessibilityEnhancements.test.tsx > MainLandmark > should accept id prop
 ✓ src/__tests__/accessibilityEnhancements.test.tsx > Region > should render section with aria-labelledby
 ✓ src/__tests__/accessibilityEnhancements.test.tsx > Region > should include hidden heading with label
 ✓ src/__tests__/accessibilityEnhancements.test.tsx > ARIA Live Region Verification > should have at least one polite live region
 ✓ src/__tests__/accessibilityEnhancements.test.tsx > ARIA Live Region Verification > should have at least one assertive live region
 ✓ src/__tests__/accessibilityEnhancements.test.tsx > ARIA Live Region Verification > should have role="alert" regions for errors
 ✓ src/__tests__/accessibilityEnhancements.test.tsx > ARIA Live Region Verification > should have role="status" regions for announcements
 ✓ src/__tests__/persistence.test.ts > localStorage utilities > saveCanvasState > should save canvas state to localStorage
 ✓ src/__tests__/persistence.test.ts > localStorage utilities > saveCanvasState > should serialize state to JSON
 ✓ src/__tests__/persistence.test.ts > localStorage utilities > saveCanvasState > should overwrite previous state
 ✓ src/__tests__/persistence.test.ts > localStorage utilities > saveCanvasState > should handle empty modules array
 ✓ src/__tests__/persistence.test.ts > localStorage utilities > loadCanvasState > should return null when no state is saved
 ✓ src/__tests__/persistence.test.ts > localStorage utilities > loadCanvasState > should return saved state when it exists
 ✓ src/__tests__/persistence.test.ts > localStorage utilities > loadCanvasState > should restore module properties correctly
 ✓ src/__tests__/persistence.test.ts > localStorage utilities > loadCanvasState > should restore connection properties correctly
 ✓ src/__tests__/persistence.test.ts > localStorage utilities > loadCanvasState > should restore viewport state
 ✓ src/__tests__/persistence.test.ts > localStorage utilities > clearCanvasState > should remove state from localStorage
 ✓ src/__tests__/persistence.test.ts > localStorage utilities > clearCanvasState > should return true even when no state exists
 ✓ src/__tests__/persistence.test.ts > localStorage utilities > hasSavedState > should return false when no state is saved
 ✓ src/__tests__/persistence.test.ts > localStorage utilities > hasSavedState > should return true when state exists
 ✓ src/__tests__/persistence.test.ts > localStorage utilities > hasSavedState > should return false after clearing state
 ✓ src/__tests__/persistence.test.ts > useMachineStore persistence integration > restoreSavedState > should restore state from localStorage
 ✓ src/__tests__/persistence.test.ts > useMachineStore persistence integration > restoreSavedState > should set hasLoadedSavedState to true
 ✓ src/__tests__/persistence.test.ts > useMachineStore persistence integration > restoreSavedState > should handle empty saved state
 ✓ src/__tests__/persistence.test.ts > useMachineStore persistence integration > startFresh > should clear localStorage
 ✓ src/__tests__/persistence.test.ts > useMachineStore persistence integration > startFresh > should reset state to defaults
 ✓ src/__tests__/persistence.test.ts > useMachineStore persistence integration > auto-save on state changes > should trigger auto-save when adding a module
 ✓ src/__tests__/persistence.test.ts > useMachineStore persistence integration > auto-save on state changes > should trigger auto-save when removing a module
 ✓ src/__tests__/persistence.test.ts > useMachineStore persistence integration > auto-save on state changes > should save current viewport when zoom changes
 ✓ src/__tests__/persistence.test.ts > useMachineStore persistence integration > auto-save on state changes > should save grid state when toggled
 ✓ src/__tests__/celebration.test.ts > Confetti Component > should Render confetti particles
 ✓ src/__tests__/celebration.test.ts > Confetti Component > should Render correct number of particles
 ✓ src/__tests__/celebration.test.ts > Confetti Component > should use custom colors
 ✓ src/__tests__/celebration.test.ts > Confetti Component > should disappear after duration
 ✓ src/__tests__/celebration.test.ts > Confetti Component > should have default colors
 ✓ src/__tests__/celebration.test.ts > GlowAnimation Component > should Render children
 ✓ src/__tests__/celebration.test.ts > GlowAnimation Component > should accept custom color
 ✓ src/__tests__/celebration.test.ts > GlowAnimation Component > should use default color
 ✓ src/__tests__/celebration.test.ts > GlowAnimation Component > should have animation style
 ✓ src/__tests__/celebration.test.ts > AchievementToast Component > should Render achievement title
 ✓ src/__tests__/celebration.test.ts > AchievementToast Component > should Render achievement icon
 ✓ src/__tests__/celebration.test.ts > AchievementToast Component > should Render subtitle when provided
 ✓ src/__tests__/celebration.test.ts > AchievementToast Component > should Render badge icon when provided
 ✓ src/__tests__/celebration.test.ts > AchievementToast Component > should have close button
 ✓ src/__tests__/celebration.test.ts > AchievementToast Component > should call onClose when close button clicked
 ✓ src/__tests__/celebration.test.ts > AchievementToast Component > should auto-close after duration
 ✓ src/__tests__/celebration.test.ts > AchievementToast Component > should have Achievement Unlocked label
 ✓ src/__tests__/celebration.test.ts > ChallengeCompletionOverlay Component > should Render config title
 ✓ src/__tests__/celebration.test.ts > ChallengeCompletionOverlay Component > should Render config subtitle
 ✓ src/__tests__/celebration.test.ts > ChallengeCompletionOverlay Component > should Render config icon
 ✓ src/__tests__/celebration.test.ts > ChallengeCompletionOverlay Component > should have continue button
 ✓ src/__tests__/celebration.test.ts > ChallengeCompletionOverlay Component > should call onClose when continue clicked
 ✓ src/__tests__/celebration.test.ts > ChallengeCompletionOverlay Component > should Render with recipe config type
 ✓ src/__tests__/celebration.test.ts > ChallengeCompletionOverlay Component > should Render with achievement config type
 ✓ src/__tests__/celebration.test.ts > RecipeUnlockGlow Component > should Render recipe name
 ✓ src/__tests__/celebration.test.ts > RecipeUnlockGlow Component > should Render Recipe Unlocked title
 ✓ src/__tests__/celebration.test.ts > RecipeUnlockGlow Component > should have sparkle icon
 ✓ src/__tests__/celebration.test.ts > RecipeUnlockGlow Component > should call onAnimationComplete after duration
 ✓ src/__tests__/celebration.test.ts > RecipeUnlockGlow Component > should use custom color
 ✓ src/__tests__/celebration.test.ts > CelebrationConfig Interface > should accept challenge type config
 ✓ src/__tests__/celebration.test.ts > CelebrationConfig Interface > should accept recipe type config
 ✓ src/__tests__/celebration.test.ts > CelebrationConfig Interface > should accept achievement type config
 ✓ src/__tests__/celebration.test.ts > CelebrationConfig Interface > should have optional subtitle
 ✓ src/__tests__/celebration.test.ts > CelebrationConfig Interface > should have optional badgeIcon
 ✓ src/__tests__/App.test.ts > App Modal Coordination > AC1: Welcome Modal Skip Does Not Reset Canvas > should preserve modules when user skips welcome modal
 ✓ src/__tests__/App.test.ts > App Modal Coordination > AC1: Welcome Modal Skip Does Not Reset Canvas > should NOT trigger startFresh when user skips welcome modal
 ✓ src/__tests__/App.test.ts > App Modal Coordination > AC2: Welcome Modal Skip Disables Tutorial Permanently > should set hasSeenWelcome to true when user skips
 ✓ src/__tests__/App.test.ts > App Modal Coordination > AC2: Welcome Modal Skip Disables Tutorial Permanently > should set isTutorialEnabled to false when user skips
 ✓ src/__tests__/App.test.ts > App Modal Coordination > AC2: Welcome Modal Skip Disables Tutorial Permanently > should prevent welcome modal from reappearing after skip
 ✓ src/__tests__/App.test.ts > App Modal Coordination > AC3: Tutorial Store Persistence Works > should correctly update hasSeenWelcome
 ✓ src/__tests__/App.test.ts > App Modal Coordination > AC3: Tutorial Store Persistence Works > should correctly update isTutorialEnabled
 ✓ src/__tests__/App.test.ts > App Modal Coordination > AC4: No Regression in Load Prompt Flow > should restore saved state when skipping AND saved state exists
 ✓ src/__tests__/App.test.ts > App Modal Coordination > AC4: No Regression in Load Prompt Flow > should NOT restore saved state when skipping AND no saved state exists
 ✓ src/__tests__/App.test.ts > App Modal Coordination > AC4: No Regression in Load Prompt Flow > should NOT clear canvas when user skips (modules preserved)
 ✓ src/__tests__/App.test.ts > App Modal Coordination > Modal State Transitions > should start with welcome modal visible for first-time users
 ✓ src/__tests__/App.test.ts > App Modal Coordination > Modal State Transitions > should close modal when starting tutorial
 ✓ src/__tests__/App.test.ts > App Modal Coordination > Modal State Transitions > should close modal when skipping tutorial
 ✓ src/__tests__/App.test.ts > App Modal Coordination > Edge Cases > should handle corrupted tutorial localStorage
 ✓ src/__tests__/App.test.ts > App Modal Coordination > Edge Cases > should handle corrupted canvas localStorage without crashing
 ✓ src/__tests__/App.test.ts > App Modal Coordination > Edge Cases > should handle missing tutorial state but present canvas state
 ✓ src/__tests__/layersPanel.test.tsx > LayersPanel > Rendering > should render the layers panel
 ✓ src/__tests__/layersPanel.test.tsx > LayersPanel > Rendering > should show module count in header
 ✓ src/__tests__/layersPanel.test.tsx > LayersPanel > Rendering > should show empty state when no modules
 ✓ src/__tests__/layersPanel.test.tsx > LayersPanel > Rendering > should show filtered state when no matches
 ✓ src/__tests__/layersPanel.test.tsx > LayersPanel > Module List > should render all modules
 ✓ src/__tests__/layersPanel.test.tsx > LayersPanel > Module List > should render correct count of layer items
 ✓ src/__tests__/layersPanel.test.tsx > LayersPanel > Module List > should display module position
 ✓ src/__tests__/layersPanel.test.tsx > LayersPanel > Selection > should highlight selected module
 ✓ src/__tests__/layersPanel.test.tsx > LayersPanel > Visibility Toggle > should toggle module visibility
 ✓ src/__tests__/layersPanel.test.tsx > LayersPanel > Visibility Toggle > should toggle visibility back to visible
 ✓ src/__tests__/layersPanel.test.tsx > LayersPanel > Visibility Toggle > should show correct visibility icon
 ✓ src/__tests__/layersPanel.test.tsx > LayersPanel > Z-Order Controls > should expand module to show z-order controls
 ✓ src/__tests__/layersPanel.test.tsx > LayersPanel > Z-Order Controls > should move module up
 ✓ src/__tests__/layersPanel.test.tsx > LayersPanel > Filter and Sort > should filter modules by name
 ✓ src/__tests__/layersPanel.test.tsx > LayersPanel > Filter and Sort > should sort by name
 ✓ src/__tests__/layersPanel.test.tsx > LayersPanel > Filter and Sort > should sort by type
 ✓ src/__tests__/layersPanel.test.tsx > LayersPanel > Collapse/Expand > should collapse the panel
 ✓ src/__tests__/layersPanel.test.tsx > LayersPanel > Collapse/Expand > should expand collapsed panel
 ✓ src/__tests__/layersPanel.test.tsx > LayersPanel > Collapse/Expand > should close on Escape key
 ✓ src/__tests__/layersPanel.test.tsx > LayersPanel > Stats Footer > should show module count in footer
 ✓ src/__tests__/layersPanel.test.tsx > LayersPanel > Stats Footer > should show visible count in footer
 ✓ src/__tests__/undoRedo.test.ts > Undo/Redo System > Criterion 1: Ctrl+Z undoes the last add action > Add 1 module → Undo → canvas has 0 modules
 ✓ src/__tests__/undoRedo.test.ts > Undo/Redo System > Criterion 2: Ctrl+Z works for multiple sequential undos > Add module A, Add module B → Undo twice → canvas has 0 modules
 ✓ src/__tests__/undoRedo.test.ts > Undo/Redo System > Criterion 3: Ctrl+Y redoes the last undone action > Add module → Undo (0 modules) → Redo (1 module)
 ✓ src/__tests__/undoRedo.test.ts > Undo/Redo System > Criterion 4: Redo stack is correct after multiple operations > Add A → Add B → Undo → Undo → Redo → canvas has 1 module (A)
 ✓ src/__tests__/undoRedo.test.ts > Undo/Redo System > Criterion 5: Undo/redo works for delete operation > Add module → Delete → Undo → module reappears
 ✓ src/__tests__/undoRedo.test.ts > Undo/Redo System > Criterion 6: Undo/redo works for rotation > Add module → Rotate 90° → Undo → rotation resets to 0°
 ✓ src/__tests__/undoRedo.test.ts > Undo/Redo System > Criterion 7: Undo/redo works for connections > Add 2 modules → Connect → Undo → connection removed
 ✓ src/__tests__/undoRedo.test.ts > Undo/Redo System > Criterion 8: Undo/redo works for clear canvas > Add modules → Clear → Undo → modules reappear
 ✓ src/__tests__/undoRedo.test.ts > Undo/Redo System > Criterion 9: Redo stack clears when new action is taken after undo > Add module → Undo → Add different module → Redo should NOT restore original module
 ✓ src/__tests__/undoRedo.test.ts > Undo/Redo System > Criterion 10: saveToHistory() is called AFTER state changes > History should capture the state AFTER mutation, not before
 ✓ src/__tests__/undoRedo.test.ts > Undo/Redo System > Additional Edge Cases > Should not undo past initial empty state
 ✓ src/__tests__/undoRedo.test.ts > Undo/Redo System > Additional Edge Cases > Should not redo when at latest state
 ✓ src/__tests__/undoRedo.test.ts > Undo/Redo System > Additional Edge Cases > History limit of 50 entries should be respected
 ✓ src/__tests__/performance/selectorGranularity.test.ts > AC1: Re-render Reduction - Selector Granularity > should only re-render when viewport changes, not when modules change
 ✓ src/__tests__/performance/selectorGranularity.test.ts > AC1: Re-render Reduction - Selector Granularity > should track module count changes correctly
 ✓ src/__tests__/performance/selectorGranularity.test.ts > AC1: Re-render Reduction - Selector Granularity > should track connection count changes correctly
 ✓ src/__tests__/performance/selectorGranularity.test.ts > AC1: Re-render Reduction - Selector Granularity > should track selectedModuleId changes correctly
 ✓ src/__tests__/performance/selectorGranularity.test.ts > AC1: Re-render Reduction - Selector Granularity > should track history state changes correctly
 ✓ src/__tests__/performance/selectorGranularity.test.ts > AC1: Re-render Reduction - Selector Granularity > should track gridEnabled state changes correctly
 ✓ src/__tests__/performance/selectorGranularity.test.ts > AC1: Re-render Reduction - Selector Granularity > should not cause unnecessary re-renders with independent state updates
 ✓ src/__tests__/performance/selectorGranularity.test.ts > AC1: Re-render Reduction - Selector Granularity > should correctly handle batch module position updates
 ✓ src/__tests__/performance/selectorGranularity.test.ts > AC1: Store Selector Performance > should provide granular selectors for modules count
 ✓ src/__tests__/performance/selectorGranularity.test.ts > AC1: Store Selector Performance > should provide granular selectors for viewport zoom
 ✓ src/__tests__/performance/selectorGranularity.test.ts > AC1: Store Selector Performance > should provide granular selectors for history state
 ✓ src/__tests__/performance/selectorGranularity.test.ts > AC5: Build & Tests Pass > should have no TypeScript errors in store files
 ✓ src/__tests__/performance/selectorGranularity.test.ts > AC5: Build & Tests Pass > should have isWithinFrameBudget utility working
 ✓ src/__tests__/performance/selectorGranularity.test.ts > AC5: Build & Tests Pass > should have benchmark utility working
 ✓ src/__tests__/autoGeneratedTags.test.ts > Auto-Generated Tags (D4) > Rule 1: core-source tag > should add core-source tag when core-furnace is present
 ✓ src/__tests__/autoGeneratedTags.test.ts > Auto-Generated Tags (D4) > Rule 1: core-source tag > should NOT add core-source tag when core-furnace is absent
 ✓ src/__tests__/autoGeneratedTags.test.ts > Auto-Generated Tags (D4) > Rule 2: elemental tag > should add elemental tag for fire-crystal
 ✓ src/__tests__/autoGeneratedTags.test.ts > Auto-Generated Tags (D4) > Rule 2: elemental tag > should add elemental tag for lightning-conductor
 ✓ src/__tests__/autoGeneratedTags.test.ts > Auto-Generated Tags (D4) > Rule 2: elemental tag > should add elemental tag for amplifier-crystal
 ✓ src/__tests__/autoGeneratedTags.test.ts > Auto-Generated Tags (D4) > Rule 2: elemental tag > should NOT add elemental tag for non-elemental modules
 ✓ src/__tests__/autoGeneratedTags.test.ts > Auto-Generated Tags (D4) > Rule 3: advanced-tech tag > should add advanced-tech tag for temporal-distorter
 ✓ src/__tests__/autoGeneratedTags.test.ts > Auto-Generated Tags (D4) > Rule 3: advanced-tech tag > should add advanced-tech tag for ether-infusion-chamber
 ✓ src/__tests__/autoGeneratedTags.test.ts > Auto-Generated Tags (D4) > Rule 3: advanced-tech tag > should add advanced-tech tag for arcane-matrix-grid
 ✓ src/__tests__/autoGeneratedTags.test.ts > Auto-Generated Tags (D4) > Rule 3: advanced-tech tag > should NOT add advanced-tech tag for non-rare modules
 ✓ src/__tests__/autoGeneratedTags.test.ts > Auto-Generated Tags (D4) > Rule 4: highly-connected tag > should add highly-connected tag for 5 connections
 ✓ src/__tests__/autoGeneratedTags.test.ts > Auto-Generated Tags (D4) > Rule 4: highly-connected tag > should add highly-connected tag for more than 5 connections
 ✓ src/__tests__/autoGeneratedTags.test.ts > Auto-Generated Tags (D4) > Rule 4: highly-connected tag > should NOT add highly-connected tag for less than 5 connections
 ✓ src/__tests__/autoGeneratedTags.test.ts > Auto-Generated Tags (D4) > Rule 5: dense-circuit tag > should add dense-circuit tag when density > 2.5
 ✓ src/__tests__/autoGeneratedTags.test.ts > Auto-Generated Tags (D4) > Rule 5: dense-circuit tag > should NOT add dense-circuit tag when density <= 2.5
 ✓ src/__tests__/autoGeneratedTags.test.ts > Auto-Generated Tags (D4) > Rule 7: arcane-enhanced tag > should add arcane-enhanced tag for rune-node
 ✓ src/__tests__/autoGeneratedTags.test.ts > Auto-Generated Tags (D4) > Rule 7: arcane-enhanced tag > should add arcane-enhanced tag for phase-modulator
 ✓ src/__tests__/autoGeneratedTags.test.ts > Auto-Generated Tags (D4) > Rule 7: arcane-enhanced tag > should add arcane-enhanced tag for both rune-node and phase-modulator
 ✓ src/__tests__/autoGeneratedTags.test.ts > Auto-Generated Tags (D4) > Rule 7: arcane-enhanced tag > should NOT add arcane-enhanced tag for other modules
 ✓ src/__tests__/autoGeneratedTags.test.ts > Auto-Generated Tags (D4) > Rule 6: protective tag (existing) > should have protective tag through module tags (not auto-generated)
 ✓ src/__tests__/autoGeneratedTags.test.ts > Auto-Generated Tags (D4) > Combined rules > should apply multiple rules simultaneously
 ✓ src/__tests__/autoGeneratedTags.test.ts > Auto-Generated Tags (D4) > Combined rules > should handle machine with all tag conditions
 ✓ src/__tests__/ModalPersistence.test.tsx > WelcomeModal > AC2: Welcome Modal State Persistence > should not appear when user has seen welcome before (localStorage has state.hasSeenWelcome: true)
 ✓ src/__tests__/ModalPersistence.test.tsx > WelcomeModal > AC2: Welcome Modal State Persistence > should appear when user has NOT seen welcome before
 ✓ src/__tests__/ModalPersistence.test.tsx > WelcomeModal > AC2: Welcome Modal State Persistence > should handle localStorage parse errors gracefully
 ✓ src/__tests__/ModalPersistence.test.tsx > WelcomeModal > AC2: Welcome Modal State Persistence > should not render when tutorial is disabled in localStorage
 ✓ src/__tests__/ModalPersistence.test.tsx > WelcomeModal > AC2: Welcome Modal State Persistence > should handle missing localStorage gracefully
 ✓ src/__tests__/ModalPersistence.test.tsx > WelcomeModal > Modal State Management > should render skip button when modal is visible
 ✓ src/__tests__/ModalPersistence.test.tsx > WelcomeModal > Modal State Management > should render welcome title and description
 ✓ src/__tests__/ModalPersistence.test.tsx > WelcomeModal > Modal State Management > should render feature cards
 ✓ src/__tests__/ModalPersistence.test.tsx > WelcomeModal > localStorage Structure Verification > should correctly read hasSeenWelcome from Zustand persist format with state wrapper
 ✓ src/__tests__/ModalPersistence.test.tsx > WelcomeModal > localStorage Structure Verification > should correctly read hasSeenWelcome: false from state wrapper
 ✓ src/__tests__/ModalPersistence.test.tsx > WelcomeModal > localStorage Structure Verification > should handle missing state wrapper gracefully
 ✓ src/__tests__/ModalPersistence.test.tsx > WelcomeModal > getInitialTutorialState > should parse Zustand persist format correctly
 ✓ src/__tests__/ModalPersistence.test.tsx > WelcomeModal > getInitialTutorialState > should handle null localStorage
 ✓ src/__tests__/ModalPersistence.test.tsx > WelcomeModal > getInitialTutorialState > should handle invalid JSON
 ✓ src/__tests__/activationModes.test.ts > Activation Modes > activateFailureMode > should set machine state to failure when activateFailureMode is called
 ✓ src/__tests__/activationModes.test.ts > Activation Modes > activateFailureMode > should auto-return to idle after 3500ms
 ✓ src/__tests__/activationModes.test.ts > Activation Modes > activateFailureMode > should not auto-return before 3500ms
 ✓ src/__tests__/activationModes.test.ts > Activation Modes > activateOverloadMode > should set machine state to overload when activateOverloadMode is called
 ✓ src/__tests__/activationModes.test.ts > Activation Modes > activateOverloadMode > should auto-return to idle after 3500ms
 ✓ src/__tests__/activationModes.test.ts > Activation Modes > activateOverloadMode > should not auto-return before 3500ms
 ✓ src/__tests__/activationModes.test.ts > Activation Modes > Normal activation flow unchanged > should set machine state to charging when setMachineState is called with charging
 ✓ src/__tests__/activationModes.test.ts > Activation Modes > Normal activation flow unchanged > should set machine state to active when setMachineState is called with active
 ✓ src/__tests__/activationModes.test.ts > Activation Modes > Normal activation flow unchanged > should set machine state to shutdown when setMachineState is called with shutdown
 ✓ src/__tests__/activationModes.test.ts > Activation Modes > Normal activation flow unchanged > should allow transitioning from failure back to idle
 ✓ src/__tests__/activationModes.test.ts > Activation Modes > Normal activation flow unchanged > should allow transitioning from overload back to idle
 ✓ src/__tests__/activationModes.test.ts > Random Generator - Module Spacing > should generate machines with no overlapping modules (80px minimum spacing)
 ✓ src/__tests__/activationModes.test.ts > Random Generator - Module Spacing > should generate 10 machines with no overlapping modules
 ✓ src/__tests__/activationModes.test.ts > Random Generator - Connections > should create at least 1 connection for machines with 2+ modules
 ✓ src/__tests__/activationModes.test.ts > Random Generator - Connections > should generate machine with 3 modules and at least 1 connection
 ✓ src/__tests__/activationModes.test.ts > Random Generator - Connections > should validate machine has valid connections
 ✓ src/__tests__/activationModes.test.ts > Random Generator - Connections > should generate multiple valid machines
 ✓ src/__tests__/activationModes.test.ts > Random Generator - Constraints > should respect minModules and maxModules
 ✓ src/__tests__/activationModes.test.ts > Random Generator - Constraints > should generate modules within canvas bounds
 ✓ src/__tests__/activationModes.test.ts > Random Generator - Constraints > should generate machines with at least one core-furnace 50% of the time
 ✓ src/__tests__/integration/fullWorkflow.integration.test.ts > Full Workflow Integration Tests > Machine State Tests > should have idle machine state initially
 ✓ src/__tests__/integration/fullWorkflow.integration.test.ts > Full Workflow Integration Tests > Machine State Tests > should change machine state via setMachineState
 ✓ src/__tests__/integration/fullWorkflow.integration.test.ts > Full Workflow Integration Tests > Machine State Tests > should handle all valid machine states
 ✓ src/__tests__/integration/fullWorkflow.integration.test.ts > Full Workflow Integration Tests > saveToCodex > should save machine to codex and verify entry created
 ✓ src/__tests__/integration/fullWorkflow.integration.test.ts > Full Workflow Integration Tests > saveToCodex > should save machine with auto-generated name
 ✓ src/__tests__/integration/fullWorkflow.integration.test.ts > Full Workflow Integration Tests > saveToCodex > should handle saving empty machine to codex
 ✓ src/__tests__/integration/fullWorkflow.integration.test.ts > Full Workflow Integration Tests > saveToCodex > should save and retrieve codex entries
 ✓ src/__tests__/integration/fullWorkflow.integration.test.ts > Full Workflow Integration Tests > exportMachine > should export machine data structure
 ✓ src/__tests__/integration/fullWorkflow.integration.test.ts > Full Workflow Integration Tests > exportMachine > should export machine to PNG format
 ✓ src/__tests__/integration/fullWorkflow.integration.test.ts > Full Workflow Integration Tests > exportMachine > should export codex entry as poster format
 ✓ src/__tests__/integration/fullWorkflow.integration.test.ts > Full Workflow Integration Tests > randomForgeWorkflow > should generate deterministic machine data
 ✓ src/__tests__/integration/fullWorkflow.integration.test.ts > Full Workflow Integration Tests > randomForgeWorkflow > should save generated machine to codex
 ✓ src/__tests__/integration/fullWorkflow.integration.test.ts > Full Workflow Integration Tests > randomForgeWorkflow > should export generated machine
 ✓ src/__tests__/integration/fullWorkflow.integration.test.ts > Full Workflow Integration Tests > workflow edge cases > should handle workflow with empty codex
 ✓ src/__tests__/integration/fullWorkflow.integration.test.ts > Full Workflow Integration Tests > workflow edge cases > should handle rapid state changes
 ✓ src/__tests__/integration/fullWorkflow.integration.test.ts > Full Workflow Integration Tests > workflow edge cases > should handle export during any machine state
 ✓ src/__tests__/integration/fullWorkflow.integration.test.ts > Deterministic Seed Tests > should produce same result with same seed
 ✓ src/__tests__/integration/fullWorkflow.integration.test.ts > Deterministic Seed Tests > should validate machine data structure
 ✓ src/__tests__/activationChoreography.test.ts > calculateActivationChoreography > Empty modules returns empty steps
 ✓ src/__tests__/activationChoreography.test.ts > calculateActivationChoreography > Single module without input activates at T=0
 ✓ src/__tests__/activationChoreography.test.ts > calculateActivationChoreography > BFS order: Input → A → B activates in correct order
 ✓ src/__tests__/activationChoreography.test.ts > calculateActivationChoreography > Parallel paths: Input → A and Input → B at same depth
 ✓ src/__tests__/activationChoreography.test.ts > calculateActivationChoreography > Merging paths with input module: A → C and B → C
 ✓ src/__tests__/activationChoreography.test.ts > calculateActivationChoreography > No input modules: all modules activate at T=0
 ✓ src/__tests__/activationChoreography.test.ts > calculateActivationChoreography > Connection lead time is 33ms before module activation
 ✓ src/__tests__/activationChoreography.test.ts > calculateActivationChoreography > Multiple depth levels with correct timing (200ms intervals)
 ✓ src/__tests__/activationChoreography.test.ts > calculateActivationChoreography > Disconnected modules get maxDepth + 1
 ✓ src/__tests__/activationChoreography.test.ts > getPhaseFromProgress > 0-29% returns CHARGING
 ✓ src/__tests__/activationChoreography.test.ts > getPhaseFromProgress > 30-79% returns ACTIVATING
 ✓ src/__tests__/activationChoreography.test.ts > getPhaseFromProgress > 80-100% returns ONLINE
 ✓ src/__tests__/activationChoreography.test.ts > getRarityColor > Returns correct color for each rarity
 ✓ src/__tests__/activationChoreography.test.ts > getRarityColor > Unknown rarity defaults to common
 ✓ src/__tests__/activationChoreography.test.ts > getPulseWaveCount > Path length 0-200px returns 1 wave
 ✓ src/__tests__/activationChoreography.test.ts > getPulseWaveCount > Path length 200-400px returns 2 waves
 ✓ src/__tests__/activationChoreography.test.ts > getPulseWaveCount > Path length >400px returns 3 waves
 ✓ src/__tests__/complexityAnalyzer.test.ts > Complexity Analyzer > Base tier thresholds > should return 简陋 for ≤3 modules
 ✓ src/__tests__/complexityAnalyzer.test.ts > Complexity Analyzer > Base tier thresholds > should return 普通 for 4–8 modules
 ✓ src/__tests__/complexityAnalyzer.test.ts > Complexity Analyzer > Base tier thresholds > should return 精致 for 9–15 modules
 ✓ src/__tests__/complexityAnalyzer.test.ts > Complexity Analyzer > Base tier thresholds > should return 复杂 for 16–30 modules
 ✓ src/__tests__/complexityAnalyzer.test.ts > Complexity Analyzer > Base tier thresholds > should return 史诗 for 31+ modules
 ✓ src/__tests__/complexityAnalyzer.test.ts > Complexity Analyzer > Escalation bonuses > should add +1 tier for connection density > 2.5
 ✓ src/__tests__/complexityAnalyzer.test.ts > Complexity Analyzer > Escalation bonuses > should add +1 tier for ≥3 rare modules
 ✓ src/__tests__/complexityAnalyzer.test.ts > Complexity Analyzer > Escalation bonuses > should add +1 tier for balanced symmetric layout
 ✓ src/__tests__/complexityAnalyzer.test.ts > Complexity Analyzer > Escalation bonuses > should apply multiple bonuses cumulatively
 ✓ src/__tests__/complexityAnalyzer.test.ts > Complexity Analyzer > Edge cases > should handle empty modules array
 ✓ src/__tests__/complexityAnalyzer.test.ts > Complexity Analyzer > Edge cases > should handle no connections
 ✓ src/__tests__/complexityAnalyzer.test.ts > Complexity Analyzer > Edge cases > should cap tier at 史诗
 ✓ src/__tests__/complexityAnalyzer.test.ts > Complexity Analyzer > getComplexityDetails > should return complete complexity details
 ✓ src/__tests__/complexityAnalyzer.test.ts > Complexity Analyzer > Color and label helpers > should return correct colors for each tier
 ✓ src/__tests__/complexityAnalyzer.test.ts > Complexity Analyzer > Color and label helpers > should return correct English labels
 ✓ src/__tests__/exportModal.test.tsx > ExportModal > AC4: Filename persistence > filename state persists when format changes from PNG to SVG
 ✓ src/__tests__/exportModal.test.tsx > ExportModal > AC4: Filename persistence > filename state persists when format changes from SVG to Poster
 ✓ src/__tests__/exportModal.test.tsx > ExportModal > AC4: Filename persistence > filename state persists after multiple format switches
 ✓ src/__tests__/exportModal.test.tsx > ExportModal > AC5: Dimension indicator > shows ~400px dimension for 1x resolution
 ✓ src/__tests__/exportModal.test.tsx > ExportModal > AC5: Dimension indicator > shows ~800px dimension for 2x resolution
 ✓ src/__tests__/exportModal.test.tsx > ExportModal > AC5: Dimension indicator > shows ~1600px dimension for 4x resolution
 ✓ src/__tests__/exportModal.test.tsx > ExportModal > AC5: Dimension indicator > updates dimension when aspect ratio changes (default: 600×800)
 ✓ src/__tests__/exportModal.test.tsx > ExportModal > AC5: Dimension indicator > updates dimension when aspect ratio changes to square (600×600)
 ✓ src/__tests__/exportModal.test.tsx > ExportModal > AC5: Dimension indicator > updates dimension when aspect ratio changes to landscape (800×600)
 ✓ src/__tests__/exportModal.test.tsx > ExportModal > AC1: 8 Format Options > Default format is SVG when modal opens
 ✓ src/__tests__/exportModal.test.tsx > ExportModal > AC1: 8 Format Options > shows all 8 format options
 ✓ src/__tests__/exportModal.test.tsx > ExportModal > Social Media Preset Dimensions > shows 1200×675 for Twitter/X preset
 ✓ src/__tests__/exportModal.test.tsx > ExportModal > Social Media Preset Dimensions > shows 1080×1080 for Instagram preset
 ✓ src/__tests__/exportModal.test.tsx > ExportModal > Social Media Preset Dimensions > shows 600×400 for Discord preset
 ✓ src/__tests__/exportModal.test.tsx > ExportModal > AC4: Username/Watermark Input > shows username input for enhanced poster format
 ✓ src/__tests__/exportModal.test.tsx > ExportModal > AC4: Username/Watermark Input > username input has correct placeholder
 ✓ src/__tests__/exportModal.test.tsx > ExportModal > AC4: Username/Watermark Input > shows watermark toggle for enhanced poster format
 ✓ src/__tests__/exportModal.test.tsx > ExportModal > AC4: Username/Watermark Input > shows username input for Twitter preset
 ✓ src/__tests__/factionVariants.test.ts > Faction Variants > FACTION_VARIANT_MODULES > should have 6 faction variants
 ✓ src/__tests__/factionVariants.test.ts > Faction Variants > FACTION_VARIANT_MODULES > should map void faction to void-arcane-gear
 ✓ src/__tests__/factionVariants.test.ts > Faction Variants > FACTION_VARIANT_MODULES > should map inferno faction to inferno-blazing-core
 ✓ src/__tests__/factionVariants.test.ts > Faction Variants > FACTION_VARIANT_MODULES > should map storm faction to storm-thundering-pipe
 ✓ src/__tests__/factionVariants.test.ts > Faction Variants > FACTION_VARIANT_MODULES > should map stellar faction to stellar-harmonic-crystal
 ✓ src/__tests__/factionVariants.test.ts > Faction Variants > FACTION_VARIANT_MODULES > should map arcane faction to arcane-variant module
 ✓ src/__tests__/factionVariants.test.ts > Faction Variants > FACTION_VARIANT_MODULES > should map chaos faction to chaos-variant module
 ✓ src/__tests__/factionVariants.test.ts > Faction Variants > FACTION_VARIANT_MODULES > should have unique variant module IDs
 ✓ src/__tests__/factionVariants.test.ts > Faction Variants > FACTION_VARIANT_DEFINITIONS > should have definitions for all variant modules
 ✓ src/__tests__/factionVariants.test.ts > Faction Variants > FACTION_VARIANT_DEFINITIONS > should have valid faction mapping for each variant
 ✓ src/__tests__/factionVariants.test.ts > Faction Variants > FACTION_VARIANT_DEFINITIONS > should have Chinese names for all variants
 ✓ src/__tests__/factionVariants.test.ts > Faction Variants > FACTION_VARIANT_DEFINITIONS > should have English names for all variants
 ✓ src/__tests__/factionVariants.test.ts > Faction Variants > FACTION_VARIANT_DEFINITIONS > should have descriptions for all variants
 ✓ src/__tests__/factionVariants.test.ts > Faction Variants > FACTION_VARIANT_DEFINITIONS > should have icons for all variants
 ✓ src/__tests__/factionVariants.test.ts > Faction Variants > FACTION_VARIANT_DEFINITIONS > should have accent colors for all variants
 ✓ src/__tests__/factionVariants.test.ts > Faction Variants > isVariantUnlockedForLevel > should return false for Apprentice level
 ✓ src/__tests__/factionVariants.test.ts > Faction Variants > isVariantUnlockedForLevel > should return false for Journeyman level
 ✓ src/__tests__/factionVariants.test.ts > Faction Variants > isVariantUnlockedForLevel > should return false for Expert level
 ✓ src/__tests__/factionVariants.test.ts > Faction Variants > isVariantUnlockedForLevel > should return false for Master level
 ✓ src/__tests__/factionVariants.test.ts > Faction Variants > isVariantUnlockedForLevel > should return true only for Grandmaster level
 ✓ src/__tests__/factionVariants.test.ts > Faction Variants > Variant Unlock via Reputation > should not unlock variants at 0 reputation
 ✓ src/__tests__/factionVariants.test.ts > Faction Variants > Variant Unlock via Reputation > should not unlock variants at intermediate levels
 ✓ src/__tests__/factionVariants.test.ts > Faction Variants > Variant Unlock via Reputation > should unlock void variant at Grandmaster (2000+ reputation)
 ✓ src/__tests__/factionVariants.test.ts > Faction Variants > Variant Unlock via Reputation > should unlock all variants when all factions reach Grandmaster
 ✓ src/__tests__/factionVariants.test.ts > Faction Variants > Variant Unlock via Reputation > should return correct variant module ID at Grandmaster
 ✓ src/__tests__/factionVariants.test.ts > Faction Variants > No Conflicts with Base Modules > variant IDs should not conflict with base module types
 ✓ src/__tests__/factionVariants.test.ts > Faction Variants > No Conflicts with Base Modules > variant IDs should be namespaced with faction prefix
 ✓ src/__tests__/factionVariants.test.ts > Faction Variants > Reputation Level Thresholds > should have correct threshold for Grandmaster (2000)
 ✓ src/__tests__/performance/canvasWith20Modules.test.ts > AC2: Canvas Performance with 20+ Modules > Module creation performance > should create 20 modules in under 100ms total
 ✓ src/__tests__/performance/canvasWith20Modules.test.ts > AC2: Canvas Performance with 20+ Modules > Module creation performance > should create 30 modules without performance degradation
 ✓ src/__tests__/performance/canvasWith20Modules.test.ts > AC2: Canvas Performance with 20+ Modules > Viewport culling performance > should correctly identify visible modules with viewport culling
 ✓ src/__tests__/performance/canvasWith20Modules.test.ts > AC2: Canvas Performance with 20+ Modules > Viewport culling performance > should cull modules outside viewport with zoomed out view
 ✓ src/__tests__/performance/canvasWith20Modules.test.ts > AC2: Canvas Performance with 20+ Modules > Viewport culling performance > should cull modules with panned viewport
 ✓ src/__tests__/performance/canvasWith20Modules.test.ts > AC2: Canvas Performance with 20+ Modules > Connection creation performance > should create 15 connections efficiently
 ✓ src/__tests__/performance/canvasWith20Modules.test.ts > AC2: Canvas Performance with 20+ Modules > Connection creation performance > should handle 30 connections without errors
 ✓ src/__tests__/performance/canvasWith20Modules.test.ts > AC2: Canvas Performance with 20+ Modules > Module dragging performance > should update module position in under 16ms (60fps budget)
 ✓ src/__tests__/performance/canvasWith20Modules.test.ts > AC2: Canvas Performance with 20+ Modules > Module dragging performance > should handle batch module updates efficiently
 ✓ src/__tests__/performance/canvasWith20Modules.test.ts > AC2: Canvas Performance with 20+ Modules > Frame budget compliance > should verify frame budget checker works correctly
 ✓ src/__tests__/performance/canvasWith20Modules.test.ts > AC2: Canvas Performance with 20+ Modules > Benchmark utility > should correctly measure operation timing
 ✓ src/components/Editor/__tests__/ModulePanel.test.tsx > ModulePanel > Render > should render ModulePanel with header
 ✓ src/components/Editor/__tests__/ModulePanel.test.tsx > ModulePanel > Render > should render Random Forge button
 ✓ src/components/Editor/__tests__/ModulePanel.test.tsx > ModulePanel > Render > should render module list with base modules
 ✓ src/components/Editor/__tests__/ModulePanel.test.tsx > ModulePanel > Render > should render module count in footer
 ✓ src/components/Editor/__tests__/ModulePanel.test.tsx > ModulePanel > Render > should render advanced modules section
 ✓ src/components/Editor/__tests__/ModulePanel.test.tsx > ModulePanel > Category Tabs > should render base modules by default
 ✓ src/components/Editor/__tests__/ModulePanel.test.tsx > ModulePanel > Category Tabs > should render all module categories
 ✓ src/components/Editor/__tests__/ModulePanel.test.tsx > ModulePanel > Module Display > should render module name
 ✓ src/components/Editor/__tests__/ModulePanel.test.tsx > ModulePanel > Module Display > should render module item element
 ✓ src/components/Editor/__tests__/ModulePanel.test.tsx > ModulePanel > Module Display > should render locked modules with lock icon when not unlocked
 ✓ src/components/Editor/__tests__/ModulePanel.test.tsx > ModulePanel > Random Forge > should render Random Forge button
 ✓ src/components/Editor/__tests__/ModulePanel.test.tsx > ModulePanel > Random Forge > should call loadMachine when Random Forge is clicked
 ✓ src/components/Editor/__tests__/ModulePanel.test.tsx > ModulePanel > Random Forge > should call showRandomForgeToast when Random Forge is clicked
 ✓ src/components/Editor/__tests__/ModulePanel.test.tsx > ModulePanel > Empty State > should render category with zero modules gracefully
 ✓ src/components/Editor/__tests__/ModulePanel.test.tsx > ModulePanel > Faction Filtering > should render faction variant modules
 ✓ src/components/Editor/__tests__/ModulePanel.test.tsx > ModulePanel > Accessibility > should have proper ARIA labels
 ✓ src/components/Editor/__tests__/ModulePanel.test.tsx > ModulePanel > Accessibility > should have accessible module list
 ✓ src/components/Editor/__tests__/ModulePanel.test.tsx > ModulePanel > Accessibility > should have accessible module items with aria-label
 ✓ src/components/Editor/__tests__/ModulePanel.test.tsx > ModulePanel > Accessibility > should have accessible Random Forge button
 ✓ src/__tests__/tutorialSystem.test.ts > Tutorial System > Tutorial Steps Data > should have 5 tutorial steps
 ✓ src/__tests__/tutorialSystem.test.ts > Tutorial System > Tutorial Steps Data > each step should have required properties
 ✓ src/__tests__/tutorialSystem.test.ts > Tutorial System > Tutorial Steps Data > getStepByNumber returns correct step
 ✓ src/__tests__/tutorialSystem.test.ts > Tutorial System > Tutorial Steps Data > TOTAL_TUTORIAL_STEPS should be 5
 ✓ src/__tests__/tutorialSystem.test.ts > Tutorial System > Tutorial Steps Data > first step has drag action
 ✓ src/__tests__/tutorialSystem.test.ts > Tutorial System > Tutorial Steps Data > last step is export/share
 ✓ src/__tests__/tutorialSystem.test.ts > Tutorial System > Tutorial Steps Data > 5 essential steps cover the core workflow
 ✓ src/__tests__/tutorialSystem.test.ts > Tutorial System > Tutorial Store > initial state should be correct
 ✓ src/__tests__/tutorialSystem.test.ts > Tutorial System > Tutorial Store > startTutorial should activate tutorial and set hasSeenWelcome
 ✓ src/__tests__/tutorialSystem.test.ts > Tutorial System > Tutorial Store > nextStep should advance to next step
 ✓ src/__tests__/tutorialSystem.test.ts > Tutorial System > Tutorial Store > previousStep should go back to previous step
 ✓ src/__tests__/tutorialSystem.test.ts > Tutorial System > Tutorial Store > goToStep should jump to specific step
 ✓ src/__tests__/tutorialSystem.test.ts > Tutorial System > Tutorial Store > skipTutorial should deactivate tutorial
 ✓ src/__tests__/tutorialSystem.test.ts > Tutorial System > Tutorial Store > completeTutorial should mark tutorial as finished
 ✓ src/__tests__/tutorialSystem.test.ts > Tutorial System > Tutorial Store > resetTutorial should reset all state
 ✓ src/__tests__/tutorialSystem.test.ts > Tutorial System > Tutorial Store > setTutorialEnabled should toggle tutorial enabled state
 ✓ src/__tests__/tutorialSystem.test.ts > Tutorial System > Tutorial Store > setHasSeenWelcome should mark user as having seen welcome
 ✓ src/__tests__/tutorialSystem.test.ts > Tutorial System > Welcome Content > WELCOME_CONTENT has required properties
 ✓ src/__tests__/tutorialSystem.test.ts > Tutorial System > Welcome Content > all features have icon, title, and description
 ✓ src/__tests__/tutorialSystem.test.ts > Tutorial System > Completion Content > COMPLETION_CONTENT has required properties
 ✓ src/__tests__/tutorialSystem.test.ts > Tutorial System > Tutorial Flow Integration > complete tutorial flow works correctly for all 5 steps
 ✓ src/__tests__/tutorialSystem.test.ts > Tutorial System > Tutorial Flow Integration > skip then restart tutorial works
 ✓ src/__tests__/tutorialSystem.test.ts > Tutorial System > Tutorial Flow Integration > tutorial can be reset and started fresh
 ✓ src/__tests__/tutorialSystem.test.ts > Tutorial System > Tutorial Flow Integration > navigating back to step 0 then forward works
 ✓ src/__tests__/overloadEffects.test.ts > Overload Vignette Effect > Vignette target opacity is 40%
 ✓ src/__tests__/overloadEffects.test.ts > Overload Vignette Effect > Vignette reaches 40% within 200ms of overload start
 ✓ src/__tests__/overloadEffects.test.ts > Overload Vignette Effect > Vignette uses radial gradient
 ✓ src/__tests__/overloadEffects.test.ts > Overload Vignette Effect > Vignette transition uses ease-out
 ✓ src/__tests__/overloadEffects.test.ts > Overload Vignette Effect > Vignette applies to both failure and overload states
 ✓ src/__tests__/overloadEffects.test.ts > Overload Shake Effect > Overload shake magnitude is ±8px
 ✓ src/__tests__/overloadEffects.test.ts > Overload Shake Effect > Overload shake duration is 300ms
 ✓ src/__tests__/overloadEffects.test.ts > Overload Shake Effect > Overload shake duration tolerance is ±20ms
 ✓ src/__tests__/overloadEffects.test.ts > Overload Shake Effect > Overload shake offset magnitude does not exceed ±8px
 ✓ src/__tests__/overloadEffects.test.ts > Overload Shake Effect > Overload shake is more intense than normal activation shake
 ✓ src/__tests__/overloadEffects.test.ts > Overload Shake Effect > Overload shake duration is longer than normal activation shake
 ✓ src/__tests__/overloadEffects.test.ts > Overload Flicker Effect > Flicker interval is ~50ms
 ✓ src/__tests__/overloadEffects.test.ts > Overload Flicker Effect > Flicker alternates between 100% and 60% opacity
 ✓ src/__tests__/overloadEffects.test.ts > Overload Flicker Effect > Flicker creates strobe-like effect
 ✓ src/__tests__/overloadEffects.test.ts > Overload Flicker Effect > Flicker applies to entire overlay
 ✓ src/__tests__/overloadEffects.test.ts > Overload Flicker Effect > Flicker starts when overload begins
 ✓ src/__tests__/overloadEffects.test.ts > Overload Flicker Effect > Flicker stops when overload ends
 ✓ src/__tests__/overloadEffects.test.ts > Overload Sparks Effect > Sparks count is 8
 ✓ src/__tests__/overloadEffects.test.ts > Overload Sparks Effect > Sparks originate from center
 ✓ src/__tests__/overloadEffects.test.ts > Overload Sparks Effect > Sparks move outward with gravity
 ✓ src/__tests__/overloadEffects.test.ts > Overload Sparks Effect > Spark animation duration is 500ms
 ✓ src/__tests__/overloadEffects.test.ts > Overload Sparks Effect > Sparks use random initial velocities
 ✓ src/__tests__/overloadEffects.test.ts > Overload Sparks Effect > Sparks fade out over animation duration
 ✓ src/__tests__/overloadEffects.test.ts > Overload Sparks Effect > Sparks use golden/yellow color (#ffd700)
 ✓ src/__tests__/overloadEffects.test.ts > Overload Sparks Effect > Sparks have glow effect
 ✓ src/__tests__/overloadEffects.test.ts > Overload Sparks Effect > Sparks are absolutely positioned
 ✓ src/__tests__/overloadEffects.test.ts > Overload Effect Combination > All overload effects start simultaneously
 ✓ src/__tests__/overloadEffects.test.ts > Overload Effect Combination > Overload state auto-returns to idle after 3.5 seconds
 ✓ src/__tests__/overloadEffects.test.ts > Overload Effect Combination > Overload effects clear when returning to idle
 ✓ src/__tests__/overloadEffects.test.ts > Overload Effect Combination > Overload warning text displays during overload
 ✓ src/__tests__/overloadEffects.test.ts > Visual Effect Timing > Vignette completes before shake ends
 ✓ src/__tests__/overloadEffects.test.ts > Visual Effect Timing > Sparks complete before auto-return
 ✓ src/__tests__/overloadEffects.test.ts > Visual Effect Timing > Flicker runs throughout overload duration
 ✓ src/__tests__/overloadEffects.test.ts > Overload vs Failure Differences > Failure uses red vignette (#ff3355)
 ✓ src/__tests__/overloadEffects.test.ts > Overload vs Failure Differences > Overload uses orange vignette (#ff6b35)
 ✓ src/__tests__/overloadEffects.test.ts > Overload vs Failure Differences > Failure shake is same magnitude as overload
 ✓ src/__tests__/overloadEffects.test.ts > Overload vs Failure Differences > Failure flicker is faster than overload flicker
 ✓ src/__tests__/overloadEffects.test.ts > Overload vs Failure Differences > Both use similar effect structure
 ✓ src/__tests__/overloadEffects.test.ts > Performance Considerations > Spark animation uses requestAnimationFrame
 ✓ src/__tests__/overloadEffects.test.ts > Performance Considerations > Flicker uses setInterval (not RAF)
 ✓ src/__tests__/overloadEffects.test.ts > Performance Considerations > Shake uses requestAnimationFrame
 ✓ src/__tests__/overloadEffects.test.ts > Performance Considerations > Vignette uses CSS transition
 ✓ src/__tests__/tutorialEnhancement.test.tsx > Tutorial Enhancement Tests > TutorialStore Step Callbacks > should have currentStepCallbacks Map in store
 ✓ src/__tests__/tutorialEnhancement.test.tsx > Tutorial Enhancement Tests > TutorialStore Step Callbacks > should track sessionCompletedSteps within store
 ✓ src/__tests__/tutorialEnhancement.test.tsx > Tutorial Enhancement Tests > TutorialStore Step Callbacks > should have setStepCallback function
 ✓ src/__tests__/tutorialEnhancement.test.tsx > Tutorial Enhancement Tests > TutorialStore Step Callbacks > should have clearStepCallbacks function
 ✓ src/__tests__/tutorialEnhancement.test.tsx > Tutorial Enhancement Tests > TutorialStore Step Callbacks > should have triggerStepCompletion function
 ✓ src/__tests__/tutorialEnhancement.test.tsx > Tutorial Enhancement Tests > TutorialStore Step Callbacks > should have completeCurrentStep function
 ✓ src/__tests__/tutorialEnhancement.test.tsx > Tutorial Enhancement Tests > TutorialOverlay data-tutorial-action Attributes > should have data-tutorial-action on Toolbar root element
 ✓ src/__tests__/tutorialEnhancement.test.tsx > Tutorial Enhancement Tests > TutorialOverlay data-tutorial-action Attributes > should have data-tutorial-action attributes on Toolbar buttons
 ✓ src/__tests__/tutorialEnhancement.test.tsx > Tutorial Enhancement Tests > TutorialOverlay data-tutorial-action Attributes > should have data-tutorial on ModulePanel
 ✓ src/__tests__/tutorialEnhancement.test.tsx > Tutorial Enhancement Tests > TutorialOverlay data-tutorial-action Attributes > should have data-tutorial-action on module list in ModulePanel
 ✓ src/__tests__/tutorialEnhancement.test.tsx > Tutorial Enhancement Tests > TutorialOverlay data-tutorial-action Attributes > should have data-tutorial on Canvas
 ✓ src/__tests__/tutorialEnhancement.test.tsx > Tutorial Enhancement Tests > Tutorial Tip (Faction Tips) > should have data-testid="faction-tip" in TutorialTip component
 ✓ src/__tests__/challengeExpansion.test.tsx > Time Trial Challenge Types > formatTimeDisplay formats correctly
 ✓ src/__tests__/challengeExpansion.test.tsx > Time Trial Challenge Types > formatDateDisplay formats correctly
stderr | src/__tests__/functional/activationCore.test.ts > Activation State Machine Functional Tests > AC-EDITOR-003: Activation State Transitions > should transition from idle to charging
Warning: `ReactDOMTestUtils.act` is deprecated in favor of `React.act`. Import `act` from `react` instead of `react-dom/test-utils`. See https://react.dev/warnings/react-dom-test-utils for more info.

 ✓ src/__tests__/functional/activationCore.test.ts > Activation State Machine Functional Tests > AC-EDITOR-003: Activation State Transitions > should have idle state initially
 ✓ src/__tests__/functional/activationCore.test.ts > Activation State Machine Functional Tests > AC-EDITOR-003: Activation State Transitions > should transition from idle to charging
 ✓ src/__tests__/functional/activationCore.test.ts > Activation State Machine Functional Tests > AC-EDITOR-003: Activation State Transitions > should transition from charging to active
 ✓ src/__tests__/functional/activationCore.test.ts > Activation State Machine Functional Tests > AC-EDITOR-003: Activation State Transitions > should support transition to overload state
 ✓ src/__tests__/functional/activationCore.test.ts > Activation State Machine Functional Tests > AC-EDITOR-003: Activation State Transitions > should support transition to failure state
 ✓ src/__tests__/functional/activationCore.test.ts > Activation State Machine Functional Tests > AC-EDITOR-003: Activation State Transitions > should support transition to shutdown state
 ✓ src/__tests__/functional/activationCore.test.ts > Activation State Machine Functional Tests > AC-EDITOR-003: Activation State Transitions > should return to idle from any state
 ✓ src/__tests__/functional/activationCore.test.ts > Activation State Machine Functional Tests > AC-EDITOR-003: Activation State Transitions > should complete full state cycle
 ✓ src/__tests__/functional/activationCore.test.ts > Activation State Machine Functional Tests > Activation Show Toggle > should toggle showActivation when activation is triggered
 ✓ src/__tests__/functional/activationCore.test.ts > Activation State Machine Functional Tests > Activation Failure Mode > should activate failure mode
 ✓ src/__tests__/functional/activationCore.test.ts > Activation State Machine Functional Tests > Activation Overload Mode > should activate overload mode
 ✓ src/__tests__/functional/activationCore.test.ts > Activation State Machine Functional Tests > State Machine with Modules > should maintain activation state with modules on canvas
 ✓ src/__tests__/functional/activationCore.test.ts > Activation State Machine Functional Tests > Valid State Transitions > should transition from idle to charging
 ✓ src/__tests__/functional/activationCore.test.ts > Activation State Machine Functional Tests > Valid State Transitions > should transition from charging to active
 ✓ src/__tests__/functional/activationCore.test.ts > Activation State Machine Functional Tests > Valid State Transitions > should transition from active to shutdown
 ✓ src/__tests__/functional/activationCore.test.ts > Activation State Machine Functional Tests > Valid State Transitions > should transition from active to idle
 ✓ src/__tests__/functional/activationCore.test.ts > Activation State Machine Functional Tests > Valid State Transitions > should transition from idle to failure
 ✓ src/__tests__/functional/activationCore.test.ts > Activation State Machine Functional Tests > Valid State Transitions > should transition from idle to overload
 ✓ src/__tests__/functional/activationCore.test.ts > Activation State Machine Functional Tests > State Machine Persistence > should persist machineState across operations
 ✓ src/__tests__/functional/activationCore.test.ts > Activation State Machine Functional Tests > Activation Zoom State > should have initial zoom state
 ✓ src/__tests__/functional/activationCore.test.ts > Activation State Machine Functional Tests > Activation Zoom State > should update activation module index
 ✓ src/__tests__/functional/activationCore.test.ts > Activation State Machine Functional Tests > Activation Zoom State > should track activation start time
 ✓ src/__tests__/tutorialEnhancement.test.tsx > Tutorial Enhancement Tests > Tutorial Tip (Faction Tips) > should have useFactionTip hook exported
 ✓ src/__tests__/tutorialEnhancement.test.tsx > Tutorial Enhancement Tests > Tutorial Tip (Faction Tips) > should have faction-specific tip messages - extended to 6 factions
 ✓ src/__tests__/tutorialEnhancement.test.tsx > Tutorial Enhancement Tests > Tutorial Tip (Faction Tips) > should auto-dismiss timer be configurable
 ✓ src/__tests__/tutorialEnhancement.test.tsx > Tutorial Enhancement Tests > Tutorial Completion Tracking > should persist completedSteps across sessions
 ✓ src/__tests__/tutorialEnhancement.test.tsx > Tutorial Enhancement Tests > Tutorial Completion Tracking > should have markTutorialCompleted function
 ✓ src/__tests__/tutorialEnhancement.test.tsx > Tutorial Enhancement Tests > Tutorial Completion Tracking > should dispatch tutorial:completed event
 ✓ src/__tests__/tutorialEnhancement.test.tsx > Tutorial Enhancement Tests > Tutorial Steps Configuration > should have correct number of tutorial steps (5)
 ✓ src/__tests__/tutorialEnhancement.test.tsx > Tutorial Enhancement Tests > Tutorial Steps Configuration > should have correct step IDs - 5 essential steps
 ✓ src/__tests__/challengeExpansion.test.tsx > Time Trial Challenge Definitions > 12 time trial challenges exist
 ✓ src/__tests__/challengeExpansion.test.tsx > Time Trial Challenge Definitions > challenges are distributed across difficulties
 ✓ src/__tests__/challengeExpansion.test.tsx > Time Trial Challenge Definitions > each challenge has required fields
 ✓ src/__tests__/challengeExpansion.test.tsx > Time Trial Challenge Definitions > getTimeTrialById returns correct challenge
 ✓ src/__tests__/challengeExpansion.test.tsx > Time Trial Challenge Definitions > getTimeTrialById returns undefined for invalid id
 ✓ src/__tests__/challengeExpansion.test.tsx > Time Trial Challenge Definitions > challenge objectives have valid types
 ✓ src/__tests__/challengeExpansion.test.tsx > Difficulty Multipliers (AC5) > difficulty multipliers are correct
 ✓ src/__tests__/challengeExpansion.test.tsx > Difficulty Multipliers (AC5) > difficulty colors are defined
 ✓ src/__tests__/challengeExpansion.test.tsx > Difficulty Multipliers (AC5) > difficulty labels are in Chinese
 ✓ src/__tests__/challengeExpansion.test.tsx > Leaderboard Entry > generateLeaderboardEntryId creates unique IDs
 ✓ src/__tests__/challengeExpansion.test.tsx > Leaderboard Entry > generateLeaderboardEntryId includes challenge and time
 ✓ src/__tests__/challengeExpansion.test.tsx > Leaderboard Persistence > leaderboard sorting works correctly
 ✓ src/__tests__/challengeExpansion.test.tsx > Leaderboard Persistence > leaderboard limits to top 10 entries
 ✓ src/__tests__/challengeExpansion.test.tsx > Challenge Store Integration > useChallengeStore has leaderboard methods
 ✓ src/__tests__/challengeExpansion.test.tsx > Challenge Store Integration > useChallengeStore has time trial methods
 ✓ src/__tests__/challengeExpansion.test.tsx > Challenge Store Integration > time trial state initializes correctly
 ✓ src/__tests__/moduleGlow.test.ts > Module Activation Glow > Glow Parameters > Glow duration is 300ms
 ✓ src/__tests__/moduleGlow.test.ts > Module Activation Glow > Glow Parameters > Glow completes within 350ms (300ms + 50ms tolerance)
 ✓ src/__tests__/moduleGlow.test.ts > Module Activation Glow > Glow Parameters > Max glow radius is 60px
 ✓ src/__tests__/moduleGlow.test.ts > Module Activation Glow > Glow Parameters > Start opacity is 0.8
 ✓ src/__tests__/moduleGlow.test.ts > Module Activation Glow > Glow Parameters > End opacity is 0
 ✓ src/__tests__/moduleGlow.test.ts > Module Activation Glow > Glow Animation Timing > At t=0: radius=0, opacity=0.8
 ✓ src/__tests__/moduleGlow.test.ts > Module Activation Glow > Glow Animation Timing > At t=150ms (half): radius=30, opacity decreasing
 ✓ src/__tests__/moduleGlow.test.ts > Module Activation Glow > Glow Animation Timing > At t=300ms (complete): radius=60, opacity=0
 ✓ src/__tests__/moduleGlow.test.ts > Module Activation Glow > Glow Animation Timing > At t=350ms (with tolerance): glow is invisible
 ✓ src/__tests__/moduleGlow.test.ts > Module Activation Glow > Glow Color Based on Module Type > Core Furnace uses #ff6b35
 ✓ src/__tests__/moduleGlow.test.ts > Module Activation Glow > Glow Color Based on Module Type > Energy Pipe uses #00d4ff
 ✓ src/__tests__/moduleGlow.test.ts > Module Activation Glow > Glow Color Based on Module Type > Gear uses #ffd700
 ✓ src/__tests__/moduleGlow.test.ts > Module Activation Glow > Glow Color Based on Module Type > Rune Node uses #a855f7
 ✓ src/__tests__/moduleGlow.test.ts > Module Activation Glow > Glow Color Based on Module Type > Shield Shell uses #22c55e
 ✓ src/__tests__/moduleGlow.test.ts > Module Activation Glow > Glow Color Based on Module Type > Trigger Switch uses #ff3355
 ✓ src/__tests__/moduleGlow.test.ts > Module Activation Glow > Glow Color Based on Module Type > Output Array uses #00ffcc
 ✓ src/__tests__/moduleGlow.test.ts > Module Activation Glow > Glow Color Based on Module Type > Amplifier Crystal uses #9333ea
 ✓ src/__tests__/moduleGlow.test.ts > Module Activation Glow > Glow Color Based on Module Type > Stabilizer Core uses #22c55e
 ✓ src/__tests__/moduleGlow.test.ts > Module Activation Glow > Glow Color Based on Module Type > All module types have assigned colors
 ✓ src/__tests__/moduleGlow.test.ts > Module Activation Glow > Glow Position > Glow originates from module center
 ✓ src/__tests__/moduleGlow.test.ts > Module Activation Glow > Glow Position > Different module sizes have correct centers
 ✓ src/__tests__/moduleGlow.test.ts > Module Activation Glow > Glow Visibility > Glow is a radial gradient expanding from center
 ✓ src/__tests__/moduleGlow.test.ts > Module Activation Glow > Glow Visibility > Glow uses module accent color
 ✓ src/__tests__/moduleGlow.test.ts > Module Activation Glow > Glow Visibility > Glow is removed from DOM after animation completes
 ✓ src/__tests__/moduleGlow.test.ts > Module Activation Glow > Easing Function > Uses ease-out for radius expansion
 ✓ src/__tests__/moduleGlow.test.ts > Module Activation Glow > Easing Function > Opacity uses linear interpolation from 0.8 to 0
 ✓ src/__tests__/moduleGlow.test.ts > Glow Integration with Module Activation > Glow triggers when module activation time is reached
 ✓ src/__tests__/moduleGlow.test.ts > Glow Integration with Module Activation > Connection leads module activation by 100ms
 ✓ src/__tests__/moduleGlow.test.ts > Glow Integration with Module Activation > Module glow starts when module activation time is reached
 ✓ src/__tests__/moduleGlow.test.ts > Performance > Multiple simultaneous glows do not cause frame drops
 ✓ src/__tests__/moduleGlow.test.ts > Performance > Glow animation uses requestAnimationFrame (via GSAP)
 ✓ src/__tests__/integration/touchGesture.integration.test.tsx > Touch Gesture Integration Tests > Component Rendering > should render children
 ✓ src/__tests__/integration/touchGesture.integration.test.tsx > Touch Gesture Integration Tests > Component Rendering > should have touch-enhancer class
 ✓ src/__tests__/integration/touchGesture.integration.test.tsx > Touch Gesture Integration Tests > Component Rendering > should have proper touch-action CSS
 ✓ src/__tests__/integration/touchGesture.integration.test.tsx > Touch Gesture Integration Tests > Gesture Event Structure > should have correct structure for pinch event
 ✓ src/__tests__/integration/touchGesture.integration.test.tsx > Touch Gesture Integration Tests > Gesture Event Structure > should have correct structure for pan event
 ✓ src/__tests__/integration/touchGesture.integration.test.tsx > Touch Gesture Integration Tests > Gesture Event Structure > should have correct structure for tap event
 ✓ src/__tests__/integration/touchGesture.integration.test.tsx > Touch Gesture Integration Tests > Gesture Event Structure > should have correct structure for longPress event
 ✓ src/__tests__/integration/touchGesture.integration.test.tsx > Touch Gesture Integration Tests > Gesture Event Structure > should have correct structure for swipe event
 ✓ src/__tests__/integration/touchGesture.integration.test.tsx > Touch Gesture Integration Tests > Gesture Configuration > should have correct default scale range
 ✓ src/__tests__/integration/touchGesture.integration.test.tsx > Touch Gesture Test - CI Robustness > should handle tests with retry logic
 ✓ src/__tests__/integration/touchGesture.integration.test.tsx > Touch Gesture Test - CI Robustness > should calculate tolerance correctly
 ✓ src/__tests__/integration/touchGesture.integration.test.tsx > Touch Gesture Test - CI Robustness > should detect values outside tolerance
 ✓ src/__tests__/integration/touchGesture.integration.test.tsx > Touch Gesture Test - CI Robustness > should respect debounce window for gesture detection
 ✓ src/__tests__/integration/touchGesture.integration.test.tsx > GestureEvent interface > should support all gesture types
 ✓ src/__tests__/integration/touchGesture.integration.test.tsx > Accessibility > should have proper CSS classes for gesture control
 ✓ src/__tests__/integration/touchGesture.integration.test.tsx > Accessibility > should have user-select disabled for touch targets
stdout | runIsolatedBuild (/Users/kingboat/Project/hardness/Harness_Engineering/2Dgame/src/__tests__/functional/buildCompliance.test.ts:90:15)

=== Build Compliance Test: Using cached build (dist up-to-date) ===

stdout | src/__tests__/functional/buildCompliance.test.ts:213:11

=== Build Compliance Test Results ===

stdout | src/__tests__/functional/buildCompliance.test.ts:214:11
Build: SUCCESS

stdout | src/__tests__/functional/buildCompliance.test.ts:215:11
Main bundle: index-CU81g2e6.js

stdout | src/__tests__/functional/buildCompliance.test.ts:216:11
Bundle size: 482.47 KB

stdout | src/__tests__/functional/buildCompliance.test.ts:217:11
Threshold: 560.00 KB

stdout | src/__tests__/functional/buildCompliance.test.ts:218:11
Used cache: YES

stdout | src/__tests__/functional/buildCompliance.test.ts > Build Compliance Tests > Build Output > should report chunk sizes

Bundle chunks:
  AIAssistantPanel-sv0Zz8EW.js: 52.71 KB
  ExchangePanel-B0nvCHQL.js: 14.09 KB
  LayersPanel-B6dUaOaK.js: 9.07 KB
  TradeProposalModal-C1cM0Qoh.js: 6.41 KB
  components-challenge-C_yi68_b.js: 43.87 KB
  components-codex-D2KnGjFX.js: 60.75 KB
  components-faction-Cl11aAf0.js: 18.59 KB
  components-tech-tree-3aJgGbQO.js: 10.66 KB
  components-templates-B1ihGK9E.js: 23.19 KB
  index-BVmKptW7.css: 78.61 KB
  index-CU81g2e6.js: 482.47 KB
  utils-activation-RRVepEpl.js: 2.01 KB
  utils-animation-CKkdz26L.js: 0.39 KB
  utils-particle-l0sNRNKZ.js: 0.00 KB
  vendor-gsap-C8pce-KX.js: 68.65 KB
  vendor-react-IJARFiOZ.js: 130.78 KB
  vendor-utils-CtRu48qb.js: 0.79 KB
  vendor-zustand-CtSZPRb0.js: 10.19 KB

 ✓ src/__tests__/functional/buildCompliance.test.ts > Build Compliance Tests > AC-BUILD-001: Bundle Size Compliance > should complete build successfully
 ✓ src/__tests__/functional/buildCompliance.test.ts > Build Compliance Tests > AC-BUILD-001: Bundle Size Compliance > should have main bundle size within acceptable range (≤560KB)
 ✓ src/__tests__/functional/buildCompliance.test.ts > Build Compliance Tests > AC-BUILD-001: Bundle Size Compliance > should have dist directory structure
 ✓ src/__tests__/functional/buildCompliance.test.ts > Build Compliance Tests > AC-BUILD-001: Bundle Size Compliance > should have valid HTML
 ✓ src/__tests__/functional/buildCompliance.test.ts > Build Compliance Tests > AC-BUILD-001: Bundle Size Compliance > should have proper script references
 ✓ src/__tests__/functional/buildCompliance.test.ts > Build Compliance Tests > Build Output > should report chunk sizes
 ✓ src/__tests__/functional/buildCompliance.test.ts > Build Compliance Tests > Build Quality > should not have TypeScript errors
 ✓ src/__tests__/factionCalculator.test.ts > factionCalculator > calculateFaction > returns void for void-siphon module
 ✓ src/__tests__/factionCalculator.test.ts > factionCalculator > calculateFaction > returns void for phase-modulator module
 ✓ src/__tests__/factionCalculator.test.ts > factionCalculator > calculateFaction > returns inferno for fire-crystal module
 ✓ src/__tests__/factionCalculator.test.ts > factionCalculator > calculateFaction > returns inferno for core-furnace module
 ✓ src/__tests__/factionCalculator.test.ts > factionCalculator > calculateFaction > returns storm for lightning-conductor module
 ✓ src/__tests__/factionCalculator.test.ts > factionCalculator > calculateFaction > returns storm for energy-pipe module
 ✓ src/__tests__/factionCalculator.test.ts > factionCalculator > calculateFaction > returns stellar for amplifier-crystal module
 ✓ src/__tests__/factionCalculator.test.ts > factionCalculator > calculateFaction > returns stellar for resonance-chamber module
 ✓ src/__tests__/factionCalculator.test.ts > factionCalculator > calculateFaction > returns null for neutral modules only
 ✓ src/__tests__/factionCalculator.test.ts > factionCalculator > calculateFaction > returns the faction with most modules
 ✓ src/__tests__/factionCalculator.test.ts > factionCalculator > calculateFaction > returns first faction alphabetically when tied
 ✓ src/__tests__/factionCalculator.test.ts > factionCalculator > calculateFaction > returns null for empty array
 ✓ src/__tests__/factionCalculator.test.ts > factionCalculator > getFactionCounts > counts modules per faction
 ✓ src/__tests__/factionCalculator.test.ts > factionCalculator > getFactionCounts > returns zeros for empty array
 ✓ src/__tests__/factionCalculator.test.ts > factionCalculator > getFactionConfig > returns config for valid faction
 ✓ src/__tests__/factionCalculator.test.ts > factionCalculator > getFactionConfig > returns null for invalid faction
 ✓ src/__tests__/factionCalculator.test.ts > factionCalculator > isModuleInFaction > returns true for void-siphon in void faction
 ✓ src/__tests__/factionCalculator.test.ts > factionCalculator > isModuleInFaction > returns true for fire-crystal in inferno faction
 ✓ src/__tests__/factionCalculator.test.ts > factionCalculator > isModuleInFaction > returns true for lightning-conductor in storm faction
 ✓ src/__tests__/factionCalculator.test.ts > factionCalculator > isModuleInFaction > returns true for amplifier-crystal in stellar faction
 ✓ src/__tests__/factionCalculator.test.ts > factionCalculator > isModuleInFaction > returns false for neutral module
 ✓ src/__tests__/factionCalculator.test.ts > factionCalculator > isModuleInFaction > returns true for arcane-matrix-grid in arcane faction
 ✓ src/__tests__/factionCalculator.test.ts > factionCalculator > isModuleInFaction > returns true for temporal-distorter in chaos faction
 ✓ src/__tests__/zOrderUtils.test.ts > zOrderUtils > bringForward > should swap module with the one after it
 ✓ src/__tests__/zOrderUtils.test.ts > zOrderUtils > bringForward > should not change order if module is already at the top
 ✓ src/__tests__/zOrderUtils.test.ts > zOrderUtils > bringForward > should handle single module array
 ✓ src/__tests__/zOrderUtils.test.ts > zOrderUtils > bringForward > should handle empty array
 ✓ src/__tests__/zOrderUtils.test.ts > zOrderUtils > bringForward > should handle non-existent module
 ✓ src/__tests__/zOrderUtils.test.ts > zOrderUtils > sendBackward > should swap module with the one before it
 ✓ src/__tests__/zOrderUtils.test.ts > zOrderUtils > sendBackward > should not change order if module is already at the bottom
 ✓ src/__tests__/zOrderUtils.test.ts > zOrderUtils > sendBackward > should handle single module array
 ✓ src/__tests__/zOrderUtils.test.ts > zOrderUtils > sendBackward > should handle non-existent module
 ✓ src/__tests__/zOrderUtils.test.ts > zOrderUtils > bringToFront > should move module to the end of the array
 ✓ src/__tests__/zOrderUtils.test.ts > zOrderUtils > bringToFront > should move middle module to front
 ✓ src/__tests__/zOrderUtils.test.ts > zOrderUtils > bringToFront > should not move if module is already at the front
 ✓ src/__tests__/zOrderUtils.test.ts > zOrderUtils > bringToFront > should handle single module array
 ✓ src/__tests__/zOrderUtils.test.ts > zOrderUtils > sendToBack > should move module to the beginning of the array
 ✓ src/__tests__/zOrderUtils.test.ts > zOrderUtils > sendToBack > should move middle module to back
 ✓ src/__tests__/zOrderUtils.test.ts > zOrderUtils > sendToBack > should not move if module is already at the back
 ✓ src/__tests__/zOrderUtils.test.ts > zOrderUtils > sendToBack > should handle single module array
 ✓ src/__tests__/zOrderUtils.test.ts > zOrderUtils > moveToZIndex > should move module to specified index
 ✓ src/__tests__/zOrderUtils.test.ts > zOrderUtils > moveToZIndex > should clamp index to valid range (minimum)
 ✓ src/__tests__/zOrderUtils.test.ts > zOrderUtils > moveToZIndex > should clamp index to valid range (maximum)
 ✓ src/__tests__/zOrderUtils.test.ts > zOrderUtils > moveToZIndex > should not change order if already at target index
 ✓ src/__tests__/zOrderUtils.test.ts > zOrderUtils > moveToZIndex > should handle non-existent module
 ✓ src/__tests__/zOrderUtils.test.ts > zOrderUtils > edge cases > should preserve module data when reordering
 ✓ src/__tests__/zOrderUtils.test.ts > zOrderUtils > edge cases > should handle two-module arrays correctly
stderr | src/__tests__/useFavoritesStore.test.ts > FavoritesStore > addFavorite > should enforce maximum favorites limit of 101
Maximum favorites limit (101) reached

stderr | src/__tests__/useFavoritesStore.test.ts > FavoritesStore > addFavorite > should not exceed maximum even with many attempts
Maximum favorites limit (101) reached
Maximum favorites limit (101) reached
Maximum favorites limit (101) reached
Maximum favorites limit (101) reached
Maximum favorites limit (101) reached
Maximum favorites limit (101) reached
Maximum favorites limit (101) reached
Maximum favorites limit (101) reached
Maximum favorites limit (101) reached
Maximum favorites limit (101) reached
Maximum favorites limit (101) reached
Maximum favorites limit (101) reached
Maximum favorites limit (101) reached
Maximum favorites limit (101) reached
Maximum favorites limit (101) reached
Maximum favorites limit (101) reached
Maximum favorites limit (101) reached
Maximum favorites limit (101) reached
Maximum favorites limit (101) reached
Maximum favorites limit (101) reached
Maximum favorites limit (101) reached
Maximum favorites limit (101) reached
Maximum favorites limit (101) reached
Maximum favorites limit (101) reached
Maximum favorites limit (101) reached
Maximum favorites limit (101) reached
Maximum favorites limit (101) reached
Maximum favorites limit (101) reached
Maximum favorites limit (101) reached
Maximum favorites limit (101) reached
Maximum favorites limit (101) reached
Maximum favorites limit (101) reached
Maximum favorites limit (101) reached
Maximum favorites limit (101) reached
Maximum favorites limit (101) reached
Maximum favorites limit (101) reached
Maximum favorites limit (101) reached
Maximum favorites limit (101) reached
Maximum favorites limit (101) reached
Maximum favorites limit (101) reached
Maximum favorites limit (101) reached
Maximum favorites limit (101) reached
Maximum favorites limit (101) reached
Maximum favorites limit (101) reached
Maximum favorites limit (101) reached
Maximum favorites limit (101) reached
Maximum favorites limit (101) reached
Maximum favorites limit (101) reached
Maximum favorites limit (101) reached
Maximum favorites limit (101) reached
Maximum favorites limit (101) reached
Maximum favorites limit (101) reached
Maximum favorites limit (101) reached
Maximum favorites limit (101) reached
Maximum favorites limit (101) reached
Maximum favorites limit (101) reached
Maximum favorites limit (101) reached
Maximum favorites limit (101) reached
Maximum favorites limit (101) reached
Maximum favorites limit (101) reached
Maximum favorites limit (101) reached
Maximum favorites limit (101) reached
Maximum favorites limit (101) reached
Maximum favorites limit (101) reached
Maximum favorites limit (101) reached
Maximum favorites limit (101) reached
Maximum favorites limit (101) reached
Maximum favorites limit (101) reached
Maximum favorites limit (101) reached
Maximum favorites limit (101) reached
Maximum favorites limit (101) reached
Maximum favorites limit (101) reached
Maximum favorites limit (101) reached
Maximum favorites limit (101) reached
Maximum favorites limit (101) reached
Maximum favorites limit (101) reached
Maximum favorites limit (101) reached
Maximum favorites limit (101) reached
Maximum favorites limit (101) reached
Maximum favorites limit (101) reached
Maximum favorites limit (101) reached
Maximum favorites limit (101) reached
Maximum favorites limit (101) reached
Maximum favorites limit (101) reached
Maximum favorites limit (101) reached
Maximum favorites limit (101) reached
Maximum favorites limit (101) reached
Maximum favorites limit (101) reached
Maximum favorites limit (101) reached
Maximum favorites limit (101) reached
Maximum favorites limit (101) reached
Maximum favorites limit (101) reached
Maximum favorites limit (101) reached
Maximum favorites limit (101) reached
Maximum favorites limit (101) reached
Maximum favorites limit (101) reached
Maximum favorites limit (101) reached
Maximum favorites limit (101) reached
Maximum favorites limit (101) reached

 ✓ src/__tests__/useFavoritesStore.test.ts > FavoritesStore > initial state > should initialize with empty favoriteIds
 ✓ src/__tests__/useFavoritesStore.test.ts > FavoritesStore > addFavorite > should add a favorite
 ✓ src/__tests__/useFavoritesStore.test.ts > FavoritesStore > addFavorite > should return false for duplicate
 ✓ src/__tests__/useFavoritesStore.test.ts > FavoritesStore > addFavorite > should enforce maximum favorites limit of 101
 ✓ src/__tests__/useFavoritesStore.test.ts > FavoritesStore > addFavorite > should not exceed maximum even with many attempts
 ✓ src/__tests__/useFavoritesStore.test.ts > FavoritesStore > removeFavorite > should remove a favorite
 ✓ src/__tests__/useFavoritesStore.test.ts > FavoritesStore > removeFavorite > should handle removing non-existent favorite
 ✓ src/__tests__/useFavoritesStore.test.ts > FavoritesStore > removeFavorite > should maintain order when removing
 ✓ src/__tests__/useFavoritesStore.test.ts > FavoritesStore > toggleFavorite > should add favorite when not favorited
 ✓ src/__tests__/useFavoritesStore.test.ts > FavoritesStore > toggleFavorite > should remove favorite when already favorited
 ✓ src/__tests__/useFavoritesStore.test.ts > FavoritesStore > toggleFavorite > should return true when adding
 ✓ src/__tests__/useFavoritesStore.test.ts > FavoritesStore > toggleFavorite > should return false when removing
 ✓ src/__tests__/useFavoritesStore.test.ts > FavoritesStore > isFavorite > should return true for favorited machine
 ✓ src/__tests__/useFavoritesStore.test.ts > FavoritesStore > isFavorite > should return false for non-favorited machine
 ✓ src/__tests__/useFavoritesStore.test.ts > FavoritesStore > isFavorite > should return false after removal
 ✓ src/__tests__/useFavoritesStore.test.ts > FavoritesStore > getFavoritesCount > should return 0 for empty favorites
 ✓ src/__tests__/useFavoritesStore.test.ts > FavoritesStore > getFavoritesCount > should return correct count
 ✓ src/__tests__/useFavoritesStore.test.ts > FavoritesStore > getFavoritesCount > should update count after removal
 ✓ src/__tests__/useFavoritesStore.test.ts > FavoritesStore > clearFavorites > should clear all favorites
 ✓ src/__tests__/useFavoritesStore.test.ts > FavoritesStore > clearFavorites > should return to 0 count
 ✓ src/__tests__/useFavoritesStore.test.ts > FavoritesStore > hydration helpers > should expose isFavoritesHydrated function
 ✓ src/__tests__/useFavoritesStore.test.ts > FavoritesStore > hydration helpers > should expose hydrateFavoritesStore function
 ✓ src/__tests__/useFavoritesStore.test.ts > FavoritesStore > edge cases > should handle adding many favorites up to limit
 ✓ src/__tests__/useFavoritesStore.test.ts > FavoritesStore > edge cases > should handle rapid add/remove cycles
 ✓ src/__tests__/useFavoritesStore.test.ts > FavoritesStore > edge cases > should handle toggle at limit
 ✓ src/__tests__/useFavoritesStore.test.ts > FavoritesStore > edge cases > should handle special characters in machine ID
 ✓ src/utils/attributeGenerator.test.ts > attributeGenerator > generateAttributes > should return valid attributes for empty machine
 ✓ src/utils/attributeGenerator.test.ts > attributeGenerator > generateAttributes > should return object with name, rarity, and stats for 3 Core Furnace modules
 ✓ src/utils/attributeGenerator.test.ts > attributeGenerator > generateAttributes > should produce different rarity for 3 modules vs 6 modules with connections
 ✓ src/utils/attributeGenerator.test.ts > attributeGenerator > generateAttributes > should generate name with proper format [Prefix] + [Type] + [Suffix]
 ✓ src/utils/attributeGenerator.test.ts > attributeGenerator > generateAttributes > should include tags based on module types
 ✓ src/utils/attributeGenerator.test.ts > attributeGenerator > generateAttributes > should calculate stats based on module composition
 ✓ src/utils/attributeGenerator.test.ts > attributeGenerator > generateAttributes > should include output-array module in attribute calculation
 ✓ src/utils/attributeGenerator.test.ts > attributeGenerator > generateAttributes > should include resonance tag for output-array module
 ✓ src/utils/attributeGenerator.test.ts > attributeGenerator > generateAttributes > should apply power bonus when output-array has connections
 ✓ src/utils/attributeGenerator.test.ts > attributeGenerator > generateAttributes > should include arcane and resonance tags for output-array
 ✓ src/utils/attributeGenerator.test.ts > attributeGenerator > getRarityColor > should return correct colors for each rarity
 ✓ src/utils/attributeGenerator.test.ts > attributeGenerator > getRarityColor > should return a valid hex color
 ✓ src/utils/attributeGenerator.test.ts > attributeGenerator > getRarityLabel > should return capitalized rarity name
stderr | src/components/Achievements/__tests__/AchievementToast.integration.test.tsx > AchievementToast Integration Tests > AC1: Context Singleton Verification > should throw error when useAchievementToastQueueContext is used outside provider
Error: Uncaught [Error: useAchievementToastQueueContext must be used within an AchievementToastProvider. Wrap your app with <AchievementToastProvider> in App.tsx.]
    at reportException (/Users/kingboat/Project/hardness/Harness_Engineering/2Dgame/node_modules/jsdom/lib/jsdom/living/helpers/runtime-script-errors.js:66:24)
    at innerInvokeEventListeners (/Users/kingboat/Project/hardness/Harness_Engineering/2Dgame/node_modules/jsdom/lib/jsdom/living/events/EventTarget-impl.js:353:9)
    at invokeEventListeners (/Users/kingboat/Project/hardness/Harness_Engineering/2Dgame/node_modules/jsdom/lib/jsdom/living/events/EventTarget-impl.js:286:3)
    at HTMLUnknownElementImpl._dispatch (/Users/kingboat/Project/hardness/Harness_Engineering/2Dgame/node_modules/jsdom/lib/jsdom/living/events/EventTarget-impl.js:233:9)
    at HTMLUnknownElementImpl.dispatchEvent (/Users/kingboat/Project/hardness/Harness_Engineering/2Dgame/node_modules/jsdom/lib/jsdom/living/events/EventTarget-impl.js:104:17)
    at HTMLUnknownElement.dispatchEvent (/Users/kingboat/Project/hardness/Harness_Engineering/2Dgame/node_modules/jsdom/lib/jsdom/living/generated/EventTarget.js:241:34)
    at Object.invokeGuardedCallbackDev (/Users/kingboat/Project/hardness/Harness_Engineering/2Dgame/node_modules/react-dom/cjs/react-dom.development.js:4213:16)
    at invokeGuardedCallback (/Users/kingboat/Project/hardness/Harness_Engineering/2Dgame/node_modules/react-dom/cjs/react-dom.development.js:4277:31)
    at beginWork$1 (/Users/kingboat/Project/hardness/Harness_Engineering/2Dgame/node_modules/react-dom/cjs/react-dom.development.js:27490:7)
    at performUnitOfWork (/Users/kingboat/Project/hardness/Harness_Engineering/2Dgame/node_modules/react-dom/cjs/react-dom.development.js:26599:12) Error: useAchievementToastQueueContext must be used within an AchievementToastProvider. Wrap your app with <AchievementToastProvider> in App.tsx.
    at Module.useAchievementToastQueueContext (/Users/kingboat/Project/hardness/Harness_Engineering/2Dgame/src/components/Achievements/AchievementToast.tsx:389:11)
    at ErrorProneComponent (/Users/kingboat/Project/hardness/Harness_Engineering/2Dgame/src/components/Achievements/__tests__/AchievementToast.integration.test.tsx:70:9)
    at renderWithHooks (/Users/kingboat/Project/hardness/Harness_Engineering/2Dgame/node_modules/react-dom/cjs/react-dom.development.js:15486:18)
    at mountIndeterminateComponent (/Users/kingboat/Project/hardness/Harness_Engineering/2Dgame/node_modules/react-dom/cjs/react-dom.development.js:20103:13)
    at beginWork (/Users/kingboat/Project/hardness/Harness_Engineering/2Dgame/node_modules/react-dom/cjs/react-dom.development.js:21626:16)
    at HTMLUnknownElement.callCallback (/Users/kingboat/Project/hardness/Harness_Engineering/2Dgame/node_modules/react-dom/cjs/react-dom.development.js:4164:14)
    at HTMLUnknownElement.callTheUserObjectsOperation (/Users/kingboat/Project/hardness/Harness_Engineering/2Dgame/node_modules/jsdom/lib/jsdom/living/generated/EventListener.js:26:30)
    at innerInvokeEventListeners (/Users/kingboat/Project/hardness/Harness_Engineering/2Dgame/node_modules/jsdom/lib/jsdom/living/events/EventTarget-impl.js:350:25)
    at invokeEventListeners (/Users/kingboat/Project/hardness/Harness_Engineering/2Dgame/node_modules/jsdom/lib/jsdom/living/events/EventTarget-impl.js:286:3)
    at HTMLUnknownElementImpl._dispatch (/Users/kingboat/Project/hardness/Harness_Engineering/2Dgame/node_modules/jsdom/lib/jsdom/living/events/EventTarget-impl.js:233:9)
Error: Uncaught [Error: useAchievementToastQueueContext must be used within an AchievementToastProvider. Wrap your app with <AchievementToastProvider> in App.tsx.]
    at reportException (/Users/kingboat/Project/hardness/Harness_Engineering/2Dgame/node_modules/jsdom/lib/jsdom/living/helpers/runtime-script-errors.js:66:24)
    at innerInvokeEventListeners (/Users/kingboat/Project/hardness/Harness_Engineering/2Dgame/node_modules/jsdom/lib/jsdom/living/events/EventTarget-impl.js:353:9)
    at invokeEventListeners (/Users/kingboat/Project/hardness/Harness_Engineering/2Dgame/node_modules/jsdom/lib/jsdom/living/events/EventTarget-impl.js:286:3)
    at HTMLUnknownElementImpl._dispatch (/Users/kingboat/Project/hardness/Harness_Engineering/2Dgame/node_modules/jsdom/lib/jsdom/living/events/EventTarget-impl.js:233:9)
    at HTMLUnknownElementImpl.dispatchEvent (/Users/kingboat/Project/hardness/Harness_Engineering/2Dgame/node_modules/jsdom/lib/jsdom/living/events/EventTarget-impl.js:104:17)
    at HTMLUnknownElement.dispatchEvent (/Users/kingboat/Project/hardness/Harness_Engineering/2Dgame/node_modules/jsdom/lib/jsdom/living/generated/EventTarget.js:241:34)
    at Object.invokeGuardedCallbackDev (/Users/kingboat/Project/hardness/Harness_Engineering/2Dgame/node_modules/react-dom/cjs/react-dom.development.js:4213:16)
    at invokeGuardedCallback (/Users/kingboat/Project/hardness/Harness_Engineering/2Dgame/node_modules/react-dom/cjs/react-dom.development.js:4277:31)
    at beginWork$1 (/Users/kingboat/Project/hardness/Harness_Engineering/2Dgame/node_modules/react-dom/cjs/react-dom.development.js:27490:7)
    at performUnitOfWork (/Users/kingboat/Project/hardness/Harness_Engineering/2Dgame/node_modules/react-dom/cjs/react-dom.development.js:26599:12) Error: useAchievementToastQueueContext must be used within an AchievementToastProvider. Wrap your app with <AchievementToastProvider> in App.tsx.
    at Module.useAchievementToastQueueContext (/Users/kingboat/Project/hardness/Harness_Engineering/2Dgame/src/components/Achievements/AchievementToast.tsx:389:11)
    at ErrorProneComponent (/Users/kingboat/Project/hardness/Harness_Engineering/2Dgame/src/components/Achievements/__tests__/AchievementToast.integration.test.tsx:70:9)
    at renderWithHooks (/Users/kingboat/Project/hardness/Harness_Engineering/2Dgame/node_modules/react-dom/cjs/react-dom.development.js:15486:18)
    at mountIndeterminateComponent (/Users/kingboat/Project/hardness/Harness_Engineering/2Dgame/node_modules/react-dom/cjs/react-dom.development.js:20103:13)
    at beginWork (/Users/kingboat/Project/hardness/Harness_Engineering/2Dgame/node_modules/react-dom/cjs/react-dom.development.js:21626:16)
    at HTMLUnknownElement.callCallback (/Users/kingboat/Project/hardness/Harness_Engineering/2Dgame/node_modules/react-dom/cjs/react-dom.development.js:4164:14)
    at HTMLUnknownElement.callTheUserObjectsOperation (/Users/kingboat/Project/hardness/Harness_Engineering/2Dgame/node_modules/jsdom/lib/jsdom/living/generated/EventListener.js:26:30)
    at innerInvokeEventListeners (/Users/kingboat/Project/hardness/Harness_Engineering/2Dgame/node_modules/jsdom/lib/jsdom/living/events/EventTarget-impl.js:350:25)
    at invokeEventListeners (/Users/kingboat/Project/hardness/Harness_Engineering/2Dgame/node_modules/jsdom/lib/jsdom/living/events/EventTarget-impl.js:286:3)
    at HTMLUnknownElementImpl._dispatch (/Users/kingboat/Project/hardness/Harness_Engineering/2Dgame/node_modules/jsdom/lib/jsdom/living/events/EventTarget-impl.js:233:9)
The above error occurred in the <ErrorProneComponent> component:

    at ErrorProneComponent (/Users/kingboat/Project/hardness/Harness_Engineering/2Dgame/src/components/Achievements/__tests__/AchievementToast.integration.test.tsx:73:31)

Consider adding an error boundary to your tree to customize error handling behavior.
Visit https://reactjs.org/link/error-boundaries to learn more about error boundaries.

 ✓ src/components/Achievements/__tests__/AchievementToast.integration.test.tsx > AchievementToast Integration Tests > AC1: Context Singleton Verification > should have AchievementToastProvider defined and exported
 ✓ src/components/Achievements/__tests__/AchievementToast.integration.test.tsx > AchievementToast Integration Tests > AC1: Context Singleton Verification > should have useAchievementToastQueueContext hook exported
 ✓ src/components/Achievements/__tests__/AchievementToast.integration.test.tsx > AchievementToast Integration Tests > AC1: Context Singleton Verification > should throw error when useAchievementToastQueueContext is used outside provider
 ✓ src/components/Achievements/__tests__/AchievementToast.integration.test.tsx > AchievementToast Integration Tests > AC2: Provider Pattern Integration > should wrap app with AchievementToastProvider in App.tsx
 ✓ src/components/Achievements/__tests__/AchievementToast.integration.test.tsx > AchievementToast Integration Tests > AC2: Provider Pattern Integration > should use context hook instead of direct hook in App.tsx
 ✓ src/components/Achievements/__tests__/AchievementToast.integration.test.tsx > AchievementToast Integration Tests > AC3: Toast Queue Data Flow > should share queue state between addToQueue and visibleAchievements
 ✓ src/components/Achievements/__tests__/AchievementToast.integration.test.tsx > AchievementToast Integration Tests > AC3: Toast Queue Data Flow > should add achievement to queue via addToQueue
 ✓ src/components/Achievements/__tests__/AchievementToast.integration.test.tsx > AchievementToast Integration Tests > AC4: Toast Appearance Timing > should have correct timing configuration
 ✓ src/components/Achievements/__tests__/AchievementToast.integration.test.tsx > AchievementToast Integration Tests > AC5-AC6: Build Compliance > should export AchievementToastProvider and context hook
 ✓ src/components/Achievements/__tests__/AchievementToast.integration.test.tsx > AchievementToast Integration Tests > AC5-AC6: Build Compliance > should have correct function signatures
 ✓ src/components/Achievements/__tests__/AchievementToast.integration.test.tsx > AchievementToast Integration Tests > AC7: AchievementToastContainer Uses Context > should use useAchievementToastQueueContext in AchievementToastContainer
 ✓ src/components/Achievements/__tests__/AchievementToast.integration.test.tsx > AchievementToast Integration Tests > AC7: AchievementToastContainer Uses Context > should have AchievementToastProvider create single hook instance
 ✓ src/components/Achievements/__tests__/AchievementToast.integration.test.tsx > AchievementToast Integration Tests > Regression Tests > should have AchievementToastProvider wrap app in App.tsx
 ✓ src/components/Achievements/__tests__/AchievementToast.integration.test.tsx > AchievementToast Integration Tests > Regression Tests > should have AchievementToastContainer inside App.tsx
 ✓ src/components/Achievements/__tests__/AchievementToast.integration.test.tsx > AchievementToast Integration Tests > Regression Tests > should maintain backward compatibility with existing hooks
 ✓ src/components/Achievements/__tests__/AchievementToast.integration.test.tsx > Manual Verification Instructions > should guide manual testing for toast queue
 ✓ src/__tests__/integration/performanceVerification.test.ts > Performance Verification Tests (AC5) > Module Rendering Performance > should render 50 modules within performance budget
 ✓ src/__tests__/integration/performanceVerification.test.ts > Performance Verification Tests (AC5) > Module Rendering Performance > should cache module renders efficiently
 ✓ src/__tests__/integration/performanceVerification.test.ts > Performance Verification Tests (AC5) > Module Rendering Performance > should invalidate cache when module changes
 ✓ src/__tests__/integration/performanceVerification.test.ts > Performance Verification Tests (AC5) > Connection Path Calculation Performance > should calculate paths for 50+ connections efficiently
 ✓ src/__tests__/integration/performanceVerification.test.ts > Performance Verification Tests (AC5) > Connection Path Calculation Performance > should batch update connections efficiently
 ✓ src/__tests__/integration/performanceVerification.test.ts > Performance Verification Tests (AC5) > Viewport Culling Performance > should virtualize 50+ modules efficiently
 ✓ src/__tests__/integration/performanceVerification.test.ts > Performance Verification Tests (AC5) > Viewport Culling Performance > should cull hidden modules quickly
 ✓ src/__tests__/integration/performanceVerification.test.ts > Performance Verification Tests (AC5) > Animation Frame Budget (AC5) > should maintain 60fps frame budget with 50 modules
 ✓ src/__tests__/integration/performanceVerification.test.ts > Performance Verification Tests (AC5) > Animation Frame Budget (AC5) > should complete activation animation without frame drops 5005ms
 ✓ src/__tests__/integration/performanceVerification.test.ts > Performance Verification Tests (AC5) > Memory Leak Check (Deliverable #4) > should not leak memory on repeated operations
 ✓ src/__tests__/integration/performanceVerification.test.ts > Performance Verification Tests (AC5) > Memory Leak Check (Deliverable #4) > should properly clean up caches
 ✓ src/__tests__/integration/performanceVerification.test.ts > FPS Measurement Simulation > should calculate FPS correctly from frame times
 ✓ src/__tests__/integration/performanceVerification.test.ts > FPS Measurement Simulation > should detect frame drops below 30fps
 ✓ src/utils/connectionEngine.test.ts > connectionEngine > calculateConnectionPath > should return a valid SVG path string starting with M
 ✓ src/utils/connectionEngine.test.ts > connectionEngine > calculateConnectionPath > should contain L or C commands for path segments
 ✓ src/utils/connectionEngine.test.ts > connectionEngine > calculateConnectionPath > should return empty string if module not found
 ✓ src/utils/connectionEngine.test.ts > connectionEngine > calculateConnectionPath > should return empty string if port not found
 ✓ src/utils/connectionEngine.test.ts > connectionEngine > calculateConnectionPath > should work with different module types
 ✓ src/utils/connectionEngine.test.ts > connectionEngine > calculateConnectionPath > should create curved path for horizontal distance
 ✓ src/utils/connectionEngine.test.ts > connectionEngine > validateConnection > should not allow connecting module to itself
 ✓ src/utils/connectionEngine.test.ts > connectionEngine > validateConnection > should not allow connecting same port types
 ✓ src/utils/connectionEngine.test.ts > connectionEngine > validateConnection > should allow valid output to input connection
 ✓ src/utils/connectionEngine.test.ts > connectionEngine > validateConnection > should return error for non-existent source module
 ✓ src/utils/connectionEngine.test.ts > connectionEngine > validateConnection > should return error for non-existent target module
 ✓ src/utils/connectionEngine.test.ts > connectionEngine > getConnectionFlowOrder > should return empty array for empty modules
 ✓ src/utils/connectionEngine.test.ts > connectionEngine > getConnectionFlowOrder > should return modules in BFS order starting from core furnace
 ✓ src/utils/connectionEngine.test.ts > connectionEngine > getConnectionFlowOrder > should include all modules even if not connected
 ✓ src/utils/connectionEngine.test.ts > connectionEngine > getConnectionFlowOrder > should follow connection graph order
 ✓ src/__tests__/achievementFactionIntegration.test.ts > Achievement → Faction Reputation Integration > Achievement with faction property > should have 10 faction achievements defined
 ✓ src/__tests__/achievementFactionIntegration.test.ts > Achievement → Faction Reputation Integration > Achievement with faction property > should find void faction achievement
 ✓ src/__tests__/achievementFactionIntegration.test.ts > Achievement → Faction Reputation Integration > Achievement with faction property > should find inferno faction achievement
 ✓ src/__tests__/achievementFactionIntegration.test.ts > Achievement → Faction Reputation Integration > Achievement with faction property > should find storm faction achievement
 ✓ src/__tests__/achievementFactionIntegration.test.ts > Achievement → Faction Reputation Integration > Achievement with faction property > should find stellar faction achievement
 ✓ src/__tests__/achievementFactionIntegration.test.ts > Achievement → Faction Reputation Integration > Achievement with faction property > should find arcane faction achievement
 ✓ src/__tests__/achievementFactionIntegration.test.ts > Achievement → Faction Reputation Integration > Achievement with faction property > should find chaos faction achievement
 ✓ src/__tests__/achievementFactionIntegration.test.ts > Achievement → Faction Reputation Integration > Faction reputation store integration > should have addReputation method
 ✓ src/__tests__/achievementFactionIntegration.test.ts > Achievement → Faction Reputation Integration > Faction reputation store integration > should add reputation correctly
 ✓ src/__tests__/achievementFactionIntegration.test.ts > Achievement → Faction Reputation Integration > Faction reputation store integration > should have isVariantUnlocked method
 ✓ src/__tests__/achievementFactionIntegration.test.ts > Achievement → Faction Reputation Integration > Faction reputation store integration > should not unlock variant at apprentice level
 ✓ src/__tests__/achievementFactionIntegration.test.ts > Achievement → Faction Reputation Integration > Faction reputation store integration > should unlock variant at Grandmaster level (2000+)
 ✓ src/__tests__/achievementFactionIntegration.test.ts > Achievement → Faction Reputation Integration > Non-faction achievements > should have non-faction achievements
 ✓ src/__tests__/achievementFactionIntegration.test.ts > Achievement → Faction Reputation Integration > Non-faction achievements > should have first-forge achievement without faction
 ✓ src/__tests__/achievementFactionIntegration.test.ts > Achievement → Faction Reputation Integration > Achievement store trigger mechanism > should have triggerUnlock method
 ✓ src/__tests__/achievementFactionIntegration.test.ts > Achievement → Faction Reputation Integration > Achievement store trigger mechanism > should track recentlyUnlocked
 ✓ src/__tests__/achievementFactionIntegration.test.ts > Achievement → Faction Reputation Integration > Achievement store trigger mechanism > should clear recentlyUnlocked
 ✓ src/__tests__/achievementFactionIntegration.test.ts > Achievement → Faction Reputation Integration > Achievement unlock flow > should call callback when achievement is triggered
 ✓ src/__tests__/achievementFactionIntegration.test.ts > Achievement → Faction Reputation Integration > Achievement unlock flow > should add achievement ID to recentlyUnlocked
 ✓ src/__tests__/achievementFactionIntegration.test.ts > Achievement → Faction Reputation Integration > Achievement unlock flow > should not trigger same achievement twice in quick succession
 ✓ src/__tests__/achievementFactionIntegration.test.ts > Achievement → Faction Reputation Integration > Faction Achievement Coverage > should have achievement for void faction
 ✓ src/__tests__/achievementFactionIntegration.test.ts > Achievement → Faction Reputation Integration > Faction Achievement Coverage > should have achievement for inferno faction
 ✓ src/__tests__/achievementFactionIntegration.test.ts > Achievement → Faction Reputation Integration > Faction Achievement Coverage > should have achievement for storm faction
 ✓ src/__tests__/achievementFactionIntegration.test.ts > Achievement → Faction Reputation Integration > Faction Achievement Coverage > should have achievement for stellar faction
 ✓ src/__tests__/achievementFactionIntegration.test.ts > Achievement → Faction Reputation Integration > Faction Achievement Coverage > should have achievement for arcane faction
 ✓ src/__tests__/achievementFactionIntegration.test.ts > Achievement → Faction Reputation Integration > Faction Achievement Coverage > should have achievement for chaos faction
 ✓ src/__tests__/achievementFactionIntegration.test.ts > Achievement → Faction Reputation Integration > Reputation level progression > should reach Journeyman at 200 points
 ✓ src/__tests__/achievementFactionIntegration.test.ts > Achievement → Faction Reputation Integration > Reputation level progression > should reach Expert at 500 points
 ✓ src/__tests__/achievementFactionIntegration.test.ts > Achievement → Faction Reputation Integration > Reputation level progression > should reach Master at 1000 points
 ✓ src/__tests__/achievementFactionIntegration.test.ts > Achievement → Faction Reputation Integration > Reputation level progression > should reach Grandmaster at 2000 points
 ✓ src/__tests__/newModules.test.ts > New Module Types - Round 3 > ResonanceChamber Module > should add resonance-chamber module to canvas
 ✓ src/__tests__/newModules.test.ts > New Module Types - Round 3 > ResonanceChamber Module > should have correct port configuration for resonance-chamber
 ✓ src/__tests__/newModules.test.ts > New Module Types - Round 3 > ResonanceChamber Module > should have correct position for resonance-chamber ports
 ✓ src/__tests__/newModules.test.ts > New Module Types - Round 3 > FireCrystal Module > should add fire-crystal module to canvas
 ✓ src/__tests__/newModules.test.ts > New Module Types - Round 3 > FireCrystal Module > should have correct port configuration for fire-crystal
 ✓ src/__tests__/newModules.test.ts > New Module Types - Round 3 > FireCrystal Module > should have correct position for fire-crystal ports
 ✓ src/__tests__/newModules.test.ts > New Module Types - Round 3 > LightningConductor Module > should add lightning-conductor module to canvas
 ✓ src/__tests__/newModules.test.ts > New Module Types - Round 3 > LightningConductor Module > should have correct port configuration for lightning-conductor
 ✓ src/__tests__/newModules.test.ts > New Module Types - Round 3 > LightningConductor Module > should have correct position for lightning-conductor ports
 ✓ src/__tests__/newModules.test.ts > New Module Types - Round 3 > All New Modules > should add all new module types to canvas
 ✓ src/__tests__/newModules.test.ts > New Module Types - Round 3 > All New Modules > should have correct sizes for all new modules
 ✓ src/__tests__/newModules.test.ts > New Module Types - Round 3 > Module Connections with New Types > should create connection between new modules
 ✓ src/__tests__/newModules.test.ts > New Module Categories > should have resonance category for resonance-chamber
 ✓ src/__tests__/newModules.test.ts > Module Accent Colors > should have accent colors defined for new modules
 ✓ src/__tests__/quickActionsToolbar.test.tsx > QuickActionsToolbar Component > Rendering > should render all toolbar buttons
 ✓ src/__tests__/quickActionsToolbar.test.tsx > QuickActionsToolbar Component > Rendering > should render in fixed position
 ✓ src/__tests__/quickActionsToolbar.test.tsx > QuickActionsToolbar Component > Undo action > should be disabled when history index is 0
 ✓ src/__tests__/quickActionsToolbar.test.tsx > QuickActionsToolbar Component > Undo action > should be enabled when history has previous states
 ✓ src/__tests__/quickActionsToolbar.test.tsx > QuickActionsToolbar Component > Undo action > should call undo when clicked and enabled
 ✓ src/__tests__/quickActionsToolbar.test.tsx > QuickActionsToolbar Component > Redo action > should be disabled when at end of history
 ✓ src/__tests__/quickActionsToolbar.test.tsx > QuickActionsToolbar Component > Redo action > should be enabled when history has future states
 ✓ src/__tests__/quickActionsToolbar.test.tsx > QuickActionsToolbar Component > Redo action > should call redo when clicked and enabled
 ✓ src/__tests__/quickActionsToolbar.test.tsx > QuickActionsToolbar Component > Zoom Fit action > should be always enabled
 ✓ src/__tests__/quickActionsToolbar.test.tsx > QuickActionsToolbar Component > Zoom Fit action > should call zoomToFit when clicked
 ✓ src/__tests__/quickActionsToolbar.test.tsx > QuickActionsToolbar Component > Clear Canvas action > should be disabled when canvas is empty
 ✓ src/__tests__/quickActionsToolbar.test.tsx > QuickActionsToolbar Component > Clear Canvas action > should be enabled when canvas has modules
 ✓ src/__tests__/quickActionsToolbar.test.tsx > QuickActionsToolbar Component > Clear Canvas action > should call clearCanvas when clicked and confirmed
 ✓ src/__tests__/quickActionsToolbar.test.tsx > QuickActionsToolbar Component > Clear Canvas action > should not call clearCanvas when cancelled
 ✓ src/__tests__/quickActionsToolbar.test.tsx > QuickActionsToolbar Component > Duplicate action > should be disabled when nothing is selected
 ✓ src/__tests__/quickActionsToolbar.test.tsx > QuickActionsToolbar Component > Duplicate action > should be enabled when a module is selected
 ✓ src/__tests__/quickActionsToolbar.test.tsx > QuickActionsToolbar Component > Duplicate action > should call duplicateModule when clicked
 ✓ src/__tests__/aiNaming.test.ts > AI Naming Service > MockAIService > should generate a name with correct structure 303ms
 ✓ src/__tests__/achievementChecker.test.ts > achievementChecker > checkAchievements > returns first-forge when machinesCreated >= 1
 ✓ src/__tests__/achievementChecker.test.ts > achievementChecker > checkAchievements > does not return first-forge when already earned
 ✓ src/__tests__/achievementChecker.test.ts > achievementChecker > checkAchievements > returns energy-master when machinesCreated >= 10
 ✓ src/__tests__/achievementChecker.test.ts > achievementChecker > checkAchievements > returns skilled-artisan and energy-master when machinesCreated >= 10
 ✓ src/__tests__/achievementChecker.test.ts > achievementChecker > checkAchievements > returns void-conqueror when factionCounts.void >= 5
 ✓ src/__tests__/achievementChecker.test.ts > achievementChecker > checkAchievements > returns perfect-activation when activations >= 1 and errors === 0
 ✓ src/__tests__/achievementChecker.test.ts > achievementChecker > checkAchievements > does not return perfect-activation when errors > 0
 ✓ src/__tests__/achievementChecker.test.ts > achievementChecker > checkAchievements > returns codex-collector when codexEntries >= 10
 ✓ src/__tests__/achievementChecker.test.ts > achievementChecker > checkAchievements > returns empty array when no achievements are met
 ✓ src/__tests__/achievementChecker.test.ts > achievementChecker > checkAchievementsWithCallback > invokes callback for newly earned achievements
 ✓ src/__tests__/achievementChecker.test.ts > achievementChecker > checkAchievementsWithCallback > does not invoke callback for already earned achievements
 ✓ src/__tests__/achievementChecker.test.ts > achievementChecker > getAllAchievementsWithStatus > marks earned achievements correctly
 ✓ src/__tests__/achievementChecker.test.ts > achievementChecker > getAllAchievementsWithStatus > marks unearned achievements correctly
 ✓ src/__tests__/achievementChecker.test.ts > achievementChecker > getAchievementById > returns achievement for valid id
 ✓ src/__tests__/achievementChecker.test.ts > achievementChecker > getAchievementById > returns null for invalid id
 ✓ src/__tests__/achievementChecker.test.ts > achievementChecker > getTotalAchievementCount > returns correct total count (23 achievements after Round 80 expansion)
 ✓ src/__tests__/achievementChecker.test.ts > achievementChecker > getEarnedAchievementCount > returns correct earned count
 ✓ src/__tests__/achievementChecker.test.ts > achievementChecker > getEarnedAchievementCount > returns 0 for empty set
 ✓ src/__tests__/achievementChecker.test.ts > achievementChecker > getAchievementProgress > returns 0 for no achievements
 ✓ src/__tests__/achievementChecker.test.ts > achievementChecker > getAchievementProgress > returns 4 for 1 of 23 achievements (rounded from 4.35)
 ✓ src/__tests__/achievementChecker.test.ts > achievementChecker > getAchievementProgress > returns 100 for all achievements
 ✓ src/__tests__/accessibility.test.tsx > AI Integration Types > should export AI service interface types
 ✓ src/__tests__/accessibility.test.tsx > AI Integration Types > should have correct error message mappings
 ✓ src/__tests__/accessibility.test.tsx > AI Integration Types > should create mock AI service
 ✓ src/__tests__/alignmentUtils.test.ts > alignmentUtils > calculateAlignmentBounds > should calculate bounds for a single module
 ✓ src/__tests__/alignmentUtils.test.ts > alignmentUtils > calculateAlignmentBounds > should calculate bounds for multiple modules
 ✓ src/__tests__/alignmentUtils.test.ts > alignmentUtils > calculateAlignmentBounds > should return zero bounds for empty array
 ✓ src/__tests__/alignmentUtils.test.ts > alignmentUtils > alignLeft > should align all modules to the leftmost X position
 ✓ src/__tests__/alignmentUtils.test.ts > alignmentUtils > alignLeft > should preserve Y positions
 ✓ src/__tests__/alignmentUtils.test.ts > alignmentUtils > alignCenter > should align modules to approximately the median X position
 ✓ src/__tests__/alignmentUtils.test.ts > alignmentUtils > alignRight > should align modules to the rightmost edge minus their widths
 ✓ src/__tests__/alignmentUtils.test.ts > alignmentUtils > alignTop > should align all modules to the topmost Y position
 ✓ src/__tests__/alignmentUtils.test.ts > alignmentUtils > alignTop > should preserve X positions
 ✓ src/__tests__/alignmentUtils.test.ts > alignmentUtils > alignMiddle > should align modules to approximately the median Y position
 ✓ src/__tests__/alignmentUtils.test.ts > alignmentUtils > alignBottom > should align modules to the bottommost edge minus their heights
 ✓ src/__tests__/alignmentUtils.test.ts > alignmentUtils > alignModules > should call the correct alignment function based on alignment type
 ✓ src/__tests__/alignmentUtils.test.ts > alignmentUtils > alignModules > should return unchanged modules for invalid alignment type
 ✓ src/__tests__/alignmentUtils.test.ts > alignmentUtils > canvas bounds clamping > should clamp aligned modules to stay within canvas bounds
 ✓ src/__tests__/aiNaming.test.ts > AI Naming Service > MockAIService > should generate name within maxLength 302ms
 ✓ src/store/useMachineStore.test.ts > useMachineStore - Module Management > should add all 7 module types
 ✓ src/store/useMachineStore.test.ts > useMachineStore - Module Management > should add output-array module with correct properties
 ✓ src/store/useMachineStore.test.ts > useMachineStore - Module Management > should select and deselect modules
 ✓ src/store/useMachineStore.test.ts > useMachineStore - Module Management > should add module at grid-snapped position
 ✓ src/store/useMachineStore.test.ts > useMachineStore - Module Management > should delete selected module
 ✓ src/store/useMachineStore.test.ts > useMachineStore - Module Management > should toggle grid
 ✓ src/store/useMachineStore.test.ts > useMachineStore - Module Management > should reset viewport
 ✓ src/store/useMachineStore.test.ts > useMachineStore - Module Management > should set machine state
 ✓ src/store/useMachineStore.test.ts > useMachineStore - Module Management > should clear canvas
 ✓ src/store/useMachineStore.test.ts > useMachineStore - Module Management > should load machine state
 ✓ src/store/useMachineStore.test.ts > useMachineStore - Module Management > should update module rotation
 ✓ src/store/useMachineStore.test.ts > useMachineStore - Module Management > should cancel connection
 ✓ src/store/useMachineStore.test.ts > useMachineStore - Undo/Redo > should undo add module action
 ✓ src/store/useMachineStore.test.ts > useMachineStore - Undo/Redo > should track history after adding modules
 ✓ src/store/useMachineStore.test.ts > useMachineStore - Undo/Redo > should not undo when at initial state
 ✓ src/__tests__/accessibility.test.tsx > Loading Overlay > should not Render when isLoading is false
 ✓ src/__tests__/accessibility.test.tsx > Loading Overlay > should Render when isLoading is true
 ✓ src/__tests__/accessibility.test.tsx > Loading Overlay > should display progress when provided
 ✓ src/__tests__/energyPath.test.ts > EnergySparkEmitter utilities > getParticleCountForEnergyLevel > should return minimum 1 for energy level 1
 ✓ src/__tests__/energyPath.test.ts > EnergySparkEmitter utilities > getParticleCountForEnergyLevel > should return 20 for maximum energy level
 ✓ src/__tests__/energyPath.test.ts > EnergySparkEmitter utilities > getParticleCountForEnergyLevel > should scale linearly between min and max
 ✓ src/__tests__/energyPath.test.ts > EnergySparkEmitter utilities > getParticleCountForEnergyLevel > should clamp values below minimum
 ✓ src/__tests__/energyPath.test.ts > EnergySparkEmitter utilities > getParticleCountForEnergyLevel > should clamp values above maximum
 ✓ src/__tests__/energyPath.test.ts > EnergySparkEmitter utilities > getParticleCountForEnergyLevel > should return integer values
 ✓ src/__tests__/energyPath.test.ts > EnergySparkEmitter utilities > getSpeedForEnergyLevel > should return correct value for minimum energy level
 ✓ src/__tests__/energyPath.test.ts > EnergySparkEmitter utilities > getSpeedForEnergyLevel > should return 5 for maximum energy level
 ✓ src/__tests__/energyPath.test.ts > EnergySparkEmitter utilities > getSpeedForEnergyLevel > should scale linearly between min and max
 ✓ src/__tests__/energyPath.test.ts > EnergySparkEmitter utilities > getSpeedForEnergyLevel > should scale above maximum for high values
 ✓ src/__tests__/energyPath.test.ts > EnhancedEnergyPath path direction > should parse path start point correctly
 ✓ src/__tests__/energyPath.test.ts > EnhancedEnergyPath path direction > should handle paths with decimal coordinates
 ✓ src/__tests__/energyPath.test.ts > EnhancedEnergyPath path direction > should handle negative coordinates
 ✓ src/__tests__/energyPath.test.ts > Energy path particle generation > should calculate correct particle count for low energy
 ✓ src/__tests__/energyPath.test.ts > Energy path particle generation > should calculate correct particle count for high energy
 ✓ src/__tests__/energyPath.test.ts > Energy path particle generation > should handle mid-range energy correctly
 ✓ src/__tests__/energyPath.test.ts > Energy path speed scaling > should scale speed with energy level
 ✓ src/__tests__/energyPath.test.ts > Energy path speed scaling > should maintain consistent animation regardless of particle count
 ✓ src/__tests__/energyPath.test.ts > Energy path speed scaling > should stagger particles correctly
 ✓ src/__tests__/energyPath.test.ts > Path state changes > should use default color for idle state
 ✓ src/__tests__/energyPath.test.ts > Path state changes > should use selected color when selected
 ✓ src/__tests__/energyPath.test.ts > Path state changes > should use failure color for failure state
 ✓ src/__tests__/energyPath.test.ts > Path state changes > should use overload color for overload state
 ✓ src/__tests__/energyPath.test.ts > Path state changes > should use failure glow for failure state
 ✓ src/__tests__/energyPath.test.ts > Path state changes > should use overload glow for overload state
 ✓ src/__tests__/energyPath.test.ts > Path state changes > should use active glow for active state
 ✓ src/__tests__/energyPath.test.ts > Path animation behavior > should animate faster with higher speed
 ✓ src/__tests__/energyPath.test.ts > Path animation behavior > should maintain consistent animation regardless of particle count
 ✓ src/__tests__/energyPath.test.ts > Path animation behavior > should stagger particles correctly
 ✓ src/__tests__/duplicateModule.test.ts > Duplicate Module > duplicateModule action > should create a copy of the selected module
 ✓ src/__tests__/duplicateModule.test.ts > Duplicate Module > duplicateModule action > should offset duplicated module by 20px in both directions
 ✓ src/__tests__/duplicateModule.test.ts > Duplicate Module > duplicateModule action > should preserve module type
 ✓ src/__tests__/duplicateModule.test.ts > Duplicate Module > duplicateModule action > should preserve ports configuration
 ✓ src/__tests__/duplicateModule.test.ts > Duplicate Module > duplicateModule action > should assign new unique instanceId
 ✓ src/__tests__/duplicateModule.test.ts > Duplicate Module > duplicateModule action > should generate unique port IDs
 ✓ src/__tests__/duplicateModule.test.ts > Duplicate Module > duplicateModule action > should select the duplicated module
 ✓ src/__tests__/duplicateModule.test.ts > Duplicate Module > duplicateModule action > should save to history
 ✓ src/__tests__/duplicateModule.test.ts > Duplicate Module > duplicateModule action > should do nothing when module does not exist
 ✓ src/__tests__/duplicateModule.test.ts > Duplicate Module > duplicateModule action > should duplicate module with all properties preserved
 ✓ src/__tests__/duplicateModule.test.ts > Duplicate Module > Multiple duplications > should allow multiple duplications in succession
 ✓ src/__tests__/duplicateModule.test.ts > Duplicate Module > Multiple duplications > should stack offsets correctly for consecutive duplications
 ✓ src/__tests__/duplicateModule.test.ts > Duplicate Module > Multiple duplications > should each duplicate be offset from its source by 20px
 ✓ src/__tests__/accessibility.test.tsx > Accessibility Utilities > should export announceToScreenReader function
 ✓ src/__tests__/accessibility.test.tsx > Accessibility Utilities > should export SkipLink component
 ✓ src/__tests__/accessibility.test.tsx > Accessibility Utilities > should export MainLandmark component
 ✓ src/__tests__/accessibility.test.tsx > Error Boundary > should render children when no error
stderr | src/__tests__/accessibility.test.tsx > Error Boundary > should catch and display errors
Error: Uncaught [Error: Test error]
    at reportException (/Users/kingboat/Project/hardness/Harness_Engineering/2Dgame/node_modules/jsdom/lib/jsdom/living/helpers/runtime-script-errors.js:66:24)
    at innerInvokeEventListeners (/Users/kingboat/Project/hardness/Harness_Engineering/2Dgame/node_modules/jsdom/lib/jsdom/living/events/EventTarget-impl.js:353:9)
    at invokeEventListeners (/Users/kingboat/Project/hardness/Harness_Engineering/2Dgame/node_modules/jsdom/lib/jsdom/living/events/EventTarget-impl.js:286:3)
    at HTMLUnknownElementImpl._dispatch (/Users/kingboat/Project/hardness/Harness_Engineering/2Dgame/node_modules/jsdom/lib/jsdom/living/events/EventTarget-impl.js:233:9)
    at HTMLUnknownElementImpl.dispatchEvent (/Users/kingboat/Project/hardness/Harness_Engineering/2Dgame/node_modules/jsdom/lib/jsdom/living/events/EventTarget-impl.js:104:17)
    at HTMLUnknownElement.dispatchEvent (/Users/kingboat/Project/hardness/Harness_Engineering/2Dgame/node_modules/jsdom/lib/jsdom/living/generated/EventTarget.js:241:34)
    at Object.invokeGuardedCallbackDev (/Users/kingboat/Project/hardness/Harness_Engineering/2Dgame/node_modules/react-dom/cjs/react-dom.development.js:4213:16)
    at invokeGuardedCallback (/Users/kingboat/Project/hardness/Harness_Engineering/2Dgame/node_modules/react-dom/cjs/react-dom.development.js:4277:31)
    at beginWork$1 (/Users/kingboat/Project/hardness/Harness_Engineering/2Dgame/node_modules/react-dom/cjs/react-dom.development.js:27490:7)
    at performUnitOfWork (/Users/kingboat/Project/hardness/Harness_Engineering/2Dgame/node_modules/react-dom/cjs/react-dom.development.js:26599:12) Error: Test error
    at ThrowError (/Users/kingboat/Project/hardness/Harness_Engineering/2Dgame/src/__tests__/accessibility.test.tsx:106:13)
    at renderWithHooks (/Users/kingboat/Project/hardness/Harness_Engineering/2Dgame/node_modules/react-dom/cjs/react-dom.development.js:15486:18)
    at mountIndeterminateComponent (/Users/kingboat/Project/hardness/Harness_Engineering/2Dgame/node_modules/react-dom/cjs/react-dom.development.js:20103:13)
    at beginWork (/Users/kingboat/Project/hardness/Harness_Engineering/2Dgame/node_modules/react-dom/cjs/react-dom.development.js:21626:16)
    at HTMLUnknownElement.callCallback (/Users/kingboat/Project/hardness/Harness_Engineering/2Dgame/node_modules/react-dom/cjs/react-dom.development.js:4164:14)
    at HTMLUnknownElement.callTheUserObjectsOperation (/Users/kingboat/Project/hardness/Harness_Engineering/2Dgame/node_modules/jsdom/lib/jsdom/living/generated/EventListener.js:26:30)
    at innerInvokeEventListeners (/Users/kingboat/Project/hardness/Harness_Engineering/2Dgame/node_modules/jsdom/lib/jsdom/living/events/EventTarget-impl.js:350:25)
    at invokeEventListeners (/Users/kingboat/Project/hardness/Harness_Engineering/2Dgame/node_modules/jsdom/lib/jsdom/living/events/EventTarget-impl.js:286:3)
    at HTMLUnknownElementImpl._dispatch (/Users/kingboat/Project/hardness/Harness_Engineering/2Dgame/node_modules/jsdom/lib/jsdom/living/events/EventTarget-impl.js:233:9)
    at HTMLUnknownElementImpl.dispatchEvent (/Users/kingboat/Project/hardness/Harness_Engineering/2Dgame/node_modules/jsdom/lib/jsdom/living/events/EventTarget-impl.js:104:17)
Error: Uncaught [Error: Test error]
    at reportException (/Users/kingboat/Project/hardness/Harness_Engineering/2Dgame/node_modules/jsdom/lib/jsdom/living/helpers/runtime-script-errors.js:66:24)
    at innerInvokeEventListeners (/Users/kingboat/Project/hardness/Harness_Engineering/2Dgame/node_modules/jsdom/lib/jsdom/living/events/EventTarget-impl.js:353:9)
    at invokeEventListeners (/Users/kingboat/Project/hardness/Harness_Engineering/2Dgame/node_modules/jsdom/lib/jsdom/living/events/EventTarget-impl.js:286:3)
    at HTMLUnknownElementImpl._dispatch (/Users/kingboat/Project/hardness/Harness_Engineering/2Dgame/node_modules/jsdom/lib/jsdom/living/events/EventTarget-impl.js:233:9)
    at HTMLUnknownElementImpl.dispatchEvent (/Users/kingboat/Project/hardness/Harness_Engineering/2Dgame/node_modules/jsdom/lib/jsdom/living/events/EventTarget-impl.js:104:17)
    at HTMLUnknownElement.dispatchEvent (/Users/kingboat/Project/hardness/Harness_Engineering/2Dgame/node_modules/jsdom/lib/jsdom/living/generated/EventTarget.js:241:34)
    at Object.invokeGuardedCallbackDev (/Users/kingboat/Project/hardness/Harness_Engineering/2Dgame/node_modules/react-dom/cjs/react-dom.development.js:4213:16)
    at invokeGuardedCallback (/Users/kingboat/Project/hardness/Harness_Engineering/2Dgame/node_modules/react-dom/cjs/react-dom.development.js:4277:31)
    at beginWork$1 (/Users/kingboat/Project/hardness/Harness_Engineering/2Dgame/node_modules/react-dom/cjs/react-dom.development.js:27490:7)
    at performUnitOfWork (/Users/kingboat/Project/hardness/Harness_Engineering/2Dgame/node_modules/react-dom/cjs/react-dom.development.js:26599:12) Error: Test error
    at ThrowError (/Users/kingboat/Project/hardness/Harness_Engineering/2Dgame/src/__tests__/accessibility.test.tsx:106:13)
    at renderWithHooks (/Users/kingboat/Project/hardness/Harness_Engineering/2Dgame/node_modules/react-dom/cjs/react-dom.development.js:15486:18)
    at mountIndeterminateComponent (/Users/kingboat/Project/hardness/Harness_Engineering/2Dgame/node_modules/react-dom/cjs/react-dom.development.js:20103:13)
    at beginWork (/Users/kingboat/Project/hardness/Harness_Engineering/2Dgame/node_modules/react-dom/cjs/react-dom.development.js:21626:16)
    at HTMLUnknownElement.callCallback (/Users/kingboat/Project/hardness/Harness_Engineering/2Dgame/node_modules/react-dom/cjs/react-dom.development.js:4164:14)
    at HTMLUnknownElement.callTheUserObjectsOperation (/Users/kingboat/Project/hardness/Harness_Engineering/2Dgame/node_modules/jsdom/lib/jsdom/living/generated/EventListener.js:26:30)
    at innerInvokeEventListeners (/Users/kingboat/Project/hardness/Harness_Engineering/2Dgame/node_modules/jsdom/lib/jsdom/living/events/EventTarget-impl.js:350:25)
    at invokeEventListeners (/Users/kingboat/Project/hardness/Harness_Engineering/2Dgame/node_modules/jsdom/lib/jsdom/living/events/EventTarget-impl.js:286:3)
    at HTMLUnknownElementImpl._dispatch (/Users/kingboat/Project/hardness/Harness_Engineering/2Dgame/node_modules/jsdom/lib/jsdom/living/events/EventTarget-impl.js:233:9)
    at HTMLUnknownElementImpl.dispatchEvent (/Users/kingboat/Project/hardness/Harness_Engineering/2Dgame/node_modules/jsdom/lib/jsdom/living/events/EventTarget-impl.js:104:17)
The above error occurred in the <ThrowError> component:

    at ThrowError (/Users/kingboat/Project/hardness/Harness_Engineering/2Dgame/src/__tests__/accessibility.test.tsx:108:13)
    at ErrorBoundary (/Users/kingboat/Project/hardness/Harness_Engineering/2Dgame/src/components/ErrorBoundary.tsx:8:5)

React will try to recreate this component tree from scratch using the error boundary you provided, ErrorBoundary.
ErrorBoundary caught an error: Error: Test error
    at ThrowError (/Users/kingboat/Project/hardness/Harness_Engineering/2Dgame/src/__tests__/accessibility.test.tsx:106:13)
    at renderWithHooks (/Users/kingboat/Project/hardness/Harness_Engineering/2Dgame/node_modules/react-dom/cjs/react-dom.development.js:15486:18)
    at mountIndeterminateComponent (/Users/kingboat/Project/hardness/Harness_Engineering/2Dgame/node_modules/react-dom/cjs/react-dom.development.js:20103:13)
    at beginWork (/Users/kingboat/Project/hardness/Harness_Engineering/2Dgame/node_modules/react-dom/cjs/react-dom.development.js:21626:16)
    at beginWork$1 (/Users/kingboat/Project/hardness/Harness_Engineering/2Dgame/node_modules/react-dom/cjs/react-dom.development.js:27465:14)
    at performUnitOfWork (/Users/kingboat/Project/hardness/Harness_Engineering/2Dgame/node_modules/react-dom/cjs/react-dom.development.js:26599:12)
    at workLoopSync (/Users/kingboat/Project/hardness/Harness_Engineering/2Dgame/node_modules/react-dom/cjs/react-dom.development.js:26505:5)
    at renderRootSync (/Users/kingboat/Project/hardness/Harness_Engineering/2Dgame/node_modules/react-dom/cjs/react-dom.development.js:26473:7)
    at recoverFromConcurrentError (/Users/kingboat/Project/hardness/Harness_Engineering/2Dgame/node_modules/react-dom/cjs/react-dom.development.js:25889:20)
    at performConcurrentWorkOnRoot (/Users/kingboat/Project/hardness/Harness_Engineering/2Dgame/node_modules/react-dom/cjs/react-dom.development.js:25789:22) {
  componentStack: '\n' +
    '    at ThrowError (/Users/kingboat/Project/hardness/Harness_Engineering/2Dgame/src/__tests__/accessibility.test.tsx:108:13)\n' +
    '    at ErrorBoundary (/Users/kingboat/Project/hardness/Harness_Engineering/2Dgame/src/components/ErrorBoundary.tsx:8:5)'
}

 ✓ src/__tests__/Toolbar.test.ts > Toolbar Auto-Layout Integration > Layout functions for UI integration > autoArrange should provide layout data for toolbar integration
 ✓ src/__tests__/Toolbar.test.ts > Toolbar Auto-Layout Integration > Layout functions for UI integration > autoArrangeCircular should create circular layout for visual appeal
 ✓ src/__tests__/Toolbar.test.ts > Toolbar Auto-Layout Integration > Layout functions for UI integration > autoArrangeLine should create horizontal line for sequential layouts
 ✓ src/__tests__/Toolbar.test.ts > Toolbar Auto-Layout Integration > Layout functions for UI integration > autoArrangeCascade should create staggered layout for visual interest
 ✓ src/__tests__/Toolbar.test.ts > Toolbar Auto-Layout Integration > Layout functions for UI integration > all layout functions should handle empty modules array
 ✓ src/__tests__/Toolbar.test.ts > Toolbar Auto-Layout Integration > Layout functions for UI integration > all layout functions should preserve module instance IDs
 ✓ src/__tests__/Toolbar.test.ts > Toolbar Auto-Layout Integration > Layout functions for UI integration > all layout functions should preserve module properties
 ✓ src/__tests__/Toolbar.test.ts > Toolbar Auto-Layout Integration > Layout functions for UI integration > all layout functions should handle single module centering
 ✓ src/__tests__/Toolbar.test.ts > Toolbar Auto-Layout Integration > Layout functions for UI integration > layout functions should work with various container sizes
 ✓ src/__tests__/Toolbar.test.ts > Toolbar Auto-Layout Integration > Layout functions for UI integration > connections should be preserved in all layout functions
 ✓ src/__tests__/machinePresets.test.ts > Machine Presets > Preset validation (TM8) > should have exactly 5 presets
 ✓ src/__tests__/machinePresets.test.ts > Machine Presets > Preset validation (TM8) > should have void-reverence preset with ≥4 modules and ≥3 connections
 ✓ src/__tests__/machinePresets.test.ts > Machine Presets > Preset validation (TM8) > should have molten-forge preset with ≥4 modules and ≥3 connections
 ✓ src/__tests__/machinePresets.test.ts > Machine Presets > Preset validation (TM8) > should have thunder-resonance preset with ≥4 modules and ≥3 connections
 ✓ src/__tests__/machinePresets.test.ts > Machine Presets > Preset validation (TM8) > should have arcane-matrix preset with ≥4 modules and ≥3 connections
 ✓ src/__tests__/machinePresets.test.ts > Machine Presets > Preset validation (TM8) > should have stellar-harmony preset with ≥4 modules and ≥3 connections
 ✓ src/__tests__/machinePresets.test.ts > Machine Presets > Preset validation (TM8) > should pass validation for all presets
 ✓ src/__tests__/machinePresets.test.ts > Machine Presets > Preset structure > should have required fields for each preset
 ✓ src/__tests__/machinePresets.test.ts > Machine Presets > Preset structure > should have valid faction IDs
 ✓ src/__tests__/machinePresets.test.ts > Machine Presets > Preset structure > should have unique IDs for all presets
 ✓ src/__tests__/machinePresets.test.ts > Machine Presets > Module validity > should have valid module instances with all required fields
 ✓ src/__tests__/machinePresets.test.ts > Machine Presets > Module validity > should have modules with valid port configurations
 ✓ src/__tests__/machinePresets.test.ts > Machine Presets > Connection validity > should have valid connection instances with all required fields
 ✓ src/__tests__/machinePresets.test.ts > Machine Presets > Connection validity > should reference valid module instances in connections
 ✓ src/__tests__/machinePresets.test.ts > Machine Presets > getPresetById > should return correct preset for valid ID
 ✓ src/__tests__/machinePresets.test.ts > Machine Presets > getPresetById > should return undefined for invalid ID
 ✓ src/__tests__/machinePresets.test.ts > Machine Presets > getPresetsByFaction > should return presets for a specific faction
 ✓ src/__tests__/machinePresets.test.ts > Machine Presets > getPresetsByFaction > should return empty array for faction with no presets
 ✓ src/__tests__/machinePresets.test.ts > Machine Presets > Preset diversity > should have different factions represented
 ✓ src/__tests__/machinePresets.test.ts > Machine Presets > Preset diversity > should have modules with different types in each preset
 ✓ src/__tests__/accessibility.test.tsx > Error Boundary > should catch and display errors
stderr | src/__tests__/accessibility.test.tsx > Error Boundary > should allow retry on error
Error: Uncaught [Error: Test error]
    at reportException (/Users/kingboat/Project/hardness/Harness_Engineering/2Dgame/node_modules/jsdom/lib/jsdom/living/helpers/runtime-script-errors.js:66:24)
    at innerInvokeEventListeners (/Users/kingboat/Project/hardness/Harness_Engineering/2Dgame/node_modules/jsdom/lib/jsdom/living/events/EventTarget-impl.js:353:9)
    at invokeEventListeners (/Users/kingboat/Project/hardness/Harness_Engineering/2Dgame/node_modules/jsdom/lib/jsdom/living/events/EventTarget-impl.js:286:3)
    at HTMLUnknownElementImpl._dispatch (/Users/kingboat/Project/hardness/Harness_Engineering/2Dgame/node_modules/jsdom/lib/jsdom/living/events/EventTarget-impl.js:233:9)
    at HTMLUnknownElementImpl.dispatchEvent (/Users/kingboat/Project/hardness/Harness_Engineering/2Dgame/node_modules/jsdom/lib/jsdom/living/events/EventTarget-impl.js:104:17)
    at HTMLUnknownElement.dispatchEvent (/Users/kingboat/Project/hardness/Harness_Engineering/2Dgame/node_modules/jsdom/lib/jsdom/living/generated/EventTarget.js:241:34)
    at Object.invokeGuardedCallbackDev (/Users/kingboat/Project/hardness/Harness_Engineering/2Dgame/node_modules/react-dom/cjs/react-dom.development.js:4213:16)
    at invokeGuardedCallback (/Users/kingboat/Project/hardness/Harness_Engineering/2Dgame/node_modules/react-dom/cjs/react-dom.development.js:4277:31)
    at beginWork$1 (/Users/kingboat/Project/hardness/Harness_Engineering/2Dgame/node_modules/react-dom/cjs/react-dom.development.js:27490:7)
    at performUnitOfWork (/Users/kingboat/Project/hardness/Harness_Engineering/2Dgame/node_modules/react-dom/cjs/react-dom.development.js:26599:12) Error: Test error
    at ThrowError (/Users/kingboat/Project/hardness/Harness_Engineering/2Dgame/src/__tests__/accessibility.test.tsx:124:13)
    at renderWithHooks (/Users/kingboat/Project/hardness/Harness_Engineering/2Dgame/node_modules/react-dom/cjs/react-dom.development.js:15486:18)
    at mountIndeterminateComponent (/Users/kingboat/Project/hardness/Harness_Engineering/2Dgame/node_modules/react-dom/cjs/react-dom.development.js:20103:13)
    at beginWork (/Users/kingboat/Project/hardness/Harness_Engineering/2Dgame/node_modules/react-dom/cjs/react-dom.development.js:21626:16)
    at HTMLUnknownElement.callCallback (/Users/kingboat/Project/hardness/Harness_Engineering/2Dgame/node_modules/react-dom/cjs/react-dom.development.js:4164:14)
    at HTMLUnknownElement.callTheUserObjectsOperation (/Users/kingboat/Project/hardness/Harness_Engineering/2Dgame/node_modules/jsdom/lib/jsdom/living/generated/EventListener.js:26:30)
    at innerInvokeEventListeners (/Users/kingboat/Project/hardness/Harness_Engineering/2Dgame/node_modules/jsdom/lib/jsdom/living/events/EventTarget-impl.js:350:25)
    at invokeEventListeners (/Users/kingboat/Project/hardness/Harness_Engineering/2Dgame/node_modules/jsdom/lib/jsdom/living/events/EventTarget-impl.js:286:3)
    at HTMLUnknownElementImpl._dispatch (/Users/kingboat/Project/hardness/Harness_Engineering/2Dgame/node_modules/jsdom/lib/jsdom/living/events/EventTarget-impl.js:233:9)
    at HTMLUnknownElementImpl.dispatchEvent (/Users/kingboat/Project/hardness/Harness_Engineering/2Dgame/node_modules/jsdom/lib/jsdom/living/events/EventTarget-impl.js:104:17)
Error: Uncaught [Error: Test error]
    at reportException (/Users/kingboat/Project/hardness/Harness_Engineering/2Dgame/node_modules/jsdom/lib/jsdom/living/helpers/runtime-script-errors.js:66:24)
    at innerInvokeEventListeners (/Users/kingboat/Project/hardness/Harness_Engineering/2Dgame/node_modules/jsdom/lib/jsdom/living/events/EventTarget-impl.js:353:9)
    at invokeEventListeners (/Users/kingboat/Project/hardness/Harness_Engineering/2Dgame/node_modules/jsdom/lib/jsdom/living/events/EventTarget-impl.js:286:3)
    at HTMLUnknownElementImpl._dispatch (/Users/kingboat/Project/hardness/Harness_Engineering/2Dgame/node_modules/jsdom/lib/jsdom/living/events/EventTarget-impl.js:233:9)
    at HTMLUnknownElementImpl.dispatchEvent (/Users/kingboat/Project/hardness/Harness_Engineering/2Dgame/node_modules/jsdom/lib/jsdom/living/events/EventTarget-impl.js:104:17)
    at HTMLUnknownElement.dispatchEvent (/Users/kingboat/Project/hardness/Harness_Engineering/2Dgame/node_modules/jsdom/lib/jsdom/living/generated/EventTarget.js:241:34)
    at Object.invokeGuardedCallbackDev (/Users/kingboat/Project/hardness/Harness_Engineering/2Dgame/node_modules/react-dom/cjs/react-dom.development.js:4213:16)
    at invokeGuardedCallback (/Users/kingboat/Project/hardness/Harness_Engineering/2Dgame/node_modules/react-dom/cjs/react-dom.development.js:4277:31)
    at beginWork$1 (/Users/kingboat/Project/hardness/Harness_Engineering/2Dgame/node_modules/react-dom/cjs/react-dom.development.js:27490:7)
    at performUnitOfWork (/Users/kingboat/Project/hardness/Harness_Engineering/2Dgame/node_modules/react-dom/cjs/react-dom.development.js:26599:12) Error: Test error
    at ThrowError (/Users/kingboat/Project/hardness/Harness_Engineering/2Dgame/src/__tests__/accessibility.test.tsx:124:13)
    at renderWithHooks (/Users/kingboat/Project/hardness/Harness_Engineering/2Dgame/node_modules/react-dom/cjs/react-dom.development.js:15486:18)
    at mountIndeterminateComponent (/Users/kingboat/Project/hardness/Harness_Engineering/2Dgame/node_modules/react-dom/cjs/react-dom.development.js:20103:13)
    at beginWork (/Users/kingboat/Project/hardness/Harness_Engineering/2Dgame/node_modules/react-dom/cjs/react-dom.development.js:21626:16)
    at HTMLUnknownElement.callCallback (/Users/kingboat/Project/hardness/Harness_Engineering/2Dgame/node_modules/react-dom/cjs/react-dom.development.js:4164:14)
    at HTMLUnknownElement.callTheUserObjectsOperation (/Users/kingboat/Project/hardness/Harness_Engineering/2Dgame/node_modules/jsdom/lib/jsdom/living/generated/EventListener.js:26:30)
    at innerInvokeEventListeners (/Users/kingboat/Project/hardness/Harness_Engineering/2Dgame/node_modules/jsdom/lib/jsdom/living/events/EventTarget-impl.js:350:25)
    at invokeEventListeners (/Users/kingboat/Project/hardness/Harness_Engineering/2Dgame/node_modules/jsdom/lib/jsdom/living/events/EventTarget-impl.js:286:3)
    at HTMLUnknownElementImpl._dispatch (/Users/kingboat/Project/hardness/Harness_Engineering/2Dgame/node_modules/jsdom/lib/jsdom/living/events/EventTarget-impl.js:233:9)
    at HTMLUnknownElementImpl.dispatchEvent (/Users/kingboat/Project/hardness/Harness_Engineering/2Dgame/node_modules/jsdom/lib/jsdom/living/events/EventTarget-impl.js:104:17)
The above error occurred in the <ThrowError> component:

    at ThrowError (/Users/kingboat/Project/hardness/Harness_Engineering/2Dgame/src/__tests__/accessibility.test.tsx:128:13)
    at ErrorBoundary (/Users/kingboat/Project/hardness/Harness_Engineering/2Dgame/src/components/ErrorBoundary.tsx:8:5)

React will try to recreate this component tree from scratch using the error boundary you provided, ErrorBoundary.
ErrorBoundary caught an error: Error: Test error
    at ThrowError (/Users/kingboat/Project/hardness/Harness_Engineering/2Dgame/src/__tests__/accessibility.test.tsx:124:13)
    at renderWithHooks (/Users/kingboat/Project/hardness/Harness_Engineering/2Dgame/node_modules/react-dom/cjs/react-dom.development.js:15486:18)
    at mountIndeterminateComponent (/Users/kingboat/Project/hardness/Harness_Engineering/2Dgame/node_modules/react-dom/cjs/react-dom.development.js:20103:13)
    at beginWork (/Users/kingboat/Project/hardness/Harness_Engineering/2Dgame/node_modules/react-dom/cjs/react-dom.development.js:21626:16)
    at beginWork$1 (/Users/kingboat/Project/hardness/Harness_Engineering/2Dgame/node_modules/react-dom/cjs/react-dom.development.js:27465:14)
    at performUnitOfWork (/Users/kingboat/Project/hardness/Harness_Engineering/2Dgame/node_modules/react-dom/cjs/react-dom.development.js:26599:12)
    at workLoopSync (/Users/kingboat/Project/hardness/Harness_Engineering/2Dgame/node_modules/react-dom/cjs/react-dom.development.js:26505:5)
    at renderRootSync (/Users/kingboat/Project/hardness/Harness_Engineering/2Dgame/node_modules/react-dom/cjs/react-dom.development.js:26473:7)
    at recoverFromConcurrentError (/Users/kingboat/Project/hardness/Harness_Engineering/2Dgame/node_modules/react-dom/cjs/react-dom.development.js:25889:20)
    at performConcurrentWorkOnRoot (/Users/kingboat/Project/hardness/Harness_Engineering/2Dgame/node_modules/react-dom/cjs/react-dom.development.js:25789:22) {
  componentStack: '\n' +
    '    at ThrowError (/Users/kingboat/Project/hardness/Harness_Engineering/2Dgame/src/__tests__/accessibility.test.tsx:128:13)\n' +
    '    at ErrorBoundary (/Users/kingboat/Project/hardness/Harness_Engineering/2Dgame/src/components/ErrorBoundary.tsx:8:5)'
}

stderr | src/__tests__/accessibility.test.tsx > Error Boundary > should allow retry on error
Error: Uncaught [Error: Test error]
    at reportException (/Users/kingboat/Project/hardness/Harness_Engineering/2Dgame/node_modules/jsdom/lib/jsdom/living/helpers/runtime-script-errors.js:66:24)
    at innerInvokeEventListeners (/Users/kingboat/Project/hardness/Harness_Engineering/2Dgame/node_modules/jsdom/lib/jsdom/living/events/EventTarget-impl.js:353:9)
    at invokeEventListeners (/Users/kingboat/Project/hardness/Harness_Engineering/2Dgame/node_modules/jsdom/lib/jsdom/living/events/EventTarget-impl.js:286:3)
    at HTMLUnknownElementImpl._dispatch (/Users/kingboat/Project/hardness/Harness_Engineering/2Dgame/node_modules/jsdom/lib/jsdom/living/events/EventTarget-impl.js:233:9)
    at HTMLUnknownElementImpl.dispatchEvent (/Users/kingboat/Project/hardness/Harness_Engineering/2Dgame/node_modules/jsdom/lib/jsdom/living/events/EventTarget-impl.js:104:17)
    at HTMLUnknownElement.dispatchEvent (/Users/kingboat/Project/hardness/Harness_Engineering/2Dgame/node_modules/jsdom/lib/jsdom/living/generated/EventTarget.js:241:34)
    at Object.invokeGuardedCallbackDev (/Users/kingboat/Project/hardness/Harness_Engineering/2Dgame/node_modules/react-dom/cjs/react-dom.development.js:4213:16)
    at invokeGuardedCallback (/Users/kingboat/Project/hardness/Harness_Engineering/2Dgame/node_modules/react-dom/cjs/react-dom.development.js:4277:31)
    at beginWork$1 (/Users/kingboat/Project/hardness/Harness_Engineering/2Dgame/node_modules/react-dom/cjs/react-dom.development.js:27490:7)
    at performUnitOfWork (/Users/kingboat/Project/hardness/Harness_Engineering/2Dgame/node_modules/react-dom/cjs/react-dom.development.js:26599:12) Error: Test error
    at ThrowError (/Users/kingboat/Project/hardness/Harness_Engineering/2Dgame/src/__tests__/accessibility.test.tsx:124:13)
    at renderWithHooks (/Users/kingboat/Project/hardness/Harness_Engineering/2Dgame/node_modules/react-dom/cjs/react-dom.development.js:15486:18)
    at mountIndeterminateComponent (/Users/kingboat/Project/hardness/Harness_Engineering/2Dgame/node_modules/react-dom/cjs/react-dom.development.js:20103:13)
    at beginWork (/Users/kingboat/Project/hardness/Harness_Engineering/2Dgame/node_modules/react-dom/cjs/react-dom.development.js:21626:16)
    at HTMLUnknownElement.callCallback (/Users/kingboat/Project/hardness/Harness_Engineering/2Dgame/node_modules/react-dom/cjs/react-dom.development.js:4164:14)
    at HTMLUnknownElement.callTheUserObjectsOperation (/Users/kingboat/Project/hardness/Harness_Engineering/2Dgame/node_modules/jsdom/lib/jsdom/living/generated/EventListener.js:26:30)
    at innerInvokeEventListeners (/Users/kingboat/Project/hardness/Harness_Engineering/2Dgame/node_modules/jsdom/lib/jsdom/living/events/EventTarget-impl.js:350:25)
    at invokeEventListeners (/Users/kingboat/Project/hardness/Harness_Engineering/2Dgame/node_modules/jsdom/lib/jsdom/living/events/EventTarget-impl.js:286:3)
    at HTMLUnknownElementImpl._dispatch (/Users/kingboat/Project/hardness/Harness_Engineering/2Dgame/node_modules/jsdom/lib/jsdom/living/events/EventTarget-impl.js:233:9)
    at HTMLUnknownElementImpl.dispatchEvent (/Users/kingboat/Project/hardness/Harness_Engineering/2Dgame/node_modules/jsdom/lib/jsdom/living/events/EventTarget-impl.js:104:17)
Error: Uncaught [Error: Test error]
    at reportException (/Users/kingboat/Project/hardness/Harness_Engineering/2Dgame/node_modules/jsdom/lib/jsdom/living/helpers/runtime-script-errors.js:66:24)
    at innerInvokeEventListeners (/Users/kingboat/Project/hardness/Harness_Engineering/2Dgame/node_modules/jsdom/lib/jsdom/living/events/EventTarget-impl.js:353:9)
    at invokeEventListeners (/Users/kingboat/Project/hardness/Harness_Engineering/2Dgame/node_modules/jsdom/lib/jsdom/living/events/EventTarget-impl.js:286:3)
    at HTMLUnknownElementImpl._dispatch (/Users/kingboat/Project/hardness/Harness_Engineering/2Dgame/node_modules/jsdom/lib/jsdom/living/events/EventTarget-impl.js:233:9)
    at HTMLUnknownElementImpl.dispatchEvent (/Users/kingboat/Project/hardness/Harness_Engineering/2Dgame/node_modules/jsdom/lib/jsdom/living/events/EventTarget-impl.js:104:17)
    at HTMLUnknownElement.dispatchEvent (/Users/kingboat/Project/hardness/Harness_Engineering/2Dgame/node_modules/jsdom/lib/jsdom/living/generated/EventTarget.js:241:34)
    at Object.invokeGuardedCallbackDev (/Users/kingboat/Project/hardness/Harness_Engineering/2Dgame/node_modules/react-dom/cjs/react-dom.development.js:4213:16)
    at invokeGuardedCallback (/Users/kingboat/Project/hardness/Harness_Engineering/2Dgame/node_modules/react-dom/cjs/react-dom.development.js:4277:31)
    at beginWork$1 (/Users/kingboat/Project/hardness/Harness_Engineering/2Dgame/node_modules/react-dom/cjs/react-dom.development.js:27490:7)
    at performUnitOfWork (/Users/kingboat/Project/hardness/Harness_Engineering/2Dgame/node_modules/react-dom/cjs/react-dom.development.js:26599:12) Error: Test error
    at ThrowError (/Users/kingboat/Project/hardness/Harness_Engineering/2Dgame/src/__tests__/accessibility.test.tsx:124:13)
    at renderWithHooks (/Users/kingboat/Project/hardness/Harness_Engineering/2Dgame/node_modules/react-dom/cjs/react-dom.development.js:15486:18)
    at mountIndeterminateComponent (/Users/kingboat/Project/hardness/Harness_Engineering/2Dgame/node_modules/react-dom/cjs/react-dom.development.js:20103:13)
    at beginWork (/Users/kingboat/Project/hardness/Harness_Engineering/2Dgame/node_modules/react-dom/cjs/react-dom.development.js:21626:16)
    at HTMLUnknownElement.callCallback (/Users/kingboat/Project/hardness/Harness_Engineering/2Dgame/node_modules/react-dom/cjs/react-dom.development.js:4164:14)
    at HTMLUnknownElement.callTheUserObjectsOperation (/Users/kingboat/Project/hardness/Harness_Engineering/2Dgame/node_modules/jsdom/lib/jsdom/living/generated/EventListener.js:26:30)
    at innerInvokeEventListeners (/Users/kingboat/Project/hardness/Harness_Engineering/2Dgame/node_modules/jsdom/lib/jsdom/living/events/EventTarget-impl.js:350:25)
    at invokeEventListeners (/Users/kingboat/Project/hardness/Harness_Engineering/2Dgame/node_modules/jsdom/lib/jsdom/living/events/EventTarget-impl.js:286:3)
    at HTMLUnknownElementImpl._dispatch (/Users/kingboat/Project/hardness/Harness_Engineering/2Dgame/node_modules/jsdom/lib/jsdom/living/events/EventTarget-impl.js:233:9)
    at HTMLUnknownElementImpl.dispatchEvent (/Users/kingboat/Project/hardness/Harness_Engineering/2Dgame/node_modules/jsdom/lib/jsdom/living/events/EventTarget-impl.js:104:17)
The above error occurred in the <ThrowError> component:

    at ThrowError (/Users/kingboat/Project/hardness/Harness_Engineering/2Dgame/src/__tests__/accessibility.test.tsx:128:13)
    at ErrorBoundary (/Users/kingboat/Project/hardness/Harness_Engineering/2Dgame/src/components/ErrorBoundary.tsx:8:5)

React will try to recreate this component tree from scratch using the error boundary you provided, ErrorBoundary.
ErrorBoundary caught an error: Error: Test error
    at ThrowError (/Users/kingboat/Project/hardness/Harness_Engineering/2Dgame/src/__tests__/accessibility.test.tsx:124:13)
    at renderWithHooks (/Users/kingboat/Project/hardness/Harness_Engineering/2Dgame/node_modules/react-dom/cjs/react-dom.development.js:15486:18)
    at mountIndeterminateComponent (/Users/kingboat/Project/hardness/Harness_Engineering/2Dgame/node_modules/react-dom/cjs/react-dom.development.js:20103:13)
    at beginWork (/Users/kingboat/Project/hardness/Harness_Engineering/2Dgame/node_modules/react-dom/cjs/react-dom.development.js:21626:16)
    at beginWork$1 (/Users/kingboat/Project/hardness/Harness_Engineering/2Dgame/node_modules/react-dom/cjs/react-dom.development.js:27465:14)
    at performUnitOfWork (/Users/kingboat/Project/hardness/Harness_Engineering/2Dgame/node_modules/react-dom/cjs/react-dom.development.js:26599:12)
    at workLoopSync (/Users/kingboat/Project/hardness/Harness_Engineering/2Dgame/node_modules/react-dom/cjs/react-dom.development.js:26505:5)
    at renderRootSync (/Users/kingboat/Project/hardness/Harness_Engineering/2Dgame/node_modules/react-dom/cjs/react-dom.development.js:26473:7)
    at recoverFromConcurrentError (/Users/kingboat/Project/hardness/Harness_Engineering/2Dgame/node_modules/react-dom/cjs/react-dom.development.js:25889:20)
    at performSyncWorkOnRoot (/Users/kingboat/Project/hardness/Harness_Engineering/2Dgame/node_modules/react-dom/cjs/react-dom.development.js:26135:20) {
  componentStack: '\n' +
    '    at ThrowError (/Users/kingboat/Project/hardness/Harness_Engineering/2Dgame/src/__tests__/accessibility.test.tsx:128:13)\n' +
    '    at ErrorBoundary (/Users/kingboat/Project/hardness/Harness_Engineering/2Dgame/src/components/ErrorBoundary.tsx:8:5)'
}

 ✓ src/__tests__/aiNaming.test.ts > AI Naming Service > MockAIService > should include alternatives when available 302ms
 ✓ src/__tests__/aiNaming.test.ts > AI Naming Service > MockAIService > should be available immediately (mock service)
 ✓ src/__tests__/aiNaming.test.ts > AI Naming Service > MockAIService > should return correct provider config
 ✓ src/__tests__/aiNaming.test.ts > AI Naming Service > getAIService singleton > should return the same instance
 ✓ src/__tests__/aiNaming.test.ts > AI Naming Service > getAIService singleton > should return a mock service by default
 ✓ src/__tests__/aiNaming.test.ts > AI Naming Service > getAIService singleton > should allow setting a custom service
 ✓ src/__tests__/accessibility.test.tsx > Error Boundary > should allow retry on error
 ✓ src/__tests__/accessibility.test.tsx > useKeyboardNavigation > should export hook
 ✓ src/__tests__/accessibility.test.tsx > Mobile Layout > should export useIsMobile hook
 ✓ src/__tests__/accessibility.test.tsx > Mobile Layout > should export useViewportSize hook
 ✓ src/__tests__/accessibility.test.tsx > Mobile Layout > should export MobileCanvasLayout component
 ✓ src/__tests__/accessibility.test.tsx > Accessible Components > should export AccessibleCanvas
 ✓ src/__tests__/useSettingsStore.test.ts > useSettingsStore > Store Creation > should have default providerType as local
 ✓ src/__tests__/useSettingsStore.test.ts > useSettingsStore > Store Creation > should provide setProviderType function
 ✓ src/__tests__/useSettingsStore.test.ts > useSettingsStore > Store Creation > should provide updateAIProviderConfig function
 ✓ src/__tests__/useSettingsStore.test.ts > useSettingsStore > Store Creation > should provide resetAIProvider function
 ✓ src/__tests__/useSettingsStore.test.ts > useSettingsStore > Store Creation > should provide getProviderType function
 ✓ src/__tests__/useSettingsStore.test.ts > useSettingsStore > Provider Type Updates > should update providerType when setProviderType is called
 ✓ src/__tests__/useSettingsStore.test.ts > useSettingsStore > Provider Type Updates > should update providerType to anthropic
 ✓ src/__tests__/useSettingsStore.test.ts > useSettingsStore > Provider Type Updates > should update providerType to gemini
 ✓ src/__tests__/useSettingsStore.test.ts > useSettingsStore > Provider Type Updates > should allow switching back to local
 ✓ src/__tests__/useSettingsStore.test.ts > useSettingsStore > Configuration Updates > should update apiKey when updateAIProviderConfig is called with apiKey
 ✓ src/__tests__/useSettingsStore.test.ts > useSettingsStore > Configuration Updates > should update multiple config fields at once
 ✓ src/__tests__/useSettingsStore.test.ts > useSettingsStore > Configuration Updates > should preserve existing fields when updating single field
 ✓ src/__tests__/useSettingsStore.test.ts > useSettingsStore > Reset Functionality > should reset to default provider (local) when resetAIProvider is called
 ✓ src/__tests__/useSettingsStore.test.ts > useSettingsStore > Reset Functionality > should clear apiKey on reset
 ✓ src/__tests__/useSettingsStore.test.ts > useSettingsStore > getProviderType Function > should return current provider type
 ✓ src/__tests__/useSettingsStore.test.ts > useSettingsStore > getProviderType Function > should return local by default after reset
 ✓ src/__tests__/useSettingsStore.test.ts > useSettingsStore > Provider Display Names > should have display name for local provider
 ✓ src/__tests__/useSettingsStore.test.ts > useSettingsStore > Provider Display Names > should have display name for openai provider
 ✓ src/__tests__/useSettingsStore.test.ts > useSettingsStore > Provider Display Names > should have display name for anthropic provider
 ✓ src/__tests__/useSettingsStore.test.ts > useSettingsStore > Provider Display Names > should have display name for gemini provider
 ✓ src/__tests__/useSettingsStore.test.ts > useSettingsStore > Provider Icons > should have icon for local provider
 ✓ src/__tests__/useSettingsStore.test.ts > useSettingsStore > Provider Icons > should have icon for openai provider
 ✓ src/__tests__/useSettingsStore.test.ts > useSettingsStore > Provider Icons > should have icon for anthropic provider
 ✓ src/__tests__/useSettingsStore.test.ts > useSettingsStore > Provider Icons > should have icon for gemini provider
 ✓ src/__tests__/accessibility.test.tsx > Accessible Components > should export AccessibleModulePanel
 ✓ src/__tests__/accessibility.test.tsx > Screen Reader Announcements > should create announcer element
 ✓ src/__tests__/accessibility.test.tsx > Inline Loader > should render with correct class for small size
 ✓ src/__tests__/accessibility.test.tsx > Inline Loader > should render with correct class for large size
 ✓ src/__tests__/accessibility.test.tsx > Skeleton Loader > should render text variant with correct class
 ✓ src/__tests__/accessibility.test.tsx > Skeleton Loader > should render circle variant with correct class
 ✓ src/__tests__/machineComparison.test.tsx > AC1: Machine Comparison Logic > should compare two machines correctly
 ✓ src/__tests__/machineComparison.test.tsx > AC1: Machine Comparison Logic > should calculate score differences
 ✓ src/__tests__/machineComparison.test.tsx > AC1: Machine Comparison Logic > should return stability difference
 ✓ src/__tests__/machineComparison.test.tsx > AC1: Machine Comparison Logic > should return power difference
 ✓ src/__tests__/machineComparison.test.tsx > AC1: Machine Comparison Logic > should return energy cost difference
 ✓ src/__tests__/machineComparison.test.tsx > AC1: Machine Comparison Logic > should return score difference
 ✓ src/__tests__/machineComparison.test.tsx > AC1: Machine Comparison Logic > should handle machines with different module counts
 ✓ src/__tests__/machineComparison.test.tsx > AC1: Machine Comparison Logic > should handle machines with connections
 ✓ src/__tests__/machineComparison.test.tsx > AC1: Machine Comparison Logic > should calculate different scores for different machines
 ✓ src/__tests__/machineComparison.test.tsx > AC1: Machine Comparison Logic > should provide machine performance scores
 ✓ src/__tests__/machineComparison.test.tsx > Comparison with Different Rarities > should compare legendary vs common
 ✓ src/__tests__/machineComparison.test.tsx > Comparison with Different Rarities > should compare epic vs rare
 ✓ src/__tests__/machineComparison.test.tsx > Comparison with Different Rarities > should compare same rarity machines
 ✓ src/__tests__/machineComparison.test.tsx > Test Count > should have sufficient tests for AC1 coverage
 ✓ src/__tests__/aiNaming.test.ts > AI Naming Service > AI Name Request validation > should accept valid name request 302ms
 ✓ src/__tests__/exportService.test.ts > exportService > generateCodexCardSVG > should generate valid SVG with machine title
 ✓ src/__tests__/exportService.test.ts > exportService > generateCodexCardSVG > should generate SVG with machine visualization
 ✓ src/__tests__/exportService.test.ts > exportService > generateCodexCardSVG > should generate SVG with attribute panel
 ✓ src/__tests__/exportService.test.ts > exportService > generateCodexCardSVG > should generate SVG with decorative border
 ✓ src/__tests__/exportService.test.ts > exportService > generateCodexCardSVG > should generate SVG with faction seal
 ✓ src/__tests__/exportService.test.ts > exportService > generateCodexCardSVG > should generate SVG with machine ID
 ✓ src/__tests__/exportService.test.ts > exportService > generateCodexCardSVG > should handle empty modules array
 ✓ src/__tests__/exportService.test.ts > exportService > generateCodexCardSVG > should include connections in SVG
 ✓ src/__tests__/exportService.test.ts > exportService > generateCodexCardSVG > should include rarity badge in SVG
 ✓ src/__tests__/exportService.test.ts > exportService > generateCodexCardSVG > should include faction color theming
 ✓ src/__tests__/exportService.test.ts > exportService > generateCodexCardSVG > should have valid SVG structure
 ✓ src/__tests__/exportService.test.ts > exportService > exportAsCodexCard > should export as SVG when format is svg
 ✓ src/__tests__/exportService.test.ts > exportService > exportAsCodexCard > should produce valid SVG when exporting as svg
 ✓ src/__tests__/exportService.test.ts > exportService > exportAsCodexCard > should throw error for invalid SVG
 ✓ src/__tests__/exportService.test.ts > exportService > exportAsCodexCard > should complete export within reasonable time for small machine
 ✓ src/__tests__/exportService.test.ts > exportService > exportAsCodexCard > should include all required poster elements in exported SVG
 ✓ src/__tests__/duplicateDetector.test.ts > duplicateDetector > createMachineSignature > should create signature for empty machine
 ✓ src/__tests__/duplicateDetector.test.ts > duplicateDetector > createMachineSignature > should create signature with module types
 ✓ src/__tests__/duplicateDetector.test.ts > duplicateDetector > createMachineSignature > should include connection count
 ✓ src/__tests__/duplicateDetector.test.ts > duplicateDetector > calculateSignatureSimilarity > should return 100% for identical signatures
 ✓ src/__tests__/duplicateDetector.test.ts > duplicateDetector > calculateSignatureSimilarity > should return lower similarity for different module counts
 ✓ src/__tests__/duplicateDetector.test.ts > duplicateDetector > calculateSignatureSimilarity > should return lower similarity for different module types
 ✓ src/__tests__/duplicateDetector.test.ts > duplicateDetector > checkDuplicate > should not trigger warning for empty machine
 ✓ src/__tests__/duplicateDetector.test.ts > duplicateDetector > checkDuplicate > should trigger warning at 80% similarity
 ✓ src/__tests__/duplicateDetector.test.ts > duplicateDetector > checkDuplicate > should not trigger warning below 80% similarity
 ✓ src/__tests__/duplicateDetector.test.ts > duplicateDetector > isIdenticalMachine > should return true for identical machines
 ✓ src/__tests__/duplicateDetector.test.ts > duplicateDetector > isIdenticalMachine > should return false for different machines
 ✓ src/__tests__/duplicateDetector.test.ts > duplicateDetector > isIdenticalMachine > should return true for both empty machines
 ✓ src/__tests__/duplicateDetector.test.ts > duplicateDetector > shouldWarnDuplicate > should return true when similarity >= threshold
 ✓ src/__tests__/duplicateDetector.test.ts > duplicateDetector > shouldWarnDuplicate > should return false when similarity < threshold
 ✓ src/__tests__/duplicateDetector.test.ts > duplicateDetector > getSimilarityDetails > should return correct similarity details
 ✓ src/__tests__/challengeExtensions.test.ts > Challenge System - 20 Challenge Definitions > Total Challenge Count > should have exactly 20 challenges
 ✓ src/__tests__/challengeExtensions.test.ts > Challenge System - 20 Challenge Definitions > Total Challenge Count > each challenge should have unique id
 ✓ src/__tests__/challengeExtensions.test.ts > Challenge System - 20 Challenge Definitions > Difficulty Distribution > should have exactly 6 Beginner challenges
 ✓ src/__tests__/challengeExtensions.test.ts > Challenge System - 20 Challenge Definitions > Difficulty Distribution > should have exactly 7 Intermediate challenges
 ✓ src/__tests__/challengeExtensions.test.ts > Challenge System - 20 Challenge Definitions > Difficulty Distribution > should have exactly 7 Advanced challenges
 ✓ src/__tests__/challengeExtensions.test.ts > Challenge System - 20 Challenge Definitions > Difficulty Distribution > total difficulty count should equal total challenges
 ✓ src/__tests__/challengeExtensions.test.ts > Challenge System - 20 Challenge Definitions > Category Distribution > should have exactly 4 Creation challenges
 ✓ src/__tests__/challengeExtensions.test.ts > Challenge System - 20 Challenge Definitions > Category Distribution > should have exactly 3 Collection challenges
 ✓ src/__tests__/challengeExtensions.test.ts > Challenge System - 20 Challenge Definitions > Category Distribution > should have exactly 4 Activation challenges
 ✓ src/__tests__/challengeExtensions.test.ts > Challenge System - 20 Challenge Definitions > Category Distribution > should have exactly 5 Mastery challenges
 ✓ src/__tests__/challengeExtensions.test.ts > Challenge System - 20 Challenge Definitions > Category Distribution > should have exactly 4 Tech Mastery challenges
 ✓ src/__tests__/challengeExtensions.test.ts > Challenge System - 20 Challenge Definitions > Category Distribution > total category count should equal total challenges
 ✓ src/__tests__/challengeExtensions.test.ts > Challenge System - 20 Challenge Definitions > Reward Type Distribution > should have valid reward types
 ✓ src/__tests__/challengeExtensions.test.ts > Challenge System - 20 Challenge Definitions > Reward Type Distribution > should have exactly 4 reputation reward (tech mastery T1)
 ✓ src/__tests__/challengeExtensions.test.ts > Challenge System - 20 Challenge Definitions > Challenge getChallengeById > should return challenge by id
 ✓ src/__tests__/challengeExtensions.test.ts > Challenge System - 20 Challenge Definitions > Challenge getChallengeById > should return undefined for invalid id
 ✓ src/__tests__/challengeExtensions.test.ts > Challenge System - 20 Challenge Definitions > Challenge getChallengeById > should return tech mastery challenges by id
 ✓ src/__tests__/challengeExtensions.test.ts > Challenge System - 20 Challenge Definitions > Challenge getChallengesByCategory > should return challenges by category
 ✓ src/__tests__/challengeExtensions.test.ts > Challenge System - 20 Challenge Definitions > Challenge getChallengesByCategory > should return tech mastery challenges
 ✓ src/__tests__/challengeExtensions.test.ts > Challenge System - 20 Challenge Definitions > Tech Mastery Challenges > should have 4 tech mastery challenges
 ✓ src/__tests__/challengeExtensions.test.ts > Challenge System - 20 Challenge Definitions > Tech Mastery Challenges > tech mastery challenges should have requiresTechTier
 ✓ src/__tests__/challengeExtensions.test.ts > Challenge System - 20 Challenge Definitions > Tech Mastery Challenges > tech mastery challenges should have baseReputation
 ✓ src/__tests__/challengeExtensions.test.ts > Challenge System - 20 Challenge Definitions > Tech Mastery Challenges > tech mastery challenges should have reputation reward type
 ✓ src/__tests__/challengeExtensions.test.ts > Challenge System - 20 Challenge Definitions > getChallengeCountByCategory > should return correct counts for all categories
 ✓ src/__tests__/challengeExtensions.test.ts > Challenge System - 20 Challenge Definitions > getChallengeCountByCategory > total should be 20
 ✓ src/__tests__/aiNaming.test.ts > AI Naming Service > AI Name Request validation > should handle empty modules gracefully 301ms
 ✓ src/__tests__/codexCardExport.test.tsx > CodexCardExport > Poster Element Presence > should render codex card export container
 ✓ src/__tests__/codexCardExport.test.tsx > CodexCardExport > Poster Element Presence > should render codex card visualization
 ✓ src/__tests__/codexCardExport.test.tsx > CodexCardExport > Poster Element Presence > should contain machine title in visualization
 ✓ src/__tests__/codexCardExport.test.tsx > CodexCardExport > Poster Element Presence > should contain machine ID in visualization
 ✓ src/__tests__/codexCardExport.test.tsx > CodexCardExport > Poster Element Presence > should contain machine visualization elements
 ✓ src/__tests__/codexCardExport.test.tsx > CodexCardExport > Poster Element Presence > should contain attribute panel with stats
 ✓ src/__tests__/codexCardExport.test.tsx > CodexCardExport > Poster Element Presence > should contain decorative border
 ✓ src/__tests__/codexCardExport.test.tsx > CodexCardExport > Poster Element Presence > should contain faction seal elements
 ✓ src/__tests__/codexCardExport.test.tsx > CodexCardExport > Data Attributes > should have machine name as data attribute
 ✓ src/__tests__/codexCardExport.test.tsx > CodexCardExport > Data Attributes > should have codex ID as data attribute
 ✓ src/__tests__/codexCardExport.test.tsx > CodexCardExport > Data Attributes > should have rarity as data attribute
 ✓ src/__tests__/codexCardExport.test.tsx > CodexCardExport > ClassName Prop > should apply custom className
 ✓ src/__tests__/touchGestures.test.ts > MobileTouchEnhancer > Component rendering > should render children
 ✓ src/__tests__/touchGestures.test.ts > MobileTouchEnhancer > Component rendering > should apply custom className
 ✓ src/__tests__/touchGestures.test.ts > MobileTouchEnhancer > Component rendering > should have touch-action CSS for gesture control
 ✓ src/__tests__/touchGestures.test.ts > MobileTouchEnhancer > Configuration > should accept custom configuration
 ✓ src/__tests__/touchGestures.test.ts > MobileTouchEnhancer > Configuration > should use default configuration when not provided
 ✓ src/__tests__/touchGestures.test.ts > useTouchGestures hook > should return initial transform state
 ✓ src/__tests__/touchGestures.test.ts > useTouchGestures hook > should handle gesture events correctly
 ✓ src/__tests__/touchGestures.test.ts > useTouchGestures hook > should handle pan events
 ✓ src/__tests__/touchGestures.test.ts > resetTransform > should return default transform values
 ✓ src/__tests__/touchGestures.test.ts > GestureEvent interface > should have correct structure for pinch
 ✓ src/__tests__/touchGestures.test.ts > GestureEvent interface > should have correct structure for swipe
 ✓ src/__tests__/touchGestures.test.ts > GestureEvent interface > should have correct structure for tap
 ✓ src/__tests__/touchGestures.test.ts > GestureEvent interface > should have correct structure for longPress
 ✓ src/__tests__/touchGestures.test.ts > TouchEnhancerConfig > should have correct default values
 ✓ src/__tests__/touchGestures.test.ts > Accessibility > should have proper CSS classes for gesture control
 ✓ src/__tests__/touchGestures.test.ts > Accessibility > should have user-select disabled for touch targets
 ✓ src/__tests__/touchGestures.test.ts > Accessibility > should have ripple feedback class
stdout | src/__tests__/functional/documentationCompliance.test.ts > Documentation Compliance Tests > AC-DOC-001: README Content Verification > should have at least 6 required sections
Found 8 required sections (minimum: 6)

stdout | src/__tests__/functional/documentationCompliance.test.ts > Documentation Compliance Tests > AC-DOC-002: Store API Documentation > should have at least 4 store references
Found 6 store references (minimum: 4)

 ✓ src/__tests__/functional/documentationCompliance.test.ts > Documentation Compliance Tests > AC-DOC-001: README Content Verification > should have README.md file
 ✓ src/__tests__/functional/documentationCompliance.test.ts > Documentation Compliance Tests > AC-DOC-001: README Content Verification > should have Setup section
 ✓ src/__tests__/functional/documentationCompliance.test.ts > Documentation Compliance Tests > AC-DOC-001: README Content Verification > should have Architecture section
 ✓ src/__tests__/functional/documentationCompliance.test.ts > Documentation Compliance Tests > AC-DOC-001: README Content Verification > should have Modules section or reference
 ✓ src/__tests__/functional/documentationCompliance.test.ts > Documentation Compliance Tests > AC-DOC-001: README Content Verification > should have Connections section or reference
 ✓ src/__tests__/functional/documentationCompliance.test.ts > Documentation Compliance Tests > AC-DOC-001: README Content Verification > should have Activation section or reference
 ✓ src/__tests__/functional/documentationCompliance.test.ts > Documentation Compliance Tests > AC-DOC-001: README Content Verification > should have Codex section or reference
 ✓ src/__tests__/functional/documentationCompliance.test.ts > Documentation Compliance Tests > AC-DOC-001: README Content Verification > should have Export section or reference
 ✓ src/__tests__/functional/documentationCompliance.test.ts > Documentation Compliance Tests > AC-DOC-001: README Content Verification > should have at least 6 required sections
 ✓ src/__tests__/functional/documentationCompliance.test.ts > Documentation Compliance Tests > AC-DOC-001: README Content Verification > should have meaningful content (not just placeholder)
 ✓ src/__tests__/functional/documentationCompliance.test.ts > Documentation Compliance Tests > AC-DOC-002: Store API Documentation > should have API.md file
 ✓ src/__tests__/functional/documentationCompliance.test.ts > Documentation Compliance Tests > AC-DOC-002: Store API Documentation > should document useMachineStore
 ✓ src/__tests__/functional/documentationCompliance.test.ts > Documentation Compliance Tests > AC-DOC-002: Store API Documentation > should document useCodexStore
 ✓ src/__tests__/functional/documentationCompliance.test.ts > Documentation Compliance Tests > AC-DOC-002: Store API Documentation > should document useFactionStore
 ✓ src/__tests__/functional/documentationCompliance.test.ts > Documentation Compliance Tests > AC-DOC-002: Store API Documentation > should document useActivationStore (or activation references)
 ✓ src/__tests__/functional/documentationCompliance.test.ts > Documentation Compliance Tests > AC-DOC-002: Store API Documentation > should have at least 4 store references
 ✓ src/__tests__/functional/documentationCompliance.test.ts > Documentation Compliance Tests > AC-DOC-002: Store API Documentation > should document store methods or properties
 ✓ src/__tests__/functional/documentationCompliance.test.ts > Documentation Compliance Tests > AC-DOC-002: Store API Documentation > should have meaningful API documentation content
 ✓ src/__tests__/functional/documentationCompliance.test.ts > Documentation Compliance Tests > Additional Documentation > should have progress.md documenting round status
 ✓ src/__tests__/functional/documentationCompliance.test.ts > Documentation Compliance Tests > Additional Documentation > should have spec.md with project specification
 ✓ src/__tests__/functional/documentationCompliance.test.ts > Documentation Compliance Tests > Additional Documentation > should have package.json with proper scripts
 ✓ src/__tests__/tutorial.test.ts > Tutorial Step Definitions > should have exactly 5 tutorial steps
 ✓ src/__tests__/tutorial.test.ts > Tutorial Step Definitions > should have TOTAL_TUTORIAL_STEPS constant equal to array length
 ✓ src/__tests__/tutorial.test.ts > Tutorial Step Definitions > each step should have required properties
 ✓ src/__tests__/tutorial.test.ts > Tutorial Step Definitions > step numbers should be sequential from 0 to 4
 ✓ src/__tests__/tutorial.test.ts > Tutorial Step Definitions > step IDs should be unique
 ✓ src/__tests__/tutorial.test.ts > Tutorial Step Definitions > should find step by ID
 ✓ src/__tests__/tutorial.test.ts > Tutorial Step Definitions > should find step by number
 ✓ src/__tests__/tutorial.test.ts > Tutorial Step Definitions > should return undefined for invalid step ID
 ✓ src/__tests__/tutorial.test.ts > Tutorial Step Definitions > should return undefined for invalid step number
 ✓ src/__tests__/tutorial.test.ts > Tutorial Step Definitions > all steps should have valid target selectors
 ✓ src/__tests__/tutorial.test.ts > Tutorial Step Definitions > 5 essential steps should cover basic workflow
 ✓ src/__tests__/tutorial.test.ts > Tutorial Step Definitions > each step should have action description when action is not "none"
 ✓ src/__tests__/tutorial.test.ts > Tutorial Step Definitions > export-share step should have click action
 ✓ src/__tests__/tutorial.test.ts > Tutorial Store > should start with tutorial inactive
 ✓ src/__tests__/tutorial.test.ts > Tutorial Store > should start tutorial when startTutorial is called
 ✓ src/__tests__/tutorial.test.ts > Tutorial Store > should advance to next step when nextStep is called
 ✓ src/__tests__/tutorial.test.ts > Tutorial Store > should go back to previous step when previousStep is called
 ✓ src/__tests__/tutorial.test.ts > Tutorial Store > should go to specific step when goToStep is called
 ✓ src/__tests__/tutorial.test.ts > Tutorial Store > should complete tutorial when completeTutorial is called
 ✓ src/__tests__/tutorial.test.ts > Tutorial Store > should skip tutorial when skipTutorial is called
 ✓ src/__tests__/tutorial.test.ts > Tutorial Store > should reset tutorial state
 ✓ src/__tests__/tutorial.test.ts > Tutorial Store > should mark tutorial as seen when completed
 ✓ src/__tests__/useStatsStore.test.ts > useStatsStore > machines created > starts at zero
 ✓ src/__tests__/useStatsStore.test.ts > useStatsStore > machines created > increments machines created
 ✓ src/__tests__/useStatsStore.test.ts > useStatsStore > machines created > increments multiple times
 ✓ src/__tests__/useStatsStore.test.ts > useStatsStore > activations > starts at zero
 ✓ src/__tests__/useStatsStore.test.ts > useStatsStore > activations > increments activations
 ✓ src/__tests__/useStatsStore.test.ts > useStatsStore > errors > starts at zero
 ✓ src/__tests__/useStatsStore.test.ts > useStatsStore > errors > increments errors
 ✓ src/__tests__/useStatsStore.test.ts > useStatsStore > playtime > starts at zero
 ✓ src/__tests__/useStatsStore.test.ts > useStatsStore > playtime > adds playtime
 ✓ src/__tests__/useStatsStore.test.ts > useStatsStore > playtime > accumulates playtime
 ✓ src/__tests__/useStatsStore.test.ts > useStatsStore > faction counts > starts with zero for all factions
 ✓ src/__tests__/useStatsStore.test.ts > useStatsStore > faction counts > updates faction count
 ✓ src/__tests__/useStatsStore.test.ts > useStatsStore > codex entries > starts at zero
 ✓ src/__tests__/useStatsStore.test.ts > useStatsStore > codex entries > increments codex entries
 ✓ src/__tests__/useStatsStore.test.ts > useStatsStore > achievements > starts with no earned achievements
 ✓ src/__tests__/useStatsStore.test.ts > useStatsStore > achievements > adds earned achievement
 ✓ src/__tests__/useStatsStore.test.ts > useStatsStore > achievements > does not add duplicate achievements
 ✓ src/__tests__/useStatsStore.test.ts > useStatsStore > achievements > adds multiple achievements
 ✓ src/__tests__/useStatsStore.test.ts > useStatsStore > achievements > checks if achievement is earned
 ✓ src/__tests__/useStatsStore.test.ts > useStatsStore > getStats > returns complete stats object
 ✓ src/__tests__/useStatsStore.test.ts > useStatsStore > resetStats > resets all stats to defaults
 ✓ src/__tests__/useChallengeTracker.test.ts > Challenge Progress Tracking > trackMachineCreated simulation > should increment machinesCreated
 ✓ src/__tests__/useChallengeTracker.test.ts > Challenge Progress Tracking > trackMachineCreated simulation > should increment multiple times
 ✓ src/__tests__/useChallengeTracker.test.ts > Challenge Progress Tracking > trackMachineSaved simulation > should increment machinesSaved
 ✓ src/__tests__/useChallengeTracker.test.ts > Challenge Progress Tracking > trackConnectionCreated simulation > should increment connectionsCreated
 ✓ src/__tests__/useChallengeTracker.test.ts > Challenge Progress Tracking > trackActivation simulation > should increment activations
 ✓ src/__tests__/useChallengeTracker.test.ts > Challenge Progress Tracking > trackOverloadTriggered simulation > should increment overloadsTriggered
 ✓ src/__tests__/useChallengeTracker.test.ts > Challenge Progress Tracking > trackGearsCreated simulation > should increment gearsCreated by count
 ✓ src/__tests__/useChallengeTracker.test.ts > Challenge Progress Tracking > trackGearsCreated simulation > should default to 1 when not specified
 ✓ src/__tests__/useChallengeTracker.test.ts > Challenge Progress Tracking > trackStabilityAchieved simulation > should update highestStability
 ✓ src/__tests__/useChallengeTracker.test.ts > Challenge Progress Tracking > trackStabilityAchieved simulation > should not decrease highestStability
 ✓ src/__tests__/useChallengeTracker.test.ts > Challenge Progress Tracking > trackStabilityAchieved simulation > should update when new stability is higher
 ✓ src/__tests__/useChallengeTracker.test.ts > Challenge Progress Tracking > isChallengeComplete simulation > should return false when not met
 ✓ src/__tests__/useChallengeTracker.test.ts > Challenge Progress Tracking > isChallengeComplete simulation > should return true when target is met
 ✓ src/__tests__/useChallengeTracker.test.ts > Challenge Progress Tracking > isChallengeComplete simulation > should work with different challenge types
 ✓ src/__tests__/useChallengeTracker.test.ts > Challenge Progress Tracking > isChallengeComplete simulation > should return false for unknown challenge type
 ✓ src/__tests__/useChallengeTracker.test.ts > Challenge Progress Tracking > should track multiple challenge types simultaneously
 ✓ src/__tests__/phaseOverlay.test.ts > Activation Phase Overlay > Phase Text Transitions > CHARGING phase at 0%
 ✓ src/__tests__/phaseOverlay.test.ts > Activation Phase Overlay > Phase Text Transitions > CHARGING phase at 15%
 ✓ src/__tests__/phaseOverlay.test.ts > Activation Phase Overlay > Phase Text Transitions > CHARGING phase at 29% (just before transition)
 ✓ src/__tests__/phaseOverlay.test.ts > Activation Phase Overlay > Phase Text Transitions > ACTIVATING phase at 30% (exact transition)
 ✓ src/__tests__/phaseOverlay.test.ts > Activation Phase Overlay > Phase Text Transitions > ACTIVATING phase at 50%
 ✓ src/__tests__/phaseOverlay.test.ts > Activation Phase Overlay > Phase Text Transitions > ACTIVATING phase at 79% (just before transition)
 ✓ src/__tests__/phaseOverlay.test.ts > Activation Phase Overlay > Phase Text Transitions > ONLINE phase at 80% (exact transition)
 ✓ src/__tests__/phaseOverlay.test.ts > Activation Phase Overlay > Phase Text Transitions > ONLINE phase at 90%
 ✓ src/__tests__/phaseOverlay.test.ts > Activation Phase Overlay > Phase Text Transitions > ONLINE phase at 100%
 ✓ src/__tests__/phaseOverlay.test.ts > Activation Phase Overlay > Progress Range Boundaries > All values 0-29 return CHARGING
 ✓ src/__tests__/phaseOverlay.test.ts > Activation Phase Overlay > Progress Range Boundaries > All values 30-79 return ACTIVATING
 ✓ src/__tests__/phaseOverlay.test.ts > Activation Phase Overlay > Progress Range Boundaries > All values 80-100 return ONLINE
 ✓ src/__tests__/phaseOverlay.test.ts > Activation Phase Overlay > Phase State Mapping > charging phase maps to CHARGING text
 ✓ src/__tests__/phaseOverlay.test.ts > Activation Phase Overlay > Phase State Mapping > activating phase maps to ACTIVATING text
 ✓ src/__tests__/phaseOverlay.test.ts > Activation Phase Overlay > Phase State Mapping > online phase maps to ONLINE text
 ✓ src/__tests__/phaseOverlay.test.ts > Rarity Colors > common rarity uses #9ca3af
 ✓ src/__tests__/phaseOverlay.test.ts > Rarity Colors > rare rarity uses #3b82f6
 ✓ src/__tests__/phaseOverlay.test.ts > Rarity Colors > epic rarity uses #a855f7
 ✓ src/__tests__/phaseOverlay.test.ts > Rarity Colors > legendary rarity uses #eab308
 ✓ src/__tests__/phaseOverlay.test.ts > Rarity Colors > All rarity colors are valid hex colors
 ✓ src/__tests__/phaseOverlay.test.ts > Rarity Colors > Each rarity has a unique color
 ✓ src/__tests__/phaseOverlay.test.ts > Overlay Visual State by Phase > Progress 0-30%: Visual state shows charging
 ✓ src/__tests__/phaseOverlay.test.ts > Overlay Visual State by Phase > Progress 30-80%: Visual state shows activating with pulses
 ✓ src/__tests__/phaseOverlay.test.ts > Overlay Visual State by Phase > Progress 80-100%: Visual state shows online with full glow
 ✓ src/__tests__/phaseOverlay.test.ts > Overlay Integration > Rarity color applies to charging phase border
 ✓ src/__tests__/phaseOverlay.test.ts > Overlay Integration > Rarity color applies to activating phase progress bar
 ✓ src/__tests__/phaseOverlay.test.ts > Overlay Integration > Rarity color applies to online phase glow
 ✓ src/__tests__/phaseOverlay.test.ts > Overlay Integration > Progress updates correctly through all phases
 ✓ src/__tests__/exportDialog.test.tsx > ExportDialog > Dialog Open and Format Selection > should render dialog when mounted
 ✓ src/__tests__/exportDialog.test.tsx > ExportDialog > Dialog Open and Format Selection > should display format selector with PNG and SVG options
 ✓ src/__tests__/exportDialog.test.tsx > ExportDialog > Dialog Open and Format Selection > should have SVG selected by default
 ✓ src/__tests__/exportDialog.test.tsx > ExportDialog > Dialog Open and Format Selection > should change selection when PNG is clicked
 ✓ src/__tests__/exportDialog.test.tsx > ExportDialog > Dialog Open and Format Selection > should display quality presets when PNG is selected
 ✓ src/__tests__/exportDialog.test.tsx > ExportDialog > Dialog Open and Format Selection > should close dialog when cancel is clicked
 ✓ src/__tests__/exportDialog.test.tsx > ExportDialog > Dialog Open and Format Selection > should close dialog when close button is clicked
 ✓ src/__tests__/exportDialog.test.tsx > ExportDialog > Quality Preset Selection > should have standard quality selected by default when PNG is selected
 ✓ src/__tests__/exportDialog.test.tsx > ExportDialog > Quality Preset Selection > should change quality to high when clicked
 ✓ src/__tests__/exportDialog.test.tsx > ExportDialog > Quality Preset Selection > should not show quality presets when SVG is selected
 ✓ src/__tests__/exportDialog.test.tsx > ExportDialog > Export Button Behavior > should show Export CodexCard button
 ✓ src/__tests__/exportDialog.test.tsx > ExportDialog > Export Button Behavior > should show message when no modules
 ✓ src/__tests__/exportDialog.test.tsx > ExportDialog > Export Button Behavior > should have disabled attribute when no modules
 ✓ src/__tests__/exportDialog.test.tsx > ExportDialog > Export Button Behavior > should not have disabled attribute when modules exist
 ✓ src/__tests__/AIAssistantPanel.test.tsx > AIAssistantPanel > Component Rendering (AC7: Entry) > should render AI Assistant panel header
 ✓ src/__tests__/AIAssistantPanel.test.tsx > AIAssistantPanel > Component Rendering (AC7: Entry) > should render name generation section
 ✓ src/__tests__/AIAssistantPanel.test.tsx > AIAssistantPanel > Component Rendering (AC7: Entry) > should render description generation section
 ✓ src/__tests__/AIAssistantPanel.test.tsx > AIAssistantPanel > Component Rendering (AC7: Entry) > should render provider indicator
 ✓ src/__tests__/AIAssistantPanel.test.tsx > AIAssistantPanel > Backward Compatibility (AC5) > should render without crashing
 ✓ src/__tests__/AIAssistantPanel.test.tsx > AIAssistantPanel > Backward Compatibility (AC5) > should have all expected UI elements
 ✓ src/__tests__/AIAssistantPanel.test.tsx > AIAssistantPanel > Backward Compatibility (AC5) > should render name style options
 ✓ src/__tests__/AIAssistantPanel.test.tsx > AIAssistantPanel > Backward Compatibility (AC5) > should render description style options
 ✓ src/__tests__/AIAssistantPanel.test.tsx > AIAssistantPanel > AC1 Verification: Hook Integration > should use useAINaming hook
 ✓ src/__tests__/AIAssistantPanel.test.tsx > AIAssistantPanel > AC1 Verification: Hook Integration > should have generate name button
 ✓ src/__tests__/AIAssistantPanel.test.tsx > AIAssistantPanel > Provider Display > should display current provider in header
 ✓ src/__tests__/AIAssistantPanel.test.tsx > AIAssistantPanel > Provider Display > should show settings button
 ✓ src/__tests__/AIAssistantPanel.test.tsx > AIAssistantSlideIn > should render when isOpen is true
 ✓ src/__tests__/AIAssistantPanel.test.tsx > AIAssistantSlideIn > should not render when isOpen is false
 ✓ src/__tests__/challenge-integration.test.tsx > ChallengePanel Integration > ChallengePanel renders with accessible list structure
 ✓ src/__tests__/challenge-integration.test.tsx > ChallengePanel Integration > ChallengePanel renders 20 challenge list items
 ✓ src/__tests__/challenge-integration.test.tsx > ChallengePanel Integration > ChallengePanel displays XP and completion count
 ✓ src/__tests__/challenge-integration.test.tsx > ChallengePanel Integration > ChallengePanel has category filter tabs
 ✓ src/__tests__/challenge-integration.test.tsx > ChallengePanel Integration > ChallengePanel has difficulty filters
 ✓ src/__tests__/challenge-integration.test.tsx > AchievementStore Integration > has onUnlockCallback state
 ✓ src/__tests__/challenge-integration.test.tsx > AchievementStore Integration > can set onUnlockCallback
 ✓ src/__tests__/challenge-integration.test.tsx > AchievementStore Integration > can remove onUnlockCallback by setting to null
 ✓ src/__tests__/challenge-integration.test.tsx > AchievementStore Integration > triggerUnlock calls the callback if set
 ✓ src/__tests__/challenge-integration.test.tsx > AchievementStore Integration > triggerUnlock does nothing if callback is null
 ✓ src/__tests__/challenge-integration.test.tsx > ChallengeBrowser Removal Verification > ChallengeBrowser is not imported in App.tsx
 ✓ src/__tests__/challenge-integration.test.tsx > Modal Open/Close Stability > can render ChallengePanel in isolation multiple times
 ✓ src/__tests__/challenge-integration.test.tsx > AchievementToast Callback Integration > achievement store can be used with callback pattern
 ✓ src/__tests__/challenge-integration.test.tsx > AchievementToast Callback Integration > achievement store supports removing callback
 ✓ src/__tests__/AISettingsPanel.test.tsx > AISettingsPanel > Component Rendering > should Render settings panel header
 ✓ src/__tests__/AISettingsPanel.test.tsx > AISettingsPanel > Component Rendering > should Render close button
 ✓ src/__tests__/AISettingsPanel.test.tsx > AISettingsPanel > Provider Selection (AC3) > should Render radio buttons for all provider types
 ✓ src/__tests__/AISettingsPanel.test.tsx > AISettingsPanel > Provider Selection (AC3) > should have all provider descriptions visible
 ✓ src/__tests__/AISettingsPanel.test.tsx > AISettingsPanel > Provider Selection (AC3) > should select local provider by default
 ✓ src/__tests__/AISettingsPanel.test.tsx > AISettingsPanel > Provider Selection (AC3) > should display current provider selection
 ✓ src/__tests__/AISettingsPanel.test.tsx > AISettingsPanel > API Key Input (AC3) > should not show API key fields for local provider
 ✓ src/__tests__/AISettingsPanel.test.tsx > AISettingsPanel > API Key Input (AC3) > should not crash when Rendering (AC8)
 ✓ src/__tests__/AISettingsPanel.test.tsx > AISettingsPanel > Settings Actions > should have Reset button
 ✓ src/__tests__/AISettingsPanel.test.tsx > AISettingsPanel > Settings Actions > should have Done button
 ✓ src/__tests__/AISettingsPanel.test.tsx > AISettingsPanel > Visual Indicators > should show icons for each provider
 ✓ src/__tests__/AISettingsPanel.test.tsx > AISettingsPanel > Visual Indicators > should show "Coming Soon" badge for unimplemented providers
 ✓ src/__tests__/AISettingsPanel.test.tsx > AISettingsPanel > Visual Indicators > should display status section
 ✓ src/__tests__/useSelectionStore.test.ts > useSelectionStore > basic selection operations > should add module to selection
 ✓ src/__tests__/useSelectionStore.test.ts > useSelectionStore > basic selection operations > should add multiple modules to selection
 ✓ src/__tests__/useSelectionStore.test.ts > useSelectionStore > basic selection operations > should not add duplicate module to selection
 ✓ src/__tests__/useSelectionStore.test.ts > useSelectionStore > basic selection operations > should remove module from selection
 ✓ src/__tests__/useSelectionStore.test.ts > useSelectionStore > basic selection operations > should clear all selections
 ✓ src/__tests__/useSelectionStore.test.ts > useSelectionStore > basic selection operations > should select all modules at once
 ✓ src/__tests__/useSelectionStore.test.ts > useSelectionStore > toggle selection > should add module when toggling unselected module
 ✓ src/__tests__/useSelectionStore.test.ts > useSelectionStore > toggle selection > should remove module when toggling selected module
 ✓ src/__tests__/useSelectionStore.test.ts > useSelectionStore > set selection > should replace current selection with new set of modules
 ✓ src/__tests__/useSelectionStore.test.ts > useSelectionStore > box selection > should start box selection
 ✓ src/__tests__/useSelectionStore.test.ts > useSelectionStore > box selection > should update box selection end point
 ✓ src/__tests__/useSelectionStore.test.ts > useSelectionStore > box selection > should end box selection and reset state
 ✓ src/__tests__/useSelectionStore.test.ts > useSelectionStore > box selection > should cancel box selection and reset state
 ✓ src/__tests__/RandomForgeToast.test.tsx > RandomForgeToast > AC1: RandomForgeToast DOM Error Fixed > should not throw DOM error when toast becomes visible
 ✓ src/__tests__/RandomForgeToast.test.tsx > RandomForgeToast > AC1: RandomForgeToast DOM Error Fixed > should not throw DOM error when toast visibility toggles rapidly
 ✓ src/__tests__/RandomForgeToast.test.tsx > RandomForgeToast > AC1: RandomForgeToast DOM Error Fixed > should not throw when message changes while visible
 ✓ src/__tests__/RandomForgeToast.test.tsx > RandomForgeToast > AC1: RandomForgeToast DOM Error Fixed > should render toast content correctly when visible
 ✓ src/__tests__/RandomForgeToast.test.tsx > RandomForgeToast > AC1: RandomForgeToast DOM Error Fixed > should not render when toast is hidden
 ✓ src/__tests__/RandomForgeToast.test.tsx > RandomForgeToast > AC1: RandomForgeToast DOM Error Fixed > should not render when message is empty even if visible is true
 ✓ src/__tests__/RandomForgeToast.test.tsx > RandomForgeToast > AC1: RandomForgeToast DOM Error Fixed > should have proper ARIA attributes for accessibility
 ✓ src/__tests__/RandomForgeToast.test.tsx > RandomForgeToast > AC1: RandomForgeToast DOM Error Fixed > should have proper animation styles when visible
 ✓ src/__tests__/aiNaming.test.ts > AI Naming Service > AI Name Request validation > should handle all style options 1202ms
 ✓ src/__tests__/pulseWave.test.ts > Pulse Wave Visualization > getPulseWaveCount > Short path (0-200px) gets 1 wave
 ✓ src/__tests__/pulseWave.test.ts > Pulse Wave Visualization > getPulseWaveCount > Medium path (200-400px) gets 2 waves
 ✓ src/__tests__/pulseWave.test.ts > Pulse Wave Visualization > getPulseWaveCount > Long path (>400px) gets 3 waves
 ✓ src/__tests__/pulseWave.test.ts > Pulse Wave Visualization > getPulseWaveCount > Edge cases at boundaries
 ✓ src/__tests__/pulseWave.test.ts > Pulse Wave Visualization > getPulseWaveDuration > Duration = path_length / 400 seconds (in ms)
 ✓ src/__tests__/pulseWave.test.ts > Pulse Wave Visualization > getPulseWaveDuration > Short path duration
 ✓ src/__tests__/pulseWave.test.ts > Pulse Wave Visualization > getPulseWaveDuration > Medium path duration
 ✓ src/__tests__/pulseWave.test.ts > Pulse Wave Visualization > getPulseWaveDuration > Long path duration
 ✓ src/__tests__/pulseWave.test.ts > Pulse Wave Visualization > Wave Stagger > 2 waves are staggered by 100ms each
 ✓ src/__tests__/pulseWave.test.ts > Pulse Wave Visualization > Wave Stagger > 3 waves are staggered by 100ms each
 ✓ src/__tests__/pulseWave.test.ts > Pulse Wave Visualization > Total Animation Duration > Short path (1 wave): completes in path_length/400 seconds + tolerance
 ✓ src/__tests__/pulseWave.test.ts > Pulse Wave Visualization > Total Animation Duration > Medium path (2 waves): staggered start extends visible duration slightly
 ✓ src/__tests__/pulseWave.test.ts > Pulse Wave Visualization > Total Animation Duration > Long path (3 waves): staggered start extends visible duration slightly
 ✓ src/__tests__/pulseWave.test.ts > Wave Count Calculation Integration > Short path: 150px path should have 1 wave
 ✓ src/__tests__/pulseWave.test.ts > Wave Count Calculation Integration > Medium path: 300px path should have 2 waves
 ✓ src/__tests__/pulseWave.test.ts > Wave Count Calculation Integration > Long path: 500px path should have 3 waves
 ✓ src/__tests__/achievementMigration.test.ts > Achievement Migration (AC0b) > should have at least 13 total achievements
 ✓ src/__tests__/achievementMigration.test.ts > Achievement Migration (AC0b) > should have all 13 required achievements defined
 ✓ src/__tests__/achievementMigration.test.ts > Achievement Migration (AC0b) > should preserve legacy faction achievements
 ✓ src/__tests__/achievementMigration.test.ts > Achievement Migration (AC0b) > should have first-export achievement with correct properties
 ✓ src/__tests__/achievementMigration.test.ts > Achievement Migration (AC0b) > should have complex-machine-created achievement with correct properties
 ✓ src/__tests__/achievementMigration.test.ts > Achievement Migration (AC0b) > should have faction-void achievement with correct properties
 ✓ src/__tests__/achievementMigration.test.ts > Achievement Migration (AC0b) > should have faction-forge achievement with correct properties
 ✓ src/__tests__/achievementMigration.test.ts > Achievement Migration (AC0b) > should have faction-phase achievement with correct properties
 ✓ src/__tests__/achievementMigration.test.ts > Achievement Migration (AC0b) > should have faction-barrier achievement with correct properties
 ✓ src/__tests__/achievementMigration.test.ts > Achievement Migration (AC0b) > should have faction-order achievement with correct properties
 ✓ src/__tests__/achievementMigration.test.ts > Achievement Migration (AC0b) > should have faction-chaos achievement with correct properties
 ✓ src/__tests__/achievementMigration.test.ts > Achievement Migration (AC0b) > should have first-forge achievement
 ✓ src/__tests__/achievementMigration.test.ts > Achievement Migration (AC0b) > should have first-activation achievement
 ✓ src/__tests__/achievementMigration.test.ts > Achievement Migration (AC0b) > should have skilled-artisan achievement
 ✓ src/__tests__/achievementMigration.test.ts > Achievement Migration (AC0b) > should have apprentice-forge achievement
 ✓ src/__tests__/achievementMigration.test.ts > Achievement Migration (AC0b) > should have perfect-activation achievement
 ✓ src/__tests__/collectionStats.test.ts > Collection Statistics > emptyCollection > should show all counts at 0
 ✓ src/__tests__/collectionStats.test.ts > Collection Statistics > 3 machines with rarities > should calculate correct rarity distribution
 ✓ src/__tests__/collectionStats.test.ts > Collection Statistics > 5 modules total > should calculate correct module count
 ✓ src/__tests__/collectionStats.test.ts > Collection Statistics > 3 machines, 15 total modules > should calculate correct average complexity
 ✓ src/__tests__/collectionStats.test.ts > Collection Statistics > 2 machines with factions > should calculate correct faction breakdown
 ✓ src/__tests__/collectionStats.test.ts > Collection Stats Integration > should track codex entry count
 ✓ src/__tests__/collectionStats.test.ts > Collection Stats Integration > should track favorites count
 ✓ src/__tests__/collectionStats.test.ts > Collection Stats Integration > should track custom tags
 ✓ src/__tests__/connectionError.test.ts > Connection Error Feedback > Same-type port connection error > should set connection error when connecting same-type ports
 ✓ src/__tests__/connectionError.test.ts > Connection Error Feedback > Duplicate connection error > should set connection error when connection already exists
 ✓ src/__tests__/keyboardShortcutsPanel.test.tsx > KeyboardShortcutsPanel Component > Rendering > should render panel when isOpen is true
 ✓ src/__tests__/keyboardShortcutsPanel.test.tsx > KeyboardShortcutsPanel Component > Rendering > should not render panel when isOpen is false
 ✓ src/__tests__/keyboardShortcutsPanel.test.tsx > KeyboardShortcutsPanel Component > Rendering > should render all shortcut categories
 ✓ src/__tests__/keyboardShortcutsPanel.test.tsx > KeyboardShortcutsPanel Component > Rendering > should render individual shortcuts
 ✓ src/__tests__/keyboardShortcutsPanel.test.tsx > KeyboardShortcutsPanel Component > Close functionality > should call onClose when close button is clicked
 ✓ src/__tests__/keyboardShortcutsPanel.test.tsx > KeyboardShortcutsPanel Component > Keyboard events > should listen for Escape key to close
 ✓ src/__tests__/keyboardShortcutsPanel.test.tsx > KeyboardShortcutsPanel Component > Keyboard events > should NOT dispatch custom event for ? key press (handled by App.tsx)
 ✓ src/__tests__/keyboardShortcutsPanel.test.tsx > useKeyboardShortcutsPanel Hook > should initialize with isOpen as false
 ✓ src/__tests__/keyboardShortcutsPanel.test.tsx > useKeyboardShortcutsPanel Hook > should have open, close, and toggle functions
 ✓ src/__tests__/aiNaming.test.ts > AI Naming Service > AI Name Response structure > should always have a name field 302ms
stderr | src/__tests__/favorites.test.ts > useFavoritesStore > addFavorite > should not exceed maximum favorites limit
Maximum favorites limit (101) reached

 ✓ src/__tests__/favorites.test.ts > useFavoritesStore > addFavorite > should add a machine to favorites
 ✓ src/__tests__/favorites.test.ts > useFavoritesStore > addFavorite > should not add duplicate favorites
 ✓ src/__tests__/favorites.test.ts > useFavoritesStore > addFavorite > should not exceed maximum favorites limit
 ✓ src/__tests__/favorites.test.ts > useFavoritesStore > removeFavorite > should remove a machine from favorites
 ✓ src/__tests__/favorites.test.ts > useFavoritesStore > removeFavorite > should handle removing non-existent favorite
 ✓ src/__tests__/favorites.test.ts > useFavoritesStore > toggleFavorite > should add favorite when not favorited
 ✓ src/__tests__/favorites.test.ts > useFavoritesStore > toggleFavorite > should remove favorite when already favorited
 ✓ src/__tests__/favorites.test.ts > useFavoritesStore > isFavorite > should return true for favorited machine
 ✓ src/__tests__/favorites.test.ts > useFavoritesStore > isFavorite > should return false for non-favorited machine
 ✓ src/__tests__/favorites.test.ts > useFavoritesStore > getFavoritesCount > should return correct count
 ✓ src/__tests__/favorites.test.ts > useFavoritesStore > getFavoritesCount > should return 0 for empty favorites
 ✓ src/__tests__/favorites.test.ts > useFavoritesStore > clearFavorites > should clear all favorites
 ✓ src/__tests__/achievementStore.test.ts > Achievement Store > Basic functionality > should start with no unlocked achievements
 ✓ src/__tests__/achievementStore.test.ts > Achievement Store > Basic functionality > should unlock an achievement
 ✓ src/__tests__/achievementStore.test.ts > Achievement Store > Basic functionality > should not duplicate achievements if already unlocked
 ✓ src/__tests__/achievementStore.test.ts > Achievement Store > Basic functionality > should reset all achievements
 ✓ src/__tests__/achievementStore.test.ts > Achievement Store > Achievement tracking > should track first-forge achievement
 ✓ src/__tests__/achievementStore.test.ts > Achievement Store > Achievement tracking > should track first-activation achievement
 ✓ src/__tests__/achievementStore.test.ts > Achievement Store > Achievement tracking > should track first-export achievement
 ✓ src/__tests__/achievementStore.test.ts > Achievement Store > Achievement tracking > should track faction achievements
 ✓ src/__tests__/achievementStore.test.ts > Achievement Store > Achievement tracking > should track complex-machine-created achievement
 ✓ src/__tests__/achievementStore.test.ts > Achievement Store > Achievement tracking > should track skill achievements
 ✓ src/__tests__/achievementStore.test.ts > Achievement Store > getUnlockedCount > should return correct count of unlocked achievements
 ✓ src/components/Recipes/__tests__/RecipeBrowser.test.tsx > RecipeBrowser Component > Visibility Control > should Render when isOpen is true
 ✓ src/components/Recipes/__tests__/RecipeBrowser.test.tsx > RecipeBrowser Component > Visibility Control > should not render when isOpen is false
 ✓ src/components/Recipes/__tests__/RecipeBrowser.test.tsx > RecipeBrowser Component > Visibility Control > should accept isOpen and onClose props via RecipeBrowserProps
 ✓ src/components/Recipes/__tests__/RecipeBrowser.test.tsx > RecipeBrowser Component > Close Functionality > should call onClose when close button is clicked
 ✓ src/components/Recipes/__tests__/RecipeBrowser.test.tsx > RecipeBrowser Component > Recipe Display > should display recipe count when open
 ✓ src/components/Recipes/__tests__/RecipeBrowser.test.tsx > RecipeBrowser Component > Recipe Display > should display filter buttons
 ✓ src/components/Recipes/__tests__/RecipeBrowser.test.tsx > RecipeBrowser Component > Recipe Display > should have sort dropdown
 ✓ src/components/Recipes/__tests__/RecipeBrowser.test.tsx > RecipeBrowser Component > Recipe Browser Header > should display recipe count section
 ✓ src/components/Recipes/__tests__/RecipeBrowser.test.tsx > RecipeBrowser Component > Recipe Browser Header > should display faction variants section
 ✓ src/components/Recipes/__tests__/RecipeBrowser.test.tsx > RecipeBrowser Component > Keyboard Navigation > should close on Escape key when open
 ✓ src/components/Recipes/__tests__/RecipeBrowser.test.tsx > RecipeBrowser Component > Keyboard Navigation > should not close on Escape when not open
 ✓ src/components/Recipes/__tests__/RecipeBrowser.test.tsx > RecipeBrowser State Integration > should use isOpen prop directly without module-level state
 ✓ src/components/Recipes/__tests__/RecipeBrowser.test.tsx > RecipeBrowser State Integration > should control visibility through props only
 ✓ src/components/Recipes/__tests__/RecipeBrowser.test.tsx > Recipe Count Verification > should display recipe count section with Discovery Progress
 ✓ src/components/Recipes/__tests__/RecipeBrowser.test.tsx > Recipe Count Verification > should show base modules and faction variants breakdown
 ✓ src/__tests__/tutorialMigration.test.ts > Tutorial Migration (AC0c) > should have exactly 5 tutorial steps
 ✓ src/__tests__/tutorialMigration.test.ts > Tutorial Migration (AC0c) > should export TOTAL_TUTORIAL_STEPS equal to 5
 ✓ src/__tests__/tutorialMigration.test.ts > Tutorial Migration (AC0c) > step numbers should be sequential from 0 to 4
 ✓ src/__tests__/tutorialMigration.test.ts > Tutorial Migration (AC0c) > should have 5 essential steps covering core workflow
 ✓ src/__tests__/tutorialMigration.test.ts > Tutorial Migration (AC0c) > should have correct step titles
 ✓ src/__tests__/tutorialMigration.test.ts > Tutorial Migration (AC0c) > should have correct actions
 ✓ src/__tests__/tutorialMigration.test.ts > Tutorial Migration (AC0c) > should have valid target selectors
 ✓ src/__tests__/tutorialMigration.test.ts > Tutorial Migration (AC0c) > should have valid positions
 ✓ src/__tests__/tutorialMigration.test.ts > Tutorial Migration (AC0c) > should be able to find steps by ID
 ✓ src/__tests__/tutorialMigration.test.ts > Tutorial Migration (AC0c) > should be able to find steps by number
 ✓ src/__tests__/tutorialMigration.test.ts > Tutorial Migration (AC0c) > each step should have required properties
 ✓ src/__tests__/tutorialMigration.test.ts > Tutorial Migration (AC0c) > action steps should have action descriptions
 ✓ src/__tests__/tutorialPersistence.test.tsx > Welcome Modal Persistence > getInitialTutorialState > should return default state when localStorage is empty
 ✓ src/__tests__/tutorialPersistence.test.tsx > Welcome Modal Persistence > getInitialTutorialState > should return hasSeenWelcome=true when user has skipped tutorial
 ✓ src/__tests__/tutorialPersistence.test.tsx > Welcome Modal Persistence > getInitialTutorialState > should return hasSeenWelcome=false for new user
 ✓ src/__tests__/tutorialPersistence.test.tsx > Welcome Modal Persistence > getInitialTutorialState > should handle corrupted localStorage gracefully
 ✓ src/__tests__/tutorialPersistence.test.tsx > Welcome Modal Persistence > getInitialTutorialState > should handle missing state object in localStorage
 ✓ src/__tests__/tutorialPersistence.test.tsx > Welcome Modal Persistence > WelcomeModal should not render after skip > should not render modal when hasSeenWelcome is true in localStorage
 ✓ src/__tests__/aiNaming.test.ts > AI Naming Service > AI Name Response structure > should always have a confidence score 301ms
 ✓ src/__tests__/scaleSlider.test.ts > Scale Slider > updateModuleScale > should update module scale to specified value
 ✓ src/__tests__/scaleSlider.test.ts > Scale Slider > updateModuleScale > should clamp scale at minimum of 0.5
 ✓ src/__tests__/scaleSlider.test.ts > Scale Slider > updateModuleScale > should clamp scale at maximum of 2.0
 ✓ src/__tests__/scaleSlider.test.ts > Scale Slider > updateModuleScale > should accept values at exact boundaries
 ✓ src/__tests__/scaleSlider.test.ts > Scale Slider > updateModuleScale > should only update selected module, not others
 ✓ src/__tests__/scaleSlider.test.ts > Scale Slider > Scale range 0.5x to 2.0x > should support the full range from 0.5x to 2.0x
 ✓ src/__tests__/zoomControls.test.ts > Zoom Controls > zoomIn > should increase zoom by 0.1
 ✓ src/__tests__/zoomControls.test.ts > Zoom Controls > zoomIn > should cap zoom at 2.0
 ✓ src/__tests__/zoomControls.test.ts > Zoom Controls > zoomOut > should decrease zoom by 0.1
 ✓ src/__tests__/zoomControls.test.ts > Zoom Controls > zoomOut > should floor at 0.1
 ✓ src/__tests__/zoomControls.test.ts > Zoom Controls > resetViewport > should reset zoom to 1.0
 ✓ src/__tests__/zoomControls.test.ts > Zoom Controls > resetViewport > should reset position to (0, 0)
 ✓ src/__tests__/zoomControls.test.ts > Zoom Controls > zoomToFit > should reset viewport when no modules exist
 ✓ src/__tests__/zoomControls.test.ts > Zoom Controls > zoomToFit > should adjust viewport to fit modules with padding
 ✓ src/__tests__/aiNaming.test.ts > AI Naming Service > AIMachineContext > should accept valid machine context 301ms
 ✓ src/__tests__/factionBadge.test.tsx > FactionBadge Component > should render void faction badge
 ✓ src/__tests__/factionBadge.test.tsx > FactionBadge Component > should render inferno faction badge
 ✓ src/__tests__/factionBadge.test.tsx > FactionBadge Component > should render storm faction badge
 ✓ src/__tests__/factionBadge.test.tsx > FactionBadge Component > should render stellar faction badge
 ✓ src/__tests__/factionBadge.test.tsx > FactionBadge Component > should render arcane faction badge
 ✓ src/__tests__/factionBadge.test.tsx > FactionBadge Component > should render chaos faction badge
 ✓ src/__tests__/factionBadge.test.tsx > FactionBadge Component > should show tooltip on hover when showTooltip is true
 ✓ src/__tests__/factionBadge.test.tsx > FactionBadge Component > should render with different sizes
 ✓ src/__tests__/factionBadge.test.tsx > FactionBadge Component > should have all 6 factions defined in FACTIONS
 ✓ src/__tests__/factionBadge.test.tsx > FactionBadge Component > should return null for unknown faction
 ✓ src/__tests__/factionBadge.test.tsx > FactionBadge Component > should apply custom className
 ✓ src/components/Editor/__tests__/Toolbar.test.tsx > Toolbar Recipe Button Integration > should render the recipe button with correct aria-label
 ✓ src/components/Editor/__tests__/Toolbar.test.tsx > Toolbar Recipe Button Integration > should call onOpenRecipeBrowser when recipe button is clicked
 ✓ src/components/Editor/__tests__/Toolbar.test.tsx > Toolbar Recipe Button Integration > should not throw when onOpenRecipeBrowser is not provided
 ✓ src/components/Editor/__tests__/Toolbar.test.tsx > Toolbar Recipe Button Integration > should accept ToolbarProps interface with onOpenRecipeBrowser
 ✓ src/components/Editor/__tests__/Toolbar.test.tsx > Toolbar - Recipe Browser State Flow > should propagate recipe browser open state via callback
 ✓ src/components/Editor/__tests__/Toolbar.test.tsx > Toolbar - Recipe Browser State Flow > recipe button should be accessible with proper aria attributes
 ✓ src/components/Editor/__tests__/Toolbar.test.tsx > Toolbar - Recipe Browser State Flow > should render toolbar with expected elements
 ✓ src/components/Editor/__tests__/Toolbar.test.tsx > Toolbar Props Interface > ToolbarProps should include onOpenRecipeBrowser
 ✓ src/components/Editor/__tests__/Toolbar.test.tsx > Toolbar Props Interface > ToolbarProps onOpenRecipeBrowser should be callable
 ✓ src/__tests__/factionMigration.test.ts > Faction Migration (AC0a) > should have exactly 6 factions defined
 ✓ src/__tests__/factionMigration.test.ts > Faction Migration (AC0a) > should have all 6 required factions with correct IDs
 ✓ src/__tests__/factionMigration.test.ts > Faction Migration (AC0a) > should have correct colors per contract specification
 ✓ src/__tests__/factionMigration.test.ts > Faction Migration (AC0a) > should have correct Chinese names per contract specification
 ✓ src/__tests__/factionMigration.test.ts > Faction Migration (AC0a) > should have correct English names
 ✓ src/__tests__/factionMigration.test.ts > Faction Migration (AC0a) > should have module types defined for each faction
 ✓ src/__tests__/factionMigration.test.ts > Faction Migration (AC0a) > should have icons defined for each faction
 ✓ src/__tests__/factionMigration.test.ts > Faction Migration (AC0a) > should have glow colors defined for each faction
 ✓ src/__tests__/aiNaming.test.ts > AI Naming Service > AIMachineContext > should handle context with faction information 302ms
 ✓ src/__tests__/ChallengePanel.test.tsx > ChallengePanel Accessibility > should render 20 challenge list items
 ✓ src/__tests__/ChallengePanel.test.tsx > ChallengePanel Accessibility > should render with proper list structure
 ✓ src/__tests__/ChallengePanel.test.tsx > ChallengePanel Content > should display 0/20 completion count
 ✓ src/__tests__/ChallengePanel.test.tsx > ChallengePanel Content > should display XP information
 ✓ src/components/Exchange/__tests__/ExchangeButton.test.tsx > ExchangeButton > renders the exchange button
 ✓ src/components/Exchange/__tests__/ExchangeButton.test.tsx > ExchangeButton > handles click events
 ✓ src/__tests__/aiNaming.test.ts > AI Naming Service > AIMachineContext > should handle context with rarity 302ms
 ✓ src/__tests__/aiNaming.test.ts > AI Assistant Panel Integration > Name Style Labels > should have labels for all name styles
 ✓ src/__tests__/aiNaming.test.ts > AI Assistant Panel Integration > Name Style Labels > should have correct Chinese labels
 ✓ src/__tests__/aiNaming.test.ts > AI Assistant Panel Integration > Component rendering > should render AIAssistantPanel without errors
 ✓ src/__tests__/connectionError.test.ts > Connection Error Feedback > Error auto-clear > should auto-clear connection error after 2.5 seconds 2602ms
 ✓ src/__tests__/connectionError.test.ts > Connection Error Feedback > setConnectionError action > should set connection error to specified value
 ✓ src/__tests__/connectionError.test.ts > Connection Error Feedback > setConnectionError action > should clear connection error when set to null

 Test Files  164 passed (164)
      Tests  4161 passed (4161)
   Start at  00:35:45
   Duration  17.38s (transform 5.05s, setup 16ms, collect 19.30s, tests 38.51s, environment 67.96s, prepare 10.23s)

